2021-02-02 10:08:47.256 18644-18644/? E/Zygote: isWhitelistProcess - Process is Whitelisted
2021-02-02 10:08:47.256 18644-18644/? E/Zygote: accessInfo : 1
2021-02-02 10:08:47.262 18644-18644/? I/com.nubo.test7: Late-enabling -Xcheck:jni
2021-02-02 10:08:47.286 18644-18644/com.nubo.test7 E/com.nubo.test7: Unknown bits set in runtime_flags: 0x8000
2021-02-02 10:08:47.297 18644-18644/com.nubo.test7 D/ActivityThread: setConscryptValidator
2021-02-02 10:08:47.297 18644-18644/com.nubo.test7 D/ActivityThread: setConscryptValidator - put
2021-02-02 10:08:49.229 18644-18644/com.nubo.test7 I/MultiDex: VM with version 2.1.0 has multidex support
2021-02-02 10:08:49.229 18644-18644/com.nubo.test7 I/MultiDex: Installing application
2021-02-02 10:08:49.229 18644-18644/com.nubo.test7 I/MultiDex: VM has multidex support, MultiDex support library is disabled.
2021-02-02 10:08:49.256 18644-18644/com.nubo.test7 W/ComponentDiscovery: Class com.google.firebase.dynamicloading.DynamicLoadingRegistrar is not an found.
2021-02-02 10:08:49.278 18644-18644/com.nubo.test7 I/FirebaseApp: Device unlocked: initializing all Firebase APIs for app [DEFAULT]
2021-02-02 10:08:49.383 18644-18644/com.nubo.test7 I/FirebaseInitProvider: FirebaseApp initialization successful
2021-02-02 10:08:49.457 18644-18644/com.nubo.test7 E/nubo.CrashlyticsUtil: CrashlyticsUtil. start
2021-02-02 10:08:49.547 18644-19073/com.nubo.test7 D/Beta: Beta by Crashlytics app is not installed
2021-02-02 10:08:49.549 18644-19073/com.nubo.test7 D/Beta: Beta device token load took 1.233423ms
2021-02-02 10:08:49.550 18644-19073/com.nubo.test7 D/Beta: Beta device token present: false
2021-02-02 10:08:49.662 18644-18644/com.nubo.test7 E/CrashlyticsCore: .
2021-02-02 10:08:49.663 18644-18644/com.nubo.test7 E/CrashlyticsCore: .     |  | 
2021-02-02 10:08:49.663 18644-18644/com.nubo.test7 E/CrashlyticsCore: .     |  |
2021-02-02 10:08:49.663 18644-18644/com.nubo.test7 E/CrashlyticsCore: .     |  |
2021-02-02 10:08:49.663 18644-18644/com.nubo.test7 E/CrashlyticsCore: .   \ |  | /
2021-02-02 10:08:49.663 18644-18644/com.nubo.test7 E/CrashlyticsCore: .    \    /
2021-02-02 10:08:49.663 18644-18644/com.nubo.test7 E/CrashlyticsCore: .     \  /
2021-02-02 10:08:49.663 18644-18644/com.nubo.test7 E/CrashlyticsCore: .      \/
2021-02-02 10:08:49.663 18644-18644/com.nubo.test7 E/CrashlyticsCore: .
2021-02-02 10:08:49.663 18644-18644/com.nubo.test7 E/CrashlyticsCore: This app relies on Crashlytics. Please sign up for access at https://fabric.io/sign_up,
    install an Android build tool and ask a team member to invite you to this app's organization.
2021-02-02 10:08:49.663 18644-18644/com.nubo.test7 E/CrashlyticsCore: .
2021-02-02 10:08:49.663 18644-18644/com.nubo.test7 E/CrashlyticsCore: .      /\
2021-02-02 10:08:49.663 18644-18644/com.nubo.test7 E/CrashlyticsCore: .     /  \
2021-02-02 10:08:49.663 18644-18644/com.nubo.test7 E/CrashlyticsCore: .    /    \
2021-02-02 10:08:49.663 18644-18644/com.nubo.test7 E/CrashlyticsCore: .   / |  | \
2021-02-02 10:08:49.663 18644-18644/com.nubo.test7 E/CrashlyticsCore: .     |  |
2021-02-02 10:08:49.663 18644-18644/com.nubo.test7 I/chatty: uid=10300(com.nubo.test7) identical 1 line
2021-02-02 10:08:49.663 18644-18644/com.nubo.test7 E/CrashlyticsCore: .     |  |
2021-02-02 10:08:49.663 18644-18644/com.nubo.test7 E/CrashlyticsCore: .
2021-02-02 10:08:49.666 18644-18644/com.nubo.test7 E/nubo.GeneralUtils: crashlyticsStart. Exception This app relies on Crashlytics. Please sign up for access at https://fabric.io/sign_up,
    install an Android build tool and ask a team member to invite you to this app's organization.
    io.fabric.sdk.android.services.concurrency.UnmetDependencyException: This app relies on Crashlytics. Please sign up for access at https://fabric.io/sign_up,
    install an Android build tool and ask a team member to invite you to this app's organization.
        at com.crashlytics.android.core.CrashlyticsCore.onPreExecute(CrashlyticsCore.java:235)
        at com.crashlytics.android.core.CrashlyticsCore.onPreExecute(CrashlyticsCore.java:208)
        at io.fabric.sdk.android.InitializationTask.onPreExecute(InitializationTask.java:44)
        at io.fabric.sdk.android.services.concurrency.AsyncTask.executeOnExecutor(AsyncTask.java:611)
        at io.fabric.sdk.android.services.concurrency.PriorityAsyncTask.executeOnExecutor(PriorityAsyncTask.java:43)
        at io.fabric.sdk.android.Kit.initialize(Kit.java:69)
        at io.fabric.sdk.android.Fabric.initializeKits(Fabric.java:440)
        at io.fabric.sdk.android.Fabric.init(Fabric.java:384)
        at io.fabric.sdk.android.Fabric.setFabric(Fabric.java:342)
        at io.fabric.sdk.android.Fabric.with(Fabric.java:333)
        at com.nubo.util.CrashlyticsUtil.start(CrashlyticsUtil.java:25)
        at com.nubo.util.GeneralUtils.crashlyticsStart(GeneralUtils.java:579)
        at com.nubo.api.ClientApp.onCreate(ClientApp.java:109)
        at android.app.Instrumentation.callApplicationOnCreate(Instrumentation.java:1190)
        at android.app.ActivityThread.handleMakeApplication(ActivityThread.java:7036)
        at android.app.ActivityThread.handleBindApplication(ActivityThread.java:6989)
        at android.app.ActivityThread.access$1600(ActivityThread.java:272)
        at android.app.ActivityThread$H.handleMessage(ActivityThread.java:2055)
        at android.os.Handler.dispatchMessage(Handler.java:107)
        at android.os.Looper.loop(Looper.java:237)
        at android.app.ActivityThread.main(ActivityThread.java:8016)
        at java.lang.reflect.Method.invoke(Native Method)
        at com.android.internal.os.RuntimeInit$MethodAndArgsCaller.run(RuntimeInit.java:493)
        at com.android.internal.os.ZygoteInit.main(ZygoteInit.java:1076)
2021-02-02 10:08:49.709 18644-18644/com.nubo.test7 I/nubo.ClientApp: Starting Nubo client version: 2.8.64-nubo
2021-02-02 10:08:49.728 18644-18644/com.nubo.test7 I/nubo.ClientApp: Device: samsung, SM-G973F
2021-02-02 10:08:49.745 18644-18644/com.nubo.test7 I/nubo.ClientApp: Android version: 10 - 29
2021-02-02 10:08:49.750 18644-18644/com.nubo.test7 I/nubo.ClientApp: isTablet: false, isXlarge: false
2021-02-02 10:08:49.781 18644-18644/com.nubo.test7 D/nubo.GlobalConnReceiver: Connection Changed To Wifi
2021-02-02 10:08:49.915 18644-18644/com.nubo.test7 E/nubo.WelcomeScreen: Configuration fontScale: 1.00, densityDpi: 560, smallestScreenWidthDp: 411
2021-02-02 10:08:49.917 18644-18644/com.nubo.test7 E/nubo.WelcomeScreen: DisplayMetrics scaledDensity: 3.50, density: 3.50
2021-02-02 10:08:50.106 18644-19073/com.nubo.test7 W/Fabric: Could not call getId on com.google.android.gms.ads.identifier.AdvertisingIdClient$Info
2021-02-02 10:08:50.197 18644-19073/com.nubo.test7 W/Fabric: Could not call isLimitAdTrackingEnabled on com.google.android.gms.ads.identifier.AdvertisingIdClient$Info
2021-02-02 10:08:50.400 18644-18644/com.nubo.test7 W/com.nubo.test7: Long monitor contention with owner Queue (19064) at java.lang.Object java.util.HashMap$Node.getKey()(HashMap.java:291) waiters=0 in java.security.Provider$Service java.security.Provider.getService(java.lang.String, java.lang.String) for 324ms
2021-02-02 10:08:50.426 18644-18644/com.nubo.test7 D/libmdf: libmdf v2.9.0.0 On 64bit PLATFORM
2021-02-02 10:08:50.595 18644-18644/com.nubo.test7 D/NetworkSecurityConfig: No Network Security Config specified, using platform default
2021-02-02 10:08:50.599 18644-18644/com.nubo.test7 D/nubo.NuboParams: Notification token: base64ZnBMb096ZEdjdjg6QVBBOTFiRXR1bF9GRWxGcXRSS18wU0FheDU1Yk9HY3RYMGt1MG5rXzV2akw4aTdoOFdnZEFXY0ZLU0tSV0VERHlEVUN0ZmdXM29qWkJSbkhRV242X0E1eTRmMmdPcWxaM0ZNQkFrNEtLZmJ2RnJ4Xy1JeTZDaEVCLVlOTWQyNl9KNVB1RDhqcjNKOFY
2021-02-02 10:08:50.653 18644-18644/com.nubo.test7 D/PhoneWindow: forceLight changed to true [] from com.android.internal.policy.PhoneWindow.updateForceLightNavigationBar:4268 com.android.internal.policy.DecorView.updateColorViews:1494 com.android.internal.policy.PhoneWindow.dispatchWindowAttributesChanged:3246 android.view.Window.setFlags:1148 com.android.internal.policy.PhoneWindow.generateLayout:2474 
2021-02-02 10:08:50.654 18644-19295/com.nubo.test7 I/System.out: (HTTPLog)-Static: isSBSettingEnabled false
2021-02-02 10:08:50.654 18644-19295/com.nubo.test7 I/System.out: (HTTPLog)-Static: isSBSettingEnabled false
2021-02-02 10:08:50.654 18644-18644/com.nubo.test7 I/MultiWindowDecorSupport: updateCaptionType >> DecorView@281ce41[], isFloating: false, isApplication: true, hasWindowDecorCaption: false, hasWindowControllerCallback: true
2021-02-02 10:08:50.654 18644-18644/com.nubo.test7 D/MultiWindowDecorSupport: setCaptionType = 0, DecorView = DecorView@281ce41[]
2021-02-02 10:08:50.697 18644-19073/com.nubo.test7 D/Fabric: Could not get parcel from Google Play Service to capture AdvertisingId
2021-02-02 10:08:50.697 18644-19073/com.nubo.test7 D/Fabric: Could not get parcel from Google Play Service to capture Advertising limitAdTracking
2021-02-02 10:08:50.775 18644-19295/com.nubo.test7 D/TcpOptimizer: TcpOptimizer-ON
2021-02-02 10:08:50.776 18644-19073/com.nubo.test7 D/Fabric: AdvertisingInfo not present
2021-02-02 10:08:50.812 18644-18644/com.nubo.test7 D/WallpaperManager: getScaledBitmap. scaleY: 2.1273437, scaleX: 0.703125, b.getHeight(): 1280, b.getWidth(): 2048, size[1]: 2723, size[0]: 1440
2021-02-02 10:08:50.887 18644-19064/com.nubo.test7 W/com.nubo.test7: Long monitor contention with owner Answers Events Handler1 (19073) at void sun.misc.Unsafe.park(boolean, long)(Unsafe.java:-2) waiters=0 in io.fabric.sdk.android.services.common.AdvertisingInfo io.fabric.sdk.android.services.common.IdManager.getAdvertisingInfo() for 376ms
2021-02-02 10:08:51.503 18644-18644/com.nubo.test7 D/WallpaperManager: getScaledBitmap result: b.getHeight(): 2723, b.getWidth(): 4357
2021-02-02 10:08:51.644 18644-18644/com.nubo.test7 D/Answers: Logged lifecycle event: START
2021-02-02 10:08:51.650 18644-18644/com.nubo.test7 D/Answers: Logged lifecycle event: RESUME
2021-02-02 10:08:51.764 18644-18644/com.nubo.test7 D/ViewRootImpl@7d08fa5[WelcomeScreen]: setView = com.android.internal.policy.DecorView@281ce41 TM=true MM=false
2021-02-02 10:08:51.777 18644-18644/com.nubo.test7 D/Answers: Logged lifecycle event: PAUSE
2021-02-02 10:08:51.802 18644-18644/com.nubo.test7 D/ViewRootImpl@7d08fa5[WelcomeScreen]: stopped(true) old=false
2021-02-02 10:08:51.803 18644-18644/com.nubo.test7 D/Answers: Logged lifecycle event: STOP
2021-02-02 10:08:51.815 18644-18644/com.nubo.test7 I/nubo.WelcomeScreen: onAttachedToWindow. cutOut.getSafeInsetTop: 149
2021-02-02 10:08:51.903 18644-18644/com.nubo.test7 D/ViewRootImpl@7d08fa5[WelcomeScreen]: Relayout returned: old=(0,0,1440,3040) new=(0,150,1440,3040) req=(0,0)8 dur=22 res=0x1 s={false 0} ch=false
2021-02-02 10:08:52.278 18644-19064/com.nubo.test7 D/Fabric: Requesting settings from https://settings.crashlytics.com/spi/v2/platforms/android/apps/com.nubo.test7/settings
2021-02-02 10:08:52.278 18644-19064/com.nubo.test7 D/Fabric: Settings query params were: {build_version=387, display_version=2.8.64-nubo, source=1, icon_hash=45530b6bcb50ab09e49d2437dd43ddb973a77ba2}
2021-02-02 10:08:52.408 18644-19064/com.nubo.test7 I/System.out: (HTTPLog)-Static: isSBSettingEnabled false
2021-02-02 10:08:52.472 18644-19064/com.nubo.test7 I/System.out: (HTTPLog)-Static: isSBSettingEnabled false
2021-02-02 10:08:52.910 18644-19295/com.nubo.test7 W/com.nubo.test7: Accessing hidden field Lsun/misc/Unsafe;->theUnsafe:Lsun/misc/Unsafe; (greylist, reflection, allowed)
2021-02-02 10:08:52.910 18644-19295/com.nubo.test7 W/com.nubo.test7: Accessing hidden method Lsun/misc/Unsafe;->allocateInstance(Ljava/lang/Class;)Ljava/lang/Object; (greylist, reflection, allowed)
2021-02-02 10:08:53.309 18644-19295/com.nubo.test7 I/System.out: (HTTPLog)-Static: isSBSettingEnabled false
2021-02-02 10:08:53.309 18644-19295/com.nubo.test7 I/System.out: (HTTPLog)-Static: isSBSettingEnabled false
2021-02-02 10:08:53.692 18644-19295/com.nubo.test7 I/System.out: (HTTPLog)-Static: isSBSettingEnabled false
2021-02-02 10:08:53.692 18644-19295/com.nubo.test7 I/System.out: (HTTPLog)-Static: isSBSettingEnabled false
2021-02-02 10:08:53.753 18644-19064/com.nubo.test7 D/Fabric: Settings result was: 200
2021-02-02 10:08:53.756 18644-19064/com.nubo.test7 D/Fabric: Settings request ID: null
2021-02-02 10:08:53.781 18644-18644/com.nubo.test7 I/nubovideosink.main: main.c OnLoad() load methods
2021-02-02 10:08:53.793 18644-19820/com.nubo.test7 I/System.out: (HTTPLog)-Static: isSBSettingEnabled false
2021-02-02 10:08:53.793 18644-19820/com.nubo.test7 I/System.out: (HTTPLog)-Static: isSBSettingEnabled false
2021-02-02 10:08:53.898 18644-19064/com.nubo.test7 D/Fabric: Writing settings to cache file...
2021-02-02 10:08:54.055 18644-19064/com.nubo.test7 D/Fabric: Loaded settings: {"settings_version":2,"cache_duration":86400,"features":{"collect_logged_exceptions":false,"collect_reports":false,"collect_analytics":false,"prompt_enabled":false,"push_enabled":false,"firebase_crashlytics_enabled":false},"analytics":{},"beta":{},"app":{"identifier":"com.nubo.test7","status":"activated","url":"https:\/\/api.crashlytics.com\/spi\/v1\/platforms\/android\/apps","reports_url":"https:\/\/reports.crashlytics.com\/spi\/v1\/platforms\/android\/apps\/com.nubo.test7\/reports","ndk_reports_url":"https:\/\/reports.crashlytics.com\/sdk-api\/v1\/platforms\/android\/apps\/com.nubo.test7\/minidumps","update_required":false},"session":{},"prompt":{},"expires_at":1612339733898}
2021-02-02 10:08:54.266 18644-19820/com.nubo.test7 I/nubo.Debugger: SSL Cipher Suite: TLS_ECDHE_RSA_WITH_AES_128_GCM_SHA256
2021-02-02 10:08:54.333 18644-19064/com.nubo.test7 D/Beta: Beta kit initializing...
2021-02-02 10:08:54.333 18644-19064/com.nubo.test7 D/Beta: Beta device token present: false
2021-02-02 10:08:54.333 18644-19064/com.nubo.test7 D/Beta: A Beta device token was not found for this app
2021-02-02 10:08:54.341 18644-19061/com.nubo.test7 D/Answers: Analytics collection disabled
2021-02-02 10:08:54.367 18644-18644/com.nubo.test7 E/ParamValidatorUtil: ******* checkClientProperties unhandled key *********: wallpaperX
2021-02-02 10:08:54.380 18644-19295/com.nubo.test7 I/System.out: (HTTPLog)-Static: isSBSettingEnabled false
2021-02-02 10:08:54.380 18644-19295/com.nubo.test7 I/System.out: (HTTPLog)-Static: isSBSettingEnabled false
2021-02-02 10:08:54.405 18644-19871/com.nubo.test7 I/System.out: (HTTPLog)-Static: isSBSettingEnabled false
2021-02-02 10:08:54.405 18644-19871/com.nubo.test7 I/System.out: (HTTPLog)-Static: isSBSettingEnabled false
2021-02-02 10:08:54.466 18644-19871/com.nubo.test7 I/nubo.Debugger: SSL Cipher Suite: TLS_ECDHE_RSA_WITH_AES_128_GCM_SHA256
2021-02-02 10:08:54.494 18644-18644/com.nubo.test7 D/ViewRootImpl@7d08fa5[WelcomeScreen]: dispatchDetachedFromWindow
2021-02-02 10:08:54.497 18644-18644/com.nubo.test7 D/InputTransport: Input channel destroyed: 'eaa84db', fd=72
2021-02-02 10:08:54.635 18644-18644/com.nubo.test7 D/PhoneWindow: forceLight changed to true [] from com.android.internal.policy.PhoneWindow.updateForceLightNavigationBar:4268 com.android.internal.policy.DecorView.updateColorViews:1494 com.android.internal.policy.PhoneWindow.dispatchWindowAttributesChanged:3246 android.view.Window.setFlags:1148 com.android.internal.policy.PhoneWindow.generateLayout:2474 
2021-02-02 10:08:54.636 18644-18644/com.nubo.test7 I/MultiWindowDecorSupport: updateCaptionType >> DecorView@92902b5[], isFloating: false, isApplication: true, hasWindowDecorCaption: false, hasWindowControllerCallback: true
2021-02-02 10:08:54.636 18644-18644/com.nubo.test7 D/MultiWindowDecorSupport: setCaptionType = 0, DecorView = DecorView@92902b5[]
2021-02-02 10:08:54.655 18644-18644/com.nubo.test7 W/com.nubo.test7: Accessing hidden method Landroid/view/View;->computeFitSystemWindows(Landroid/graphics/Rect;Landroid/graphics/Rect;)Z (greylist, reflection, allowed)
2021-02-02 10:08:54.655 18644-18644/com.nubo.test7 W/com.nubo.test7: Accessing hidden method Landroid/view/ViewGroup;->makeOptionalFitsSystemWindows()V (greylist, reflection, allowed)
2021-02-02 10:08:54.732 18644-18644/com.nubo.test7 D/WallpaperManager: getScaledBitmap. scaleY: 2.1273437, scaleX: 0.703125, b.getHeight(): 1280, b.getWidth(): 2048, size[1]: 2723, size[0]: 1440
2021-02-02 10:08:54.809 18644-18644/com.nubo.test7 D/WallpaperManager: getScaledBitmap result: b.getHeight(): 2723, b.getWidth(): 4357
2021-02-02 10:08:54.830 18644-18644/com.nubo.test7 D/BiometricLogin: App can authenticate using biometrics.
2021-02-02 10:08:54.888 18644-18644/com.nubo.test7 D/KeyStore: keyAuthType : 2
2021-02-02 10:08:54.890 18644-18644/com.nubo.test7 D/KeyStore: UserNotAuthenticatedException : fingerprint
2021-02-02 10:08:54.950 18644-18644/com.nubo.test7 D/ViewRootImpl@a2c1c0c[BiometricLogin]: setView = com.android.internal.policy.DecorView@92902b5 TM=true MM=false
2021-02-02 10:08:54.963 18644-18644/com.nubo.test7 D/ViewRootImpl@a2c1c0c[BiometricLogin]: stopped(false) old=false
2021-02-02 10:08:54.985 18644-19286/com.nubo.test7 D/BiometricPrompt: onError: 5, Fingerprint operation cancelled.
2021-02-02 10:08:55.053 18644-18644/com.nubo.test7 D/ViewRootImpl@a2c1c0c[BiometricLogin]: Relayout returned: old=(0,0,1440,3040) new=(0,0,1440,3040) req=(1440,3040)0 dur=58 res=0x7 s={true 494723891200} ch=true
2021-02-02 10:08:55.053 18644-19155/com.nubo.test7 D/OpenGLRenderer: createReliableSurface : 0x729d5b0140(0x732fd78000)
2021-02-02 10:08:55.073 18644-19155/com.nubo.test7 D/OpenGLRenderer: makeCurrent EglSurface : 0x0 -> 0x0
2021-02-02 10:08:55.087 18644-19155/com.nubo.test7 I/mali_winsys: new_window_surface() [1440x3040] return: 0x3000
2021-02-02 10:08:55.091 18644-19155/com.nubo.test7 D/OpenGLRenderer: makeCurrent EglSurface : 0x0 -> 0x72a1322100
2021-02-02 10:08:55.139 18644-19155/com.nubo.test7 W/Gralloc3: mapper 3.x is not supported
2021-02-02 10:08:55.146 18644-19155/com.nubo.test7 I/gralloc: Arm Module v1.0
2021-02-02 10:08:55.300 18644-18644/com.nubo.test7 D/ViewRootImpl@a2c1c0c[BiometricLogin]: MSG_WINDOW_FOCUS_CHANGED 1 1
2021-02-02 10:08:55.300 18644-18644/com.nubo.test7 D/InputMethodManager: prepareNavigationBarInfo() DecorView@92902b5[BiometricLogin]
2021-02-02 10:08:55.300 18644-18644/com.nubo.test7 D/InputMethodManager: getNavigationBarColor() -855310
2021-02-02 10:08:55.323 18644-18644/com.nubo.test7 D/InputMethodManager: prepareNavigationBarInfo() DecorView@92902b5[BiometricLogin]
2021-02-02 10:08:55.323 18644-18644/com.nubo.test7 D/InputMethodManager: getNavigationBarColor() -855310
2021-02-02 10:08:55.323 18644-18644/com.nubo.test7 V/InputMethodManager: Starting input: tba=com.nubo.test7 ic=null mNaviBarColor -855310 mIsGetNaviBarColorSuccess true , NavVisible : true , NavTrans : false
2021-02-02 10:08:55.323 18644-18644/com.nubo.test7 D/InputMethodManager: startInputInner - Id : 0
2021-02-02 10:08:55.323 18644-18644/com.nubo.test7 I/InputMethodManager: startInputInner - mService.startInputOrWindowGainedFocus
2021-02-02 10:08:55.327 18644-18644/com.nubo.test7 E/BiometricLogin: Authentication error: Fingerprint operation cancelled.
2021-02-02 10:08:55.394 18644-18644/com.nubo.test7 D/Toast: show: focusDisplayId = 0, isFocusInDesktop = false mCustomDisplayId=-1
2021-02-02 10:08:55.433 18644-19286/com.nubo.test7 V/Toast: SHOW: android.widget.Toast$TN@186022b
2021-02-02 10:08:55.434 18644-19155/com.nubo.test7 D/OpenGLRenderer: makeCurrent EglSurface : 0x72a1322100 -> 0x0
2021-02-02 10:08:55.434 18644-19155/com.nubo.test7 D/OpenGLRenderer: destroyEglSurface : 0x72a1322100
2021-02-02 10:08:55.434 18644-19155/com.nubo.test7 I/mali_egl: eglDestroySurface() in
2021-02-02 10:08:55.436 18644-19155/com.nubo.test7 I/mali_winsys: delete_surface() [1440x3040] return
2021-02-02 10:08:55.436 18644-19155/com.nubo.test7 I/mali_egl: eglDestroySurface() out
2021-02-02 10:08:55.436 18644-19155/com.nubo.test7 W/libEGL: EGLNativeWindowType 0x729d5b0150 disconnect failed
2021-02-02 10:08:55.436 18644-19155/com.nubo.test7 D/OpenGLRenderer: ~ReliableSurface : 0x729d5b0140
2021-02-02 10:08:55.449 18644-18644/com.nubo.test7 D/ViewRootImpl@a2c1c0c[BiometricLogin]: Relayout returned: old=(0,0,1440,3040) new=(0,0,1440,3040) req=(1440,3040)8 dur=13 res=0x5 s={false 0} ch=true
2021-02-02 10:08:55.449 18644-18644/com.nubo.test7 D/ViewRootImpl@a2c1c0c[BiometricLogin]: MSG_WINDOW_FOCUS_CHANGED 0 1
2021-02-02 10:08:55.449 18644-18644/com.nubo.test7 D/InputMethodManager: prepareNavigationBarInfo() DecorView@92902b5[BiometricLogin]
2021-02-02 10:08:55.449 18644-18644/com.nubo.test7 D/InputMethodManager: getNavigationBarColor() -855310
2021-02-02 10:08:55.450 18644-18644/com.nubo.test7 D/ViewRootImpl@a2c1c0c[BiometricLogin]: stopped(true) old=false
2021-02-02 10:08:55.454 18644-18644/com.nubo.test7 V/Toast: HANDLE SHOW: android.widget.Toast$TN@186022b mView=null mNextView=android.widget.LinearLayout{627d55d V.E...... ......I. 0,0-0,0}
2021-02-02 10:08:55.455 18644-18644/com.nubo.test7 V/Toast: HANDLE HIDE: android.widget.Toast$TN@186022b mView=null
2021-02-02 10:08:55.533 18644-18644/com.nubo.test7 D/ViewRootImpl@474ea0[Toast]: setView = android.widget.LinearLayout@627d55d TM=true MM=false
2021-02-02 10:08:55.533 18644-18644/com.nubo.test7 V/Toast: Text: Buth in android.widget.Toast$TN@186022b
2021-02-02 10:08:55.564 18644-18644/com.nubo.test7 D/ViewRootImpl@474ea0[Toast]: Relayout returned: old=(0,150,1440,2872) new=(115,2301,1324,2502) req=(1209,201)0 dur=27 res=0x7 s={true 490609786880} ch=true
2021-02-02 10:08:55.565 18644-19155/com.nubo.test7 D/OpenGLRenderer: createReliableSurface : 0x729d5b0140(0x723a9f4000)
2021-02-02 10:08:55.566 18644-19155/com.nubo.test7 I/mali_winsys: new_window_surface() [1209x201] return: 0x3000
2021-02-02 10:08:55.577 18644-19155/com.nubo.test7 D/OpenGLRenderer: makeCurrent EglSurface : 0x0 -> 0x723a9cd800
2021-02-02 10:08:55.619 18644-18644/com.nubo.test7 D/ViewRootImpl@474ea0[Toast]: MSG_RESIZED_REPORT: frame=(115,2301,1324,2502) ci=(0,0,0,0) vi=(0,0,1209,201) or=1
2021-02-02 10:08:56.778 18644-19073/com.nubo.test7 D/Answers: Flush events when app is backgrounded
2021-02-02 10:08:57.433 18644-19276/com.nubo.test7 V/Toast: HIDE: android.widget.Toast$TN@186022b
2021-02-02 10:08:57.433 18644-18644/com.nubo.test7 V/Toast: HANDLE HIDE: android.widget.Toast$TN@186022b mView=android.widget.LinearLayout{627d55d V.E...... ........ 0,0-1209,201}
2021-02-02 10:08:57.433 18644-18644/com.nubo.test7 V/Toast: REMOVE! android.widget.LinearLayout{627d55d V.E...... ........ 0,0-1209,201} in android.widget.Toast$TN@186022b
2021-02-02 10:08:57.435 18644-19155/com.nubo.test7 D/OpenGLRenderer: makeCurrent EglSurface : 0x723a9cd800 -> 0x0
2021-02-02 10:08:57.435 18644-19155/com.nubo.test7 D/OpenGLRenderer: destroyEglSurface : 0x723a9cd800
2021-02-02 10:08:57.435 18644-19155/com.nubo.test7 I/mali_egl: eglDestroySurface() in
2021-02-02 10:08:57.436 18644-19155/com.nubo.test7 I/mali_winsys: delete_surface() [1209x201] return
2021-02-02 10:08:57.436 18644-19155/com.nubo.test7 I/mali_egl: eglDestroySurface() out
2021-02-02 10:08:57.438 18644-19155/com.nubo.test7 W/libEGL: EGLNativeWindowType 0x729d5b0150 disconnect failed
2021-02-02 10:08:57.438 18644-19155/com.nubo.test7 D/OpenGLRenderer: ~ReliableSurface : 0x729d5b0140
2021-02-02 10:08:57.439 18644-18644/com.nubo.test7 D/ViewRootImpl@474ea0[Toast]: dispatchDetachedFromWindow
2021-02-02 10:08:57.441 18644-18644/com.nubo.test7 D/InputTransport: Input channel destroyed: '31809f ', fd=86
2021-02-02 10:08:58.722 18644-18644/com.nubo.test7 D/ViewRootImpl@a2c1c0c[BiometricLogin]: Relayout returned: old=(0,0,1440,3040) new=(0,0,1440,3040) req=(1440,3040)4 dur=15 res=0x1 s={false 0} ch=false
2021-02-02 10:08:58.725 18644-18644/com.nubo.test7 D/ViewRootImpl@a2c1c0c[BiometricLogin]: stopped(false) old=true
2021-02-02 10:08:58.730 18644-18644/com.nubo.test7 D/ViewRootImpl@a2c1c0c[BiometricLogin]: stopped(false) old=false
2021-02-02 10:08:58.756 18644-18644/com.nubo.test7 D/ViewRootImpl@a2c1c0c[BiometricLogin]: Relayout returned: old=(0,0,1440,3040) new=(0,0,1440,3040) req=(1440,3040)0 dur=10 res=0x7 s={true 490609815552} ch=true
2021-02-02 10:08:58.756 18644-19155/com.nubo.test7 D/OpenGLRenderer: createReliableSurface : 0x729d5b0140(0x723a9fb000)
2021-02-02 10:08:58.757 18644-19155/com.nubo.test7 I/mali_winsys: new_window_surface() [1440x3040] return: 0x3000
2021-02-02 10:08:58.771 18644-19155/com.nubo.test7 D/OpenGLRenderer: makeCurrent EglSurface : 0x0 -> 0x723a9cd800
2021-02-02 10:08:58.778 18644-18644/com.nubo.test7 D/ViewRootImpl@a2c1c0c[BiometricLogin]: MSG_RESIZED_REPORT: frame=(0,0,1440,3040) ci=(0,150,0,168) vi=(0,150,0,168) or=1
2021-02-02 10:08:59.088 18644-18644/com.nubo.test7 D/ViewRootImpl@a2c1c0c[BiometricLogin]: MSG_WINDOW_FOCUS_CHANGED 1 1
2021-02-02 10:08:59.089 18644-18644/com.nubo.test7 D/InputMethodManager: prepareNavigationBarInfo() DecorView@92902b5[BiometricLogin]
2021-02-02 10:08:59.089 18644-18644/com.nubo.test7 D/InputMethodManager: getNavigationBarColor() -855310
2021-02-02 10:08:59.092 18644-18644/com.nubo.test7 D/InputMethodManager: prepareNavigationBarInfo() DecorView@92902b5[BiometricLogin]
2021-02-02 10:08:59.092 18644-18644/com.nubo.test7 D/InputMethodManager: getNavigationBarColor() -855310
2021-02-02 10:08:59.092 18644-18644/com.nubo.test7 V/InputMethodManager: Starting input: tba=com.nubo.test7 ic=null mNaviBarColor -855310 mIsGetNaviBarColorSuccess true , NavVisible : true , NavTrans : false
2021-02-02 10:08:59.092 18644-18644/com.nubo.test7 D/InputMethodManager: startInputInner - Id : 0
2021-02-02 10:08:59.092 18644-18644/com.nubo.test7 I/InputMethodManager: startInputInner - mService.startInputOrWindowGainedFocus
2021-02-02 10:08:59.099 18644-18644/com.nubo.test7 D/InputMethodManager: prepareNavigationBarInfo() DecorView@92902b5[BiometricLogin]
2021-02-02 10:08:59.099 18644-18644/com.nubo.test7 D/InputMethodManager: getNavigationBarColor() -855310
2021-02-02 10:08:59.099 18644-18644/com.nubo.test7 V/InputMethodManager: Starting input: tba=com.nubo.test7 ic=null mNaviBarColor -855310 mIsGetNaviBarColorSuccess true , NavVisible : true , NavTrans : false
2021-02-02 10:08:59.099 18644-18644/com.nubo.test7 D/InputMethodManager: startInputInner - Id : 0
2021-02-02 10:09:00.663 18644-18644/com.nubo.test7 D/ViewRootImpl@a2c1c0c[BiometricLogin]: MSG_WINDOW_FOCUS_CHANGED 0 1
2021-02-02 10:09:00.663 18644-18644/com.nubo.test7 D/InputMethodManager: prepareNavigationBarInfo() DecorView@92902b5[BiometricLogin]
2021-02-02 10:09:00.663 18644-18644/com.nubo.test7 D/InputMethodManager: getNavigationBarColor() -855310
2021-02-02 10:09:00.751 18644-18644/com.nubo.test7 D/InputTransport: Input channel destroyed: 'ClientS', fd=87
2021-02-02 10:09:01.151 18644-19155/com.nubo.test7 D/OpenGLRenderer: makeCurrent EglSurface : 0x723a9cd800 -> 0x0
2021-02-02 10:09:01.151 18644-19155/com.nubo.test7 D/OpenGLRenderer: destroyEglSurface : 0x723a9cd800
2021-02-02 10:09:01.151 18644-19155/com.nubo.test7 I/mali_egl: eglDestroySurface() in
2021-02-02 10:09:01.154 18644-19155/com.nubo.test7 I/mali_winsys: delete_surface() [1440x3040] return
2021-02-02 10:09:01.154 18644-19155/com.nubo.test7 I/mali_egl: eglDestroySurface() out
2021-02-02 10:09:01.154 18644-19155/com.nubo.test7 W/libEGL: EGLNativeWindowType 0x729d5b0150 disconnect failed
2021-02-02 10:09:01.154 18644-19155/com.nubo.test7 D/OpenGLRenderer: ~ReliableSurface : 0x729d5b0140
2021-02-02 10:09:01.159 18644-18644/com.nubo.test7 D/ViewRootImpl@a2c1c0c[BiometricLogin]: Relayout returned: old=(0,0,1440,3040) new=(0,0,1440,3040) req=(1440,3040)8 dur=5 res=0x5 s={false 0} ch=true
2021-02-02 10:09:01.162 18644-18644/com.nubo.test7 D/ViewRootImpl@a2c1c0c[BiometricLogin]: stopped(true) old=false
2021-02-02 10:09:32.813 18644-18644/com.nubo.test7 D/ViewRootImpl@a2c1c0c[BiometricLogin]: Relayout returned: old=(0,0,1440,3040) new=(0,0,1440,3040) req=(1440,3040)4 dur=42 res=0x1 s={false 0} ch=false
2021-02-02 10:09:32.814 18644-18644/com.nubo.test7 D/ViewRootImpl@a2c1c0c[BiometricLogin]: stopped(false) old=true
2021-02-02 10:09:32.818 18644-18644/com.nubo.test7 D/ViewRootImpl@a2c1c0c[BiometricLogin]: stopped(false) old=false
2021-02-02 10:09:32.839 18644-18644/com.nubo.test7 D/ViewRootImpl@a2c1c0c[BiometricLogin]: Relayout returned: old=(0,0,1440,3040) new=(0,0,1440,3040) req=(1440,3040)0 dur=15 res=0x7 s={true 490610311168} ch=true
2021-02-02 10:09:32.848 18644-19155/com.nubo.test7 D/OpenGLRenderer: createReliableSurface : 0x729d5b0500(0x723aa74000)
2021-02-02 10:09:32.852 18644-19155/com.nubo.test7 D/OpenGLRenderer: makeCurrent EglSurface : 0x0 -> 0x0
2021-02-02 10:09:32.865 18644-19155/com.nubo.test7 I/mali_winsys: new_window_surface() [1440x3040] return: 0x3000
2021-02-02 10:09:32.871 18644-19155/com.nubo.test7 D/OpenGLRenderer: makeCurrent EglSurface : 0x0 -> 0x723a9cd780
2021-02-02 10:09:32.898 18644-18644/com.nubo.test7 D/ViewRootImpl@a2c1c0c[BiometricLogin]: MSG_WINDOW_FOCUS_CHANGED 1 1
2021-02-02 10:09:32.898 18644-18644/com.nubo.test7 D/InputMethodManager: prepareNavigationBarInfo() DecorView@92902b5[BiometricLogin]
2021-02-02 10:09:32.898 18644-18644/com.nubo.test7 D/InputMethodManager: getNavigationBarColor() -855310
2021-02-02 10:09:32.900 18644-18644/com.nubo.test7 D/InputMethodManager: prepareNavigationBarInfo() DecorView@92902b5[BiometricLogin]
2021-02-02 10:09:32.900 18644-18644/com.nubo.test7 D/InputMethodManager: getNavigationBarColor() -855310
2021-02-02 10:09:32.900 18644-18644/com.nubo.test7 V/InputMethodManager: Starting input: tba=com.nubo.test7 ic=null mNaviBarColor -855310 mIsGetNaviBarColorSuccess true , NavVisible : true , NavTrans : false
2021-02-02 10:09:32.900 18644-18644/com.nubo.test7 D/InputMethodManager: startInputInner - Id : 0
2021-02-02 10:09:32.900 18644-18644/com.nubo.test7 I/InputMethodManager: startInputInner - mService.startInputOrWindowGainedFocus
2021-02-02 10:09:34.573 18644-18644/com.nubo.test7 D/ViewRootImpl@a2c1c0c[BiometricLogin]: ViewPostIme pointer 0
2021-02-02 10:09:34.645 18644-18644/com.nubo.test7 D/ViewRootImpl@a2c1c0c[BiometricLogin]: ViewPostIme pointer 1
2021-02-02 10:09:34.682 18644-18644/com.nubo.test7 D/KeyStore: keyAuthType : 2
2021-02-02 10:09:34.683 18644-18644/com.nubo.test7 D/KeyStore: UserNotAuthenticatedException : fingerprint
2021-02-02 10:09:34.897 18644-18644/com.nubo.test7 D/ViewRootImpl@a2c1c0c[BiometricLogin]: MSG_WINDOW_FOCUS_CHANGED 0 1
2021-02-02 10:09:34.897 18644-18644/com.nubo.test7 D/InputMethodManager: prepareNavigationBarInfo() DecorView@92902b5[BiometricLogin]
2021-02-02 10:09:34.897 18644-18644/com.nubo.test7 D/InputMethodManager: getNavigationBarColor() -855310
2021-02-02 10:09:34.902 18644-18644/com.nubo.test7 D/InputTransport: Input channel destroyed: 'ClientS', fd=88
2021-02-02 10:09:35.934 18644-19286/com.nubo.test7 D/BiometricPrompt: onAuthenticationSucceeded
2021-02-02 10:09:35.949 18644-18644/com.nubo.test7 D/Toast: show: focusDisplayId = 0, isFocusInDesktop = false mCustomDisplayId=-1
2021-02-02 10:09:35.961 18644-19286/com.nubo.test7 V/Toast: SHOW: android.widget.Toast$TN@8915da6
2021-02-02 10:09:35.973 18644-18644/com.nubo.test7 E/BiometricLogin: Dec information: cbe5c93b-e5a0-42c0-b99a-e890e6fcd657
2021-02-02 10:09:35.978 18644-18644/com.nubo.test7 D/ViewRootImpl@a2c1c0c[BiometricLogin]: MSG_WINDOW_FOCUS_CHANGED 1 1
2021-02-02 10:09:35.979 18644-18644/com.nubo.test7 D/InputMethodManager: prepareNavigationBarInfo() DecorView@92902b5[BiometricLogin]
2021-02-02 10:09:35.979 18644-18644/com.nubo.test7 D/InputMethodManager: getNavigationBarColor() -855310
2021-02-02 10:09:35.980 18644-18644/com.nubo.test7 D/InputMethodManager: prepareNavigationBarInfo() DecorView@92902b5[BiometricLogin]
2021-02-02 10:09:35.980 18644-18644/com.nubo.test7 D/InputMethodManager: getNavigationBarColor() -855310
2021-02-02 10:09:35.980 18644-18644/com.nubo.test7 V/InputMethodManager: Starting input: tba=com.nubo.test7 ic=null mNaviBarColor -855310 mIsGetNaviBarColorSuccess true , NavVisible : true , NavTrans : false
2021-02-02 10:09:35.980 18644-18644/com.nubo.test7 D/InputMethodManager: startInputInner - Id : 0
2021-02-02 10:09:35.980 18644-18644/com.nubo.test7 I/InputMethodManager: startInputInner - mService.startInputOrWindowGainedFocus
2021-02-02 10:09:35.982 18644-21671/com.nubo.test7 I/System.out: (HTTPLog)-Static: isSBSettingEnabled false
2021-02-02 10:09:35.982 18644-21671/com.nubo.test7 I/System.out: (HTTPLog)-Static: isSBSettingEnabled false
2021-02-02 10:09:35.983 18644-18644/com.nubo.test7 V/Toast: HANDLE SHOW: android.widget.Toast$TN@8915da6 mView=null mNextView=android.widget.LinearLayout{20a9783 V.E...... ......I. 0,0-0,0}
2021-02-02 10:09:35.983 18644-18644/com.nubo.test7 V/Toast: HANDLE HIDE: android.widget.Toast$TN@8915da6 mView=null
2021-02-02 10:09:35.986 18644-21671/com.nubo.test7 I/System.out: (HTTPLog)-Static: isSBSettingEnabled false
2021-02-02 10:09:35.986 18644-21671/com.nubo.test7 I/System.out: (HTTPLog)-Static: isSBSettingEnabled false
2021-02-02 10:09:35.989 18644-18644/com.nubo.test7 D/ViewRootImpl@f30892c[Toast]: setView = android.widget.LinearLayout@20a9783 TM=true MM=false
2021-02-02 10:09:35.989 18644-18644/com.nubo.test7 V/Toast: Text: Buth in android.widget.Toast$TN@8915da6
2021-02-02 10:09:36.007 18644-18644/com.nubo.test7 D/ViewRootImpl@f30892c[Toast]: Relayout returned: old=(0,150,1440,2872) new=(341,2494,1099,2648) req=(758,154)0 dur=6 res=0x7 s={true 490612203520} ch=true
2021-02-02 10:09:36.007 18644-19155/com.nubo.test7 D/OpenGLRenderer: createReliableSurface : 0x729d802e00(0x723ac42000)
2021-02-02 10:09:36.008 18644-19155/com.nubo.test7 I/mali_winsys: new_window_surface() [758x154] return: 0x3000
2021-02-02 10:09:36.008 18644-19155/com.nubo.test7 D/OpenGLRenderer: makeCurrent EglSurface : 0x723a9cd780 -> 0x72987e5480
2021-02-02 10:09:36.014 18644-19155/com.nubo.test7 D/OpenGLRenderer: makeCurrent EglSurface : 0x72987e5480 -> 0x723a9cd780
2021-02-02 10:09:36.017 18644-18644/com.nubo.test7 D/ViewRootImpl@f30892c[Toast]: MSG_RESIZED: frame=(341,2494,1099,2648) ci=(0,0,0,0) vi=(0,0,758,154) or=1
2021-02-02 10:09:36.234 18644-21671/com.nubo.test7 I/nubo.Debugger: SSL Cipher Suite: TLS_ECDHE_RSA_WITH_AES_128_GCM_SHA256
2021-02-02 10:09:36.238 18644-18644/com.nubo.test7 E/BiometricLogin: checkBiometric. status: 1 ,message: Biometric checked
2021-02-02 10:09:36.269 18644-18644/com.nubo.test7 W/ActivityThread: handleWindowVisibility: no activity for token android.os.BinderProxy@39f51eb
2021-02-02 10:09:36.508 18644-18644/com.nubo.test7 W/GLib: Failed to create a database from file: TLS support is not available
2021-02-02 10:09:36.508 18644-18644/com.nubo.test7 I/GStreamer: GStreamer initialization complete
2021-02-02 10:09:36.511 18644-18644/com.nubo.test7 D/nubo.CameraManager: populateDeviceCamerasInfo. numberOfCameras: 4
2021-02-02 10:09:37.026 18644-18644/com.nubo.test7 D/nubo.CameraManager: populateDeviceCamerasInfo. mInitialized: true
2021-02-02 10:09:37.038 18644-18644/com.nubo.test7 D/PhoneWindow: forceLight changed to true [] from com.android.internal.policy.PhoneWindow.updateForceLightNavigationBar:4268 com.android.internal.policy.DecorView.updateColorViews:1494 com.android.internal.policy.PhoneWindow.dispatchWindowAttributesChanged:3246 android.view.Window.setFlags:1148 com.android.internal.policy.PhoneWindow.generateLayout:2474 
2021-02-02 10:09:37.038 18644-18644/com.nubo.test7 I/MultiWindowDecorSupport: updateCaptionType >> DecorView@31f21c7[], isFloating: false, isApplication: true, hasWindowDecorCaption: false, hasWindowControllerCallback: true
2021-02-02 10:09:37.038 18644-18644/com.nubo.test7 D/MultiWindowDecorSupport: setCaptionType = 0, DecorView = DecorView@31f21c7[]
2021-02-02 10:09:37.080 18644-18644/com.nubo.test7 E/nubo.NuboParams: getScreenScale: normal
2021-02-02 10:09:37.083 18644-18644/com.nubo.test7 E/nubo.NuboClientActivity: calcNavBarHeights. config_showNavigationBar: true, navigation_bar_height: 168
2021-02-02 10:09:37.083 18644-18644/com.nubo.test7 I/nubo.NuboClientActivity: calcNavBarHeights. mNavBarHeightLandscape: 0, mNavBarHeightPortrait: 168, mNavBarWidth: 168, mHasNavBar: true
2021-02-02 10:09:37.084 18644-18644/com.nubo.test7 I/nubo.NuboClientActivity: mHasNavBar: true, mNavBarHeightPortrait: 168, mNavBarHeightLandscape: 0, mNavBarWidth: 168, portraitWidth: 1440, portraitHeight: 2723, landscapeWidth: 2872, landscapeHeight: 1440
2021-02-02 10:09:37.084 18644-18644/com.nubo.test7 I/nubo.NuboClientActivity: After apply scale ratio. mHasNavBar: true, mNavBarHeightPortrait: 84, mNavBarHeightLandscape: 0, mNavBarWidth: 84, portraitWidth: 720, portraitHeight: 1361, landscapeWidth: 1436, landscapeHeight: 720
2021-02-02 10:09:37.094 18644-18644/com.nubo.test7 E/nubo.NuboParams: Cannot sync contacts. You should allow permission
2021-02-02 10:09:37.099 18644-19295/com.nubo.test7 I/System.out: (HTTPLog)-Static: isSBSettingEnabled false
2021-02-02 10:09:37.099 18644-19295/com.nubo.test7 I/System.out: (HTTPLog)-Static: isSBSettingEnabled false
2021-02-02 10:09:37.109 18644-18644/com.nubo.test7 D/Dialog: mIsSamsungBasicInteraction = false
2021-02-02 10:09:37.109 18644-18644/com.nubo.test7 D/Dialog: mIsSamsungBasicInteraction = false, isMetaDataInActivity = false
2021-02-02 10:09:37.112 18644-18644/com.nubo.test7 I/MultiWindowDecorSupport: updateCaptionType >> DecorView@24e4c9f[], isFloating: true, isApplication: true, hasWindowDecorCaption: false, hasWindowControllerCallback: false
2021-02-02 10:09:37.112 18644-18644/com.nubo.test7 D/MultiWindowDecorSupport: setCaptionType = 0, DecorView = DecorView@24e4c9f[]
2021-02-02 10:09:37.126 18644-18644/com.nubo.test7 D/ViewRootImpl@67d85d9[NuboClientActivity]: setView = com.android.internal.policy.DecorView@24e4c9f TM=true MM=false
2021-02-02 10:09:37.126 18644-18644/com.nubo.test7 D/nubo.Debugger: StartSession from onResume()
2021-02-02 10:09:37.128 18644-18644/com.nubo.test7 E/nubo.NuboClientActivity: nuboClientVersion: 2.8.64-nubo, NuboVersionCode: 387
2021-02-02 10:09:37.129 18644-18644/com.nubo.test7 E/nubo.NuboParams: getClientFrameRate: high
2021-02-02 10:09:37.129 18644-18644/com.nubo.test7 E/nubo.NuboClientActivity: Set fixed client frame rate: HIGH
2021-02-02 10:09:37.132 18644-21734/com.nubo.test7 I/System.out: (HTTPLog)-Static: isSBSettingEnabled false
2021-02-02 10:09:37.132 18644-21734/com.nubo.test7 I/System.out: (HTTPLog)-Static: isSBSettingEnabled false
2021-02-02 10:09:37.137 18644-18644/com.nubo.test7 D/SensorManager: registerListener :: 1, LSM6DSO Acceleration Sensor, 200000, 0,  
2021-02-02 10:09:37.158 18644-18644/com.nubo.test7 D/ViewRootImpl@a735b38[NuboClientActivity]: setView = com.android.internal.policy.DecorView@31f21c7 TM=true MM=false
2021-02-02 10:09:37.159 18644-18644/com.nubo.test7 D/ViewRootImpl@a2c1c0c[BiometricLogin]: MSG_WINDOW_FOCUS_CHANGED 0 1
2021-02-02 10:09:37.159 18644-18644/com.nubo.test7 D/InputMethodManager: prepareNavigationBarInfo() DecorView@92902b5[BiometricLogin]
2021-02-02 10:09:37.159 18644-18644/com.nubo.test7 D/InputMethodManager: getNavigationBarColor() -855310
2021-02-02 10:09:37.174 18644-18644/com.nubo.test7 D/ViewRootImpl@67d85d9[NuboClientActivity]: Relayout returned: old=(0,150,1440,2872) new=(282,1353,1157,1668) req=(875,315)0 dur=4 res=0x7 s={true 490254069760} ch=true
2021-02-02 10:09:37.174 18644-19155/com.nubo.test7 D/OpenGLRenderer: createReliableSurface : 0x729d804480(0x72256b7000)
2021-02-02 10:09:37.176 18644-19155/com.nubo.test7 I/mali_winsys: new_window_surface() [1099x539] return: 0x3000
2021-02-02 10:09:37.176 18644-18644/com.nubo.test7 E/DecorView: mWindow.mActivityCurrentConfig is null
2021-02-02 10:09:37.179 18644-19155/com.nubo.test7 D/OpenGLRenderer: makeCurrent EglSurface : 0x723a9cd780 -> 0x723ab9f480
2021-02-02 10:09:37.213 18644-18644/com.nubo.test7 D/ViewRootImpl@a735b38[NuboClientActivity]: Relayout returned: old=(0,0,1440,3040) new=(0,150,1440,3040) req=(1440,3040)0 dur=4 res=0x7 s={true 490255327232} ch=true
2021-02-02 10:09:37.214 18644-19155/com.nubo.test7 D/OpenGLRenderer: createReliableSurface : 0x732fd1dfc0(0x72257ea000)
2021-02-02 10:09:37.214 18644-19155/com.nubo.test7 I/mali_winsys: new_window_surface() [1440x2890] return: 0x3000
2021-02-02 10:09:37.239 18644-18644/com.nubo.test7 D/WallpaperManager: getScaledBitmap. scaleY: 2.2578125, scaleX: 0.703125, b.getHeight(): 1280, b.getWidth(): 2048, size[1]: 2890, size[0]: 1440
2021-02-02 10:09:37.302 18644-18644/com.nubo.test7 D/WallpaperManager: getScaledBitmap result: b.getHeight(): 2890, b.getWidth(): 4624
2021-02-02 10:09:37.304 18644-19155/com.nubo.test7 D/OpenGLRenderer: makeCurrent EglSurface : 0x723ab9f480 -> 0x723ab9f500
2021-02-02 10:09:37.335 18644-19155/com.nubo.test7 D/OpenGLRenderer: makeCurrent EglSurface : 0x723ab9f500 -> 0x723ab9f480
2021-02-02 10:09:37.336 18644-18644/com.nubo.test7 D/ViewRootImpl@67d85d9[NuboClientActivity]: MSG_WINDOW_FOCUS_CHANGED 1 1
2021-02-02 10:09:37.336 18644-18644/com.nubo.test7 D/InputMethodManager: prepareNavigationBarInfo() DecorView@24e4c9f[NuboClientActivity]
2021-02-02 10:09:37.336 18644-18644/com.nubo.test7 D/InputMethodManager: getNavigationBarColor() -855310
2021-02-02 10:09:37.337 18644-18644/com.nubo.test7 D/InputMethodManager: prepareNavigationBarInfo() DecorView@24e4c9f[NuboClientActivity]
2021-02-02 10:09:37.337 18644-18644/com.nubo.test7 D/InputMethodManager: getNavigationBarColor() -855310
2021-02-02 10:09:37.337 18644-18644/com.nubo.test7 V/InputMethodManager: Starting input: tba=com.nubo.test7 ic=null mNaviBarColor -855310 mIsGetNaviBarColorSuccess true , NavVisible : true , NavTrans : false
2021-02-02 10:09:37.337 18644-18644/com.nubo.test7 D/InputMethodManager: startInputInner - Id : 0
2021-02-02 10:09:37.337 18644-18644/com.nubo.test7 I/InputMethodManager: startInputInner - mService.startInputOrWindowGainedFocus
2021-02-02 10:09:37.355 18644-18644/com.nubo.test7 D/InputTransport: Input channel destroyed: 'ClientS', fd=90
2021-02-02 10:09:37.367 18644-18644/com.nubo.test7 D/ViewRootImpl@a5acc57[PopupWindow:77cd598]: setView = android.widget.PopupWindow$PopupDecorView@535b344 TM=true MM=false
2021-02-02 10:09:37.368 18644-18644/com.nubo.test7 D/ViewRootImpl@67d85d9[NuboClientActivity]: MSG_RESIZED_REPORT: frame=(282,1353,1157,1668) ci=(0,0,0,0) vi=(0,0,0,0) or=1
2021-02-02 10:09:37.368 18644-18644/com.nubo.test7 D/ViewRootImpl@a735b38[NuboClientActivity]: MSG_RESIZED: frame=(0,150,1440,3040) ci=(0,0,0,0) vi=(0,0,0,0) or=1
2021-02-02 10:09:37.377 18644-18644/com.nubo.test7 D/ViewRootImpl@a5acc57[PopupWindow:77cd598]: Relayout returned: old=(0,150,1440,2872) new=(0,150,0,3040) req=(0,2722)0 dur=8 res=0x7 s={true 490257420288} ch=true
2021-02-02 10:09:37.377 18644-19155/com.nubo.test7 D/OpenGLRenderer: createReliableSurface : 0x72256e80c0(0x72259e9000)
2021-02-02 10:09:37.378 18644-19155/com.nubo.test7 I/mali_winsys: new_window_surface() [1x2890] return: 0x3000
2021-02-02 10:09:37.379 18644-18644/com.nubo.test7 D/KeyboardHeightProvider: KeyboardHeightProvider. handleOnGlobalLayout. screenSize.y: 2723, rect.bottom: 3040, keyboardHeight: -317
2021-02-02 10:09:37.386 18644-18644/com.nubo.test7 D/ViewRootImpl@a5acc57[PopupWindow:77cd598]: MSG_RESIZED: frame=(0,150,0,3040) ci=(0,0,0,0) vi=(0,0,0,0) or=1
2021-02-02 10:09:37.401 18644-18644/com.nubo.test7 D/KeyboardHeightProvider: KeyboardHeightProvider. handleOnGlobalLayout. screenSize.y: 2723, rect.bottom: 3040, keyboardHeight: -317
2021-02-02 10:09:37.652 18644-19155/com.nubo.test7 D/OpenGLRenderer: destroyEglSurface : 0x723a9cd780
2021-02-02 10:09:37.652 18644-19155/com.nubo.test7 I/mali_egl: eglDestroySurface() in
2021-02-02 10:09:37.653 18644-19155/com.nubo.test7 I/mali_winsys: delete_surface() [1440x3040] return
2021-02-02 10:09:37.653 18644-19155/com.nubo.test7 I/mali_egl: eglDestroySurface() out
2021-02-02 10:09:37.653 18644-19155/com.nubo.test7 W/libEGL: EGLNativeWindowType 0x729d5b0510 disconnect failed
2021-02-02 10:09:37.654 18644-19155/com.nubo.test7 D/OpenGLRenderer: ~ReliableSurface : 0x729d5b0500
2021-02-02 10:09:37.663 18644-18644/com.nubo.test7 D/ViewRootImpl@a2c1c0c[BiometricLogin]: Relayout returned: old=(0,0,1440,3040) new=(0,0,1440,3040) req=(1440,3040)8 dur=8 res=0x5 s={false 0} ch=true
2021-02-02 10:09:37.665 18644-18644/com.nubo.test7 D/ViewRootImpl@a2c1c0c[BiometricLogin]: stopped(true) old=false
2021-02-02 10:09:37.963 18644-19276/com.nubo.test7 V/Toast: HIDE: android.widget.Toast$TN@8915da6
2021-02-02 10:09:37.963 18644-18644/com.nubo.test7 V/Toast: HANDLE HIDE: android.widget.Toast$TN@8915da6 mView=android.widget.LinearLayout{20a9783 V.E...... ........ 0,0-758,154}
2021-02-02 10:09:37.963 18644-18644/com.nubo.test7 V/Toast: REMOVE! android.widget.LinearLayout{20a9783 V.E...... ........ 0,0-758,154} in android.widget.Toast$TN@8915da6
2021-02-02 10:09:37.965 18644-19155/com.nubo.test7 D/OpenGLRenderer: destroyEglSurface : 0x72987e5480
2021-02-02 10:09:37.965 18644-19155/com.nubo.test7 I/mali_egl: eglDestroySurface() in
2021-02-02 10:09:37.967 18644-19155/com.nubo.test7 I/mali_winsys: delete_surface() [758x154] return
2021-02-02 10:09:37.967 18644-19155/com.nubo.test7 I/mali_egl: eglDestroySurface() out
2021-02-02 10:09:37.967 18644-19155/com.nubo.test7 W/libEGL: EGLNativeWindowType 0x729d802e10 disconnect failed
2021-02-02 10:09:37.967 18644-19155/com.nubo.test7 D/OpenGLRenderer: ~ReliableSurface : 0x729d802e00
2021-02-02 10:09:37.967 18644-18644/com.nubo.test7 D/ViewRootImpl@f30892c[Toast]: dispatchDetachedFromWindow
2021-02-02 10:09:37.981 18644-18644/com.nubo.test7 D/InputTransport: Input channel destroyed: '4a289f3', fd=78
2021-02-02 10:10:08.537 18644-18644/com.nubo.test7 D/InputMethodManager: prepareNavigationBarInfo() DecorView@24e4c9f[NuboClientActivity]
2021-02-02 10:10:08.537 18644-18644/com.nubo.test7 D/InputMethodManager: getNavigationBarColor() -855310
2021-02-02 10:10:08.537 18644-18644/com.nubo.test7 V/InputMethodManager: Starting input: tba=com.nubo.test7 ic=null mNaviBarColor -855310 mIsGetNaviBarColorSuccess true , NavVisible : true , NavTrans : false
2021-02-02 10:10:08.538 18644-18644/com.nubo.test7 D/InputMethodManager: startInputInner - Id : 0
2021-02-02 10:10:08.538 18644-18644/com.nubo.test7 I/InputMethodManager: startInputInner - mService.startInputOrWindowGainedFocus
2021-02-02 10:10:08.543 18644-18644/com.nubo.test7 D/InputTransport: Input channel destroyed: 'ClientS', fd=112
2021-02-02 10:10:08.953 18644-19155/com.nubo.test7 D/OpenGLRenderer: makeCurrent EglSurface : 0x723ab9f480 -> 0x0
2021-02-02 10:10:08.953 18644-19155/com.nubo.test7 D/OpenGLRenderer: destroyEglSurface : 0x723ab9f480
2021-02-02 10:10:08.953 18644-19155/com.nubo.test7 I/mali_egl: eglDestroySurface() in
2021-02-02 10:10:08.955 18644-19155/com.nubo.test7 I/mali_winsys: delete_surface() [1099x539] return
2021-02-02 10:10:08.955 18644-19155/com.nubo.test7 I/mali_egl: eglDestroySurface() out
2021-02-02 10:10:08.955 18644-19155/com.nubo.test7 W/libEGL: EGLNativeWindowType 0x729d804490 disconnect failed
2021-02-02 10:10:08.955 18644-19155/com.nubo.test7 D/OpenGLRenderer: ~ReliableSurface : 0x729d804480
2021-02-02 10:10:08.955 18644-18644/com.nubo.test7 D/ViewRootImpl@67d85d9[NuboClientActivity]: dispatchDetachedFromWindow
2021-02-02 10:10:08.976 18644-18644/com.nubo.test7 D/InputTransport: Input channel destroyed: 'de9a088', fd=93
2021-02-02 10:10:09.057 18644-18644/com.nubo.test7 E/nubo.NuboClientActivity: saveScreen. error top window not found
2021-02-02 10:10:09.059 18644-18644/com.nubo.test7 E/nubo.NuboClientActivity: closeSocketDuringPause: true
2021-02-02 10:10:09.067 18644-18644/com.nubo.test7 D/SensorManager: unregisterListener ::   
2021-02-02 10:10:09.081 18644-18644/com.nubo.test7 E/NuboSensorManager: disableProcessSensors. processId: -1
2021-02-02 10:10:09.113 18644-19295/com.nubo.test7 I/System.out: (HTTPLog)-Static: isSBSettingEnabled false
2021-02-02 10:10:09.113 18644-19295/com.nubo.test7 I/System.out: (HTTPLog)-Static: isSBSettingEnabled false
2021-02-02 10:10:09.116 18644-18644/com.nubo.test7 E/ViewRootImpl: sendUserActionEvent() mView returned.
2021-02-02 10:10:09.133 18644-18644/com.nubo.test7 D/ViewRootImpl@a735b38[NuboClientActivity]: MSG_WINDOW_FOCUS_CHANGED 1 1
2021-02-02 10:10:09.133 18644-18644/com.nubo.test7 D/InputMethodManager: prepareNavigationBarInfo() DecorView@31f21c7[NuboClientActivity]
2021-02-02 10:10:09.133 18644-18644/com.nubo.test7 D/InputMethodManager: getNavigationBarColor() -855310
2021-02-02 10:10:09.136 18644-18644/com.nubo.test7 D/InputMethodManager: prepareNavigationBarInfo() DecorView@31f21c7[NuboClientActivity]
2021-02-02 10:10:09.136 18644-18644/com.nubo.test7 D/InputMethodManager: getNavigationBarColor() -855310
2021-02-02 10:10:09.136 18644-18644/com.nubo.test7 V/InputMethodManager: Starting input: tba=com.nubo.test7 ic=null mNaviBarColor -855310 mIsGetNaviBarColorSuccess true , NavVisible : true , NavTrans : false
2021-02-02 10:10:09.137 18644-18644/com.nubo.test7 D/InputMethodManager: startInputInner - Id : 0
2021-02-02 10:10:09.137 18644-18644/com.nubo.test7 I/InputMethodManager: startInputInner - mService.startInputOrWindowGainedFocus
2021-02-02 10:10:09.141 18644-18644/com.nubo.test7 D/InputTransport: Input channel destroyed: 'ClientS', fd=78
2021-02-02 10:10:09.143 18644-18644/com.nubo.test7 D/ViewRootImpl@a735b38[NuboClientActivity]: stopped(true) old=false
2021-02-02 10:10:09.162 18644-18644/com.nubo.test7 D/ViewRootImpl@a5acc57[PopupWindow:77cd598]: stopped(true) old=false
2021-02-02 10:10:09.459 18644-19155/com.nubo.test7 D/OpenGLRenderer: destroyEglSurface : 0x723ab9fe80
2021-02-02 10:10:09.459 18644-19155/com.nubo.test7 I/mali_egl: eglDestroySurface() in
2021-02-02 10:10:09.460 18644-19155/com.nubo.test7 I/mali_winsys: delete_surface() [1x2890] return
2021-02-02 10:10:09.460 18644-19155/com.nubo.test7 I/mali_egl: eglDestroySurface() out
2021-02-02 10:10:09.461 18644-19155/com.nubo.test7 W/libEGL: EGLNativeWindowType 0x72256e80d0 disconnect failed
2021-02-02 10:10:09.461 18644-19155/com.nubo.test7 D/OpenGLRenderer: ~ReliableSurface : 0x72256e80c0
2021-02-02 10:10:09.470 18644-18644/com.nubo.test7 D/ViewRootImpl@a5acc57[PopupWindow:77cd598]: Relayout returned: old=(0,150,0,3040) new=(0,150,0,3040) req=(0,2890)8 dur=8 res=0x5 s={false 0} ch=false
2021-02-02 10:10:09.471 18644-19155/com.nubo.test7 D/OpenGLRenderer: destroyEglSurface : 0x723ab9f500
2021-02-02 10:10:09.471 18644-19155/com.nubo.test7 I/mali_egl: eglDestroySurface() in
2021-02-02 10:10:09.473 18644-19155/com.nubo.test7 I/mali_winsys: delete_surface() [1440x2890] return
2021-02-02 10:10:09.473 18644-19155/com.nubo.test7 I/mali_egl: eglDestroySurface() out
2021-02-02 10:10:09.473 18644-19155/com.nubo.test7 W/libEGL: EGLNativeWindowType 0x732fd1dfd0 disconnect failed
2021-02-02 10:10:09.473 18644-19155/com.nubo.test7 D/OpenGLRenderer: ~ReliableSurface : 0x732fd1dfc0
2021-02-02 10:10:09.489 18644-18644/com.nubo.test7 D/ViewRootImpl@a735b38[NuboClientActivity]: Relayout returned: old=(0,150,1440,3040) new=(0,150,1440,3040) req=(1440,2890)8 dur=13 res=0x5 s={false 0} ch=false
2021-02-02 10:10:09.492 18644-18644/com.nubo.test7 D/ViewRootImpl@a735b38[NuboClientActivity]: MSG_WINDOW_FOCUS_CHANGED 0 1
2021-02-02 10:10:09.492 18644-18644/com.nubo.test7 D/InputMethodManager: prepareNavigationBarInfo() DecorView@31f21c7[NuboClientActivity]
2021-02-02 10:10:09.502 18644-18644/com.nubo.test7 D/InputMethodManager: getNavigationBarColor() -855310
2021-02-02 10:10:12.064 18644-18644/com.nubo.test7 V/nubo.NuboClientActivity: postDelayed: closeSocket()
2021-02-02 10:10:37.149 18644-21734/com.nubo.test7 E/nubo.Debugger: MgmtApiCall: SocketTimeoutExceptionjava.net.SocketTimeoutException: timeout
        at com.android.okhttp.okio.Okio$3.newTimeoutException(Okio.java:225)
        at com.android.okhttp.okio.AsyncTimeout.exit(AsyncTimeout.java:263)
        at com.android.okhttp.okio.AsyncTimeout$2.read(AsyncTimeout.java:217)
        at com.android.okhttp.okio.RealBufferedSource.indexOf(RealBufferedSource.java:317)
        at com.android.okhttp.okio.RealBufferedSource.indexOf(RealBufferedSource.java:311)
        at com.android.okhttp.okio.RealBufferedSource.readUtf8LineStrict(RealBufferedSource.java:207)
        at com.android.okhttp.internal.http.Http1xStream.readResponse(Http1xStream.java:395)
        at com.android.okhttp.internal.http.Http1xStream.readResponseHeaders(Http1xStream.java:146)
        at com.android.okhttp.internal.http.HttpEngine.readNetworkResponse(HttpEngine.java:900)
        at com.android.okhttp.internal.http.HttpEngine.readResponse(HttpEngine.java:772)
        at com.android.okhttp.internal.huc.HttpURLConnectionImpl.execute(HttpURLConnectionImpl.java:493)
        at com.android.okhttp.internal.huc.HttpURLConnectionImpl.getResponse(HttpURLConnectionImpl.java:429)
        at com.android.okhttp.internal.huc.HttpURLConnectionImpl.getResponseCode(HttpURLConnectionImpl.java:560)
        at com.android.okhttp.internal.huc.DelegatingHttpsURLConnection.getResponseCode(DelegatingHttpsURLConnection.java:106)
        at com.android.okhttp.internal.huc.HttpsURLConnectionImpl.getResponseCode(HttpsURLConnectionImpl.java:30)
        at com.nubo.api.IMgmtApiCall.urlCall(IMgmtApiCall.java:240)
        at com.nubo.api.IMgmtApiCall.run(IMgmtApiCall.java:70)
     Caused by: java.net.SocketException: socket is closed
        at com.android.org.conscrypt.ConscryptFileDescriptorSocket$SSLInputStream.read(ConscryptFileDescriptorSocket.java:588)
        at com.android.okhttp.okio.Okio$2.read(Okio.java:145)
        at com.android.okhttp.okio.AsyncTimeout$2.read(AsyncTimeout.java:213)
        at com.android.okhttp.okio.RealBufferedSource.indexOf(RealBufferedSource.java:317) 
        at com.android.okhttp.okio.RealBufferedSource.indexOf(RealBufferedSource.java:311) 
        at com.android.okhttp.okio.RealBufferedSource.readUtf8LineStrict(RealBufferedSource.java:207) 
        at com.android.okhttp.internal.http.Http1xStream.readResponse(Http1xStream.java:395) 
        at com.android.okhttp.internal.http.Http1xStream.readResponseHeaders(Http1xStream.java:146) 
        at com.android.okhttp.internal.http.HttpEngine.readNetworkResponse(HttpEngine.java:900) 
        at com.android.okhttp.internal.http.HttpEngine.readResponse(HttpEngine.java:772) 
        at com.android.okhttp.internal.huc.HttpURLConnectionImpl.execute(HttpURLConnectionImpl.java:493) 
        at com.android.okhttp.internal.huc.HttpURLConnectionImpl.getResponse(HttpURLConnectionImpl.java:429) 
        at com.android.okhttp.internal.huc.HttpURLConnectionImpl.getResponseCode(HttpURLConnectionImpl.java:560) 
        at com.android.okhttp.internal.huc.DelegatingHttpsURLConnection.getResponseCode(DelegatingHttpsURLConnection.java:106) 
        at com.android.okhttp.internal.huc.HttpsURLConnectionImpl.getResponseCode(HttpsURLConnectionImpl.java:30) 
        at com.nubo.api.IMgmtApiCall.urlCall(IMgmtApiCall.java:240) 
        at com.nubo.api.IMgmtApiCall.run(IMgmtApiCall.java:70) 
2021-02-02 10:10:37.158 18644-18644/com.nubo.test7 E/nubo.Debugger: ERROR, jsonGateway == null
2021-02-02 10:10:37.210 18644-18644/com.nubo.test7 D/ViewRootImpl@a2c1c0c[BiometricLogin]: dispatchDetachedFromWindow
2021-02-02 10:10:37.216 18644-18644/com.nubo.test7 D/InputTransport: Input channel destroyed: 'e464710', fd=72
2021-02-02 10:10:37.220 18644-18644/com.nubo.test7 D/ViewRootImpl@a5acc57[PopupWindow:77cd598]: dispatchDetachedFromWindow
2021-02-02 10:10:37.253 18644-18644/com.nubo.test7 D/InputTransport: Input channel destroyed: '35ec832', fd=111
2021-02-02 10:10:37.261 18644-18644/com.nubo.test7 D/ViewRootImpl@a735b38[NuboClientActivity]: dispatchDetachedFromWindow
2021-02-02 10:10:37.275 18644-18644/com.nubo.test7 D/InputTransport: Input channel destroyed: '950be46', fd=109
2021-02-02 10:11:58.759 18644-18644/com.nubo.test7 D/InputTransport: Input channel destroyed: 'ClientS', fd=91
2021-02-02 10:11:59.888 18644-18644/com.nubo.test7 W/ActivityThread: handleWindowVisibility: no activity for token android.os.BinderProxy@1813509
2021-02-02 10:11:59.941 18644-18644/com.nubo.test7 D/PhoneWindow: forceLight changed to true [] from com.android.internal.policy.PhoneWindow.updateForceLightNavigationBar:4268 com.android.internal.policy.DecorView.updateColorViews:1494 com.android.internal.policy.PhoneWindow.dispatchWindowAttributesChanged:3246 android.view.Window.setFlags:1148 com.android.internal.policy.PhoneWindow.generateLayout:2474 
2021-02-02 10:11:59.941 18644-18644/com.nubo.test7 I/MultiWindowDecorSupport: updateCaptionType >> DecorView@57f18c5[], isFloating: false, isApplication: true, hasWindowDecorCaption: false, hasWindowControllerCallback: true
2021-02-02 10:11:59.941 18644-18644/com.nubo.test7 D/MultiWindowDecorSupport: setCaptionType = 0, DecorView = DecorView@57f18c5[]
2021-02-02 10:11:59.999 18644-18644/com.nubo.test7 D/WallpaperManager: getScaledBitmap. scaleY: 2.1273437, scaleX: 0.703125, b.getHeight(): 1280, b.getWidth(): 2048, size[1]: 2723, size[0]: 1440
2021-02-02 10:12:00.059 18644-18644/com.nubo.test7 D/WallpaperManager: getScaledBitmap result: b.getHeight(): 2723, b.getWidth(): 4357
2021-02-02 10:12:00.076 18644-19295/com.nubo.test7 I/System.out: (HTTPLog)-Static: isSBSettingEnabled false
2021-02-02 10:12:00.076 18644-19295/com.nubo.test7 I/System.out: (HTTPLog)-Static: isSBSettingEnabled false
2021-02-02 10:12:00.082 18644-18644/com.nubo.test7 D/ViewRootImpl@2ac6422[ErrorActivity]: setView = com.android.internal.policy.DecorView@57f18c5 TM=true MM=false
2021-02-02 10:12:00.091 18644-18644/com.nubo.test7 D/ViewRootImpl@2ac6422[ErrorActivity]: Relayout returned: old=(0,0,1440,3040) new=(0,150,1440,3040) req=(1440,3040)0 dur=4 res=0x7 s={true 490610323456} ch=true
2021-02-02 10:12:00.095 18644-19155/com.nubo.test7 D/OpenGLRenderer: createReliableSurface : 0x732fcecc40(0x723aa77000)
2021-02-02 10:12:00.096 18644-19155/com.nubo.test7 D/OpenGLRenderer: makeCurrent EglSurface : 0x0 -> 0x0
2021-02-02 10:12:00.105 18644-19155/com.nubo.test7 I/mali_winsys: new_window_surface() [1440x2890] return: 0x3000
2021-02-02 10:12:00.109 18644-19155/com.nubo.test7 D/OpenGLRenderer: makeCurrent EglSurface : 0x0 -> 0x72a1322080
2021-02-02 10:12:00.136 18644-18644/com.nubo.test7 D/ViewRootImpl@2ac6422[ErrorActivity]: MSG_WINDOW_FOCUS_CHANGED 1 1
2021-02-02 10:12:00.136 18644-18644/com.nubo.test7 D/InputMethodManager: prepareNavigationBarInfo() DecorView@57f18c5[ErrorActivity]
2021-02-02 10:12:00.136 18644-18644/com.nubo.test7 D/InputMethodManager: getNavigationBarColor() -855310
2021-02-02 10:12:00.137 18644-18644/com.nubo.test7 D/InputMethodManager: prepareNavigationBarInfo() DecorView@57f18c5[ErrorActivity]
2021-02-02 10:12:00.137 18644-18644/com.nubo.test7 D/InputMethodManager: getNavigationBarColor() -855310
2021-02-02 10:12:00.137 18644-18644/com.nubo.test7 V/InputMethodManager: Starting input: tba=com.nubo.test7 ic=null mNaviBarColor -855310 mIsGetNaviBarColorSuccess true , NavVisible : true , NavTrans : false
2021-02-02 10:12:00.137 18644-18644/com.nubo.test7 D/InputMethodManager: startInputInner - Id : 0
2021-02-02 10:12:00.137 18644-18644/com.nubo.test7 I/InputMethodManager: startInputInner - mService.startInputOrWindowGainedFocus
2021-02-02 10:12:00.140 18644-18644/com.nubo.test7 D/ViewRootImpl@2ac6422[ErrorActivity]: MSG_RESIZED: frame=(0,150,1440,3040) ci=(0,0,0,168) vi=(0,0,0,168) or=1
2021-02-02 10:12:01.236 18644-18644/com.nubo.test7 D/ViewRootImpl@2ac6422[ErrorActivity]: ViewPostIme pointer 0
2021-02-02 10:12:01.334 18644-18644/com.nubo.test7 D/ViewRootImpl@2ac6422[ErrorActivity]: ViewPostIme pointer 1
2021-02-02 10:12:01.340 18644-22291/com.nubo.test7 I/System.out: (HTTPLog)-Static: isSBSettingEnabled false
2021-02-02 10:12:01.340 18644-22291/com.nubo.test7 I/System.out: (HTTPLog)-Static: isSBSettingEnabled false
2021-02-02 10:12:01.921 18644-22291/com.nubo.test7 I/nubo.Debugger: SSL Cipher Suite: TLS_ECDHE_RSA_WITH_AES_128_GCM_SHA256
2021-02-02 10:12:01.925 18644-18644/com.nubo.test7 E/ParamValidatorUtil: ******* checkClientProperties unhandled key *********: wallpaperX
2021-02-02 10:12:01.930 18644-19295/com.nubo.test7 I/System.out: (HTTPLog)-Static: isSBSettingEnabled false
2021-02-02 10:12:01.930 18644-19295/com.nubo.test7 I/System.out: (HTTPLog)-Static: isSBSettingEnabled false
2021-02-02 10:12:01.934 18644-22296/com.nubo.test7 I/System.out: (HTTPLog)-Static: isSBSettingEnabled false
2021-02-02 10:12:01.934 18644-22296/com.nubo.test7 I/System.out: (HTTPLog)-Static: isSBSettingEnabled false
2021-02-02 10:12:01.999 18644-22296/com.nubo.test7 I/nubo.Debugger: SSL Cipher Suite: TLS_ECDHE_RSA_WITH_AES_128_GCM_SHA256
2021-02-02 10:12:02.046 18644-18644/com.nubo.test7 D/ViewRootImpl@2ac6422[ErrorActivity]: MSG_WINDOW_FOCUS_CHANGED 0 1
2021-02-02 10:12:02.047 18644-18644/com.nubo.test7 D/InputMethodManager: prepareNavigationBarInfo() DecorView@57f18c5[ErrorActivity]
2021-02-02 10:12:02.047 18644-18644/com.nubo.test7 D/InputMethodManager: getNavigationBarColor() -855310
2021-02-02 10:12:02.048 18644-18644/com.nubo.test7 W/ActivityThread: handleWindowVisibility: no activity for token android.os.BinderProxy@ffd01a0
2021-02-02 10:12:02.076 18644-18644/com.nubo.test7 D/PhoneWindow: forceLight changed to true [] from com.android.internal.policy.PhoneWindow.updateForceLightNavigationBar:4268 com.android.internal.policy.DecorView.updateColorViews:1494 com.android.internal.policy.PhoneWindow.dispatchWindowAttributesChanged:3246 android.view.Window.setFlags:1148 com.android.internal.policy.PhoneWindow.generateLayout:2474 
2021-02-02 10:12:02.077 18644-18644/com.nubo.test7 I/MultiWindowDecorSupport: updateCaptionType >> DecorView@3e37df7[], isFloating: false, isApplication: true, hasWindowDecorCaption: false, hasWindowControllerCallback: true
2021-02-02 10:12:02.077 18644-18644/com.nubo.test7 D/MultiWindowDecorSupport: setCaptionType = 0, DecorView = DecorView@3e37df7[]
2021-02-02 10:12:02.106 18644-18644/com.nubo.test7 D/BiometricLogin: App can authenticate using biometrics.
2021-02-02 10:12:02.125 18644-18644/com.nubo.test7 D/KeyStore: keyAuthType : 2
2021-02-02 10:12:02.125 18644-18644/com.nubo.test7 D/KeyStore: UserNotAuthenticatedException : fingerprint
2021-02-02 10:12:02.137 18644-18644/com.nubo.test7 D/ViewRootImpl@5d81e43[BiometricLogin]: setView = com.android.internal.policy.DecorView@3e37df7 TM=true MM=false
2021-02-02 10:12:02.154 18644-18644/com.nubo.test7 D/ViewRootImpl@5d81e43[BiometricLogin]: Relayout returned: old=(0,0,1440,3040) new=(0,0,1440,3040) req=(1440,3040)0 dur=8 res=0x7 s={true 490613338112} ch=true
2021-02-02 10:12:02.154 18644-19155/com.nubo.test7 D/OpenGLRenderer: createReliableSurface : 0x729d801c80(0x723ad57000)
2021-02-02 10:12:02.155 18644-19155/com.nubo.test7 I/mali_winsys: new_window_surface() [1440x3040] return: 0x3000
2021-02-02 10:12:02.165 18644-19155/com.nubo.test7 D/OpenGLRenderer: makeCurrent EglSurface : 0x72a1322080 -> 0x723ab9f180
2021-02-02 10:12:02.178 18644-19155/com.nubo.test7 D/OpenGLRenderer: makeCurrent EglSurface : 0x723ab9f180 -> 0x72a1322080
2021-02-02 10:12:02.187 18644-18644/com.nubo.test7 D/ViewRootImpl@5d81e43[BiometricLogin]: MSG_WINDOW_FOCUS_CHANGED 1 1
2021-02-02 10:12:02.187 18644-18644/com.nubo.test7 D/InputMethodManager: prepareNavigationBarInfo() DecorView@3e37df7[BiometricLogin]
2021-02-02 10:12:02.187 18644-18644/com.nubo.test7 D/InputMethodManager: getNavigationBarColor() -855310
2021-02-02 10:12:02.190 18644-18644/com.nubo.test7 D/InputMethodManager: prepareNavigationBarInfo() DecorView@3e37df7[BiometricLogin]
2021-02-02 10:12:02.190 18644-18644/com.nubo.test7 D/InputMethodManager: getNavigationBarColor() -855310
2021-02-02 10:12:02.190 18644-18644/com.nubo.test7 V/InputMethodManager: Starting input: tba=com.nubo.test7 ic=null mNaviBarColor -855310 mIsGetNaviBarColorSuccess true , NavVisible : true , NavTrans : false
2021-02-02 10:12:02.190 18644-18644/com.nubo.test7 D/InputMethodManager: startInputInner - Id : 0
2021-02-02 10:12:02.190 18644-18644/com.nubo.test7 I/InputMethodManager: startInputInner - mService.startInputOrWindowGainedFocus
2021-02-02 10:12:02.196 18644-18644/com.nubo.test7 D/ViewRootImpl@5d81e43[BiometricLogin]: MSG_RESIZED_REPORT: frame=(0,0,1440,3040) ci=(0,150,0,168) vi=(0,150,0,168) or=1
2021-02-02 10:12:02.197 18644-19155/com.nubo.test7 D/OpenGLRenderer: makeCurrent EglSurface : 0x72a1322080 -> 0x723ab9f180
2021-02-02 10:12:02.221 18644-18644/com.nubo.test7 D/ViewRootImpl@5d81e43[BiometricLogin]: MSG_WINDOW_FOCUS_CHANGED 0 1
2021-02-02 10:12:02.222 18644-18644/com.nubo.test7 D/InputMethodManager: prepareNavigationBarInfo() DecorView@3e37df7[BiometricLogin]
2021-02-02 10:12:02.222 18644-18644/com.nubo.test7 D/InputMethodManager: getNavigationBarColor() -855310
2021-02-02 10:12:02.228 18644-18644/com.nubo.test7 D/InputTransport: Input channel destroyed: 'ClientS', fd=78
2021-02-02 10:12:02.242 18644-19155/com.nubo.test7 D/OpenGLRenderer: makeCurrent EglSurface : 0x723ab9f180 -> 0x72a1322080
2021-02-02 10:12:02.327 18644-19295/com.nubo.test7 I/System.out: (HTTPLog)-Static: isSBSettingEnabled false
2021-02-02 10:12:02.327 18644-19295/com.nubo.test7 I/System.out: (HTTPLog)-Static: isSBSettingEnabled false
2021-02-02 10:12:02.610 18644-19155/com.nubo.test7 D/OpenGLRenderer: makeCurrent EglSurface : 0x72a1322080 -> 0x0
2021-02-02 10:12:02.610 18644-19155/com.nubo.test7 D/OpenGLRenderer: destroyEglSurface : 0x72a1322080
2021-02-02 10:12:02.610 18644-19155/com.nubo.test7 I/mali_egl: eglDestroySurface() in
2021-02-02 10:12:02.611 18644-19155/com.nubo.test7 I/mali_winsys: delete_surface() [1440x2890] return
2021-02-02 10:12:02.611 18644-19155/com.nubo.test7 I/mali_egl: eglDestroySurface() out
2021-02-02 10:12:02.612 18644-19155/com.nubo.test7 W/libEGL: EGLNativeWindowType 0x732fcecc50 disconnect failed
2021-02-02 10:12:02.612 18644-19155/com.nubo.test7 D/OpenGLRenderer: ~ReliableSurface : 0x732fcecc40
2021-02-02 10:12:02.618 18644-18644/com.nubo.test7 D/ViewRootImpl@2ac6422[ErrorActivity]: Relayout returned: old=(0,150,1440,3040) new=(0,150,1440,3040) req=(1440,2890)8 dur=5 res=0x5 s={false 0} ch=true
2021-02-02 10:12:02.618 18644-18644/com.nubo.test7 D/ViewRootImpl@2ac6422[ErrorActivity]: stopped(true) old=false
2021-02-02 10:12:02.620 18644-18644/com.nubo.test7 D/ViewRootImpl@2ac6422[ErrorActivity]: dispatchDetachedFromWindow
2021-02-02 10:12:02.623 18644-18644/com.nubo.test7 D/InputTransport: Input channel destroyed: 'b7fd6af', fd=68
2021-02-02 10:12:03.688 18644-19276/com.nubo.test7 D/BiometricPrompt: onAuthenticationSucceeded
2021-02-02 10:12:03.695 18644-18644/com.nubo.test7 D/Toast: show: focusDisplayId = 0, isFocusInDesktop = false mCustomDisplayId=-1
2021-02-02 10:12:03.701 18644-19276/com.nubo.test7 V/Toast: SHOW: android.widget.Toast$TN@6116a8f
2021-02-02 10:12:03.709 18644-18644/com.nubo.test7 E/BiometricLogin: Dec information: cbe5c93b-e5a0-42c0-b99a-e890e6fcd657
2021-02-02 10:12:03.711 18644-22329/com.nubo.test7 I/System.out: (HTTPLog)-Static: isSBSettingEnabled false
2021-02-02 10:12:03.712 18644-22329/com.nubo.test7 I/System.out: (HTTPLog)-Static: isSBSettingEnabled false
2021-02-02 10:12:03.712 18644-18644/com.nubo.test7 V/Toast: HANDLE SHOW: android.widget.Toast$TN@6116a8f mView=null mNextView=android.widget.LinearLayout{42a5aa1 V.E...... ......I. 0,0-0,0}
2021-02-02 10:12:03.712 18644-18644/com.nubo.test7 V/Toast: HANDLE HIDE: android.widget.Toast$TN@6116a8f mView=null
2021-02-02 10:12:03.722 18644-18644/com.nubo.test7 D/ViewRootImpl@42177b4[Toast]: setView = android.widget.LinearLayout@42a5aa1 TM=true MM=false
2021-02-02 10:12:03.722 18644-18644/com.nubo.test7 V/Toast: Text: Buth in android.widget.Toast$TN@6116a8f
2021-02-02 10:12:03.722 18644-18644/com.nubo.test7 D/ViewRootImpl@5d81e43[BiometricLogin]: MSG_WINDOW_FOCUS_CHANGED 1 1
2021-02-02 10:12:03.722 18644-18644/com.nubo.test7 D/InputMethodManager: prepareNavigationBarInfo() DecorView@3e37df7[BiometricLogin]
2021-02-02 10:12:03.722 18644-18644/com.nubo.test7 D/InputMethodManager: getNavigationBarColor() -855310
2021-02-02 10:12:03.722 18644-18644/com.nubo.test7 D/InputMethodManager: prepareNavigationBarInfo() DecorView@3e37df7[BiometricLogin]
2021-02-02 10:12:03.722 18644-18644/com.nubo.test7 D/InputMethodManager: getNavigationBarColor() -855310
2021-02-02 10:12:03.722 18644-18644/com.nubo.test7 V/InputMethodManager: Starting input: tba=com.nubo.test7 ic=null mNaviBarColor -855310 mIsGetNaviBarColorSuccess true , NavVisible : true , NavTrans : false
2021-02-02 10:12:03.723 18644-18644/com.nubo.test7 D/InputMethodManager: startInputInner - Id : 0
2021-02-02 10:12:03.723 18644-18644/com.nubo.test7 I/InputMethodManager: startInputInner - mService.startInputOrWindowGainedFocus
2021-02-02 10:12:03.725 18644-19155/com.nubo.test7 D/OpenGLRenderer: makeCurrent EglSurface : 0x0 -> 0x723ab9f180
2021-02-02 10:12:03.734 18644-18644/com.nubo.test7 D/ViewRootImpl@42177b4[Toast]: Relayout returned: old=(0,150,1440,2872) new=(341,2494,1099,2648) req=(758,154)0 dur=6 res=0x7 s={true 492185985024} ch=true
2021-02-02 10:12:03.737 18644-19155/com.nubo.test7 D/OpenGLRenderer: createReliableSurface : 0x732fd1c580(0x7298922000)
2021-02-02 10:12:03.737 18644-19155/com.nubo.test7 I/mali_winsys: new_window_surface() [758x154] return: 0x3000
2021-02-02 10:12:03.738 18644-19155/com.nubo.test7 D/OpenGLRenderer: makeCurrent EglSurface : 0x723ab9f180 -> 0x723ab9f780
2021-02-02 10:12:03.742 18644-19155/com.nubo.test7 D/OpenGLRenderer: makeCurrent EglSurface : 0x723ab9f780 -> 0x723ab9f180
2021-02-02 10:12:03.744 18644-18644/com.nubo.test7 D/ViewRootImpl@42177b4[Toast]: MSG_RESIZED: frame=(341,2494,1099,2648) ci=(0,0,0,0) vi=(0,0,758,154) or=1
2021-02-02 10:12:04.015 18644-22329/com.nubo.test7 I/nubo.Debugger: SSL Cipher Suite: TLS_ECDHE_RSA_WITH_AES_128_GCM_SHA256
2021-02-02 10:12:04.018 18644-18644/com.nubo.test7 E/BiometricLogin: checkBiometric. status: 1 ,message: Biometric checked
2021-02-02 10:12:04.043 18644-18644/com.nubo.test7 W/ActivityThread: handleWindowVisibility: no activity for token android.os.BinderProxy@cf8fb76
2021-02-02 10:12:04.048 18644-18644/com.nubo.test7 I/GStreamer: GStreamer already initialized
2021-02-02 10:12:04.050 18644-18644/com.nubo.test7 D/PhoneWindow: forceLight changed to true [] from com.android.internal.policy.PhoneWindow.updateForceLightNavigationBar:4268 com.android.internal.policy.DecorView.updateColorViews:1494 com.android.internal.policy.PhoneWindow.dispatchWindowAttributesChanged:3246 android.view.Window.setFlags:1148 com.android.internal.policy.PhoneWindow.generateLayout:2474 
2021-02-02 10:12:04.050 18644-18644/com.nubo.test7 I/MultiWindowDecorSupport: updateCaptionType >> DecorView@4569a4d[], isFloating: false, isApplication: true, hasWindowDecorCaption: false, hasWindowControllerCallback: true
2021-02-02 10:12:04.050 18644-18644/com.nubo.test7 D/MultiWindowDecorSupport: setCaptionType = 0, DecorView = DecorView@4569a4d[]
2021-02-02 10:12:04.086 18644-18644/com.nubo.test7 E/nubo.NuboParams: getScreenScale: normal
2021-02-02 10:12:04.087 18644-18644/com.nubo.test7 E/nubo.NuboClientActivity: calcNavBarHeights. config_showNavigationBar: true, navigation_bar_height: 168
2021-02-02 10:12:04.087 18644-18644/com.nubo.test7 I/nubo.NuboClientActivity: calcNavBarHeights. mNavBarHeightLandscape: 0, mNavBarHeightPortrait: 168, mNavBarWidth: 168, mHasNavBar: true
2021-02-02 10:12:04.088 18644-18644/com.nubo.test7 I/nubo.NuboClientActivity: mHasNavBar: true, mNavBarHeightPortrait: 168, mNavBarHeightLandscape: 0, mNavBarWidth: 168, portraitWidth: 1440, portraitHeight: 2723, landscapeWidth: 2872, landscapeHeight: 1440
2021-02-02 10:12:04.088 18644-18644/com.nubo.test7 I/nubo.NuboClientActivity: After apply scale ratio. mHasNavBar: true, mNavBarHeightPortrait: 84, mNavBarHeightLandscape: 0, mNavBarWidth: 84, portraitWidth: 720, portraitHeight: 1361, landscapeWidth: 1436, landscapeHeight: 720
2021-02-02 10:12:04.098 18644-18644/com.nubo.test7 E/nubo.NuboParams: Cannot sync contacts. You should allow permission
2021-02-02 10:12:04.103 18644-19295/com.nubo.test7 I/System.out: (HTTPLog)-Static: isSBSettingEnabled false
2021-02-02 10:12:04.104 18644-19295/com.nubo.test7 I/System.out: (HTTPLog)-Static: isSBSettingEnabled false
2021-02-02 10:12:04.109 18644-18644/com.nubo.test7 D/Dialog: mIsSamsungBasicInteraction = false
2021-02-02 10:12:04.109 18644-18644/com.nubo.test7 D/Dialog: mIsSamsungBasicInteraction = false, isMetaDataInActivity = false
2021-02-02 10:12:04.110 18644-18644/com.nubo.test7 I/MultiWindowDecorSupport: updateCaptionType >> DecorView@27b6cd6[], isFloating: true, isApplication: true, hasWindowDecorCaption: false, hasWindowControllerCallback: false
2021-02-02 10:12:04.110 18644-18644/com.nubo.test7 D/MultiWindowDecorSupport: setCaptionType = 0, DecorView = DecorView@27b6cd6[]
2021-02-02 10:12:04.125 18644-18644/com.nubo.test7 D/ViewRootImpl@bcd12f8[NuboClientActivity]: setView = com.android.internal.policy.DecorView@27b6cd6 TM=true MM=false
2021-02-02 10:12:04.125 18644-18644/com.nubo.test7 D/nubo.Debugger: StartSession from onResume()
2021-02-02 10:12:04.127 18644-18644/com.nubo.test7 E/nubo.NuboClientActivity: nuboClientVersion: 2.8.64-nubo, NuboVersionCode: 387
2021-02-02 10:12:04.128 18644-18644/com.nubo.test7 E/nubo.NuboParams: getClientFrameRate: high
2021-02-02 10:12:04.128 18644-18644/com.nubo.test7 E/nubo.NuboClientActivity: Set fixed client frame rate: HIGH
2021-02-02 10:12:04.131 18644-22336/com.nubo.test7 I/System.out: (HTTPLog)-Static: isSBSettingEnabled false
2021-02-02 10:12:04.131 18644-22336/com.nubo.test7 I/System.out: (HTTPLog)-Static: isSBSettingEnabled false
2021-02-02 10:12:04.137 18644-18644/com.nubo.test7 D/SensorManager: registerListener :: 1, LSM6DSO Acceleration Sensor, 200000, 0,  
2021-02-02 10:12:04.144 18644-18644/com.nubo.test7 D/ViewRootImpl@e2b4910[NuboClientActivity]: setView = com.android.internal.policy.DecorView@4569a4d TM=true MM=false
2021-02-02 10:12:04.145 18644-18644/com.nubo.test7 D/ViewRootImpl@5d81e43[BiometricLogin]: MSG_WINDOW_FOCUS_CHANGED 0 1
2021-02-02 10:12:04.146 18644-18644/com.nubo.test7 D/InputMethodManager: prepareNavigationBarInfo() DecorView@3e37df7[BiometricLogin]
2021-02-02 10:12:04.146 18644-18644/com.nubo.test7 D/InputMethodManager: getNavigationBarColor() -855310
2021-02-02 10:12:04.158 18644-18644/com.nubo.test7 D/ViewRootImpl@bcd12f8[NuboClientActivity]: Relayout returned: old=(0,150,1440,2872) new=(282,1353,1157,1668) req=(875,315)0 dur=5 res=0x7 s={true 490610434048} ch=true
2021-02-02 10:12:04.159 18644-19155/com.nubo.test7 D/OpenGLRenderer: createReliableSurface : 0x729d5b0dc0(0x723aa92000)
2021-02-02 10:12:04.159 18644-19155/com.nubo.test7 I/mali_winsys: new_window_surface() [1099x539] return: 0x3000
2021-02-02 10:12:04.161 18644-18644/com.nubo.test7 E/DecorView: mWindow.mActivityCurrentConfig is null
2021-02-02 10:12:04.163 18644-19155/com.nubo.test7 D/OpenGLRenderer: makeCurrent EglSurface : 0x723ab9f180 -> 0x723add2480
2021-02-02 10:12:04.176 18644-18644/com.nubo.test7 D/ViewRootImpl@e2b4910[NuboClientActivity]: Relayout returned: old=(0,0,1440,3040) new=(0,150,1440,3040) req=(1440,3040)0 dur=4 res=0x7 s={true 490612101120} ch=true
2021-02-02 10:12:04.177 18644-19155/com.nubo.test7 D/OpenGLRenderer: createReliableSurface : 0x72256e9ec0(0x723ac29000)
2021-02-02 10:12:04.177 18644-19155/com.nubo.test7 I/mali_winsys: new_window_surface() [1440x2890] return: 0x3000
2021-02-02 10:12:04.205 18644-18644/com.nubo.test7 D/WallpaperManager: getScaledBitmap. scaleY: 2.2578125, scaleX: 0.703125, b.getHeight(): 1280, b.getWidth(): 2048, size[1]: 2890, size[0]: 1440
2021-02-02 10:12:04.272 18644-18644/com.nubo.test7 D/WallpaperManager: getScaledBitmap result: b.getHeight(): 2890, b.getWidth(): 4624
2021-02-02 10:12:04.273 18644-19155/com.nubo.test7 D/OpenGLRenderer: makeCurrent EglSurface : 0x723add2480 -> 0x723ac9ea00
2021-02-02 10:12:04.303 18644-19155/com.nubo.test7 D/OpenGLRenderer: makeCurrent EglSurface : 0x723ac9ea00 -> 0x723add2480
2021-02-02 10:12:04.307 18644-18644/com.nubo.test7 D/ViewRootImpl@bcd12f8[NuboClientActivity]: MSG_WINDOW_FOCUS_CHANGED 1 1
2021-02-02 10:12:04.308 18644-18644/com.nubo.test7 D/InputMethodManager: prepareNavigationBarInfo() DecorView@27b6cd6[NuboClientActivity]
2021-02-02 10:12:04.308 18644-18644/com.nubo.test7 D/InputMethodManager: getNavigationBarColor() -855310
2021-02-02 10:12:04.309 18644-18644/com.nubo.test7 D/InputMethodManager: prepareNavigationBarInfo() DecorView@27b6cd6[NuboClientActivity]
2021-02-02 10:12:04.309 18644-18644/com.nubo.test7 D/InputMethodManager: getNavigationBarColor() -855310
2021-02-02 10:12:04.309 18644-18644/com.nubo.test7 V/InputMethodManager: Starting input: tba=com.nubo.test7 ic=null mNaviBarColor -855310 mIsGetNaviBarColorSuccess true , NavVisible : true , NavTrans : false
2021-02-02 10:12:04.309 18644-18644/com.nubo.test7 D/InputMethodManager: startInputInner - Id : 0
2021-02-02 10:12:04.309 18644-18644/com.nubo.test7 I/InputMethodManager: startInputInner - mService.startInputOrWindowGainedFocus
2021-02-02 10:12:04.325 18644-18644/com.nubo.test7 D/InputTransport: Input channel destroyed: 'ClientS', fd=78
2021-02-02 10:12:04.339 18644-18644/com.nubo.test7 D/ViewRootImpl@31c0db3[PopupWindow:5180704]: setView = android.widget.PopupWindow$PopupDecorView@a908f70 TM=true MM=false
2021-02-02 10:12:04.340 18644-18644/com.nubo.test7 D/ViewRootImpl@bcd12f8[NuboClientActivity]: MSG_RESIZED_REPORT: frame=(282,1353,1157,1668) ci=(0,0,0,0) vi=(0,0,0,0) or=1
2021-02-02 10:12:04.340 18644-18644/com.nubo.test7 D/ViewRootImpl@e2b4910[NuboClientActivity]: MSG_RESIZED_REPORT: frame=(0,150,1440,3040) ci=(0,0,0,0) vi=(0,0,0,0) or=1
2021-02-02 10:12:04.342 18644-22336/com.nubo.test7 I/nubo.Debugger: SSL Cipher Suite: TLS_ECDHE_RSA_WITH_AES_128_GCM_SHA256
2021-02-02 10:12:04.365 18644-18644/com.nubo.test7 D/ViewRootImpl@31c0db3[PopupWindow:5180704]: Relayout returned: old=(0,150,1440,2872) new=(0,150,0,3040) req=(0,2722)0 dur=13 res=0x7 s={true 490256957440} ch=true
2021-02-02 10:12:04.366 18644-19155/com.nubo.test7 D/OpenGLRenderer: createReliableSurface : 0x732fd1a8c0(0x7225978000)
2021-02-02 10:12:04.368 18644-19155/com.nubo.test7 I/mali_winsys: new_window_surface() [1x2890] return: 0x3000
2021-02-02 10:12:04.371 18644-18644/com.nubo.test7 D/KeyboardHeightProvider: KeyboardHeightProvider. handleOnGlobalLayout. screenSize.y: 2723, rect.bottom: 3040, keyboardHeight: -317
2021-02-02 10:12:04.377 18644-19155/com.nubo.test7 D/OpenGLRenderer: makeCurrent EglSurface : 0x723add2480 -> 0x723ac9ea00
2021-02-02 10:12:04.380 18644-18644/com.nubo.test7 D/nubo.NuboClientActivity: startSession status: 1
2021-02-02 10:12:04.388 18644-19155/com.nubo.test7 D/OpenGLRenderer: makeCurrent EglSurface : 0x723ac9ea00 -> 0x723add2480
2021-02-02 10:12:04.399 18644-18644/com.nubo.test7 D/ViewRootImpl@31c0db3[PopupWindow:5180704]: MSG_RESIZED_REPORT: frame=(0,150,0,3040) ci=(0,0,0,0) vi=(0,0,0,0) or=1
2021-02-02 10:12:04.399 18644-18644/com.nubo.test7 V/nubo.NuboClientActivity: mFastOrSlowReconnectionRunnable. re-open socket
2021-02-02 10:12:04.400 18644-18644/com.nubo.test7 E/nubo.NuboClientActivity: openConnection. OPENING...
2021-02-02 10:12:04.402 18644-18644/com.nubo.test7 E/nubo.NuboClientActivity: openConnection. start thread
2021-02-02 10:12:04.415 18644-22339/com.nubo.test7 V/nubo.Debugger: Starting socket thread. channelType: 0, Connecting to labil.nubosoftware.com:7443
2021-02-02 10:12:04.415 18644-18644/com.nubo.test7 D/KeyboardHeightProvider: KeyboardHeightProvider. handleOnGlobalLayout. screenSize.y: 2723, rect.bottom: 3040, keyboardHeight: -317
2021-02-02 10:12:04.437 18644-19155/com.nubo.test7 D/OpenGLRenderer: makeCurrent EglSurface : 0x723add2480 -> 0x723ac9ea00
2021-02-02 10:12:04.442 18644-19155/com.nubo.test7 D/OpenGLRenderer: makeCurrent EglSurface : 0x723ac9ea00 -> 0x723add2480
2021-02-02 10:12:04.490 18644-22339/com.nubo.test7 E/nubo.NuboClientActivity: nuboClientVersion: 2.8.64-nubo, NuboVersionCode: 387
2021-02-02 10:12:04.491 18644-22339/com.nubo.test7 E/nubo.NuboParams: getClientFrameRate: high
2021-02-02 10:12:04.493 18644-22339/com.nubo.test7 E/nubo.NuboClientActivity: Set fixed client frame rate: HIGH
2021-02-02 10:12:04.496 18644-22339/com.nubo.test7 E/nubo.NuboClientActivity: sendPlayerLogin. initialFPS: Initial process FPS is 20Hz, mNetworkConQuality: 3
2021-02-02 10:12:04.497 18644-22339/com.nubo.test7 E/nubo.Debugger: SocketThread::run. Waiting for drawPlayerLoginAck. channelIdx: 0
2021-02-02 10:12:04.497 18644-22342/com.nubo.test7 E/nubo.NuboOutStreamMgr: Sending cmd: 3
2021-02-02 10:12:04.541 18644-19295/com.nubo.test7 I/System.out: (HTTPLog)-Static: isSBSettingEnabled false
2021-02-02 10:12:04.541 18644-19295/com.nubo.test7 I/System.out: (HTTPLog)-Static: isSBSettingEnabled false
2021-02-02 10:12:04.543 18644-22339/com.nubo.test7 E/nubo.Debugger: SocketThread::run. loginMgmtErrorCode: 0, channelIdx: 0
2021-02-02 10:12:04.543 18644-22339/com.nubo.test7 I/nubo.Debugger: Logged in
2021-02-02 10:12:04.544 18644-22339/com.nubo.test7 E/nubo.NuboParams: Cannot sync contacts. You should allow permission
2021-02-02 10:12:04.547 18644-22339/com.nubo.test7 I/nubo.NuboClientActivity: Using server side open GL!
2021-02-02 10:12:04.548 18644-22339/com.nubo.test7 I/nubo.NuboClientActivity: openChannel. Starting channel for process :0, channelType: 2, channelIdx: 0
2021-02-02 10:12:04.548 18644-22343/com.nubo.test7 E/nubo.NuboClientActivity: Adding channel: 29853, size: 1
2021-02-02 10:12:04.549 18644-22343/com.nubo.test7 V/nubo.Debugger: Starting socket thread. channelType: 2, Connecting to labil.nubosoftware.com:7443
2021-02-02 10:12:04.549 18644-22339/com.nubo.test7 E/nubo.NuboClientActivity: sendCurrentLocation..
2021-02-02 10:12:04.553 18644-22339/com.nubo.test7 D/nubo.NuboClientActivity: cmdcode: 121, bytesCount: 13, channelType: 0, processId: 9222
2021-02-02 10:12:04.553 18644-22339/com.nubo.test7 E/nubo.NuboClientActivity: clearProcessCacheAck. Avoid operation immediately after login! processId: 9222, loginTime: 9
2021-02-02 10:12:04.554 18644-22339/com.nubo.test7 D/nubo.NuboClientActivity: cmdcode: 29, bytesCount: 47, channelType: 0, processId: 9222
2021-02-02 10:12:04.554 18644-22339/com.nubo.test7 D/nubo.NuboClientActivity: cmdcode: 102, bytesCount: 27, channelType: 0, processId: 9222
2021-02-02 10:12:04.555 18644-22339/com.nubo.test7 D/nubo.NuboClientActivity: Push window. ACTIVITY wndId=148518344, containerType: 1
2021-02-02 10:12:04.559 18644-18644/com.nubo.test7 D/Dialog: mIsSamsungBasicInteraction = false
2021-02-02 10:12:04.559 18644-18644/com.nubo.test7 D/Dialog: mIsSamsungBasicInteraction = false, isMetaDataInActivity = false
2021-02-02 10:12:04.578 18644-18644/com.nubo.test7 D/PhoneWindow: forceLight changed to true [] from com.android.internal.policy.PhoneWindow.updateForceLightNavigationBar:4268 com.android.internal.policy.DecorView.updateColorViews:1494 com.android.internal.policy.PhoneWindow.dispatchWindowAttributesChanged:3246 android.view.Window.setFlags:1148 com.android.internal.policy.PhoneWindow.generateLayout:2474 
2021-02-02 10:12:04.578 18644-18644/com.nubo.test7 I/MultiWindowDecorSupport: updateCaptionType >> DecorView@e4a18ce[], isFloating: false, isApplication: true, hasWindowDecorCaption: false, hasWindowControllerCallback: false
2021-02-02 10:12:04.578 18644-18644/com.nubo.test7 D/MultiWindowDecorSupport: setCaptionType = 0, DecorView = DecorView@e4a18ce[]
2021-02-02 10:12:04.579 18644-18644/com.nubo.test7 D/nubo.WindowsStack: addWindowForActivityDialog. Add task that is on top
2021-02-02 10:12:04.580 18644-22339/com.nubo.test7 D/nubo.Debugger: PushWindow succeeded. processId=9222, wndId=148518344, nuboWndId=33293921, containerType: 1
2021-02-02 10:12:04.581 18644-18644/com.nubo.test7 E/nubo.NuboClientActivity: location: Location[fused 32.063737,34.870984 hAcc=19 et=+31d19h31m53s306ms alt=121.70000457763672 vAcc=1 sAcc=??? bAcc=??? {Bundle[mParcelledData.dataSize=52]}]
2021-02-02 10:12:04.581 18644-18644/com.nubo.test7 D/nubo.NuboClientActivity: player location localLatitude = 32.063736localLongitude = 34.870983localAccuracy = 19.429localAltitude = 121.700005localBearing = 0.0
2021-02-02 10:12:04.587 18644-18644/com.nubo.test7 D/ViewRootImpl@472f3da[NuboClientActivity]: setView = com.android.internal.policy.DecorView@e4a18ce TM=true MM=false
2021-02-02 10:12:04.587 18644-22339/com.nubo.test7 D/nubo.NuboClientActivity: cmdcode: 104, bytesCount: 14, channelType: 0, processId: 9222
2021-02-02 10:12:04.588 18644-22339/com.nubo.test7 V/nubo.NuboClientActivity: ShowWindow PACKAGENAME=com.nubo.launcher.nubo, wndId: 148518344
2021-02-02 10:12:04.594 18644-18644/com.nubo.test7 D/ViewRootImpl@472f3da[NuboClientActivity]: Relayout returned: old=(0,0,1440,3040) new=(0,150,1440,3040) req=(1440,3040)8 dur=6 res=0x1 s={false 0} ch=false
2021-02-02 10:12:04.604 18644-18644/com.nubo.test7 D/ViewRootImpl@4256194[PopupWindow:8d0a901]: setView = android.widget.PopupWindow$PopupDecorView@41dd43d TM=true MM=false
2021-02-02 10:12:04.605 18644-18644/com.nubo.test7 D/nubo.NuboClientActivity: mLayoutVisible PanelDialog: com.nubo.windows.PanelDialog@b8c2432
2021-02-02 10:12:04.605 18644-18644/com.nubo.test7 D/nubo.MenuBarManager: add status bar to new parent view
2021-02-02 10:12:04.630 18644-22339/com.nubo.test7 D/nubo.NuboClientActivity: cmdcode: 125, bytesCount: 17, channelType: 0, processId: 9222
2021-02-02 10:12:04.636 18644-18644/com.nubo.test7 D/ViewRootImpl@472f3da[NuboClientActivity]: Relayout returned: old=(0,150,1440,3040) new=(0,150,1440,3040) req=(1440,2890)0 dur=5 res=0x7 s={true 490613583872} ch=true
2021-02-02 10:12:04.637 18644-18644/com.nubo.test7 I/MultiWindowDecorSupport: updateCaptionType >> DecorView@e4a18ce[NuboClientActivity], isFloating: false, isApplication: true, hasWindowDecorCaption: false, hasWindowControllerCallback: false
2021-02-02 10:12:04.637 18644-18644/com.nubo.test7 D/MultiWindowDecorSupport: setCaptionType = 0, DecorView = DecorView@e4a18ce[NuboClientActivity]
2021-02-02 10:12:04.637 18644-19155/com.nubo.test7 D/OpenGLRenderer: createReliableSurface : 0x72256e85c0(0x723ad93000)
2021-02-02 10:12:04.638 18644-19155/com.nubo.test7 I/mali_winsys: new_window_surface() [1440x2890] return: 0x3000
2021-02-02 10:12:04.641 18644-18644/com.nubo.test7 E/DecorView: mWindow.mActivityCurrentConfig is null
2021-02-02 10:12:04.641 18644-22343/com.nubo.test7 E/nubo.Debugger: SocketThread::run. Creaating streamMgr, channelIdx: 0
2021-02-02 10:12:04.642 18644-18644/com.nubo.test7 D/nubo.Debugger: onSurfaceTextureAvailable. surface=android.graphics.SurfaceTexture@769b9aa
2021-02-02 10:12:04.642 18644-22343/com.nubo.test7 E/nubo.Debugger: SocketThread::run. sendChannelLogin, channelIdx: 0
2021-02-02 10:12:04.644 18644-22343/com.nubo.test7 E/nubo.Debugger: SocketThread::run. Waiting for drawPlayerLoginAck. channelIdx: 0
2021-02-02 10:12:04.644 18644-22346/com.nubo.test7 E/nubo.NuboOutStreamMgr: Sending cmd: 5
2021-02-02 10:12:04.646 18644-19155/com.nubo.test7 D/OpenGLRenderer: makeCurrent EglSurface : 0x723add2480 -> 0x7298834400
2021-02-02 10:12:04.666 18644-19155/com.nubo.test7 D/OpenGLRenderer: makeCurrent EglSurface : 0x7298834400 -> 0x723add2480
2021-02-02 10:12:04.672 18644-18644/com.nubo.test7 D/ViewRootImpl@4256194[PopupWindow:8d0a901]: Relayout returned: old=(0,150,1440,2872) new=(0,150,0,2872) req=(0,2722)0 dur=5 res=0x7 s={true 490256244736} ch=true
2021-02-02 10:12:04.673 18644-19155/com.nubo.test7 D/OpenGLRenderer: createReliableSurface : 0x722597bf00(0x72258ca000)
2021-02-02 10:12:04.674 18644-19155/com.nubo.test7 I/mali_winsys: new_window_surface() [1x2722] return: 0x3000
2021-02-02 10:12:04.674 18644-18644/com.nubo.test7 D/KeyboardHeightProvider: KeyboardHeightProvider. handleOnGlobalLayout. screenSize.y: 2723, rect.bottom: 2872, keyboardHeight: -149
2021-02-02 10:12:04.678 18644-18644/com.nubo.test7 D/ViewRootImpl@5d81e43[BiometricLogin]: stopped(true) old=false
2021-02-02 10:12:04.680 18644-18644/com.nubo.test7 D/nubo.Debugger: onSurfaceTextureDestroyed. surface=android.graphics.SurfaceTexture@769b9aa
2021-02-02 10:12:04.683 18644-19155/com.nubo.test7 D/OpenGLRenderer: destroyEglSurface : 0x7298834400
2021-02-02 10:12:04.683 18644-19155/com.nubo.test7 I/mali_egl: eglDestroySurface() in
2021-02-02 10:12:04.683 18644-19155/com.nubo.test7 I/mali_winsys: delete_surface() [1440x2890] return
2021-02-02 10:12:04.683 18644-19155/com.nubo.test7 I/mali_egl: eglDestroySurface() out
2021-02-02 10:12:04.683 18644-19155/com.nubo.test7 W/libEGL: EGLNativeWindowType 0x72256e85d0 disconnect failed
2021-02-02 10:12:04.683 18644-19155/com.nubo.test7 D/OpenGLRenderer: ~ReliableSurface : 0x72256e85c0
2021-02-02 10:12:04.683 18644-18644/com.nubo.test7 D/ViewRootImpl@472f3da[NuboClientActivity]: dispatchDetachedFromWindow
2021-02-02 10:12:04.690 18644-18644/com.nubo.test7 D/InputTransport: Input channel destroyed: 'd340bd2', fd=133
2021-02-02 10:12:04.691 18644-19155/com.nubo.test7 D/OpenGLRenderer: destroyEglSurface : 0x723ab9f180
2021-02-02 10:12:04.691 18644-19155/com.nubo.test7 I/mali_egl: eglDestroySurface() in
2021-02-02 10:12:04.692 18644-19155/com.nubo.test7 I/mali_winsys: delete_surface() [1440x3040] return
2021-02-02 10:12:04.692 18644-19155/com.nubo.test7 I/mali_egl: eglDestroySurface() out
2021-02-02 10:12:04.692 18644-19155/com.nubo.test7 W/libEGL: EGLNativeWindowType 0x729d801c90 disconnect failed
2021-02-02 10:12:04.692 18644-19155/com.nubo.test7 D/OpenGLRenderer: ~ReliableSurface : 0x729d801c80
2021-02-02 10:12:04.697 18644-18644/com.nubo.test7 D/ViewRootImpl@5d81e43[BiometricLogin]: Relayout returned: old=(0,0,1440,3040) new=(0,0,1440,3040) req=(1440,3040)8 dur=4 res=0x5 s={false 0} ch=false
2021-02-02 10:12:04.697 18644-18644/com.nubo.test7 E/ViewRootImpl: sendUserActionEvent() mView returned.
2021-02-02 10:12:04.697 18644-18644/com.nubo.test7 D/ViewRootImpl@4256194[PopupWindow:8d0a901]: MSG_RESIZED: frame=(0,150,0,2872) ci=(0,0,0,0) vi=(0,0,0,0) or=1
2021-02-02 10:12:04.700 18644-18644/com.nubo.test7 I/MultiWindowDecorSupport: updateCaptionType >> DecorView@e4a18ce[NuboClientActivity], isFloating: false, isApplication: true, hasWindowDecorCaption: false, hasWindowControllerCallback: false
2021-02-02 10:12:04.700 18644-18644/com.nubo.test7 D/MultiWindowDecorSupport: setCaptionType = 0, DecorView = DecorView@e4a18ce[NuboClientActivity]
2021-02-02 10:12:04.710 18644-18644/com.nubo.test7 D/ViewRootImpl@83bd402[NuboClientActivity]: setView = com.android.internal.policy.DecorView@e4a18ce TM=true MM=false
2021-02-02 10:12:04.711 18644-18644/com.nubo.test7 D/ViewRootImpl@bcd12f8[NuboClientActivity]: MSG_WINDOW_FOCUS_CHANGED 1 1
2021-02-02 10:12:04.711 18644-18644/com.nubo.test7 D/InputMethodManager: prepareNavigationBarInfo() DecorView@27b6cd6[NuboClientActivity]
2021-02-02 10:12:04.711 18644-18644/com.nubo.test7 D/InputMethodManager: getNavigationBarColor() -855310
2021-02-02 10:12:04.711 18644-22339/com.nubo.test7 D/nubo.NuboClientActivity: cmdcode: 121, bytesCount: 13, channelType: 0, processId: 9222
2021-02-02 10:12:04.712 18644-18644/com.nubo.test7 D/ViewRootImpl@bcd12f8[NuboClientActivity]: MSG_WINDOW_FOCUS_CHANGED 1 1
2021-02-02 10:12:04.712 18644-18644/com.nubo.test7 E/ViewRootImpl: sendUserActionEvent() mView returned.
2021-02-02 10:12:04.713 18644-18644/com.nubo.test7 D/KeyboardHeightProvider: KeyboardHeightProvider. handleOnGlobalLayout. screenSize.y: 2723, rect.bottom: 0, keyboardHeight: 2723
2021-02-02 10:12:04.713 18644-22339/com.nubo.test7 E/nubo.NuboClientActivity: clearProcessCacheAck. Avoid operation immediately after login! processId: 9222, loginTime: 169
2021-02-02 10:12:04.714 18644-22339/com.nubo.test7 D/nubo.NuboClientActivity: cmdcode: 29, bytesCount: 47, channelType: 0, processId: 9222
2021-02-02 10:12:04.714 18644-22339/com.nubo.test7 D/nubo.NuboClientActivity: cmdcode: 102, bytesCount: 27, channelType: 0, processId: 9222
2021-02-02 10:12:04.715 18644-22339/com.nubo.test7 V/nubo.NuboClientActivity: Window already exists
2021-02-02 10:12:04.715 18644-22339/com.nubo.test7 D/nubo.NuboClientActivity: cmdcode: 104, bytesCount: 14, channelType: 0, processId: 9222
2021-02-02 10:12:04.715 18644-22343/com.nubo.test7 E/nubo.Debugger: SocketThread::run. loginMgmtErrorCode: 0, channelIdx: 0
2021-02-02 10:12:04.716 18644-22339/com.nubo.test7 V/nubo.NuboClientActivity: ShowWindow PACKAGENAME=com.nubo.launcher.nubo, wndId: 148518344
2021-02-02 10:12:04.716 18644-22343/com.nubo.test7 I/nubo.Debugger: Logged in
2021-02-02 10:12:04.717 18644-22339/com.nubo.test7 D/nubo.NuboClientActivity: cmdcode: 125, bytesCount: 17, channelType: 0, processId: 9222
2021-02-02 10:12:04.718 18644-22339/com.nubo.test7 D/nubo.NuboClientActivity: cmdcode: 121, bytesCount: 13, channelType: 0, processId: 9130
2021-02-02 10:12:04.718 18644-22339/com.nubo.test7 E/nubo.NuboClientActivity: clearProcessCacheAck. Avoid operation immediately after login! processId: 9130, loginTime: 174
2021-02-02 10:12:04.719 18644-22339/com.nubo.test7 D/nubo.NuboClientActivity: cmdcode: 29, bytesCount: 45, channelType: 0, processId: 9130
2021-02-02 10:12:04.719 18644-22339/com.nubo.test7 D/nubo.NuboClientActivity: cmdcode: 121, bytesCount: 13, channelType: 0, processId: 9130
2021-02-02 10:12:04.719 18644-22339/com.nubo.test7 E/nubo.NuboClientActivity: clearProcessCacheAck. Avoid operation immediately after login! processId: 9130, loginTime: 175
2021-02-02 10:12:04.720 18644-22339/com.nubo.test7 D/nubo.NuboClientActivity: cmdcode: 28, bytesCount: 17, channelType: 0, processId: 9110
2021-02-02 10:12:04.720 18644-22339/com.nubo.test7 E/nubo.NuboClientActivity: startPlayerLocationListener..
2021-02-02 10:12:04.723 18644-22339/com.nubo.test7 E/nubo.NuboClientActivity: sendCurrentLocation..
2021-02-02 10:12:04.723 18644-18644/com.nubo.test7 D/ViewRootImpl@83bd402[NuboClientActivity]: Relayout returned: old=(0,0,1440,3040) new=(0,150,1440,3040) req=(1440,3040)0 dur=7 res=0x7 s={true 490613583872} ch=true
2021-02-02 10:12:04.726 18644-19155/com.nubo.test7 D/OpenGLRenderer: createReliableSurface : 0x729d801c80(0x723ad93000)
2021-02-02 10:12:04.726 18644-19155/com.nubo.test7 I/mali_winsys: new_window_surface() [1440x2890] return: 0x3000
2021-02-02 10:12:04.729 18644-18644/com.nubo.test7 E/DecorView: mWindow.mActivityCurrentConfig is null
2021-02-02 10:12:04.724 18644-22339/com.nubo.test7 D/nubo.NuboClientActivity: cmdcode: 28, bytesCount: 17, channelType: 0, processId: 9110
2021-02-02 10:12:04.731 18644-22339/com.nubo.test7 D/nubo.NuboClientActivity: cmdcode: 121, bytesCount: 13, channelType: 0, processId: 9110
2021-02-02 10:12:04.731 18644-18644/com.nubo.test7 D/nubo.Debugger: onSurfaceTextureAvailable. surface=android.graphics.SurfaceTexture@f333f50
2021-02-02 10:12:04.731 18644-22339/com.nubo.test7 E/nubo.NuboClientActivity: clearProcessCacheAck. Avoid operation immediately after login! processId: 9110, loginTime: 187
2021-02-02 10:12:04.734 18644-19155/com.nubo.test7 D/OpenGLRenderer: makeCurrent EglSurface : 0x723add2480 -> 0x723add2080
2021-02-02 10:12:04.734 18644-22339/com.nubo.test7 D/nubo.NuboClientActivity: cmdcode: 121, bytesCount: 13, channelType: 0, processId: 9110
2021-02-02 10:12:04.735 18644-22339/com.nubo.test7 E/nubo.NuboClientActivity: clearProcessCacheAck. Avoid operation immediately after login! processId: 9110, loginTime: 191
2021-02-02 10:12:04.735 18644-22339/com.nubo.test7 D/nubo.NuboClientActivity: cmdcode: 121, bytesCount: 13, channelType: 0, processId: 9244
2021-02-02 10:12:04.736 18644-22339/com.nubo.test7 E/nubo.NuboClientActivity: clearProcessCacheAck. Avoid operation immediately after login! processId: 9244, loginTime: 192
2021-02-02 10:12:04.736 18644-22339/com.nubo.test7 D/nubo.NuboClientActivity: cmdcode: 87, bytesCount: 47, channelType: 0, processId: 9244
2021-02-02 10:12:04.737 18644-22339/com.nubo.test7 E/nubo.NuboParams: Cannot sync contacts. You should allow permission
2021-02-02 10:12:04.737 18644-22339/com.nubo.test7 E/nubo.NuboClientActivity: performUplContactsSync accepted, but not allowed. aborting...
2021-02-02 10:12:04.738 18644-22339/com.nubo.test7 D/nubo.NuboClientActivity: cmdcode: 121, bytesCount: 13, channelType: 0, processId: 9244
2021-02-02 10:12:04.738 18644-22339/com.nubo.test7 E/nubo.NuboClientActivity: clearProcessCacheAck. Avoid operation immediately after login! processId: 9244, loginTime: 194
2021-02-02 10:12:04.738 18644-22339/com.nubo.test7 D/nubo.NuboClientActivity: cmdcode: 87, bytesCount: 47, channelType: 0, processId: 9244
2021-02-02 10:12:04.739 18644-22339/com.nubo.test7 D/nubo.NuboClientActivity: cmdcode: 121, bytesCount: 13, channelType: 0, processId: 9209
2021-02-02 10:12:04.739 18644-18644/com.nubo.test7 D/ViewRootImpl@83bd402[NuboClientActivity]: MSG_WINDOW_FOCUS_CHANGED 1 1
2021-02-02 10:12:04.739 18644-22339/com.nubo.test7 E/nubo.NuboClientActivity: clearProcessCacheAck. Avoid operation immediately after login! processId: 9209, loginTime: 195
2021-02-02 10:12:04.739 18644-18644/com.nubo.test7 D/InputMethodManager: prepareNavigationBarInfo() DecorView@e4a18ce[NuboClientActivity]
2021-02-02 10:12:04.739 18644-18644/com.nubo.test7 D/InputMethodManager: getNavigationBarColor() -855310
2021-02-02 10:12:04.739 18644-19155/com.nubo.test7 D/OpenGLRenderer: makeCurrent EglSurface : 0x723add2080 -> 0x723add2480
2021-02-02 10:12:04.740 18644-22339/com.nubo.test7 D/nubo.NuboClientActivity: cmdcode: 121, bytesCount: 13, channelType: 0, processId: 9209
2021-02-02 10:12:04.740 18644-22339/com.nubo.test7 E/nubo.NuboClientActivity: clearProcessCacheAck. Avoid operation immediately after login! processId: 9209, loginTime: 196
2021-02-02 10:12:04.740 18644-18644/com.nubo.test7 D/InputMethodManager: prepareNavigationBarInfo() DecorView@e4a18ce[NuboClientActivity]
2021-02-02 10:12:04.741 18644-18644/com.nubo.test7 D/InputMethodManager: getNavigationBarColor() -855310
2021-02-02 10:12:04.741 18644-18644/com.nubo.test7 V/InputMethodManager: Starting input: tba=com.nubo.test7 ic=null mNaviBarColor -855310 mIsGetNaviBarColorSuccess true , NavVisible : true , NavTrans : false
2021-02-02 10:12:04.741 18644-22339/com.nubo.test7 D/nubo.NuboClientActivity: cmdcode: 121, bytesCount: 13, channelType: 0, processId: 9267
2021-02-02 10:12:04.741 18644-18644/com.nubo.test7 D/InputMethodManager: startInputInner - Id : 0
2021-02-02 10:12:04.741 18644-18644/com.nubo.test7 I/InputMethodManager: startInputInner - mService.startInputOrWindowGainedFocus
2021-02-02 10:12:04.741 18644-22339/com.nubo.test7 E/nubo.NuboClientActivity: clearProcessCacheAck. Avoid operation immediately after login! processId: 9267, loginTime: 197
2021-02-02 10:12:04.742 18644-22339/com.nubo.test7 D/nubo.NuboClientActivity: cmdcode: 121, bytesCount: 13, channelType: 0, processId: 9267
2021-02-02 10:12:04.742 18644-22339/com.nubo.test7 E/nubo.NuboClientActivity: clearProcessCacheAck. Avoid operation immediately after login! processId: 9267, loginTime: 198
2021-02-02 10:12:04.743 18644-22339/com.nubo.test7 D/nubo.NuboClientActivity: cmdcode: 121, bytesCount: 13, channelType: 0, processId: 9775
2021-02-02 10:12:04.743 18644-22339/com.nubo.test7 E/nubo.NuboClientActivity: clearProcessCacheAck. Avoid operation immediately after login! processId: 9775, loginTime: 199
2021-02-02 10:12:04.744 18644-22339/com.nubo.test7 D/nubo.NuboClientActivity: cmdcode: 121, bytesCount: 13, channelType: 0, processId: 9282
2021-02-02 10:12:04.744 18644-22339/com.nubo.test7 E/nubo.NuboClientActivity: clearProcessCacheAck. Avoid operation immediately after login! processId: 9282, loginTime: 200
2021-02-02 10:12:04.745 18644-22339/com.nubo.test7 D/nubo.NuboClientActivity: cmdcode: 121, bytesCount: 13, channelType: 0, processId: 9282
2021-02-02 10:12:04.745 18644-22339/com.nubo.test7 E/nubo.NuboClientActivity: clearProcessCacheAck. Avoid operation immediately after login! processId: 9282, loginTime: 201
2021-02-02 10:12:04.746 18644-22339/com.nubo.test7 D/nubo.NuboClientActivity: cmdcode: 121, bytesCount: 13, channelType: 0, processId: 9321
2021-02-02 10:12:04.746 18644-22339/com.nubo.test7 E/nubo.NuboClientActivity: clearProcessCacheAck. Avoid operation immediately after login! processId: 9321, loginTime: 202
2021-02-02 10:12:04.746 18644-22339/com.nubo.test7 D/nubo.NuboClientActivity: cmdcode: 121, bytesCount: 13, channelType: 0, processId: 9584
2021-02-02 10:12:04.747 18644-22339/com.nubo.test7 E/nubo.NuboClientActivity: clearProcessCacheAck. Avoid operation immediately after login! processId: 9584, loginTime: 203
2021-02-02 10:12:04.747 18644-22339/com.nubo.test7 D/nubo.NuboClientActivity: cmdcode: 121, bytesCount: 13, channelType: 0, processId: 9321
2021-02-02 10:12:04.747 18644-18644/com.nubo.test7 D/InputTransport: Input channel destroyed: 'ClientS', fd=106
2021-02-02 10:12:04.747 18644-22339/com.nubo.test7 E/nubo.NuboClientActivity: clearProcessCacheAck. Avoid operation immediately after login! processId: 9321, loginTime: 203
2021-02-02 10:12:04.747 18644-18644/com.nubo.test7 D/nubo.MenuBarManager: no need to re-create status bar. just move it to top
2021-02-02 10:12:04.748 18644-22339/com.nubo.test7 D/nubo.NuboClientActivity: cmdcode: 121, bytesCount: 13, channelType: 0, processId: 9584
2021-02-02 10:12:04.750 18644-22339/com.nubo.test7 E/nubo.NuboClientActivity: clearProcessCacheAck. Avoid operation immediately after login! processId: 9584, loginTime: 206
2021-02-02 10:12:04.750 18644-18644/com.nubo.test7 E/DecorView: mWindow.mActivityCurrentConfig is null
2021-02-02 10:12:04.751 18644-19155/com.nubo.test7 D/OpenGLRenderer: makeCurrent EglSurface : 0x723add2480 -> 0x723add2080
2021-02-02 10:12:04.751 18644-18644/com.nubo.test7 D/ViewRootImpl@83bd402[NuboClientActivity]: MSG_RESIZED: frame=(0,150,1440,3040) ci=(0,0,0,168) vi=(0,0,0,168) or=1
2021-02-02 10:12:04.751 18644-18644/com.nubo.test7 D/ViewRootImpl@bcd12f8[NuboClientActivity]: MSG_WINDOW_FOCUS_CHANGED 0 1
2021-02-02 10:12:04.751 18644-18644/com.nubo.test7 D/InputMethodManager: prepareNavigationBarInfo() DecorView@27b6cd6[NuboClientActivity]
2021-02-02 10:12:04.751 18644-18644/com.nubo.test7 D/InputMethodManager: getNavigationBarColor() -855310
2021-02-02 10:12:04.752 18644-22339/com.nubo.test7 D/nubo.NuboClientActivity: cmdcode: 121, bytesCount: 13, channelType: 0, processId: 9698
2021-02-02 10:12:04.754 18644-22339/com.nubo.test7 E/nubo.NuboClientActivity: clearProcessCacheAck. Avoid operation immediately after login! processId: 9698, loginTime: 210
2021-02-02 10:12:04.755 18644-22339/com.nubo.test7 D/nubo.NuboClientActivity: cmdcode: 121, bytesCount: 13, channelType: 0, processId: 9698
2021-02-02 10:12:04.755 18644-22339/com.nubo.test7 E/nubo.NuboClientActivity: clearProcessCacheAck. Avoid operation immediately after login! processId: 9698, loginTime: 211
2021-02-02 10:12:04.755 18644-22339/com.nubo.test7 D/nubo.NuboClientActivity: cmdcode: 121, bytesCount: 13, channelType: 0, processId: 9775
2021-02-02 10:12:04.755 18644-22339/com.nubo.test7 E/nubo.NuboClientActivity: clearProcessCacheAck. Avoid operation immediately after login! processId: 9775, loginTime: 211
2021-02-02 10:12:04.756 18644-22339/com.nubo.test7 D/nubo.NuboClientActivity: cmdcode: 121, bytesCount: 13, channelType: 0, processId: 9841
2021-02-02 10:12:04.756 18644-19155/com.nubo.test7 D/OpenGLRenderer: makeCurrent EglSurface : 0x723add2080 -> 0x723add2480
2021-02-02 10:12:04.756 18644-22339/com.nubo.test7 E/nubo.NuboClientActivity: clearProcessCacheAck. Avoid operation immediately after login! processId: 9841, loginTime: 212
2021-02-02 10:12:04.757 18644-22339/com.nubo.test7 D/nubo.NuboClientActivity: cmdcode: 121, bytesCount: 13, channelType: 0, processId: 9841
2021-02-02 10:12:04.757 18644-22339/com.nubo.test7 E/nubo.NuboClientActivity: clearProcessCacheAck. Avoid operation immediately after login! processId: 9841, loginTime: 213
2021-02-02 10:12:04.758 18644-22339/com.nubo.test7 D/nubo.NuboClientActivity: cmdcode: 121, bytesCount: 13, channelType: 0, processId: 9298
2021-02-02 10:12:04.759 18644-22339/com.nubo.test7 E/nubo.NuboClientActivity: clearProcessCacheAck. Avoid operation immediately after login! processId: 9298, loginTime: 215
2021-02-02 10:12:04.759 18644-22339/com.nubo.test7 D/nubo.NuboClientActivity: cmdcode: 121, bytesCount: 13, channelType: 0, processId: 9298
2021-02-02 10:12:04.759 18644-22339/com.nubo.test7 E/nubo.NuboClientActivity: clearProcessCacheAck. Avoid operation immediately after login! processId: 9298, loginTime: 215
2021-02-02 10:12:04.760 18644-22339/com.nubo.test7 D/nubo.NuboClientActivity: cmdcode: 121, bytesCount: 13, channelType: 0, processId: 9509
2021-02-02 10:12:04.760 18644-22339/com.nubo.test7 E/nubo.NuboClientActivity: clearProcessCacheAck. Avoid operation immediately after login! processId: 9509, loginTime: 216
2021-02-02 10:12:04.761 18644-22339/com.nubo.test7 D/nubo.NuboClientActivity: cmdcode: 121, bytesCount: 13, channelType: 0, processId: 9509
2021-02-02 10:12:04.761 18644-22339/com.nubo.test7 E/nubo.NuboClientActivity: clearProcessCacheAck. Avoid operation immediately after login! processId: 9509, loginTime: 217
2021-02-02 10:12:04.763 18644-18644/com.nubo.test7 E/nubo.NuboClientActivity: location: Location[fused 32.063737,34.870984 hAcc=19 et=+31d19h31m53s508ms alt=121.70000457763672 vAcc=1 sAcc=??? bAcc=??? {Bundle[mParcelledData.dataSize=52]}]
2021-02-02 10:12:04.763 18644-22339/com.nubo.test7 D/nubo.NuboClientActivity: cmdcode: 121, bytesCount: 13, channelType: 0, processId: 9486
2021-02-02 10:12:04.763 18644-18644/com.nubo.test7 D/nubo.NuboClientActivity: player location localLatitude = 32.063736localLongitude = 34.870983localAccuracy = 19.429localAltitude = 121.700005localBearing = 0.0
2021-02-02 10:12:04.763 18644-22339/com.nubo.test7 E/nubo.NuboClientActivity: clearProcessCacheAck. Avoid operation immediately after login! processId: 9486, loginTime: 219
2021-02-02 10:12:04.765 18644-22339/com.nubo.test7 D/nubo.NuboClientActivity: cmdcode: 121, bytesCount: 13, channelType: 0, processId: 9486
2021-02-02 10:12:04.765 18644-22339/com.nubo.test7 E/nubo.NuboClientActivity: clearProcessCacheAck. Avoid operation immediately after login! processId: 9486, loginTime: 221
2021-02-02 10:12:04.765 18644-22339/com.nubo.test7 D/nubo.NuboClientActivity: cmdcode: 121, bytesCount: 13, channelType: 0, processId: 9891
2021-02-02 10:12:04.766 18644-22339/com.nubo.test7 E/nubo.NuboClientActivity: clearProcessCacheAck. Avoid operation immediately after login! processId: 9891, loginTime: 222
2021-02-02 10:12:04.766 18644-22339/com.nubo.test7 D/nubo.NuboClientActivity: cmdcode: 121, bytesCount: 13, channelType: 0, processId: 9891
2021-02-02 10:12:04.766 18644-22339/com.nubo.test7 E/nubo.NuboClientActivity: clearProcessCacheAck. Avoid operation immediately after login! processId: 9891, loginTime: 222
2021-02-02 10:12:04.766 18644-22339/com.nubo.test7 D/nubo.NuboClientActivity: cmdcode: 105, bytesCount: 13, channelType: 0, processId: 9222
2021-02-02 10:12:04.767 18644-22339/com.nubo.test7 E/nubo.Debugger: Hide window. wndId=148518344
2021-02-02 10:12:04.767 18644-22339/com.nubo.test7 D/nubo.NuboClientActivity: cmdcode: 29, bytesCount: 48, channelType: 0, processId: 9980
2021-02-02 10:12:04.767 18644-22339/com.nubo.test7 D/nubo.NuboClientActivity: cmdcode: 83, bytesCount: 70, channelType: 0, processId: 9980
2021-02-02 10:12:04.768 18644-22339/com.nubo.test7 D/nubo.NuboClientActivity: cmdcode: 102, bytesCount: 27, channelType: 0, processId: 9222
2021-02-02 10:12:04.768 18644-22339/com.nubo.test7 V/nubo.NuboClientActivity: Window already exists
2021-02-02 10:12:04.769 18644-22339/com.nubo.test7 D/nubo.NuboClientActivity: cmdcode: 104, bytesCount: 14, channelType: 0, processId: 9222
2021-02-02 10:12:04.769 18644-22339/com.nubo.test7 V/nubo.NuboClientActivity: ShowWindow PACKAGENAME=com.nubo.launcher.nubo, wndId: 148518344
2021-02-02 10:12:04.769 18644-22339/com.nubo.test7 D/nubo.NuboClientActivity: cmdcode: 1, bytesCount: 30, channelType: 0, processId: 9222
2021-02-02 10:12:04.769 18644-18644/com.nubo.test7 D/nubo.MenuBarManager: no need to re-create status bar. just move it to top
2021-02-02 10:12:04.770 18644-22339/com.nubo.test7 D/nubo.NuboClientActivity: cmdcode: 16, bytesCount: 36, channelType: 0, processId: 9222
2021-02-02 10:12:04.772 18644-22339/com.nubo.test7 D/nubo.NuboClientActivity: cmdcode: 2, bytesCount: 37, channelType: 0, processId: 9222
2021-02-02 10:12:04.773 18644-22339/com.nubo.test7 D/nubo.NuboClientActivity: cmdcode: 6, bytesCount: 120108, channelType: 0, processId: 9222
2021-02-02 10:12:04.780 18644-22339/com.nubo.test7 D/nubo.NuboClientActivity: cmdcode: 8, bytesCount: 6816, channelType: 0, processId: 9222
2021-02-02 10:12:04.782 18644-22339/com.nubo.test7 D/nubo.NuboClientActivity: cmdcode: 6, bytesCount: 109, channelType: 0, processId: 9222
2021-02-02 10:12:04.785 18644-22339/com.nubo.test7 D/nubo.NuboClientActivity: cmdcode: 8, bytesCount: 9082, channelType: 0, processId: 9222
2021-02-02 10:12:04.787 18644-22339/com.nubo.test7 D/nubo.NuboClientActivity: cmdcode: 6, bytesCount: 110, channelType: 0, processId: 9222
2021-02-02 10:12:04.787 18644-22339/com.nubo.test7 D/nubo.NuboClientActivity: cmdcode: 8, bytesCount: 8911, channelType: 0, processId: 9222
2021-02-02 10:12:04.789 18644-22339/com.nubo.test7 D/nubo.NuboClientActivity: cmdcode: 6, bytesCount: 109, channelType: 0, processId: 9222
2021-02-02 10:12:04.789 18644-18644/com.nubo.test7 E/DecorView: mWindow.mActivityCurrentConfig is null
2021-02-02 10:12:04.789 18644-19155/com.nubo.test7 D/OpenGLRenderer: makeCurrent EglSurface : 0x723add2480 -> 0x723add2080
2021-02-02 10:12:04.790 18644-22339/com.nubo.test7 D/nubo.NuboClientActivity: cmdcode: 8, bytesCount: 7801, channelType: 0, processId: 9222
2021-02-02 10:12:04.791 18644-22339/com.nubo.test7 D/nubo.NuboClientActivity: cmdcode: 6, bytesCount: 109, channelType: 0, processId: 9222
2021-02-02 10:12:04.791 18644-22339/com.nubo.test7 D/nubo.NuboClientActivity: cmdcode: 8, bytesCount: 8601, channelType: 0, processId: 9222
2021-02-02 10:12:04.793 18644-22339/com.nubo.test7 D/nubo.NuboClientActivity: cmdcode: 6, bytesCount: 111, channelType: 0, processId: 9222
2021-02-02 10:12:04.793 18644-22339/com.nubo.test7 D/nubo.NuboClientActivity: cmdcode: 8, bytesCount: 5216, channelType: 0, processId: 9222
2021-02-02 10:12:04.794 18644-19155/com.nubo.test7 D/OpenGLRenderer: makeCurrent EglSurface : 0x723add2080 -> 0x723add2480
2021-02-02 10:12:04.794 18644-22339/com.nubo.test7 D/nubo.NuboClientActivity: cmdcode: 6, bytesCount: 111, channelType: 0, processId: 9222
2021-02-02 10:12:04.795 18644-22339/com.nubo.test7 D/nubo.NuboClientActivity: cmdcode: 8, bytesCount: 3720, channelType: 0, processId: 9222
2021-02-02 10:12:04.796 18644-22339/com.nubo.test7 D/nubo.NuboClientActivity: cmdcode: 6, bytesCount: 120, channelType: 0, processId: 9222
2021-02-02 10:12:04.797 18644-22339/com.nubo.test7 D/nubo.NuboClientActivity: cmdcode: 8, bytesCount: 7854, channelType: 0, processId: 9222
2021-02-02 10:12:04.798 18644-22339/com.nubo.test7 D/nubo.NuboClientActivity: cmdcode: 6, bytesCount: 119, channelType: 0, processId: 9222
2021-02-02 10:12:04.799 18644-22339/com.nubo.test7 D/nubo.NuboClientActivity: cmdcode: 8, bytesCount: 10267, channelType: 0, processId: 9222
2021-02-02 10:12:04.800 18644-22339/com.nubo.test7 D/nubo.NuboClientActivity: cmdcode: 6, bytesCount: 111, channelType: 0, processId: 9222
2021-02-02 10:12:04.800 18644-22339/com.nubo.test7 D/nubo.NuboClientActivity: cmdcode: 8, bytesCount: 8070, channelType: 0, processId: 9222
2021-02-02 10:12:04.801 18644-22339/com.nubo.test7 D/nubo.NuboClientActivity: cmdcode: 6, bytesCount: 111, channelType: 0, processId: 9222
2021-02-02 10:12:04.802 18644-22339/com.nubo.test7 D/nubo.NuboClientActivity: cmdcode: 8, bytesCount: 3374, channelType: 0, processId: 9222
2021-02-02 10:12:04.803 18644-22339/com.nubo.test7 D/nubo.NuboClientActivity: cmdcode: 6, bytesCount: 120, channelType: 0, processId: 9222
2021-02-02 10:12:04.803 18644-22339/com.nubo.test7 D/nubo.NuboClientActivity: cmdcode: 8, bytesCount: 9006, channelType: 0, processId: 9222
2021-02-02 10:12:04.804 18644-22339/com.nubo.test7 D/nubo.NuboClientActivity: cmdcode: 6, bytesCount: 120, channelType: 0, processId: 9222
2021-02-02 10:12:04.805 18644-22339/com.nubo.test7 D/nubo.NuboClientActivity: cmdcode: 22, bytesCount: 513, channelType: 0, processId: 9222
2021-02-02 10:12:04.806 18644-22339/com.nubo.test7 D/nubo.NuboClientActivity: cmdcode: 13, bytesCount: 109, channelType: 0, processId: 9222
2021-02-02 10:12:04.807 18644-22339/com.nubo.test7 D/nubo.NuboClientActivity: cmdcode: 15, bytesCount: 228, channelType: 0, processId: 9222
2021-02-02 10:12:04.807 18644-22339/com.nubo.test7 D/nubo.NuboClientActivity: cmdcode: 15, bytesCount: 233, channelType: 0, processId: 9222
2021-02-02 10:12:04.808 18644-22339/com.nubo.test7 D/nubo.NuboClientActivity: cmdcode: 8, bytesCount: 9646, channelType: 0, processId: 9222
2021-02-02 10:12:04.809 18644-22339/com.nubo.test7 D/nubo.NuboClientActivity: cmdcode: 6, bytesCount: 109, channelType: 0, processId: 9222
2021-02-02 10:12:04.810 18644-22339/com.nubo.test7 D/nubo.NuboClientActivity: cmdcode: 8, bytesCount: 6930, channelType: 0, processId: 9222
2021-02-02 10:12:04.811 18644-22339/com.nubo.test7 D/nubo.NuboClientActivity: cmdcode: 6, bytesCount: 112, channelType: 0, processId: 9222
2021-02-02 10:12:04.811 18644-22339/com.nubo.test7 D/nubo.NuboClientActivity: cmdcode: 8, bytesCount: 8317, channelType: 0, processId: 9222
2021-02-02 10:12:04.812 18644-22339/com.nubo.test7 D/nubo.NuboClientActivity: cmdcode: 6, bytesCount: 110, channelType: 0, processId: 9222
2021-02-02 10:12:04.813 18644-22339/com.nubo.test7 D/nubo.NuboClientActivity: cmdcode: 101, bytesCount: 13, channelType: 0, processId: 9222
2021-02-02 10:12:04.813 18644-22339/com.nubo.test7 E/TAG: Detected first write transaction...
2021-02-02 10:12:04.817 18644-22339/com.nubo.test7 W/Gralloc3: allocator 3.x is not supported
2021-02-02 10:12:04.817 18644-19155/com.nubo.test7 D/OpenGLRenderer: makeCurrent EglSurface : 0x723add2480 -> 0x0
2021-02-02 10:12:04.817 18644-19155/com.nubo.test7 D/OpenGLRenderer: destroyEglSurface : 0x723add2480
2021-02-02 10:12:04.817 18644-19155/com.nubo.test7 I/mali_egl: eglDestroySurface() in
2021-02-02 10:12:04.819 18644-19155/com.nubo.test7 I/mali_winsys: delete_surface() [1099x539] return
2021-02-02 10:12:04.819 18644-19155/com.nubo.test7 I/mali_egl: eglDestroySurface() out
2021-02-02 10:12:04.819 18644-19155/com.nubo.test7 W/libEGL: EGLNativeWindowType 0x729d5b0dd0 disconnect failed
2021-02-02 10:12:04.819 18644-19155/com.nubo.test7 D/OpenGLRenderer: ~ReliableSurface : 0x729d5b0dc0
2021-02-02 10:12:04.820 18644-18644/com.nubo.test7 D/ViewRootImpl@bcd12f8[NuboClientActivity]: dispatchDetachedFromWindow
2021-02-02 10:12:04.827 18644-18644/com.nubo.test7 D/InputTransport: Input channel destroyed: '26e2a55', fd=93
2021-02-02 10:12:04.833 18644-22339/com.nubo.test7 D/nubo.NuboClientActivity: cmdcode: 125, bytesCount: 17, channelType: 0, processId: 9222
2021-02-02 10:12:04.834 18644-22339/com.nubo.test7 D/nubo.NuboClientActivity: cmdcode: 120, bytesCount: 14, channelType: 0, processId: 9222
2021-02-02 10:12:04.835 18644-22339/com.nubo.test7 D/nubo.NuboClientActivity: cmdcode: 121, bytesCount: 13, channelType: 0, processId: 9222
2021-02-02 10:12:04.836 18644-22339/com.nubo.test7 E/nubo.NuboClientActivity: clearProcessCacheAck. Avoid operation immediately after login! processId: 9222, loginTime: 292
2021-02-02 10:12:04.837 18644-19155/com.nubo.test7 D/OpenGLRenderer: makeCurrent EglSurface : 0x0 -> 0x723add2080
2021-02-02 10:12:04.838 18644-22339/com.nubo.test7 D/nubo.NuboClientActivity: cmdcode: 121, bytesCount: 13, channelType: 0, processId: 9222
2021-02-02 10:12:04.838 18644-22339/com.nubo.test7 E/nubo.NuboClientActivity: clearProcessCacheAck. Avoid operation immediately after login! processId: 9222, loginTime: 294
2021-02-02 10:12:04.839 18644-22339/com.nubo.test7 D/nubo.NuboClientActivity: cmdcode: 102, bytesCount: 27, channelType: 0, processId: 9222
2021-02-02 10:12:04.840 18644-22339/com.nubo.test7 V/nubo.NuboClientActivity: Window already exists
2021-02-02 10:12:04.841 18644-22339/com.nubo.test7 D/nubo.NuboClientActivity: cmdcode: 104, bytesCount: 14, channelType: 0, processId: 9222
2021-02-02 10:12:04.842 18644-22339/com.nubo.test7 V/nubo.NuboClientActivity: ShowWindow PACKAGENAME=com.nubo.launcher.nubo, wndId: 148518344
2021-02-02 10:12:04.844 18644-22339/com.nubo.test7 D/nubo.NuboClientActivity: cmdcode: 1, bytesCount: 30, channelType: 0, processId: 9222
2021-02-02 10:12:04.846 18644-22339/com.nubo.test7 D/nubo.NuboClientActivity: cmdcode: 16, bytesCount: 36, channelType: 0, processId: 9222
2021-02-02 10:12:04.847 18644-22339/com.nubo.test7 D/nubo.NuboClientActivity: cmdcode: 2, bytesCount: 37, channelType: 0, processId: 9222
2021-02-02 10:12:04.849 18644-22339/com.nubo.test7 D/nubo.NuboClientActivity: cmdcode: 6, bytesCount: 120108, channelType: 0, processId: 9222
2021-02-02 10:12:04.853 18644-22339/com.nubo.test7 D/nubo.NuboClientActivity: cmdcode: 8, bytesCount: 6816, channelType: 0, processId: 9222
2021-02-02 10:12:04.854 18644-22339/com.nubo.test7 D/nubo.NuboClientActivity: cmdcode: 6, bytesCount: 109, channelType: 0, processId: 9222
2021-02-02 10:12:04.855 18644-22339/com.nubo.test7 D/nubo.NuboClientActivity: cmdcode: 8, bytesCount: 9082, channelType: 0, processId: 9222
2021-02-02 10:12:04.856 18644-22339/com.nubo.test7 D/nubo.NuboClientActivity: cmdcode: 6, bytesCount: 110, channelType: 0, processId: 9222
2021-02-02 10:12:04.857 18644-22339/com.nubo.test7 D/nubo.NuboClientActivity: cmdcode: 8, bytesCount: 8911, channelType: 0, processId: 9222
2021-02-02 10:12:04.858 18644-22339/com.nubo.test7 D/nubo.NuboClientActivity: cmdcode: 6, bytesCount: 109, channelType: 0, processId: 9222
2021-02-02 10:12:04.859 18644-22339/com.nubo.test7 D/nubo.NuboClientActivity: cmdcode: 8, bytesCount: 7801, channelType: 0, processId: 9222
2021-02-02 10:12:04.860 18644-22339/com.nubo.test7 D/nubo.NuboClientActivity: cmdcode: 6, bytesCount: 109, channelType: 0, processId: 9222
2021-02-02 10:12:04.861 18644-22339/com.nubo.test7 D/nubo.NuboClientActivity: cmdcode: 8, bytesCount: 8601, channelType: 0, processId: 9222
2021-02-02 10:12:04.862 18644-22339/com.nubo.test7 D/nubo.NuboClientActivity: cmdcode: 6, bytesCount: 111, channelType: 0, processId: 9222
2021-02-02 10:12:04.862 18644-22339/com.nubo.test7 D/nubo.NuboClientActivity: cmdcode: 8, bytesCount: 5216, channelType: 0, processId: 9222
2021-02-02 10:12:04.863 18644-22339/com.nubo.test7 D/nubo.NuboClientActivity: cmdcode: 6, bytesCount: 111, channelType: 0, processId: 9222
2021-02-02 10:12:04.864 18644-22339/com.nubo.test7 D/nubo.NuboClientActivity: cmdcode: 8, bytesCount: 3720, channelType: 0, processId: 9222
2021-02-02 10:12:04.864 18644-22339/com.nubo.test7 D/nubo.NuboClientActivity: cmdcode: 6, bytesCount: 120, channelType: 0, processId: 9222
2021-02-02 10:12:04.865 18644-22339/com.nubo.test7 D/nubo.NuboClientActivity: cmdcode: 8, bytesCount: 7854, channelType: 0, processId: 9222
2021-02-02 10:12:04.867 18644-18676/com.nubo.test7 I/com.nubo.test7: Compiler allocated 8763KB to compile void com.nubo.client.NuboClientActivity$SocketThread.run()
2021-02-02 10:12:04.867 18644-18644/com.nubo.test7 D/InputMethodManager: prepareNavigationBarInfo() DecorView@e4a18ce[NuboClientActivity]
2021-02-02 10:12:04.867 18644-22339/com.nubo.test7 D/nubo.NuboClientActivity: cmdcode: 6, bytesCount: 119, channelType: 0, processId: 9222
2021-02-02 10:12:04.867 18644-18644/com.nubo.test7 D/InputMethodManager: getNavigationBarColor() -855310
2021-02-02 10:12:04.868 18644-18644/com.nubo.test7 V/InputMethodManager: Starting input: tba=com.nubo.test7 ic=com.nubo.views.TextureViewPanel$NuboInputConnection@146b926 mNaviBarColor -855310 mIsGetNaviBarColorSuccess true , NavVisible : true , NavTrans : false
2021-02-02 10:12:04.868 18644-18644/com.nubo.test7 D/InputMethodManager: startInputInner - Id : 0
2021-02-02 10:12:04.868 18644-18644/com.nubo.test7 I/InputMethodManager: startInputInner - mService.startInputOrWindowGainedFocus
2021-02-02 10:12:04.868 18644-22339/com.nubo.test7 D/nubo.NuboClientActivity: cmdcode: 8, bytesCount: 10267, channelType: 0, processId: 9222
2021-02-02 10:12:04.870 18644-22339/com.nubo.test7 D/nubo.NuboClientActivity: cmdcode: 6, bytesCount: 111, channelType: 0, processId: 9222
2021-02-02 10:12:04.871 18644-22339/com.nubo.test7 D/nubo.NuboClientActivity: cmdcode: 8, bytesCount: 8070, channelType: 0, processId: 9222
2021-02-02 10:12:04.872 18644-22339/com.nubo.test7 D/nubo.NuboClientActivity: cmdcode: 6, bytesCount: 111, channelType: 0, processId: 9222
2021-02-02 10:12:04.873 18644-22339/com.nubo.test7 D/nubo.NuboClientActivity: cmdcode: 8, bytesCount: 3374, channelType: 0, processId: 9222
2021-02-02 10:12:04.873 18644-18644/com.nubo.test7 D/InputTransport: Input channel destroyed: 'ClientS', fd=101
2021-02-02 10:12:04.874 18644-18644/com.nubo.test7 D/nubo.MenuBarManager: no need to re-create status bar. just move it to top
2021-02-02 10:12:04.874 18644-22339/com.nubo.test7 D/nubo.NuboClientActivity: cmdcode: 6, bytesCount: 120, channelType: 0, processId: 9222
2021-02-02 10:12:04.876 18644-22339/com.nubo.test7 D/nubo.NuboClientActivity: cmdcode: 8, bytesCount: 9006, channelType: 0, processId: 9222
2021-02-02 10:12:04.877 18644-22339/com.nubo.test7 D/nubo.NuboClientActivity: cmdcode: 6, bytesCount: 120, channelType: 0, processId: 9222
2021-02-02 10:12:04.878 18644-22339/com.nubo.test7 D/nubo.NuboClientActivity: cmdcode: 22, bytesCount: 120, channelType: 0, processId: 9222
2021-02-02 10:12:04.878 18644-22339/com.nubo.test7 D/nubo.NuboClientActivity: cmdcode: 13, bytesCount: 109, channelType: 0, processId: 9222
2021-02-02 10:12:04.878 18644-22339/com.nubo.test7 D/nubo.NuboClientActivity: cmdcode: 15, bytesCount: 71, channelType: 0, processId: 9222
2021-02-02 10:12:04.879 18644-22339/com.nubo.test7 D/nubo.NuboClientActivity: cmdcode: 15, bytesCount: 71, channelType: 0, processId: 9222
2021-02-02 10:12:04.879 18644-22339/com.nubo.test7 D/nubo.NuboClientActivity: cmdcode: 8, bytesCount: 77, channelType: 0, processId: 9222
2021-02-02 10:12:04.879 18644-22339/com.nubo.test7 D/nubo.NuboClientActivity: cmdcode: 6, bytesCount: 109, channelType: 0, processId: 9222
2021-02-02 10:12:04.880 18644-22339/com.nubo.test7 D/nubo.NuboClientActivity: cmdcode: 8, bytesCount: 77, channelType: 0, processId: 9222
2021-02-02 10:12:04.880 18644-22339/com.nubo.test7 D/nubo.NuboClientActivity: cmdcode: 6, bytesCount: 112, channelType: 0, processId: 9222
2021-02-02 10:12:04.880 18644-22339/com.nubo.test7 D/nubo.NuboClientActivity: cmdcode: 8, bytesCount: 77, channelType: 0, processId: 9222
2021-02-02 10:12:04.881 18644-22339/com.nubo.test7 D/nubo.NuboClientActivity: cmdcode: 6, bytesCount: 110, channelType: 0, processId: 9222
2021-02-02 10:12:04.881 18644-22339/com.nubo.test7 D/nubo.NuboClientActivity: cmdcode: 101, bytesCount: 13, channelType: 0, processId: 9222
2021-02-02 10:12:04.888 18644-18644/com.nubo.test7 E/DecorView: mWindow.mActivityCurrentConfig is null
2021-02-02 10:12:04.914 18644-19295/com.nubo.test7 I/System.out: (HTTPLog)-Static: isSBSettingEnabled false
2021-02-02 10:12:04.914 18644-19295/com.nubo.test7 I/System.out: (HTTPLog)-Static: isSBSettingEnabled false
2021-02-02 10:12:05.426 18644-22339/com.nubo.test7 D/nubo.NuboClientActivity: cmdcode: 1, bytesCount: 30, channelType: 0, processId: 9222
2021-02-02 10:12:05.427 18644-19295/com.nubo.test7 I/System.out: (HTTPLog)-Static: isSBSettingEnabled false
2021-02-02 10:12:05.428 18644-19295/com.nubo.test7 I/System.out: (HTTPLog)-Static: isSBSettingEnabled false
2021-02-02 10:12:05.428 18644-22339/com.nubo.test7 D/nubo.NuboClientActivity: cmdcode: 16, bytesCount: 36, channelType: 0, processId: 9222
2021-02-02 10:12:05.429 18644-22339/com.nubo.test7 D/nubo.NuboClientActivity: cmdcode: 2, bytesCount: 37, channelType: 0, processId: 9222
2021-02-02 10:12:05.430 18644-22339/com.nubo.test7 D/nubo.NuboClientActivity: cmdcode: 6, bytesCount: 108, channelType: 0, processId: 9222
2021-02-02 10:12:05.430 18644-22339/com.nubo.test7 D/nubo.NuboClientActivity: cmdcode: 8, bytesCount: 77, channelType: 0, processId: 9222
2021-02-02 10:12:05.431 18644-22339/com.nubo.test7 D/nubo.NuboClientActivity: cmdcode: 6, bytesCount: 109, channelType: 0, processId: 9222
2021-02-02 10:12:05.431 18644-22339/com.nubo.test7 D/nubo.NuboClientActivity: cmdcode: 8, bytesCount: 77, channelType: 0, processId: 9222
2021-02-02 10:12:05.432 18644-22339/com.nubo.test7 D/nubo.NuboClientActivity: cmdcode: 6, bytesCount: 110, channelType: 0, processId: 9222
2021-02-02 10:12:05.432 18644-22339/com.nubo.test7 D/nubo.NuboClientActivity: cmdcode: 8, bytesCount: 77, channelType: 0, processId: 9222
2021-02-02 10:12:05.432 18644-22339/com.nubo.test7 D/nubo.NuboClientActivity: cmdcode: 6, bytesCount: 109, channelType: 0, processId: 9222
2021-02-02 10:12:05.433 18644-22339/com.nubo.test7 D/nubo.NuboClientActivity: cmdcode: 8, bytesCount: 77, channelType: 0, processId: 9222
2021-02-02 10:12:05.433 18644-22339/com.nubo.test7 D/nubo.NuboClientActivity: cmdcode: 6, bytesCount: 109, channelType: 0, processId: 9222
2021-02-02 10:12:05.433 18644-22339/com.nubo.test7 D/nubo.NuboClientActivity: cmdcode: 8, bytesCount: 77, channelType: 0, processId: 9222
2021-02-02 10:12:05.434 18644-22339/com.nubo.test7 D/nubo.NuboClientActivity: cmdcode: 6, bytesCount: 111, channelType: 0, processId: 9222
2021-02-02 10:12:05.434 18644-22339/com.nubo.test7 D/nubo.NuboClientActivity: cmdcode: 8, bytesCount: 77, channelType: 0, processId: 9222
2021-02-02 10:12:05.434 18644-22339/com.nubo.test7 D/nubo.NuboClientActivity: cmdcode: 6, bytesCount: 111, channelType: 0, processId: 9222
2021-02-02 10:12:05.435 18644-22339/com.nubo.test7 D/nubo.NuboClientActivity: cmdcode: 8, bytesCount: 77, channelType: 0, processId: 9222
2021-02-02 10:12:05.435 18644-22339/com.nubo.test7 D/nubo.NuboClientActivity: cmdcode: 6, bytesCount: 102, channelType: 0, processId: 9222
2021-02-02 10:12:05.435 18644-22339/com.nubo.test7 D/nubo.NuboClientActivity: cmdcode: 8, bytesCount: 77, channelType: 0, processId: 9222
2021-02-02 10:12:05.436 18644-22339/com.nubo.test7 D/nubo.NuboClientActivity: cmdcode: 6, bytesCount: 102, channelType: 0, processId: 9222
2021-02-02 10:12:05.436 18644-22339/com.nubo.test7 D/nubo.NuboClientActivity: cmdcode: 8, bytesCount: 77, channelType: 0, processId: 9222
2021-02-02 10:12:05.437 18644-22339/com.nubo.test7 D/nubo.NuboClientActivity: cmdcode: 6, bytesCount: 111, channelType: 0, processId: 9222
2021-02-02 10:12:05.437 18644-22339/com.nubo.test7 D/nubo.NuboClientActivity: cmdcode: 8, bytesCount: 77, channelType: 0, processId: 9222
2021-02-02 10:12:05.437 18644-22339/com.nubo.test7 D/nubo.NuboClientActivity: cmdcode: 6, bytesCount: 111, channelType: 0, processId: 9222
2021-02-02 10:12:05.438 18644-22339/com.nubo.test7 D/nubo.NuboClientActivity: cmdcode: 8, bytesCount: 77, channelType: 0, processId: 9222
2021-02-02 10:12:05.438 18644-22339/com.nubo.test7 D/nubo.NuboClientActivity: cmdcode: 6, bytesCount: 102, channelType: 0, processId: 9222
2021-02-02 10:12:05.439 18644-22339/com.nubo.test7 D/nubo.NuboClientActivity: cmdcode: 8, bytesCount: 77, channelType: 0, processId: 9222
2021-02-02 10:12:05.439 18644-22339/com.nubo.test7 D/nubo.NuboClientActivity: cmdcode: 6, bytesCount: 102, channelType: 0, processId: 9222
2021-02-02 10:12:05.439 18644-22339/com.nubo.test7 D/nubo.NuboClientActivity: cmdcode: 22, bytesCount: 120, channelType: 0, processId: 9222
2021-02-02 10:12:05.440 18644-22339/com.nubo.test7 D/nubo.NuboClientActivity: cmdcode: 13, bytesCount: 109, channelType: 0, processId: 9222
2021-02-02 10:12:05.440 18644-22339/com.nubo.test7 D/nubo.NuboClientActivity: cmdcode: 15, bytesCount: 71, channelType: 0, processId: 9222
2021-02-02 10:12:05.441 18644-22339/com.nubo.test7 D/nubo.NuboClientActivity: cmdcode: 15, bytesCount: 71, channelType: 0, processId: 9222
2021-02-02 10:12:05.441 18644-22339/com.nubo.test7 D/nubo.NuboClientActivity: cmdcode: 8, bytesCount: 77, channelType: 0, processId: 9222
2021-02-02 10:12:05.441 18644-22339/com.nubo.test7 D/nubo.NuboClientActivity: cmdcode: 6, bytesCount: 109, channelType: 0, processId: 9222
2021-02-02 10:12:05.442 18644-22339/com.nubo.test7 D/nubo.NuboClientActivity: cmdcode: 8, bytesCount: 77, channelType: 0, processId: 9222
2021-02-02 10:12:05.442 18644-22339/com.nubo.test7 D/nubo.NuboClientActivity: cmdcode: 6, bytesCount: 112, channelType: 0, processId: 9222
2021-02-02 10:12:05.442 18644-22339/com.nubo.test7 D/nubo.NuboClientActivity: cmdcode: 8, bytesCount: 77, channelType: 0, processId: 9222
2021-02-02 10:12:05.443 18644-22339/com.nubo.test7 D/nubo.NuboClientActivity: cmdcode: 6, bytesCount: 110, channelType: 0, processId: 9222
2021-02-02 10:12:05.443 18644-22339/com.nubo.test7 D/nubo.NuboClientActivity: cmdcode: 101, bytesCount: 13, channelType: 0, processId: 9222
2021-02-02 10:12:05.450 18644-22339/com.nubo.test7 D/nubo.NuboClientActivity: cmdcode: 1, bytesCount: 30, channelType: 0, processId: 9222
2021-02-02 10:12:05.450 18644-22339/com.nubo.test7 D/nubo.NuboClientActivity: cmdcode: 16, bytesCount: 36, channelType: 0, processId: 9222
2021-02-02 10:12:05.451 18644-22339/com.nubo.test7 D/nubo.NuboClientActivity: cmdcode: 2, bytesCount: 37, channelType: 0, processId: 9222
2021-02-02 10:12:05.451 18644-22339/com.nubo.test7 D/nubo.NuboClientActivity: cmdcode: 6, bytesCount: 108, channelType: 0, processId: 9222
2021-02-02 10:12:05.452 18644-22339/com.nubo.test7 D/nubo.NuboClientActivity: cmdcode: 8, bytesCount: 77, channelType: 0, processId: 9222
2021-02-02 10:12:05.452 18644-22339/com.nubo.test7 D/nubo.NuboClientActivity: cmdcode: 6, bytesCount: 109, channelType: 0, processId: 9222
2021-02-02 10:12:05.453 18644-22339/com.nubo.test7 D/nubo.NuboClientActivity: cmdcode: 8, bytesCount: 77, channelType: 0, processId: 9222
2021-02-02 10:12:05.453 18644-22339/com.nubo.test7 D/nubo.NuboClientActivity: cmdcode: 6, bytesCount: 110, channelType: 0, processId: 9222
2021-02-02 10:12:05.454 18644-22339/com.nubo.test7 D/nubo.NuboClientActivity: cmdcode: 8, bytesCount: 77, channelType: 0, processId: 9222
2021-02-02 10:12:05.454 18644-22339/com.nubo.test7 D/nubo.NuboClientActivity: cmdcode: 6, bytesCount: 109, channelType: 0, processId: 9222
2021-02-02 10:12:05.454 18644-22339/com.nubo.test7 D/nubo.NuboClientActivity: cmdcode: 8, bytesCount: 77, channelType: 0, processId: 9222
2021-02-02 10:12:05.455 18644-22339/com.nubo.test7 D/nubo.NuboClientActivity: cmdcode: 6, bytesCount: 109, channelType: 0, processId: 9222
2021-02-02 10:12:05.455 18644-22339/com.nubo.test7 D/nubo.NuboClientActivity: cmdcode: 8, bytesCount: 77, channelType: 0, processId: 9222
2021-02-02 10:12:05.455 18644-22339/com.nubo.test7 D/nubo.NuboClientActivity: cmdcode: 6, bytesCount: 111, channelType: 0, processId: 9222
2021-02-02 10:12:05.456 18644-22339/com.nubo.test7 D/nubo.NuboClientActivity: cmdcode: 8, bytesCount: 77, channelType: 0, processId: 9222
2021-02-02 10:12:05.456 18644-22339/com.nubo.test7 D/nubo.NuboClientActivity: cmdcode: 6, bytesCount: 111, channelType: 0, processId: 9222
2021-02-02 10:12:05.456 18644-22339/com.nubo.test7 D/nubo.NuboClientActivity: cmdcode: 8, bytesCount: 77, channelType: 0, processId: 9222
2021-02-02 10:12:05.457 18644-22339/com.nubo.test7 D/nubo.NuboClientActivity: cmdcode: 6, bytesCount: 102, channelType: 0, processId: 9222
2021-02-02 10:12:05.457 18644-22339/com.nubo.test7 D/nubo.NuboClientActivity: cmdcode: 8, bytesCount: 77, channelType: 0, processId: 9222
2021-02-02 10:12:05.457 18644-22339/com.nubo.test7 D/nubo.NuboClientActivity: cmdcode: 6, bytesCount: 102, channelType: 0, processId: 9222
2021-02-02 10:12:05.458 18644-22339/com.nubo.test7 D/nubo.NuboClientActivity: cmdcode: 8, bytesCount: 77, channelType: 0, processId: 9222
2021-02-02 10:12:05.458 18644-22339/com.nubo.test7 D/nubo.NuboClientActivity: cmdcode: 6, bytesCount: 111, channelType: 0, processId: 9222
2021-02-02 10:12:05.459 18644-22339/com.nubo.test7 D/nubo.NuboClientActivity: cmdcode: 8, bytesCount: 77, channelType: 0, processId: 9222
2021-02-02 10:12:05.459 18644-22339/com.nubo.test7 D/nubo.NuboClientActivity: cmdcode: 6, bytesCount: 111, channelType: 0, processId: 9222
2021-02-02 10:12:05.459 18644-22339/com.nubo.test7 D/nubo.NuboClientActivity: cmdcode: 8, bytesCount: 77, channelType: 0, processId: 9222
2021-02-02 10:12:05.460 18644-22339/com.nubo.test7 D/nubo.NuboClientActivity: cmdcode: 6, bytesCount: 102, channelType: 0, processId: 9222
2021-02-02 10:12:05.462 18644-22339/com.nubo.test7 D/nubo.NuboClientActivity: cmdcode: 8, bytesCount: 77, channelType: 0, processId: 9222
2021-02-02 10:12:05.462 18644-22339/com.nubo.test7 D/nubo.NuboClientActivity: cmdcode: 6, bytesCount: 102, channelType: 0, processId: 9222
2021-02-02 10:12:05.462 18644-22339/com.nubo.test7 D/nubo.NuboClientActivity: cmdcode: 22, bytesCount: 120, channelType: 0, processId: 9222
2021-02-02 10:12:05.463 18644-22339/com.nubo.test7 D/nubo.NuboClientActivity: cmdcode: 13, bytesCount: 109, channelType: 0, processId: 9222
2021-02-02 10:12:05.463 18644-22339/com.nubo.test7 D/nubo.NuboClientActivity: cmdcode: 15, bytesCount: 71, channelType: 0, processId: 9222
2021-02-02 10:12:05.464 18644-22339/com.nubo.test7 D/nubo.NuboClientActivity: cmdcode: 15, bytesCount: 71, channelType: 0, processId: 9222
2021-02-02 10:12:05.464 18644-22339/com.nubo.test7 D/nubo.NuboClientActivity: cmdcode: 8, bytesCount: 77, channelType: 0, processId: 9222
2021-02-02 10:12:05.464 18644-22339/com.nubo.test7 D/nubo.NuboClientActivity: cmdcode: 6, bytesCount: 109, channelType: 0, processId: 9222
2021-02-02 10:12:05.465 18644-22339/com.nubo.test7 D/nubo.NuboClientActivity: cmdcode: 8, bytesCount: 77, channelType: 0, processId: 9222
2021-02-02 10:12:05.465 18644-22339/com.nubo.test7 D/nubo.NuboClientActivity: cmdcode: 6, bytesCount: 112, channelType: 0, processId: 9222
2021-02-02 10:12:05.465 18644-22339/com.nubo.test7 D/nubo.NuboClientActivity: cmdcode: 8, bytesCount: 77, channelType: 0, processId: 9222
2021-02-02 10:12:05.466 18644-22339/com.nubo.test7 D/nubo.NuboClientActivity: cmdcode: 6, bytesCount: 110, channelType: 0, processId: 9222
2021-02-02 10:12:05.466 18644-22339/com.nubo.test7 D/nubo.NuboClientActivity: cmdcode: 101, bytesCount: 13, channelType: 0, processId: 9222
2021-02-02 10:12:05.702 18644-18690/com.nubo.test7 V/Toast: HIDE: android.widget.Toast$TN@6116a8f
2021-02-02 10:12:05.703 18644-18644/com.nubo.test7 V/Toast: HANDLE HIDE: android.widget.Toast$TN@6116a8f mView=android.widget.LinearLayout{42a5aa1 V.E...... ........ 0,0-758,154}
2021-02-02 10:12:05.703 18644-18644/com.nubo.test7 V/Toast: REMOVE! android.widget.LinearLayout{42a5aa1 V.E...... ........ 0,0-758,154} in android.widget.Toast$TN@6116a8f
2021-02-02 10:12:05.706 18644-19155/com.nubo.test7 D/OpenGLRenderer: destroyEglSurface : 0x723ab9f780
2021-02-02 10:12:05.706 18644-19155/com.nubo.test7 I/mali_egl: eglDestroySurface() in
2021-02-02 10:12:05.707 18644-19155/com.nubo.test7 I/mali_winsys: delete_surface() [758x154] return
2021-02-02 10:12:05.707 18644-19155/com.nubo.test7 I/mali_egl: eglDestroySurface() out
2021-02-02 10:12:05.707 18644-19155/com.nubo.test7 W/libEGL: EGLNativeWindowType 0x732fd1c590 disconnect failed
2021-02-02 10:12:05.707 18644-19155/com.nubo.test7 D/OpenGLRenderer: ~ReliableSurface : 0x732fd1c580
2021-02-02 10:12:05.708 18644-18644/com.nubo.test7 D/ViewRootImpl@42177b4[Toast]: dispatchDetachedFromWindow
2021-02-02 10:12:05.724 18644-18644/com.nubo.test7 D/InputTransport: Input channel destroyed: 'f65cbf1', fd=72
2021-02-02 10:12:05.766 18644-19295/com.nubo.test7 I/System.out: (HTTPLog)-Static: isSBSettingEnabled false
2021-02-02 10:12:05.766 18644-19295/com.nubo.test7 I/System.out: (HTTPLog)-Static: isSBSettingEnabled false
2021-02-02 10:12:06.414 18644-18644/com.nubo.test7 D/nubo.NuboClientActivity: onLocationChanged
2021-02-02 10:12:06.416 18644-18644/com.nubo.test7 D/nubo.NuboClientActivity: player location localLatitude = 32.063736localLongitude = 34.870983localAccuracy = 19.574localAltitude = 121.700005localBearing = 0.0
2021-02-02 10:12:08.667 18644-22343/com.nubo.test7 D/nubo.NuboClientActivity: cmdcode: 123, bytesCount: 21, channelType: 2, processId: -1
2021-02-02 10:12:09.016 18644-22339/com.nubo.test7 D/nubo.NuboClientActivity: cmdcode: 1, bytesCount: 30, channelType: 0, processId: 9222
2021-02-02 10:12:09.019 18644-22339/com.nubo.test7 D/nubo.NuboClientActivity: cmdcode: 16, bytesCount: 36, channelType: 0, processId: 9222
2021-02-02 10:12:09.022 18644-22339/com.nubo.test7 D/nubo.NuboClientActivity: cmdcode: 2, bytesCount: 37, channelType: 0, processId: 9222
2021-02-02 10:12:09.025 18644-22339/com.nubo.test7 D/nubo.NuboClientActivity: cmdcode: 6, bytesCount: 108, channelType: 0, processId: 9222
2021-02-02 10:12:09.027 18644-22339/com.nubo.test7 D/nubo.NuboClientActivity: cmdcode: 8, bytesCount: 77, channelType: 0, processId: 9222
2021-02-02 10:12:09.028 18644-22339/com.nubo.test7 D/nubo.NuboClientActivity: cmdcode: 6, bytesCount: 109, channelType: 0, processId: 9222
2021-02-02 10:12:09.029 18644-22339/com.nubo.test7 D/nubo.NuboClientActivity: cmdcode: 8, bytesCount: 77, channelType: 0, processId: 9222
2021-02-02 10:12:09.031 18644-22339/com.nubo.test7 D/nubo.NuboClientActivity: cmdcode: 6, bytesCount: 110, channelType: 0, processId: 9222
2021-02-02 10:12:09.032 18644-22339/com.nubo.test7 D/nubo.NuboClientActivity: cmdcode: 8, bytesCount: 77, channelType: 0, processId: 9222
2021-02-02 10:12:09.034 18644-22339/com.nubo.test7 D/nubo.NuboClientActivity: cmdcode: 6, bytesCount: 109, channelType: 0, processId: 9222
2021-02-02 10:12:09.035 18644-22339/com.nubo.test7 D/nubo.NuboClientActivity: cmdcode: 8, bytesCount: 77, channelType: 0, processId: 9222
2021-02-02 10:12:09.036 18644-22339/com.nubo.test7 D/nubo.NuboClientActivity: cmdcode: 6, bytesCount: 109, channelType: 0, processId: 9222
2021-02-02 10:12:09.037 18644-22339/com.nubo.test7 D/nubo.NuboClientActivity: cmdcode: 8, bytesCount: 77, channelType: 0, processId: 9222
2021-02-02 10:12:09.038 18644-22339/com.nubo.test7 D/nubo.NuboClientActivity: cmdcode: 6, bytesCount: 111, channelType: 0, processId: 9222
2021-02-02 10:12:09.039 18644-22339/com.nubo.test7 D/nubo.NuboClientActivity: cmdcode: 8, bytesCount: 77, channelType: 0, processId: 9222
2021-02-02 10:12:09.041 18644-22339/com.nubo.test7 D/nubo.NuboClientActivity: cmdcode: 6, bytesCount: 111, channelType: 0, processId: 9222
2021-02-02 10:12:09.042 18644-22339/com.nubo.test7 D/nubo.NuboClientActivity: cmdcode: 8, bytesCount: 77, channelType: 0, processId: 9222
2021-02-02 10:12:09.044 18644-22339/com.nubo.test7 D/nubo.NuboClientActivity: cmdcode: 6, bytesCount: 102, channelType: 0, processId: 9222
2021-02-02 10:12:09.045 18644-22339/com.nubo.test7 D/nubo.NuboClientActivity: cmdcode: 8, bytesCount: 77, channelType: 0, processId: 9222
2021-02-02 10:12:09.046 18644-22339/com.nubo.test7 D/nubo.NuboClientActivity: cmdcode: 6, bytesCount: 102, channelType: 0, processId: 9222
2021-02-02 10:12:09.047 18644-22339/com.nubo.test7 D/nubo.NuboClientActivity: cmdcode: 8, bytesCount: 77, channelType: 0, processId: 9222
2021-02-02 10:12:09.048 18644-22339/com.nubo.test7 D/nubo.NuboClientActivity: cmdcode: 6, bytesCount: 111, channelType: 0, processId: 9222
2021-02-02 10:12:09.049 18644-22339/com.nubo.test7 D/nubo.NuboClientActivity: cmdcode: 8, bytesCount: 77, channelType: 0, processId: 9222
2021-02-02 10:12:09.051 18644-22339/com.nubo.test7 D/nubo.NuboClientActivity: cmdcode: 6, bytesCount: 111, channelType: 0, processId: 9222
2021-02-02 10:12:09.052 18644-22339/com.nubo.test7 D/nubo.NuboClientActivity: cmdcode: 8, bytesCount: 77, channelType: 0, processId: 9222
2021-02-02 10:12:09.053 18644-22339/com.nubo.test7 D/nubo.NuboClientActivity: cmdcode: 6, bytesCount: 102, channelType: 0, processId: 9222
2021-02-02 10:12:09.054 18644-22339/com.nubo.test7 D/nubo.NuboClientActivity: cmdcode: 8, bytesCount: 77, channelType: 0, processId: 9222
2021-02-02 10:12:09.055 18644-22339/com.nubo.test7 D/nubo.NuboClientActivity: cmdcode: 6, bytesCount: 102, channelType: 0, processId: 9222
2021-02-02 10:12:09.057 18644-22339/com.nubo.test7 D/nubo.NuboClientActivity: cmdcode: 22, bytesCount: 120, channelType: 0, processId: 9222
2021-02-02 10:12:09.058 18644-22339/com.nubo.test7 D/nubo.NuboClientActivity: cmdcode: 13, bytesCount: 109, channelType: 0, processId: 9222
2021-02-02 10:12:09.059 18644-22339/com.nubo.test7 D/nubo.NuboClientActivity: cmdcode: 15, bytesCount: 71, channelType: 0, processId: 9222
2021-02-02 10:12:09.060 18644-22339/com.nubo.test7 D/nubo.NuboClientActivity: cmdcode: 15, bytesCount: 71, channelType: 0, processId: 9222
2021-02-02 10:12:09.061 18644-22339/com.nubo.test7 D/nubo.NuboClientActivity: cmdcode: 8, bytesCount: 77, channelType: 0, processId: 9222
2021-02-02 10:12:09.062 18644-22339/com.nubo.test7 D/nubo.NuboClientActivity: cmdcode: 6, bytesCount: 109, channelType: 0, processId: 9222
2021-02-02 10:12:09.063 18644-22339/com.nubo.test7 D/nubo.NuboClientActivity: cmdcode: 8, bytesCount: 77, channelType: 0, processId: 9222
2021-02-02 10:12:09.064 18644-22339/com.nubo.test7 D/nubo.NuboClientActivity: cmdcode: 6, bytesCount: 112, channelType: 0, processId: 9222
2021-02-02 10:12:09.065 18644-22339/com.nubo.test7 D/nubo.NuboClientActivity: cmdcode: 8, bytesCount: 77, channelType: 0, processId: 9222
2021-02-02 10:12:09.066 18644-22339/com.nubo.test7 D/nubo.NuboClientActivity: cmdcode: 6, bytesCount: 110, channelType: 0, processId: 9222
2021-02-02 10:12:09.067 18644-22339/com.nubo.test7 D/nubo.NuboClientActivity: cmdcode: 101, bytesCount: 13, channelType: 0, processId: 9222
2021-02-02 10:12:12.675 18644-22343/com.nubo.test7 D/nubo.NuboClientActivity: cmdcode: 123, bytesCount: 21, channelType: 2, processId: -1
2021-02-02 10:12:13.443 18644-18644/com.nubo.test7 D/ViewRootImpl@83bd402[NuboClientActivity]: ViewPostIme pointer 0
2021-02-02 10:12:13.504 18644-18644/com.nubo.test7 D/ViewRootImpl@83bd402[NuboClientActivity]: ViewPostIme pointer 1
2021-02-02 10:12:13.578 18644-22339/com.nubo.test7 D/nubo.NuboClientActivity: cmdcode: 1, bytesCount: 30, channelType: 0, processId: 9222
2021-02-02 10:12:13.578 18644-22339/com.nubo.test7 D/nubo.NuboClientActivity: cmdcode: 16, bytesCount: 36, channelType: 0, processId: 9222
2021-02-02 10:12:13.579 18644-22339/com.nubo.test7 D/nubo.NuboClientActivity: cmdcode: 2, bytesCount: 37, channelType: 0, processId: 9222
2021-02-02 10:12:13.579 18644-22339/com.nubo.test7 D/nubo.NuboClientActivity: cmdcode: 6, bytesCount: 108, channelType: 0, processId: 9222
2021-02-02 10:12:13.580 18644-22339/com.nubo.test7 D/nubo.NuboClientActivity: cmdcode: 8, bytesCount: 77, channelType: 0, processId: 9222
2021-02-02 10:12:13.580 18644-22339/com.nubo.test7 D/nubo.NuboClientActivity: cmdcode: 6, bytesCount: 109, channelType: 0, processId: 9222
2021-02-02 10:12:13.580 18644-22339/com.nubo.test7 D/nubo.NuboClientActivity: cmdcode: 8, bytesCount: 77, channelType: 0, processId: 9222
2021-02-02 10:12:13.581 18644-22339/com.nubo.test7 D/nubo.NuboClientActivity: cmdcode: 6, bytesCount: 110, channelType: 0, processId: 9222
2021-02-02 10:12:13.581 18644-22339/com.nubo.test7 D/nubo.NuboClientActivity: cmdcode: 8, bytesCount: 77, channelType: 0, processId: 9222
2021-02-02 10:12:13.581 18644-22339/com.nubo.test7 D/nubo.NuboClientActivity: cmdcode: 6, bytesCount: 109, channelType: 0, processId: 9222
2021-02-02 10:12:13.582 18644-22339/com.nubo.test7 D/nubo.NuboClientActivity: cmdcode: 8, bytesCount: 77, channelType: 0, processId: 9222
2021-02-02 10:12:13.582 18644-22339/com.nubo.test7 D/nubo.NuboClientActivity: cmdcode: 6, bytesCount: 109, channelType: 0, processId: 9222
2021-02-02 10:12:13.582 18644-22339/com.nubo.test7 D/nubo.NuboClientActivity: cmdcode: 8, bytesCount: 77, channelType: 0, processId: 9222
2021-02-02 10:12:13.582 18644-22339/com.nubo.test7 D/nubo.NuboClientActivity: cmdcode: 6, bytesCount: 111, channelType: 0, processId: 9222
2021-02-02 10:12:13.583 18644-22339/com.nubo.test7 D/nubo.NuboClientActivity: cmdcode: 8, bytesCount: 77, channelType: 0, processId: 9222
2021-02-02 10:12:13.583 18644-22339/com.nubo.test7 D/nubo.NuboClientActivity: cmdcode: 6, bytesCount: 111, channelType: 0, processId: 9222
2021-02-02 10:12:13.583 18644-22339/com.nubo.test7 D/nubo.NuboClientActivity: cmdcode: 8, bytesCount: 77, channelType: 0, processId: 9222
2021-02-02 10:12:13.583 18644-22339/com.nubo.test7 D/nubo.NuboClientActivity: cmdcode: 6, bytesCount: 102, channelType: 0, processId: 9222
2021-02-02 10:12:13.584 18644-22339/com.nubo.test7 D/nubo.NuboClientActivity: cmdcode: 8, bytesCount: 77, channelType: 0, processId: 9222
2021-02-02 10:12:13.584 18644-22339/com.nubo.test7 D/nubo.NuboClientActivity: cmdcode: 6, bytesCount: 102, channelType: 0, processId: 9222
2021-02-02 10:12:13.584 18644-22339/com.nubo.test7 D/nubo.NuboClientActivity: cmdcode: 8, bytesCount: 77, channelType: 0, processId: 9222
2021-02-02 10:12:13.584 18644-22339/com.nubo.test7 D/nubo.NuboClientActivity: cmdcode: 6, bytesCount: 111, channelType: 0, processId: 9222
2021-02-02 10:12:13.585 18644-22339/com.nubo.test7 D/nubo.NuboClientActivity: cmdcode: 8, bytesCount: 77, channelType: 0, processId: 9222
2021-02-02 10:12:13.585 18644-22339/com.nubo.test7 D/nubo.NuboClientActivity: cmdcode: 6, bytesCount: 111, channelType: 0, processId: 9222
2021-02-02 10:12:13.585 18644-22339/com.nubo.test7 D/nubo.NuboClientActivity: cmdcode: 8, bytesCount: 77, channelType: 0, processId: 9222
2021-02-02 10:12:13.586 18644-22339/com.nubo.test7 D/nubo.NuboClientActivity: cmdcode: 6, bytesCount: 102, channelType: 0, processId: 9222
2021-02-02 10:12:13.586 18644-22339/com.nubo.test7 D/nubo.NuboClientActivity: cmdcode: 8, bytesCount: 77, channelType: 0, processId: 9222
2021-02-02 10:12:13.586 18644-22339/com.nubo.test7 D/nubo.NuboClientActivity: cmdcode: 6, bytesCount: 102, channelType: 0, processId: 9222
2021-02-02 10:12:13.586 18644-22339/com.nubo.test7 D/nubo.NuboClientActivity: cmdcode: 22, bytesCount: 120, channelType: 0, processId: 9222
2021-02-02 10:12:13.587 18644-22339/com.nubo.test7 D/nubo.NuboClientActivity: cmdcode: 13, bytesCount: 109, channelType: 0, processId: 9222
2021-02-02 10:12:13.587 18644-22339/com.nubo.test7 D/nubo.NuboClientActivity: cmdcode: 15, bytesCount: 71, channelType: 0, processId: 9222
2021-02-02 10:12:13.587 18644-22339/com.nubo.test7 D/nubo.NuboClientActivity: cmdcode: 15, bytesCount: 71, channelType: 0, processId: 9222
2021-02-02 10:12:13.588 18644-22339/com.nubo.test7 D/nubo.NuboClientActivity: cmdcode: 8, bytesCount: 77, channelType: 0, processId: 9222
2021-02-02 10:12:13.588 18644-22339/com.nubo.test7 D/nubo.NuboClientActivity: cmdcode: 6, bytesCount: 109, channelType: 0, processId: 9222
2021-02-02 10:12:13.588 18644-22339/com.nubo.test7 D/nubo.NuboClientActivity: cmdcode: 8, bytesCount: 77, channelType: 0, processId: 9222
2021-02-02 10:12:13.588 18644-22339/com.nubo.test7 D/nubo.NuboClientActivity: cmdcode: 6, bytesCount: 112, channelType: 0, processId: 9222
2021-02-02 10:12:13.589 18644-22339/com.nubo.test7 D/nubo.NuboClientActivity: cmdcode: 8, bytesCount: 77, channelType: 0, processId: 9222
2021-02-02 10:12:13.589 18644-22339/com.nubo.test7 D/nubo.NuboClientActivity: cmdcode: 6, bytesCount: 110, channelType: 0, processId: 9222
2021-02-02 10:12:13.589 18644-22339/com.nubo.test7 D/nubo.NuboClientActivity: cmdcode: 101, bytesCount: 13, channelType: 0, processId: 9222
2021-02-02 10:12:13.595 18644-22339/com.nubo.test7 D/nubo.NuboClientActivity: cmdcode: 1, bytesCount: 30, channelType: 0, processId: 9222
2021-02-02 10:12:13.595 18644-22339/com.nubo.test7 D/nubo.NuboClientActivity: cmdcode: 16, bytesCount: 36, channelType: 0, processId: 9222
2021-02-02 10:12:13.596 18644-22339/com.nubo.test7 D/nubo.NuboClientActivity: cmdcode: 2, bytesCount: 37, channelType: 0, processId: 9222
2021-02-02 10:12:13.596 18644-22339/com.nubo.test7 D/nubo.NuboClientActivity: cmdcode: 9, bytesCount: 15, channelType: 0, processId: 9222
2021-02-02 10:12:13.596 18644-22339/com.nubo.test7 D/nubo.NuboClientActivity: cmdcode: 15, bytesCount: 3349, channelType: 0, processId: 9222
2021-02-02 10:12:13.597 18644-22339/com.nubo.test7 D/nubo.NuboClientActivity: cmdcode: 15, bytesCount: 71, channelType: 0, processId: 9222
2021-02-02 10:12:13.598 18644-22339/com.nubo.test7 D/nubo.NuboClientActivity: cmdcode: 4, bytesCount: 13, channelType: 0, processId: 9222
2021-02-02 10:12:13.598 18644-22339/com.nubo.test7 D/nubo.NuboClientActivity: cmdcode: 6, bytesCount: 108, channelType: 0, processId: 9222
2021-02-02 10:12:13.598 18644-22339/com.nubo.test7 D/nubo.NuboClientActivity: cmdcode: 8, bytesCount: 77, channelType: 0, processId: 9222
2021-02-02 10:12:13.599 18644-22339/com.nubo.test7 D/nubo.NuboClientActivity: cmdcode: 6, bytesCount: 109, channelType: 0, processId: 9222
2021-02-02 10:12:13.599 18644-22339/com.nubo.test7 D/nubo.NuboClientActivity: cmdcode: 8, bytesCount: 77, channelType: 0, processId: 9222
2021-02-02 10:12:13.599 18644-22339/com.nubo.test7 D/nubo.NuboClientActivity: cmdcode: 6, bytesCount: 110, channelType: 0, processId: 9222
2021-02-02 10:12:13.599 18644-22339/com.nubo.test7 D/nubo.NuboClientActivity: cmdcode: 8, bytesCount: 77, channelType: 0, processId: 9222
2021-02-02 10:12:13.600 18644-22339/com.nubo.test7 D/nubo.NuboClientActivity: cmdcode: 6, bytesCount: 109, channelType: 0, processId: 9222
2021-02-02 10:12:13.600 18644-22339/com.nubo.test7 D/nubo.NuboClientActivity: cmdcode: 8, bytesCount: 77, channelType: 0, processId: 9222
2021-02-02 10:12:13.600 18644-22339/com.nubo.test7 D/nubo.NuboClientActivity: cmdcode: 6, bytesCount: 109, channelType: 0, processId: 9222
2021-02-02 10:12:13.601 18644-22339/com.nubo.test7 D/nubo.NuboClientActivity: cmdcode: 8, bytesCount: 77, channelType: 0, processId: 9222
2021-02-02 10:12:13.601 18644-22339/com.nubo.test7 D/nubo.NuboClientActivity: cmdcode: 6, bytesCount: 111, channelType: 0, processId: 9222
2021-02-02 10:12:13.601 18644-22339/com.nubo.test7 D/nubo.NuboClientActivity: cmdcode: 8, bytesCount: 77, channelType: 0, processId: 9222
2021-02-02 10:12:13.601 18644-22339/com.nubo.test7 D/nubo.NuboClientActivity: cmdcode: 6, bytesCount: 111, channelType: 0, processId: 9222
2021-02-02 10:12:13.602 18644-22339/com.nubo.test7 D/nubo.NuboClientActivity: cmdcode: 8, bytesCount: 77, channelType: 0, processId: 9222
2021-02-02 10:12:13.602 18644-22339/com.nubo.test7 D/nubo.NuboClientActivity: cmdcode: 6, bytesCount: 102, channelType: 0, processId: 9222
2021-02-02 10:12:13.602 18644-22339/com.nubo.test7 D/nubo.NuboClientActivity: cmdcode: 8, bytesCount: 77, channelType: 0, processId: 9222
2021-02-02 10:12:13.603 18644-22339/com.nubo.test7 D/nubo.NuboClientActivity: cmdcode: 6, bytesCount: 102, channelType: 0, processId: 9222
2021-02-02 10:12:13.603 18644-22339/com.nubo.test7 D/nubo.NuboClientActivity: cmdcode: 8, bytesCount: 77, channelType: 0, processId: 9222
2021-02-02 10:12:13.603 18644-22339/com.nubo.test7 D/nubo.NuboClientActivity: cmdcode: 6, bytesCount: 111, channelType: 0, processId: 9222
2021-02-02 10:12:13.604 18644-22339/com.nubo.test7 D/nubo.NuboClientActivity: cmdcode: 8, bytesCount: 77, channelType: 0, processId: 9222
2021-02-02 10:12:13.604 18644-22339/com.nubo.test7 D/nubo.NuboClientActivity: cmdcode: 6, bytesCount: 111, channelType: 0, processId: 9222
2021-02-02 10:12:13.604 18644-22339/com.nubo.test7 D/nubo.NuboClientActivity: cmdcode: 8, bytesCount: 77, channelType: 0, processId: 9222
2021-02-02 10:12:13.605 18644-22339/com.nubo.test7 D/nubo.NuboClientActivity: cmdcode: 6, bytesCount: 102, channelType: 0, processId: 9222
2021-02-02 10:12:13.605 18644-22339/com.nubo.test7 D/nubo.NuboClientActivity: cmdcode: 8, bytesCount: 77, channelType: 0, processId: 9222
2021-02-02 10:12:13.605 18644-22339/com.nubo.test7 D/nubo.NuboClientActivity: cmdcode: 6, bytesCount: 102, channelType: 0, processId: 9222
2021-02-02 10:12:13.606 18644-22339/com.nubo.test7 D/nubo.NuboClientActivity: cmdcode: 22, bytesCount: 120, channelType: 0, processId: 9222
2021-02-02 10:12:13.606 18644-22339/com.nubo.test7 D/nubo.NuboClientActivity: cmdcode: 13, bytesCount: 109, channelType: 0, processId: 9222
2021-02-02 10:12:13.606 18644-22339/com.nubo.test7 D/nubo.NuboClientActivity: cmdcode: 15, bytesCount: 71, channelType: 0, processId: 9222
2021-02-02 10:12:13.607 18644-22339/com.nubo.test7 D/nubo.NuboClientActivity: cmdcode: 15, bytesCount: 71, channelType: 0, processId: 9222
2021-02-02 10:12:13.607 18644-22339/com.nubo.test7 D/nubo.NuboClientActivity: cmdcode: 8, bytesCount: 77, channelType: 0, processId: 9222
2021-02-02 10:12:13.607 18644-22339/com.nubo.test7 D/nubo.NuboClientActivity: cmdcode: 6, bytesCount: 109, channelType: 0, processId: 9222
2021-02-02 10:12:13.607 18644-22339/com.nubo.test7 D/nubo.NuboClientActivity: cmdcode: 8, bytesCount: 77, channelType: 0, processId: 9222
2021-02-02 10:12:13.608 18644-22339/com.nubo.test7 D/nubo.NuboClientActivity: cmdcode: 6, bytesCount: 112, channelType: 0, processId: 9222
2021-02-02 10:12:13.608 18644-22339/com.nubo.test7 D/nubo.NuboClientActivity: cmdcode: 8, bytesCount: 77, channelType: 0, processId: 9222
2021-02-02 10:12:13.608 18644-22339/com.nubo.test7 D/nubo.NuboClientActivity: cmdcode: 6, bytesCount: 110, channelType: 0, processId: 9222
2021-02-02 10:12:13.608 18644-22339/com.nubo.test7 D/nubo.NuboClientActivity: cmdcode: 101, bytesCount: 13, channelType: 0, processId: 9222
2021-02-02 10:12:13.628 18644-22339/com.nubo.test7 D/nubo.NuboClientActivity: cmdcode: 105, bytesCount: 13, channelType: 0, processId: 9222
2021-02-02 10:12:13.629 18644-22339/com.nubo.test7 E/nubo.Debugger: Hide window. wndId=148518344
2021-02-02 10:12:14.159 18644-19155/com.nubo.test7 D/OpenGLRenderer: makeCurrent EglSurface : 0x723add2080 -> 0x0
2021-02-02 10:12:14.159 18644-19155/com.nubo.test7 D/OpenGLRenderer: destroyEglSurface : 0x723add2080
2021-02-02 10:12:14.159 18644-19155/com.nubo.test7 I/mali_egl: eglDestroySurface() in
2021-02-02 10:12:14.161 18644-19155/com.nubo.test7 I/mali_winsys: delete_surface() [1440x2890] return
2021-02-02 10:12:14.161 18644-19155/com.nubo.test7 I/mali_egl: eglDestroySurface() out
2021-02-02 10:12:14.162 18644-19155/com.nubo.test7 W/libEGL: EGLNativeWindowType 0x729d801c90 disconnect failed
2021-02-02 10:12:14.162 18644-19155/com.nubo.test7 D/OpenGLRenderer: ~ReliableSurface : 0x729d801c80
2021-02-02 10:12:14.174 18644-18644/com.nubo.test7 D/ViewRootImpl@83bd402[NuboClientActivity]: Relayout returned: old=(0,150,1440,3040) new=(0,150,1440,3040) req=(1440,2890)8 dur=11 res=0x5 s={false 0} ch=true
2021-02-02 10:12:14.174 18644-18644/com.nubo.test7 D/ViewRootImpl@e2b4910[NuboClientActivity]: MSG_WINDOW_FOCUS_CHANGED 1 1
2021-02-02 10:12:14.174 18644-18644/com.nubo.test7 D/InputMethodManager: prepareNavigationBarInfo() DecorView@4569a4d[NuboClientActivity]
2021-02-02 10:12:14.175 18644-18644/com.nubo.test7 D/InputMethodManager: getNavigationBarColor() -855310
2021-02-02 10:12:14.176 18644-18644/com.nubo.test7 D/InputMethodManager: prepareNavigationBarInfo() DecorView@4569a4d[NuboClientActivity]
2021-02-02 10:12:14.176 18644-18644/com.nubo.test7 D/InputMethodManager: getNavigationBarColor() -855310
2021-02-02 10:12:14.176 18644-18644/com.nubo.test7 V/InputMethodManager: Starting input: tba=com.nubo.test7 ic=null mNaviBarColor -855310 mIsGetNaviBarColorSuccess true , NavVisible : true , NavTrans : false
2021-02-02 10:12:14.176 18644-18644/com.nubo.test7 D/InputMethodManager: startInputInner - Id : 0
2021-02-02 10:12:14.177 18644-18644/com.nubo.test7 I/InputMethodManager: startInputInner - mService.startInputOrWindowGainedFocus
2021-02-02 10:12:14.179 18644-18644/com.nubo.test7 D/InputTransport: Input channel destroyed: 'ClientS', fd=109
2021-02-02 10:12:14.179 18644-18644/com.nubo.test7 D/ViewRootImpl@83bd402[NuboClientActivity]: MSG_WINDOW_FOCUS_CHANGED 0 1
2021-02-02 10:12:14.179 18644-18644/com.nubo.test7 D/InputMethodManager: prepareNavigationBarInfo() DecorView@e4a18ce[NuboClientActivity]
2021-02-02 10:12:14.179 18644-18644/com.nubo.test7 D/InputMethodManager: getNavigationBarColor() -855310
2021-02-02 10:12:14.355 18644-22339/com.nubo.test7 D/nubo.NuboClientActivity: cmdcode: 29, bytesCount: 43, channelType: 0, processId: 10014
2021-02-02 10:12:14.356 18644-22339/com.nubo.test7 D/nubo.NuboClientActivity: cmdcode: 83, bytesCount: 65, channelType: 0, processId: 10014
2021-02-02 10:12:14.357 18644-22339/com.nubo.test7 D/nubo.NuboClientActivity: cmdcode: 29, bytesCount: 43, channelType: 0, processId: 10014
2021-02-02 10:12:14.358 18644-22339/com.nubo.test7 D/nubo.NuboClientActivity: cmdcode: 125, bytesCount: 17, channelType: 0, processId: 10014
2021-02-02 10:12:14.358 18644-22339/com.nubo.test7 D/nubo.NuboClientActivity: cmdcode: 102, bytesCount: 27, channelType: 0, processId: 10014
2021-02-02 10:12:14.358 18644-22339/com.nubo.test7 D/nubo.NuboClientActivity: Push window. ACTIVITY wndId=237349902, containerType: 1
2021-02-02 10:12:14.360 18644-18644/com.nubo.test7 D/Dialog: mIsSamsungBasicInteraction = false
2021-02-02 10:12:14.360 18644-18644/com.nubo.test7 D/Dialog: mIsSamsungBasicInteraction = false, isMetaDataInActivity = false
2021-02-02 10:12:14.370 18644-18644/com.nubo.test7 D/PhoneWindow: forceLight changed to true [] from com.android.internal.policy.PhoneWindow.updateForceLightNavigationBar:4268 com.android.internal.policy.DecorView.updateColorViews:1494 com.android.internal.policy.PhoneWindow.dispatchWindowAttributesChanged:3246 android.view.Window.setFlags:1148 com.android.internal.policy.PhoneWindow.generateLayout:2474 
2021-02-02 10:12:14.371 18644-18644/com.nubo.test7 I/MultiWindowDecorSupport: updateCaptionType >> DecorView@69194f3[], isFloating: false, isApplication: true, hasWindowDecorCaption: false, hasWindowControllerCallback: false
2021-02-02 10:12:14.371 18644-18644/com.nubo.test7 D/MultiWindowDecorSupport: setCaptionType = 0, DecorView = DecorView@69194f3[]
2021-02-02 10:12:14.375 18644-18644/com.nubo.test7 D/nubo.WindowsStack: addWindowForActivityDialog. Add task that is on top
2021-02-02 10:12:14.376 18644-22339/com.nubo.test7 D/nubo.Debugger: PushWindow succeeded. processId=10014, wndId=237349902, nuboWndId=21673519, containerType: 1
2021-02-02 10:12:14.390 18644-18644/com.nubo.test7 D/ViewRootImpl@6a68d4f[NuboClientActivity]: setView = com.android.internal.policy.DecorView@69194f3 TM=true MM=false
2021-02-02 10:12:14.390 18644-22339/com.nubo.test7 D/nubo.NuboClientActivity: cmdcode: 120, bytesCount: 14, channelType: 0, processId: 10014
2021-02-02 10:12:14.391 18644-22339/com.nubo.test7 D/nubo.NuboClientActivity: cmdcode: 102, bytesCount: 27, channelType: 0, processId: 10014
2021-02-02 10:12:14.392 18644-22339/com.nubo.test7 V/nubo.NuboClientActivity: Window already exists
2021-02-02 10:12:14.392 18644-22339/com.nubo.test7 D/nubo.NuboClientActivity: cmdcode: 104, bytesCount: 14, channelType: 0, processId: 10014
2021-02-02 10:12:14.393 18644-22339/com.nubo.test7 V/nubo.NuboClientActivity: ShowWindow PACKAGENAME=com.android.chrome, wndId: 237349902
2021-02-02 10:12:14.418 18644-18644/com.nubo.test7 D/ViewRootImpl@6a68d4f[NuboClientActivity]: Relayout returned: old=(0,0,1440,3040) new=(0,150,1440,3040) req=(1440,3040)8 dur=21 res=0x1 s={false 0} ch=false
2021-02-02 10:12:14.443 18644-18644/com.nubo.test7 D/ViewRootImpl@ec77ac8[PopupWindow:92b91e5]: setView = android.widget.PopupWindow$PopupDecorView@1086761 TM=true MM=false
2021-02-02 10:12:14.443 18644-18644/com.nubo.test7 D/nubo.NuboClientActivity: mLayoutVisible PanelDialog: com.nubo.windows.PanelDialog@619c286
2021-02-02 10:12:14.444 18644-18644/com.nubo.test7 D/nubo.MenuBarManager: re-add menu to new parent view
2021-02-02 10:12:14.445 18644-18644/com.nubo.test7 D/nubo.MenuBarManager: add status bar to new parent view
2021-02-02 10:12:14.459 18644-22339/com.nubo.test7 D/nubo.NuboClientActivity: cmdcode: 72, bytesCount: 46, channelType: 0, processId: 10014
2021-02-02 10:12:14.474 18644-18644/com.nubo.test7 D/ViewRootImpl@6a68d4f[NuboClientActivity]: Relayout returned: old=(0,150,1440,3040) new=(0,150,1440,3040) req=(1440,2890)0 dur=14 res=0x7 s={true 492185018368} ch=true
2021-02-02 10:12:14.476 18644-18644/com.nubo.test7 I/MultiWindowDecorSupport: updateCaptionType >> DecorView@69194f3[NuboClientActivity], isFloating: false, isApplication: true, hasWindowDecorCaption: false, hasWindowControllerCallback: false
2021-02-02 10:12:14.476 18644-18644/com.nubo.test7 D/MultiWindowDecorSupport: setCaptionType = 0, DecorView = DecorView@69194f3[NuboClientActivity]
2021-02-02 10:12:14.476 18644-19155/com.nubo.test7 D/OpenGLRenderer: createReliableSurface : 0x729d801c80(0x7298836000)
2021-02-02 10:12:14.478 18644-19155/com.nubo.test7 I/mali_winsys: new_window_surface() [1440x2890] return: 0x3000
2021-02-02 10:12:14.479 18644-18644/com.nubo.test7 E/DecorView: mWindow.mActivityCurrentConfig is null
2021-02-02 10:12:14.479 18644-18644/com.nubo.test7 D/nubo.Debugger: onSurfaceTextureAvailable. surface=android.graphics.SurfaceTexture@115bc34
2021-02-02 10:12:14.486 18644-19155/com.nubo.test7 D/OpenGLRenderer: makeCurrent EglSurface : 0x0 -> 0x723add2080
2021-02-02 10:12:14.505 18644-18644/com.nubo.test7 D/ViewRootImpl@ec77ac8[PopupWindow:92b91e5]: Relayout returned: old=(0,150,1440,2872) new=(0,150,0,2872) req=(0,2722)0 dur=10 res=0x7 s={true 490611953664} ch=true
2021-02-02 10:12:14.505 18644-19155/com.nubo.test7 D/OpenGLRenderer: createReliableSurface : 0x72256e7300(0x723ac05000)
2021-02-02 10:12:14.506 18644-19155/com.nubo.test7 I/mali_winsys: new_window_surface() [1x2722] return: 0x3000
2021-02-02 10:12:14.507 18644-18644/com.nubo.test7 D/KeyboardHeightProvider: KeyboardHeightProvider. handleOnGlobalLayout. screenSize.y: 2723, rect.bottom: 2872, keyboardHeight: -149
2021-02-02 10:12:14.519 18644-18644/com.nubo.test7 D/nubo.SurfaceManager: createNewSurface. isTop: false, surfaceType: 0
2021-02-02 10:12:14.520 18644-18644/com.nubo.test7 D/SurfaceView: onWindowVisibilityChanged(0) true com.nubo.views.surface.NuboSurfaceView{9d12a5d V.E...... ......I. 0,0-0,0} of ViewRootImpl@6a68d4f[NuboClientActivity]
2021-02-02 10:12:14.521 18644-22339/com.nubo.test7 D/nubo.NuboClientActivity: cmdcode: 1, bytesCount: 30, channelType: 0, processId: 10014
2021-02-02 10:12:14.521 18644-22339/com.nubo.test7 D/nubo.NuboClientActivity: cmdcode: 16, bytesCount: 36, channelType: 0, processId: 10014
2021-02-02 10:12:14.522 18644-22339/com.nubo.test7 D/nubo.NuboClientActivity: cmdcode: 2, bytesCount: 37, channelType: 0, processId: 10014
2021-02-02 10:12:14.522 18644-22339/com.nubo.test7 D/nubo.NuboClientActivity: cmdcode: 7, bytesCount: 62, channelType: 0, processId: 10014
2021-02-02 10:12:14.523 18644-22339/com.nubo.test7 I/chatty: uid=10300(com.nubo.test7) Thread-26 identical 1 line
2021-02-02 10:12:14.524 18644-22339/com.nubo.test7 D/nubo.NuboClientActivity: cmdcode: 7, bytesCount: 62, channelType: 0, processId: 10014
2021-02-02 10:12:14.524 18644-22339/com.nubo.test7 D/nubo.NuboClientActivity: cmdcode: 14, bytesCount: 74, channelType: 0, processId: 10014
2021-02-02 10:12:14.525 18644-22339/com.nubo.test7 D/nubo.NuboClientActivity: cmdcode: 8, bytesCount: 1081, channelType: 0, processId: 10014
2021-02-02 10:12:14.526 18644-22339/com.nubo.test7 D/nubo.NuboClientActivity: cmdcode: 5, bytesCount: 116, channelType: 0, processId: 10014
2021-02-02 10:12:14.528 18644-22339/com.nubo.test7 D/nubo.NuboClientActivity: cmdcode: 8, bytesCount: 716, channelType: 0, processId: 10014
2021-02-02 10:12:14.529 18644-22339/com.nubo.test7 D/nubo.NuboClientActivity: cmdcode: 8, bytesCount: 602, channelType: 0, processId: 10014
2021-02-02 10:12:14.530 18644-22339/com.nubo.test7 D/nubo.NuboClientActivity: cmdcode: 8, bytesCount: 226, channelType: 0, processId: 10014
2021-02-02 10:12:14.531 18644-22339/com.nubo.test7 D/nubo.NuboClientActivity: cmdcode: 101, bytesCount: 13, channelType: 0, processId: 10014
2021-02-02 10:12:14.545 18644-22339/com.nubo.test7 D/nubo.NuboClientActivity: cmdcode: 1, bytesCount: 30, channelType: 0, processId: 10014
2021-02-02 10:12:14.545 18644-22339/com.nubo.test7 D/nubo.NuboClientActivity: cmdcode: 16, bytesCount: 36, channelType: 0, processId: 10014
2021-02-02 10:12:14.546 18644-22339/com.nubo.test7 D/nubo.NuboClientActivity: cmdcode: 2, bytesCount: 37, channelType: 0, processId: 10014
2021-02-02 10:12:14.546 18644-22339/com.nubo.test7 D/nubo.NuboClientActivity: cmdcode: 7, bytesCount: 62, channelType: 0, processId: 10014
2021-02-02 10:12:14.546 18644-22339/com.nubo.test7 D/nubo.NuboClientActivity: cmdcode: 7, bytesCount: 62, channelType: 0, processId: 10014
2021-02-02 10:12:14.547 18644-22339/com.nubo.test7 D/nubo.NuboClientActivity: cmdcode: 7, bytesCount: 62, channelType: 0, processId: 10014
2021-02-02 10:12:14.547 18644-22339/com.nubo.test7 D/nubo.NuboClientActivity: cmdcode: 14, bytesCount: 74, channelType: 0, processId: 10014
2021-02-02 10:12:14.548 18644-22339/com.nubo.test7 D/nubo.NuboClientActivity: cmdcode: 8, bytesCount: 81, channelType: 0, processId: 10014
2021-02-02 10:12:14.548 18644-22339/com.nubo.test7 D/nubo.NuboClientActivity: cmdcode: 5, bytesCount: 84, channelType: 0, processId: 10014
2021-02-02 10:12:14.549 18644-22339/com.nubo.test7 D/nubo.NuboClientActivity: cmdcode: 8, bytesCount: 81, channelType: 0, processId: 10014
2021-02-02 10:12:14.549 18644-22339/com.nubo.test7 D/nubo.NuboClientActivity: cmdcode: 8, bytesCount: 81, channelType: 0, processId: 10014
2021-02-02 10:12:14.549 18644-22339/com.nubo.test7 D/nubo.NuboClientActivity: cmdcode: 8, bytesCount: 73, channelType: 0, processId: 10014
2021-02-02 10:12:14.550 18644-22339/com.nubo.test7 D/nubo.NuboClientActivity: cmdcode: 101, bytesCount: 13, channelType: 0, processId: 10014
2021-02-02 10:12:14.550 18644-18644/com.nubo.test7 D/ViewRootImpl@6a68d4f[NuboClientActivity]: Relayout returned: old=(0,150,1440,3040) new=(0,150,1440,3040) req=(1440,2890)0 dur=29 res=0x1 s={true 492185018368} ch=false
2021-02-02 10:12:14.550 18644-19155/com.nubo.test7 D/OpenGLRenderer: createReliableSurface : 0x732fd1dfc0(0x7298836000)
2021-02-02 10:12:14.551 18644-18644/com.nubo.test7 E/DecorView: mWindow.mActivityCurrentConfig is null
2021-02-02 10:12:14.552 18644-19155/com.nubo.test7 D/OpenGLRenderer: makeCurrent EglSurface : 0x723add2080 -> 0x0
2021-02-02 10:12:14.552 18644-19155/com.nubo.test7 D/OpenGLRenderer: destroyEglSurface : 0x723add2080
2021-02-02 10:12:14.552 18644-19155/com.nubo.test7 I/mali_egl: eglDestroySurface() in
2021-02-02 10:12:14.554 18644-19155/com.nubo.test7 I/mali_winsys: delete_surface() [1440x2890] return
2021-02-02 10:12:14.554 18644-19155/com.nubo.test7 I/mali_egl: eglDestroySurface() out
2021-02-02 10:12:14.554 18644-19155/com.nubo.test7 W/libEGL: EGLNativeWindowType 0x729d801c90 disconnect failed
2021-02-02 10:12:14.554 18644-19155/com.nubo.test7 D/OpenGLRenderer: ~ReliableSurface : 0x729d801c80
2021-02-02 10:12:14.555 18644-19155/com.nubo.test7 I/mali_winsys: new_window_surface() [1440x2890] return: 0x3000
2021-02-02 10:12:14.556 18644-19155/com.nubo.test7 D/OpenGLRenderer: makeCurrent EglSurface : 0x0 -> 0x723add2080
2021-02-02 10:12:14.556 18644-18644/com.nubo.test7 D/ViewRootImpl@6a68d4f[NuboClientActivity]: MSG_WINDOW_FOCUS_CHANGED 1 1
2021-02-02 10:12:14.556 18644-18644/com.nubo.test7 D/InputMethodManager: prepareNavigationBarInfo() DecorView@69194f3[NuboClientActivity]
2021-02-02 10:12:14.556 18644-18644/com.nubo.test7 D/InputMethodManager: getNavigationBarColor() -855310
2021-02-02 10:12:14.557 18644-18644/com.nubo.test7 D/InputMethodManager: prepareNavigationBarInfo() DecorView@69194f3[NuboClientActivity]
2021-02-02 10:12:14.557 18644-18644/com.nubo.test7 D/InputMethodManager: getNavigationBarColor() -855310
2021-02-02 10:12:14.557 18644-18644/com.nubo.test7 V/InputMethodManager: Starting input: tba=com.nubo.test7 ic=null mNaviBarColor -855310 mIsGetNaviBarColorSuccess true , NavVisible : true , NavTrans : false
2021-02-02 10:12:14.557 18644-18644/com.nubo.test7 D/InputMethodManager: startInputInner - Id : 0
2021-02-02 10:12:14.557 18644-18644/com.nubo.test7 I/InputMethodManager: startInputInner - mService.startInputOrWindowGainedFocus
2021-02-02 10:12:14.560 18644-18644/com.nubo.test7 D/InputTransport: Input channel destroyed: 'ClientS', fd=90
2021-02-02 10:12:14.561 18644-18644/com.nubo.test7 D/ViewRootImpl@6a68d4f[NuboClientActivity]: MSG_RESIZED_REPORT: frame=(0,150,1440,3040) ci=(0,0,0,168) vi=(0,0,0,168) or=1
2021-02-02 10:12:14.561 18644-18644/com.nubo.test7 D/ViewRootImpl@ec77ac8[PopupWindow:92b91e5]: MSG_RESIZED: frame=(0,150,0,2872) ci=(0,0,0,0) vi=(0,0,0,0) or=1
2021-02-02 10:12:14.561 18644-22339/com.nubo.test7 D/nubo.NuboClientActivity: cmdcode: 29, bytesCount: 45, channelType: 0, processId: 9130
2021-02-02 10:12:14.562 18644-22339/com.nubo.test7 D/nubo.NuboClientActivity: cmdcode: 121, bytesCount: 13, channelType: 0, processId: 9130
2021-02-02 10:12:14.562 18644-22339/com.nubo.test7 E/nubo.NuboClientActivity: clearProcessCacheAck. processId: 9130
2021-02-02 10:12:14.562 18644-22339/com.nubo.test7 D/nubo.NuboClientActivity: cmdcode: 123, bytesCount: 21, channelType: 0, processId: -1
2021-02-02 10:12:14.575 18644-18644/com.nubo.test7 D/KeyboardHeightProvider: KeyboardHeightProvider. handleOnGlobalLayout. screenSize.y: 2723, rect.bottom: 2872, keyboardHeight: -149
2021-02-02 10:12:14.576 18644-18644/com.nubo.test7 D/ViewRootImpl@e2b4910[NuboClientActivity]: MSG_WINDOW_FOCUS_CHANGED 0 1
2021-02-02 10:12:14.576 18644-18644/com.nubo.test7 D/InputMethodManager: prepareNavigationBarInfo() DecorView@4569a4d[NuboClientActivity]
2021-02-02 10:12:14.576 18644-18644/com.nubo.test7 D/InputMethodManager: getNavigationBarColor() -855310
2021-02-02 10:12:14.577 18644-18644/com.nubo.test7 D/InputMethodManager: prepareNavigationBarInfo() DecorView@69194f3[NuboClientActivity]
2021-02-02 10:12:14.577 18644-18644/com.nubo.test7 D/InputMethodManager: getNavigationBarColor() -855310
2021-02-02 10:12:14.577 18644-18644/com.nubo.test7 V/InputMethodManager: Starting input: tba=com.nubo.test7 ic=com.nubo.views.TextureViewPanel$NuboInputConnection@2e2ebff mNaviBarColor -855310 mIsGetNaviBarColorSuccess true , NavVisible : true , NavTrans : false
2021-02-02 10:12:14.577 18644-18644/com.nubo.test7 D/InputMethodManager: startInputInner - Id : 0
2021-02-02 10:12:14.577 18644-18644/com.nubo.test7 I/InputMethodManager: startInputInner - mService.startInputOrWindowGainedFocus
2021-02-02 10:12:14.580 18644-18644/com.nubo.test7 D/InputTransport: Input channel destroyed: 'ClientS', fd=112
2021-02-02 10:12:15.185 18644-22339/com.nubo.test7 D/nubo.NuboClientActivity: cmdcode: 109, bytesCount: 13, channelType: 0, processId: 9321
2021-02-02 10:12:15.186 18644-22339/com.nubo.test7 V/NuboOpenGLUtils: endGLThreadsForProcess: 9321
2021-02-02 10:12:15.187 18644-22339/com.nubo.test7 E/NuboOpenGLUtils: No GL threads found for process: 9321
2021-02-02 10:12:15.188 18644-22339/com.nubo.test7 E/NuboSensorManager: disableProcessSensors. processId: 9321
2021-02-02 10:12:15.356 18644-22339/com.nubo.test7 D/nubo.NuboClientActivity: cmdcode: 72, bytesCount: 46, channelType: 0, processId: 10014
2021-02-02 10:12:15.358 18644-18644/com.nubo.test7 V/nubo.SurfaceManager: Changing dimensions to 1440,  height
2021-02-02 10:12:15.378 18644-18644/com.nubo.test7 D/SurfaceView: surfaceCreated 1 #8 com.nubo.views.surface.NuboSurfaceView{9d12a5d V.E...... ......ID 0,0-1440,2722}
2021-02-02 10:12:15.378 18644-18644/com.nubo.test7 V/nubo.NuboSurfaceView: dbg_surface surfaceCreated -258023424 real surface=Surface(name=null)/@0x4c05dcc, mIsAttached: false
2021-02-02 10:12:15.380 18644-18644/com.nubo.test7 D/SurfaceView: surfaceChanged (1440,2722) 1 #8 com.nubo.views.surface.NuboSurfaceView{9d12a5d V.E...... ......ID 0,0-1440,2722}
2021-02-02 10:12:15.380 18644-18644/com.nubo.test7 D/nubo.NuboSurfaceView: dbg_surface surfaceChanged width=720, height=1361
2021-02-02 10:12:15.382 18644-18644/com.nubo.test7 E/DecorView: mWindow.mActivityCurrentConfig is null
2021-02-02 10:12:15.454 18644-22339/com.nubo.test7 D/nubo.NuboClientActivity: cmdcode: 123, bytesCount: 21, channelType: 0, processId: -1
2021-02-02 10:12:15.457 18644-22339/com.nubo.test7 D/nubo.NuboClientActivity: cmdcode: 72, bytesCount: 46, channelType: 0, processId: 10014
2021-02-02 10:12:15.459 18644-18644/com.nubo.test7 V/nubo.SurfaceManager: Changing dimensions to 1440,  height
2021-02-02 10:12:15.460 18644-22339/com.nubo.test7 D/nubo.NuboClientActivity: cmdcode: 1, bytesCount: 30, channelType: 0, processId: 10014
2021-02-02 10:12:15.461 18644-22339/com.nubo.test7 D/nubo.NuboClientActivity: cmdcode: 16, bytesCount: 36, channelType: 0, processId: 10014
2021-02-02 10:12:15.462 18644-22339/com.nubo.test7 D/nubo.NuboClientActivity: cmdcode: 2, bytesCount: 37, channelType: 0, processId: 10014
2021-02-02 10:12:15.464 18644-22339/com.nubo.test7 D/nubo.NuboClientActivity: cmdcode: 7, bytesCount: 62, channelType: 0, processId: 10014
2021-02-02 10:12:15.466 18644-22339/com.nubo.test7 D/nubo.NuboClientActivity: cmdcode: 7, bytesCount: 62, channelType: 0, processId: 10014
2021-02-02 10:12:15.469 18644-22339/com.nubo.test7 D/nubo.NuboClientActivity: cmdcode: 72, bytesCount: 46, channelType: 0, processId: 10014
2021-02-02 10:12:15.471 18644-18644/com.nubo.test7 V/nubo.SurfaceManager: Changing dimensions to 1440,  height
2021-02-02 10:12:15.471 18644-22339/com.nubo.test7 D/nubo.NuboClientActivity: cmdcode: 2, bytesCount: 37, channelType: 0, processId: 10014
2021-02-02 10:12:15.473 18644-22339/com.nubo.test7 D/nubo.NuboClientActivity: cmdcode: 7, bytesCount: 62, channelType: 0, processId: 10014
2021-02-02 10:12:15.475 18644-22339/com.nubo.test7 D/nubo.NuboClientActivity: cmdcode: 7, bytesCount: 62, channelType: 0, processId: 10014
2021-02-02 10:12:15.477 18644-22339/com.nubo.test7 D/nubo.NuboClientActivity: cmdcode: 8, bytesCount: 715, channelType: 0, processId: 10014
2021-02-02 10:12:15.479 18644-22339/com.nubo.test7 D/nubo.NuboClientActivity: cmdcode: 14, bytesCount: 74, channelType: 0, processId: 10014
2021-02-02 10:12:15.481 18644-22339/com.nubo.test7 D/nubo.NuboClientActivity: cmdcode: 8, bytesCount: 81, channelType: 0, processId: 10014
2021-02-02 10:12:15.482 18644-22339/com.nubo.test7 D/nubo.NuboClientActivity: cmdcode: 17, bytesCount: 111, channelType: 0, processId: 10014
2021-02-02 10:12:15.484 18644-22339/com.nubo.test7 D/nubo.NuboClientActivity: cmdcode: 17, bytesCount: 118, channelType: 0, processId: 10014
2021-02-02 10:12:15.486 18644-22339/com.nubo.test7 D/nubo.NuboClientActivity: cmdcode: 8, bytesCount: 81, channelType: 0, processId: 10014
2021-02-02 10:12:15.487 18644-22339/com.nubo.test7 D/nubo.NuboClientActivity: cmdcode: 8, bytesCount: 81, channelType: 0, processId: 10014
2021-02-02 10:12:15.489 18644-22339/com.nubo.test7 D/nubo.NuboClientActivity: cmdcode: 8, bytesCount: 73, channelType: 0, processId: 10014
2021-02-02 10:12:15.491 18644-22339/com.nubo.test7 D/nubo.NuboClientActivity: cmdcode: 7, bytesCount: 66, channelType: 0, processId: 10014
2021-02-02 10:12:15.492 18644-22339/com.nubo.test7 D/nubo.NuboClientActivity: cmdcode: 7, bytesCount: 66, channelType: 0, processId: 10014
2021-02-02 10:12:15.493 18644-22339/com.nubo.test7 D/nubo.NuboClientActivity: cmdcode: 101, bytesCount: 13, channelType: 0, processId: 10014
2021-02-02 10:12:15.520 18644-18644/com.nubo.test7 E/DecorView: mWindow.mActivityCurrentConfig is null
2021-02-02 10:12:15.527 18644-22339/com.nubo.test7 D/nubo.NuboClientActivity: cmdcode: 1, bytesCount: 30, channelType: 0, processId: 10014
2021-02-02 10:12:15.528 18644-22339/com.nubo.test7 D/nubo.NuboClientActivity: cmdcode: 16, bytesCount: 36, channelType: 0, processId: 10014
2021-02-02 10:12:15.529 18644-22339/com.nubo.test7 D/nubo.NuboClientActivity: cmdcode: 2, bytesCount: 37, channelType: 0, processId: 10014
2021-02-02 10:12:15.530 18644-22339/com.nubo.test7 D/nubo.NuboClientActivity: cmdcode: 7, bytesCount: 62, channelType: 0, processId: 10014
2021-02-02 10:12:15.531 18644-22339/com.nubo.test7 D/nubo.NuboClientActivity: cmdcode: 7, bytesCount: 62, channelType: 0, processId: 10014
2021-02-02 10:12:15.532 18644-22339/com.nubo.test7 D/nubo.NuboClientActivity: cmdcode: 2, bytesCount: 37, channelType: 0, processId: 10014
2021-02-02 10:12:15.532 18644-22339/com.nubo.test7 D/nubo.NuboClientActivity: cmdcode: 7, bytesCount: 62, channelType: 0, processId: 10014
2021-02-02 10:12:15.533 18644-22339/com.nubo.test7 D/nubo.NuboClientActivity: cmdcode: 7, bytesCount: 62, channelType: 0, processId: 10014
2021-02-02 10:12:15.534 18644-22339/com.nubo.test7 D/nubo.NuboClientActivity: cmdcode: 8, bytesCount: 81, channelType: 0, processId: 10014
2021-02-02 10:12:15.536 18644-22339/com.nubo.test7 D/nubo.NuboClientActivity: cmdcode: 14, bytesCount: 74, channelType: 0, processId: 10014
2021-02-02 10:12:15.537 18644-22339/com.nubo.test7 D/nubo.NuboClientActivity: cmdcode: 8, bytesCount: 81, channelType: 0, processId: 10014
2021-02-02 10:12:15.538 18644-22339/com.nubo.test7 D/nubo.NuboClientActivity: cmdcode: 17, bytesCount: 92, channelType: 0, processId: 10014
2021-02-02 10:12:15.539 18644-22339/com.nubo.test7 D/nubo.NuboClientActivity: cmdcode: 17, bytesCount: 92, channelType: 0, processId: 10014
2021-02-02 10:12:15.541 18644-22339/com.nubo.test7 D/nubo.NuboClientActivity: cmdcode: 8, bytesCount: 81, channelType: 0, processId: 10014
2021-02-02 10:12:15.542 18644-22339/com.nubo.test7 D/nubo.NuboClientActivity: cmdcode: 8, bytesCount: 81, channelType: 0, processId: 10014
2021-02-02 10:12:15.543 18644-22339/com.nubo.test7 D/nubo.NuboClientActivity: cmdcode: 8, bytesCount: 73, channelType: 0, processId: 10014
2021-02-02 10:12:15.544 18644-22339/com.nubo.test7 D/nubo.NuboClientActivity: cmdcode: 7, bytesCount: 66, channelType: 0, processId: 10014
2021-02-02 10:12:15.545 18644-22339/com.nubo.test7 D/nubo.NuboClientActivity: cmdcode: 7, bytesCount: 66, channelType: 0, processId: 10014
2021-02-02 10:12:15.546 18644-22339/com.nubo.test7 D/nubo.NuboClientActivity: cmdcode: 101, bytesCount: 13, channelType: 0, processId: 10014
2021-02-02 10:12:16.124 18644-22339/com.nubo.test7 D/nubo.NuboClientActivity: cmdcode: -127, bytesCount: 21, channelType: 0, processId: 10014
2021-02-02 10:12:16.125 18644-22339/com.nubo.test7 I/nubo.NuboClientActivity: glAttachWindow pid 10014, tid 10092
2021-02-02 10:12:16.126 18644-22339/com.nubo.test7 E/nubo.NuboClientActivity: glAttachWindow found window hash-258023424 surface=Surface(name=null)/@0x4c05dcc
2021-02-02 10:12:16.127 18644-22339/com.nubo.test7 E/nubo.NuboClientActivity: Using server side open GL
2021-02-02 10:12:16.129 18644-22339/com.nubo.test7 D/nubo.glSurfaceHolder: Create OpenglStream, SurfaceView:com.nubo.views.surface.NuboSurfaceView{9d12a5d V.E...... ........ 0,0-1440,2722}
2021-02-02 10:12:16.129 18644-22339/com.nubo.test7 D/nubo.glSurfaceHolder: Surface created: surf:Surface(name=null)/@0x4c05dcc
2021-02-02 10:12:16.129 18644-22339/com.nubo.test7 I/nubovideosink.main: Created CustomData at 0x728ba63610
2021-02-02 10:12:16.130 18644-22339/com.nubo.test7 I/nubovideosink.main: Created GlobalRef for app object at 0x3dfa
2021-02-02 10:12:16.130 18644-22339/com.nubo.test7 D/nubo.glSurfaceHolder: Surface changed to format 0 0x0 surf: Surface(name=null)/@0x4c05dcc
2021-02-02 10:12:16.130 18644-22339/com.nubo.test7 I/nubovideosink.main: gst_native_surface_init data 0x728ba63610
2021-02-02 10:12:16.130 18644-22339/com.nubo.test7 I/nubovideosink.main: Received surface 0x720c63ca48 (native window 0x722581a010)
2021-02-02 10:12:16.130 18644-22339/com.nubo.test7 I/nubovideosink.main: Attaching thread 0x72256cdd50
2021-02-02 10:12:16.132 18644-22578/com.nubo.test7 I/nubovideosink.main: Creating pipeline in CustomData at 0x728ba63610
2021-02-02 10:12:16.162 18644-22578/com.nubo.test7 I/nubovideosink.main: Entering main loop... (CustomData:0x728ba63610)
2021-02-02 10:12:16.162 18644-22578/com.nubo.test7 I/nubovideosink.main: Attaching thread 0x728b84b6f0
2021-02-02 10:12:16.163 18644-22578/com.nubo.test7 I/nubovideosink.main: check_initialization_complete Initialization complete, notifying application. native_window:0x722581a010 main_loop:0x728b967b90
2021-02-02 10:12:16.163 18644-22578/com.nubo.test7 I/nubovideosink.main: window been set overlay 0x71f8a67020 by native_window:0x722581a010
2021-02-02 10:12:16.165 18644-22578/com.nubo.test7 E/nubovideosink.main: State changed to READY
2021-02-02 10:12:16.165 18644-22578/com.nubo.test7 E/nubovideosink.main: State changed to PAUSED
2021-02-02 10:12:16.371 18644-22339/com.nubo.test7 D/nubo.NuboClientActivity: cmdcode: 1, bytesCount: 30, channelType: 0, processId: 10014
2021-02-02 10:12:16.374 18644-22339/com.nubo.test7 D/nubo.NuboClientActivity: cmdcode: 16, bytesCount: 36, channelType: 0, processId: 10014
2021-02-02 10:12:16.375 18644-22339/com.nubo.test7 D/nubo.NuboClientActivity: cmdcode: 2, bytesCount: 37, channelType: 0, processId: 10014
2021-02-02 10:12:16.379 18644-22339/com.nubo.test7 D/nubo.NuboClientActivity: cmdcode: 7, bytesCount: 62, channelType: 0, processId: 10014
2021-02-02 10:12:16.381 18644-22339/com.nubo.test7 D/nubo.NuboClientActivity: cmdcode: 7, bytesCount: 62, channelType: 0, processId: 10014
2021-02-02 10:12:16.383 18644-22339/com.nubo.test7 D/nubo.NuboClientActivity: cmdcode: 2, bytesCount: 37, channelType: 0, processId: 10014
2021-02-02 10:12:16.385 18644-22339/com.nubo.test7 D/nubo.NuboClientActivity: cmdcode: 7, bytesCount: 62, channelType: 0, processId: 10014
2021-02-02 10:12:16.386 18644-22339/com.nubo.test7 D/nubo.NuboClientActivity: cmdcode: 7, bytesCount: 62, channelType: 0, processId: 10014
2021-02-02 10:12:16.386 18644-22339/com.nubo.test7 D/nubo.NuboClientActivity: cmdcode: 8, bytesCount: 81, channelType: 0, processId: 10014
2021-02-02 10:12:16.387 18644-22339/com.nubo.test7 D/nubo.NuboClientActivity: cmdcode: 14, bytesCount: 74, channelType: 0, processId: 10014
2021-02-02 10:12:16.388 18644-22339/com.nubo.test7 D/nubo.NuboClientActivity: cmdcode: 8, bytesCount: 81, channelType: 0, processId: 10014
2021-02-02 10:12:16.389 18644-22339/com.nubo.test7 D/nubo.NuboClientActivity: cmdcode: 17, bytesCount: 92, channelType: 0, processId: 10014
2021-02-02 10:12:16.389 18644-22339/com.nubo.test7 D/nubo.NuboClientActivity: cmdcode: 17, bytesCount: 92, channelType: 0, processId: 10014
2021-02-02 10:12:16.390 18644-22339/com.nubo.test7 D/nubo.NuboClientActivity: cmdcode: 8, bytesCount: 81, channelType: 0, processId: 10014
2021-02-02 10:12:16.391 18644-22339/com.nubo.test7 D/nubo.NuboClientActivity: cmdcode: 8, bytesCount: 81, channelType: 0, processId: 10014
2021-02-02 10:12:16.391 18644-22339/com.nubo.test7 D/nubo.NuboClientActivity: cmdcode: 8, bytesCount: 73, channelType: 0, processId: 10014
2021-02-02 10:12:16.392 18644-22339/com.nubo.test7 D/nubo.NuboClientActivity: cmdcode: 7, bytesCount: 66, channelType: 0, processId: 10014
2021-02-02 10:12:16.392 18644-22339/com.nubo.test7 D/nubo.NuboClientActivity: cmdcode: 7, bytesCount: 66, channelType: 0, processId: 10014
2021-02-02 10:12:16.393 18644-22339/com.nubo.test7 D/nubo.NuboClientActivity: cmdcode: 101, bytesCount: 13, channelType: 0, processId: 10014
2021-02-02 10:12:16.468 18644-22339/com.nubo.test7 D/nubo.NuboClientActivity: cmdcode: 123, bytesCount: 21, channelType: 0, processId: -1
2021-02-02 10:12:16.674 18644-22343/com.nubo.test7 D/nubo.NuboClientActivity: cmdcode: 123, bytesCount: 21, channelType: 2, processId: -1
2021-02-02 10:12:17.286 18644-22339/com.nubo.test7 D/nubo.NuboClientActivity: cmdcode: 1, bytesCount: 30, channelType: 0, processId: 10014
2021-02-02 10:12:17.288 18644-22339/com.nubo.test7 D/nubo.NuboClientActivity: cmdcode: 16, bytesCount: 36, channelType: 0, processId: 10014
2021-02-02 10:12:17.289 18644-22339/com.nubo.test7 D/nubo.NuboClientActivity: cmdcode: 2, bytesCount: 37, channelType: 0, processId: 10014
2021-02-02 10:12:17.290 18644-22339/com.nubo.test7 D/nubo.NuboClientActivity: cmdcode: 7, bytesCount: 62, channelType: 0, processId: 10014
2021-02-02 10:12:17.292 18644-22339/com.nubo.test7 D/nubo.NuboClientActivity: cmdcode: 7, bytesCount: 62, channelType: 0, processId: 10014
2021-02-02 10:12:17.294 18644-22339/com.nubo.test7 D/nubo.NuboClientActivity: cmdcode: 2, bytesCount: 37, channelType: 0, processId: 10014
2021-02-02 10:12:17.295 18644-22339/com.nubo.test7 D/nubo.NuboClientActivity: cmdcode: 7, bytesCount: 62, channelType: 0, processId: 10014
2021-02-02 10:12:17.297 18644-22339/com.nubo.test7 D/nubo.NuboClientActivity: cmdcode: 7, bytesCount: 62, channelType: 0, processId: 10014
2021-02-02 10:12:17.298 18644-22339/com.nubo.test7 D/nubo.NuboClientActivity: cmdcode: 14, bytesCount: 74, channelType: 0, processId: 10014
2021-02-02 10:12:17.301 18644-22339/com.nubo.test7 D/nubo.NuboClientActivity: cmdcode: 8, bytesCount: 81, channelType: 0, processId: 10014
2021-02-02 10:12:17.303 18644-22339/com.nubo.test7 D/nubo.NuboClientActivity: cmdcode: 5, bytesCount: 97, channelType: 0, processId: 10014
2021-02-02 10:12:17.310 18644-22339/com.nubo.test7 D/nubo.NuboClientActivity: cmdcode: 8, bytesCount: 73, channelType: 0, processId: 10014
2021-02-02 10:12:17.311 18644-22339/com.nubo.test7 D/nubo.NuboClientActivity: cmdcode: 7, bytesCount: 66, channelType: 0, processId: 10014
2021-02-02 10:12:17.312 18644-22339/com.nubo.test7 D/nubo.NuboClientActivity: cmdcode: 7, bytesCount: 66, channelType: 0, processId: 10014
2021-02-02 10:12:17.313 18644-22339/com.nubo.test7 D/nubo.NuboClientActivity: cmdcode: 101, bytesCount: 13, channelType: 0, processId: 10014
2021-02-02 10:12:17.424 18644-22339/com.nubo.test7 D/nubo.NuboClientActivity: cmdcode: 123, bytesCount: 21, channelType: 0, processId: -1
2021-02-02 10:12:17.427 18644-22339/com.nubo.test7 D/nubo.NuboClientActivity: cmdcode: 1, bytesCount: 30, channelType: 0, processId: 10014
2021-02-02 10:12:17.428 18644-22339/com.nubo.test7 D/nubo.NuboClientActivity: cmdcode: 16, bytesCount: 36, channelType: 0, processId: 10014
2021-02-02 10:12:17.429 18644-22339/com.nubo.test7 D/nubo.NuboClientActivity: cmdcode: 2, bytesCount: 37, channelType: 0, processId: 10014
2021-02-02 10:12:17.431 18644-22339/com.nubo.test7 D/nubo.NuboClientActivity: cmdcode: 7, bytesCount: 62, channelType: 0, processId: 10014
2021-02-02 10:12:17.433 18644-22339/com.nubo.test7 D/nubo.NuboClientActivity: cmdcode: 7, bytesCount: 62, channelType: 0, processId: 10014
2021-02-02 10:12:17.435 18644-22339/com.nubo.test7 D/nubo.NuboClientActivity: cmdcode: 2, bytesCount: 37, channelType: 0, processId: 10014
2021-02-02 10:12:17.438 18644-22339/com.nubo.test7 D/nubo.NuboClientActivity: cmdcode: 7, bytesCount: 62, channelType: 0, processId: 10014
2021-02-02 10:12:17.439 18644-22339/com.nubo.test7 D/nubo.NuboClientActivity: cmdcode: 7, bytesCount: 62, channelType: 0, processId: 10014
2021-02-02 10:12:17.440 18644-22339/com.nubo.test7 D/nubo.NuboClientActivity: cmdcode: 8, bytesCount: 81, channelType: 0, processId: 10014
2021-02-02 10:12:17.441 18644-22339/com.nubo.test7 D/nubo.NuboClientActivity: cmdcode: 14, bytesCount: 74, channelType: 0, processId: 10014
2021-02-02 10:12:17.442 18644-22339/com.nubo.test7 D/nubo.NuboClientActivity: cmdcode: 8, bytesCount: 81, channelType: 0, processId: 10014
2021-02-02 10:12:17.443 18644-22339/com.nubo.test7 D/nubo.NuboClientActivity: cmdcode: 17, bytesCount: 92, channelType: 0, processId: 10014
2021-02-02 10:12:17.444 18644-22339/com.nubo.test7 D/nubo.NuboClientActivity: cmdcode: 17, bytesCount: 92, channelType: 0, processId: 10014
2021-02-02 10:12:17.444 18644-22339/com.nubo.test7 D/nubo.NuboClientActivity: cmdcode: 8, bytesCount: 81, channelType: 0, processId: 10014
2021-02-02 10:12:17.445 18644-22339/com.nubo.test7 D/nubo.NuboClientActivity: cmdcode: 5, bytesCount: 97, channelType: 0, processId: 10014
2021-02-02 10:12:17.446 18644-22339/com.nubo.test7 D/nubo.NuboClientActivity: cmdcode: 8, bytesCount: 81, channelType: 0, processId: 10014
2021-02-02 10:12:17.446 18644-22339/com.nubo.test7 D/nubo.NuboClientActivity: cmdcode: 8, bytesCount: 73, channelType: 0, processId: 10014
2021-02-02 10:12:17.447 18644-22339/com.nubo.test7 D/nubo.NuboClientActivity: cmdcode: 7, bytesCount: 66, channelType: 0, processId: 10014
2021-02-02 10:12:17.447 18644-22339/com.nubo.test7 D/nubo.NuboClientActivity: cmdcode: 7, bytesCount: 66, channelType: 0, processId: 10014
2021-02-02 10:12:17.448 18644-22339/com.nubo.test7 D/nubo.NuboClientActivity: cmdcode: 101, bytesCount: 13, channelType: 0, processId: 10014
2021-02-02 10:12:18.433 18644-22339/com.nubo.test7 D/nubo.NuboClientActivity: cmdcode: 123, bytesCount: 21, channelType: 0, processId: -1
2021-02-02 10:12:19.433 18644-22339/com.nubo.test7 D/nubo.NuboClientActivity: cmdcode: 123, bytesCount: 21, channelType: 0, processId: -1
2021-02-02 10:12:20.422 18644-22343/com.nubo.test7 D/nubo.NuboClientActivity: cmdcode: -120, bytesCount: 57, channelType: 2, processId: -1
2021-02-02 10:12:20.430 18644-22343/com.nubo.test7 D/nubo.NuboClientActivity: cmdcode: -120, bytesCount: 33, channelType: 2, processId: -1
2021-02-02 10:12:20.433 18644-22343/com.nubo.test7 D/nubo.NuboClientActivity: cmdcode: -120, bytesCount: 57, channelType: 2, processId: -1
2021-02-02 10:12:20.435 18644-22343/com.nubo.test7 D/nubo.NuboClientActivity: cmdcode: -120, bytesCount: 33, channelType: 2, processId: -1
2021-02-02 10:12:20.438 18644-22343/com.nubo.test7 D/nubo.NuboClientActivity: cmdcode: -120, bytesCount: 1417, channelType: 2, processId: -1
2021-02-02 10:12:20.446 18644-22343/com.nubo.test7 I/chatty: uid=10300(com.nubo.test7) Thread-27 identical 3 lines
2021-02-02 10:12:20.448 18644-22343/com.nubo.test7 D/nubo.NuboClientActivity: cmdcode: -120, bytesCount: 1417, channelType: 2, processId: -1
2021-02-02 10:12:20.450 18644-22343/com.nubo.test7 D/nubo.NuboClientActivity: cmdcode: -120, bytesCount: 1010, channelType: 2, processId: -1
2021-02-02 10:12:20.452 18644-22343/com.nubo.test7 D/nubo.NuboClientActivity: cmdcode: -120, bytesCount: 119, channelType: 2, processId: -1
2021-02-02 10:12:20.452 18644-22339/com.nubo.test7 D/nubo.NuboClientActivity: cmdcode: 1, bytesCount: 30, channelType: 0, processId: 10014
2021-02-02 10:12:20.454 18644-22339/com.nubo.test7 D/nubo.NuboClientActivity: cmdcode: 16, bytesCount: 36, channelType: 0, processId: 10014
2021-02-02 10:12:20.456 18644-22339/com.nubo.test7 D/nubo.NuboClientActivity: cmdcode: 2, bytesCount: 37, channelType: 0, processId: 10014
2021-02-02 10:12:20.459 18644-22339/com.nubo.test7 D/nubo.NuboClientActivity: cmdcode: 7, bytesCount: 62, channelType: 0, processId: 10014
2021-02-02 10:12:20.462 18644-22339/com.nubo.test7 D/nubo.NuboClientActivity: cmdcode: 2, bytesCount: 37, channelType: 0, processId: 10014
2021-02-02 10:12:20.465 18644-22339/com.nubo.test7 D/nubo.NuboClientActivity: cmdcode: 7, bytesCount: 62, channelType: 0, processId: 10014
2021-02-02 10:12:20.467 18644-22339/com.nubo.test7 D/nubo.NuboClientActivity: cmdcode: 8, bytesCount: 81, channelType: 0, processId: 10014
2021-02-02 10:12:20.470 18644-22339/com.nubo.test7 D/nubo.NuboClientActivity: cmdcode: 14, bytesCount: 74, channelType: 0, processId: 10014
2021-02-02 10:12:20.472 18644-22339/com.nubo.test7 D/nubo.NuboClientActivity: cmdcode: 8, bytesCount: 81, channelType: 0, processId: 10014
2021-02-02 10:12:20.473 18644-22343/com.nubo.test7 D/nubo.NuboClientActivity: cmdcode: -120, bytesCount: 43, channelType: 2, processId: -1
2021-02-02 10:12:20.475 18644-22339/com.nubo.test7 D/nubo.NuboClientActivity: cmdcode: 17, bytesCount: 92, channelType: 0, processId: 10014
2021-02-02 10:12:20.478 18644-22339/com.nubo.test7 D/nubo.NuboClientActivity: cmdcode: 17, bytesCount: 92, channelType: 0, processId: 10014
2021-02-02 10:12:20.479 18644-22339/com.nubo.test7 D/nubo.NuboClientActivity: cmdcode: 8, bytesCount: 81, channelType: 0, processId: 10014
2021-02-02 10:12:20.482 18644-22339/com.nubo.test7 D/nubo.NuboClientActivity: cmdcode: 5, bytesCount: 97, channelType: 0, processId: 10014
2021-02-02 10:12:20.483 18644-22339/com.nubo.test7 D/nubo.NuboClientActivity: cmdcode: 8, bytesCount: 81, channelType: 0, processId: 10014
2021-02-02 10:12:20.485 18644-22339/com.nubo.test7 D/nubo.NuboClientActivity: cmdcode: 8, bytesCount: 73, channelType: 0, processId: 10014
2021-02-02 10:12:20.486 18644-22339/com.nubo.test7 D/nubo.NuboClientActivity: cmdcode: 7, bytesCount: 66, channelType: 0, processId: 10014
2021-02-02 10:12:20.488 18644-22339/com.nubo.test7 D/nubo.NuboClientActivity: cmdcode: 7, bytesCount: 66, channelType: 0, processId: 10014
2021-02-02 10:12:20.489 18644-22339/com.nubo.test7 D/nubo.NuboClientActivity: cmdcode: 101, bytesCount: 13, channelType: 0, processId: 10014
2021-02-02 10:12:20.502 18644-22339/com.nubo.test7 D/nubo.NuboClientActivity: cmdcode: 123, bytesCount: 21, channelType: 0, processId: -1
2021-02-02 10:12:20.508 18644-22343/com.nubo.test7 D/nubo.NuboClientActivity: cmdcode: -120, bytesCount: 370, channelType: 2, processId: -1
2021-02-02 10:12:20.549 18644-22343/com.nubo.test7 D/nubo.NuboClientActivity: cmdcode: -120, bytesCount: 79, channelType: 2, processId: -1
2021-02-02 10:12:20.590 18644-22343/com.nubo.test7 D/nubo.NuboClientActivity: cmdcode: -120, bytesCount: 37, channelType: 2, processId: -1
2021-02-02 10:12:20.629 18644-22343/com.nubo.test7 D/nubo.NuboClientActivity: cmdcode: -120, bytesCount: 37, channelType: 2, processId: -1
2021-02-02 10:12:20.708 18644-22343/com.nubo.test7 D/nubo.NuboClientActivity: cmdcode: 123, bytesCount: 21, channelType: 2, processId: -1
2021-02-02 10:12:20.711 18644-22343/com.nubo.test7 D/nubo.NuboClientActivity: cmdcode: -120, bytesCount: 37, channelType: 2, processId: -1
2021-02-02 10:12:20.713 18644-22343/com.nubo.test7 D/nubo.NuboClientActivity: cmdcode: -120, bytesCount: 37, channelType: 2, processId: -1
2021-02-02 10:12:20.722 18644-22581/com.nubo.test7 I/mali_winsys: new_window_surface() [1440x2722] return: 0x3000
2021-02-02 10:12:20.743 18644-22578/com.nubo.test7 E/nubovideosink.main: State changed to PLAYING
2021-02-02 10:12:20.749 18644-22343/com.nubo.test7 D/nubo.NuboClientActivity: cmdcode: -120, bytesCount: 37, channelType: 2, processId: -1
2021-02-02 10:12:20.789 18644-22343/com.nubo.test7 D/nubo.NuboClientActivity: cmdcode: -120, bytesCount: 37, channelType: 2, processId: -1
2021-02-02 10:12:20.834 18644-22343/com.nubo.test7 D/nubo.NuboClientActivity: cmdcode: -120, bytesCount: 37, channelType: 2, processId: -1
2021-02-02 10:12:20.869 18644-22343/com.nubo.test7 D/nubo.NuboClientActivity: cmdcode: -120, bytesCount: 37, channelType: 2, processId: -1
2021-02-02 10:12:20.918 18644-22343/com.nubo.test7 D/nubo.NuboClientActivity: cmdcode: -120, bytesCount: 37, channelType: 2, processId: -1
2021-02-02 10:12:20.937 18644-22339/com.nubo.test7 D/nubo.NuboClientActivity: cmdcode: 1, bytesCount: 30, channelType: 0, processId: 10014
2021-02-02 10:12:20.938 18644-22339/com.nubo.test7 D/nubo.NuboClientActivity: cmdcode: 16, bytesCount: 36, channelType: 0, processId: 10014
2021-02-02 10:12:20.940 18644-22339/com.nubo.test7 D/nubo.NuboClientActivity: cmdcode: 2, bytesCount: 37, channelType: 0, processId: 10014
2021-02-02 10:12:20.941 18644-22339/com.nubo.test7 D/nubo.NuboClientActivity: cmdcode: 7, bytesCount: 62, channelType: 0, processId: 10014
2021-02-02 10:12:20.942 18644-22339/com.nubo.test7 D/nubo.NuboClientActivity: cmdcode: 2, bytesCount: 37, channelType: 0, processId: 10014
2021-02-02 10:12:20.943 18644-22339/com.nubo.test7 D/nubo.NuboClientActivity: cmdcode: 7, bytesCount: 62, channelType: 0, processId: 10014
2021-02-02 10:12:20.945 18644-22339/com.nubo.test7 D/nubo.NuboClientActivity: cmdcode: 14, bytesCount: 74, channelType: 0, processId: 10014
2021-02-02 10:12:20.947 18644-22339/com.nubo.test7 D/nubo.NuboClientActivity: cmdcode: 8, bytesCount: 81, channelType: 0, processId: 10014
2021-02-02 10:12:20.948 18644-22339/com.nubo.test7 D/nubo.NuboClientActivity: cmdcode: 8, bytesCount: 73, channelType: 0, processId: 10014
2021-02-02 10:12:20.950 18644-22339/com.nubo.test7 D/nubo.NuboClientActivity: cmdcode: 7, bytesCount: 66, channelType: 0, processId: 10014
2021-02-02 10:12:20.951 18644-22339/com.nubo.test7 D/nubo.NuboClientActivity: cmdcode: 7, bytesCount: 66, channelType: 0, processId: 10014
2021-02-02 10:12:20.952 18644-22339/com.nubo.test7 D/nubo.NuboClientActivity: cmdcode: 101, bytesCount: 13, channelType: 0, processId: 10014
2021-02-02 10:12:20.977 18644-22343/com.nubo.test7 D/nubo.NuboClientActivity: cmdcode: -120, bytesCount: 37, channelType: 2, processId: -1
2021-02-02 10:12:20.989 18644-22339/com.nubo.test7 D/nubo.NuboClientActivity: cmdcode: 1, bytesCount: 30, channelType: 0, processId: 10014
2021-02-02 10:12:20.990 18644-22339/com.nubo.test7 D/nubo.NuboClientActivity: cmdcode: 16, bytesCount: 36, channelType: 0, processId: 10014
2021-02-02 10:12:20.991 18644-22339/com.nubo.test7 D/nubo.NuboClientActivity: cmdcode: 2, bytesCount: 37, channelType: 0, processId: 10014
2021-02-02 10:12:20.992 18644-22339/com.nubo.test7 D/nubo.NuboClientActivity: cmdcode: 7, bytesCount: 62, channelType: 0, processId: 10014
2021-02-02 10:12:20.993 18644-22339/com.nubo.test7 D/nubo.NuboClientActivity: cmdcode: 2, bytesCount: 37, channelType: 0, processId: 10014
2021-02-02 10:12:20.994 18644-22339/com.nubo.test7 D/nubo.NuboClientActivity: cmdcode: 7, bytesCount: 62, channelType: 0, processId: 10014
2021-02-02 10:12:20.995 18644-22339/com.nubo.test7 D/nubo.NuboClientActivity: cmdcode: 8, bytesCount: 81, channelType: 0, processId: 10014
2021-02-02 10:12:20.996 18644-22339/com.nubo.test7 D/nubo.NuboClientActivity: cmdcode: 14, bytesCount: 74, channelType: 0, processId: 10014
2021-02-02 10:12:20.997 18644-22339/com.nubo.test7 D/nubo.NuboClientActivity: cmdcode: 8, bytesCount: 529, channelType: 0, processId: 10014
2021-02-02 10:12:20.999 18644-22343/com.nubo.test7 D/nubo.NuboClientActivity: cmdcode: -120, bytesCount: 37, channelType: 2, processId: -1
2021-02-02 10:12:20.999 18644-22339/com.nubo.test7 D/nubo.NuboClientActivity: cmdcode: 17, bytesCount: 92, channelType: 0, processId: 10014
2021-02-02 10:12:21.001 18644-22339/com.nubo.test7 D/nubo.NuboClientActivity: cmdcode: 17, bytesCount: 92, channelType: 0, processId: 10014
2021-02-02 10:12:21.003 18644-22339/com.nubo.test7 D/nubo.NuboClientActivity: cmdcode: 8, bytesCount: 81, channelType: 0, processId: 10014
2021-02-02 10:12:21.004 18644-22339/com.nubo.test7 D/nubo.NuboClientActivity: cmdcode: 5, bytesCount: 97, channelType: 0, processId: 10014
2021-02-02 10:12:21.005 18644-22339/com.nubo.test7 D/nubo.NuboClientActivity: cmdcode: 8, bytesCount: 81, channelType: 0, processId: 10014
2021-02-02 10:12:21.006 18644-22339/com.nubo.test7 D/nubo.NuboClientActivity: cmdcode: 8, bytesCount: 73, channelType: 0, processId: 10014
2021-02-02 10:12:21.008 18644-22339/com.nubo.test7 D/nubo.NuboClientActivity: cmdcode: 7, bytesCount: 66, channelType: 0, processId: 10014
2021-02-02 10:12:21.010 18644-22339/com.nubo.test7 D/nubo.NuboClientActivity: cmdcode: 7, bytesCount: 66, channelType: 0, processId: 10014
2021-02-02 10:12:21.011 18644-22339/com.nubo.test7 D/nubo.NuboClientActivity: cmdcode: 101, bytesCount: 13, channelType: 0, processId: 10014
2021-02-02 10:12:21.029 18644-22339/com.nubo.test7 D/nubo.NuboClientActivity: cmdcode: 1, bytesCount: 30, channelType: 0, processId: 10014
2021-02-02 10:12:21.030 18644-22339/com.nubo.test7 D/nubo.NuboClientActivity: cmdcode: 16, bytesCount: 36, channelType: 0, processId: 10014
2021-02-02 10:12:21.031 18644-22339/com.nubo.test7 D/nubo.NuboClientActivity: cmdcode: 2, bytesCount: 37, channelType: 0, processId: 10014
2021-02-02 10:12:21.032 18644-22339/com.nubo.test7 D/nubo.NuboClientActivity: cmdcode: 7, bytesCount: 62, channelType: 0, processId: 10014
2021-02-02 10:12:21.032 18644-22339/com.nubo.test7 D/nubo.NuboClientActivity: cmdcode: 2, bytesCount: 37, channelType: 0, processId: 10014
2021-02-02 10:12:21.033 18644-22339/com.nubo.test7 D/nubo.NuboClientActivity: cmdcode: 7, bytesCount: 62, channelType: 0, processId: 10014
2021-02-02 10:12:21.034 18644-22339/com.nubo.test7 D/nubo.NuboClientActivity: cmdcode: 8, bytesCount: 81, channelType: 0, processId: 10014
2021-02-02 10:12:21.034 18644-22339/com.nubo.test7 D/nubo.NuboClientActivity: cmdcode: 14, bytesCount: 74, channelType: 0, processId: 10014
2021-02-02 10:12:21.035 18644-22339/com.nubo.test7 D/nubo.NuboClientActivity: cmdcode: 8, bytesCount: 81, channelType: 0, processId: 10014
2021-02-02 10:12:21.036 18644-22339/com.nubo.test7 D/nubo.NuboClientActivity: cmdcode: 5, bytesCount: 97, channelType: 0, processId: 10014
2021-02-02 10:12:21.037 18644-22339/com.nubo.test7 D/nubo.NuboClientActivity: cmdcode: 8, bytesCount: 81, channelType: 0, processId: 10014
2021-02-02 10:12:21.038 18644-22339/com.nubo.test7 D/nubo.NuboClientActivity: cmdcode: 8, bytesCount: 73, channelType: 0, processId: 10014
2021-02-02 10:12:21.038 18644-22343/com.nubo.test7 D/nubo.NuboClientActivity: cmdcode: -120, bytesCount: 37, channelType: 2, processId: -1
2021-02-02 10:12:21.039 18644-22339/com.nubo.test7 D/nubo.NuboClientActivity: cmdcode: 7, bytesCount: 66, channelType: 0, processId: 10014
2021-02-02 10:12:21.041 18644-22339/com.nubo.test7 D/nubo.NuboClientActivity: cmdcode: 7, bytesCount: 66, channelType: 0, processId: 10014
2021-02-02 10:12:21.042 18644-22339/com.nubo.test7 D/nubo.NuboClientActivity: cmdcode: 101, bytesCount: 13, channelType: 0, processId: 10014
2021-02-02 10:12:21.081 18644-22339/com.nubo.test7 D/nubo.NuboClientActivity: cmdcode: 1, bytesCount: 30, channelType: 0, processId: 10014
2021-02-02 10:12:21.082 18644-22339/com.nubo.test7 D/nubo.NuboClientActivity: cmdcode: 16, bytesCount: 36, channelType: 0, processId: 10014
2021-02-02 10:12:21.083 18644-22339/com.nubo.test7 D/nubo.NuboClientActivity: cmdcode: 2, bytesCount: 37, channelType: 0, processId: 10014
2021-02-02 10:12:21.084 18644-22339/com.nubo.test7 D/nubo.NuboClientActivity: cmdcode: 7, bytesCount: 62, channelType: 0, processId: 10014
2021-02-02 10:12:21.085 18644-22339/com.nubo.test7 D/nubo.NuboClientActivity: cmdcode: 2, bytesCount: 37, channelType: 0, processId: 10014
2021-02-02 10:12:21.086 18644-22339/com.nubo.test7 D/nubo.NuboClientActivity: cmdcode: 7, bytesCount: 62, channelType: 0, processId: 10014
2021-02-02 10:12:21.087 18644-22339/com.nubo.test7 D/nubo.NuboClientActivity: cmdcode: 8, bytesCount: 81, channelType: 0, processId: 10014
2021-02-02 10:12:21.088 18644-22339/com.nubo.test7 D/nubo.NuboClientActivity: cmdcode: 14, bytesCount: 74, channelType: 0, processId: 10014
2021-02-02 10:12:21.091 18644-22339/com.nubo.test7 D/nubo.NuboClientActivity: cmdcode: 8, bytesCount: 81, channelType: 0, processId: 10014
2021-02-02 10:12:21.093 18644-22339/com.nubo.test7 D/nubo.NuboClientActivity: cmdcode: 5, bytesCount: 97, channelType: 0, processId: 10014
2021-02-02 10:12:21.093 18644-22343/com.nubo.test7 D/nubo.NuboClientActivity: cmdcode: -120, bytesCount: 37, channelType: 2, processId: -1
2021-02-02 10:12:21.093 18644-22339/com.nubo.test7 D/nubo.NuboClientActivity: cmdcode: 8, bytesCount: 81, channelType: 0, processId: 10014
2021-02-02 10:12:21.096 18644-22339/com.nubo.test7 D/nubo.NuboClientActivity: cmdcode: 8, bytesCount: 73, channelType: 0, processId: 10014
2021-02-02 10:12:21.096 18644-22339/com.nubo.test7 D/nubo.NuboClientActivity: cmdcode: 7, bytesCount: 66, channelType: 0, processId: 10014
2021-02-02 10:12:21.097 18644-22339/com.nubo.test7 D/nubo.NuboClientActivity: cmdcode: 7, bytesCount: 66, channelType: 0, processId: 10014
2021-02-02 10:12:21.097 18644-22339/com.nubo.test7 D/nubo.NuboClientActivity: cmdcode: 101, bytesCount: 13, channelType: 0, processId: 10014
2021-02-02 10:12:21.105 18644-22343/com.nubo.test7 D/nubo.NuboClientActivity: cmdcode: -120, bytesCount: 37, channelType: 2, processId: -1
2021-02-02 10:12:21.128 18644-22339/com.nubo.test7 D/nubo.NuboClientActivity: cmdcode: 1, bytesCount: 30, channelType: 0, processId: 10014
2021-02-02 10:12:21.129 18644-22339/com.nubo.test7 D/nubo.NuboClientActivity: cmdcode: 16, bytesCount: 36, channelType: 0, processId: 10014
2021-02-02 10:12:21.130 18644-22339/com.nubo.test7 D/nubo.NuboClientActivity: cmdcode: 2, bytesCount: 37, channelType: 0, processId: 10014
2021-02-02 10:12:21.130 18644-22339/com.nubo.test7 D/nubo.NuboClientActivity: cmdcode: 7, bytesCount: 62, channelType: 0, processId: 10014
2021-02-02 10:12:21.131 18644-22339/com.nubo.test7 D/nubo.NuboClientActivity: cmdcode: 2, bytesCount: 37, channelType: 0, processId: 10014
2021-02-02 10:12:21.131 18644-22339/com.nubo.test7 D/nubo.NuboClientActivity: cmdcode: 7, bytesCount: 62, channelType: 0, processId: 10014
2021-02-02 10:12:21.131 18644-22339/com.nubo.test7 D/nubo.NuboClientActivity: cmdcode: 8, bytesCount: 81, channelType: 0, processId: 10014
2021-02-02 10:12:21.132 18644-22339/com.nubo.test7 D/nubo.NuboClientActivity: cmdcode: 14, bytesCount: 74, channelType: 0, processId: 10014
2021-02-02 10:12:21.132 18644-22339/com.nubo.test7 D/nubo.NuboClientActivity: cmdcode: 8, bytesCount: 81, channelType: 0, processId: 10014
2021-02-02 10:12:21.133 18644-22339/com.nubo.test7 D/nubo.NuboClientActivity: cmdcode: 5, bytesCount: 97, channelType: 0, processId: 10014
2021-02-02 10:12:21.133 18644-22339/com.nubo.test7 D/nubo.NuboClientActivity: cmdcode: 8, bytesCount: 81, channelType: 0, processId: 10014
2021-02-02 10:12:21.134 18644-22339/com.nubo.test7 D/nubo.NuboClientActivity: cmdcode: 8, bytesCount: 73, channelType: 0, processId: 10014
2021-02-02 10:12:21.134 18644-22339/com.nubo.test7 D/nubo.NuboClientActivity: cmdcode: 7, bytesCount: 66, channelType: 0, processId: 10014
2021-02-02 10:12:21.135 18644-22339/com.nubo.test7 D/nubo.NuboClientActivity: cmdcode: 7, bytesCount: 66, channelType: 0, processId: 10014
2021-02-02 10:12:21.135 18644-22339/com.nubo.test7 D/nubo.NuboClientActivity: cmdcode: 101, bytesCount: 13, channelType: 0, processId: 10014
2021-02-02 10:12:21.148 18644-22343/com.nubo.test7 D/nubo.NuboClientActivity: cmdcode: -120, bytesCount: 603, channelType: 2, processId: -1
2021-02-02 10:12:21.176 18644-22339/com.nubo.test7 D/nubo.NuboClientActivity: cmdcode: 1, bytesCount: 30, channelType: 0, processId: 10014
2021-02-02 10:12:21.177 18644-22339/com.nubo.test7 D/nubo.NuboClientActivity: cmdcode: 16, bytesCount: 36, channelType: 0, processId: 10014
2021-02-02 10:12:21.177 18644-22339/com.nubo.test7 D/nubo.NuboClientActivity: cmdcode: 2, bytesCount: 37, channelType: 0, processId: 10014
2021-02-02 10:12:21.178 18644-22339/com.nubo.test7 D/nubo.NuboClientActivity: cmdcode: 7, bytesCount: 62, channelType: 0, processId: 10014
2021-02-02 10:12:21.178 18644-22339/com.nubo.test7 D/nubo.NuboClientActivity: cmdcode: 2, bytesCount: 37, channelType: 0, processId: 10014
2021-02-02 10:12:21.179 18644-22339/com.nubo.test7 D/nubo.NuboClientActivity: cmdcode: 7, bytesCount: 62, channelType: 0, processId: 10014
2021-02-02 10:12:21.179 18644-22339/com.nubo.test7 D/nubo.NuboClientActivity: cmdcode: 8, bytesCount: 81, channelType: 0, processId: 10014
2021-02-02 10:12:21.180 18644-22339/com.nubo.test7 D/nubo.NuboClientActivity: cmdcode: 14, bytesCount: 74, channelType: 0, processId: 10014
2021-02-02 10:12:21.180 18644-22339/com.nubo.test7 D/nubo.NuboClientActivity: cmdcode: 8, bytesCount: 81, channelType: 0, processId: 10014
2021-02-02 10:12:21.181 18644-22339/com.nubo.test7 D/nubo.NuboClientActivity: cmdcode: 5, bytesCount: 97, channelType: 0, processId: 10014
2021-02-02 10:12:21.182 18644-22339/com.nubo.test7 D/nubo.NuboClientActivity: cmdcode: 8, bytesCount: 81, channelType: 0, processId: 10014
2021-02-02 10:12:21.182 18644-22339/com.nubo.test7 D/nubo.NuboClientActivity: cmdcode: 8, bytesCount: 73, channelType: 0, processId: 10014
2021-02-02 10:12:21.183 18644-22339/com.nubo.test7 D/nubo.NuboClientActivity: cmdcode: 7, bytesCount: 66, channelType: 0, processId: 10014
2021-02-02 10:12:21.183 18644-22339/com.nubo.test7 D/nubo.NuboClientActivity: cmdcode: 7, bytesCount: 66, channelType: 0, processId: 10014
2021-02-02 10:12:21.184 18644-22339/com.nubo.test7 D/nubo.NuboClientActivity: cmdcode: 101, bytesCount: 13, channelType: 0, processId: 10014
2021-02-02 10:12:21.196 18644-22343/com.nubo.test7 D/nubo.NuboClientActivity: cmdcode: -120, bytesCount: 60, channelType: 2, processId: -1
2021-02-02 10:12:21.230 18644-22339/com.nubo.test7 D/nubo.NuboClientActivity: cmdcode: 1, bytesCount: 30, channelType: 0, processId: 10014
2021-02-02 10:12:21.231 18644-22339/com.nubo.test7 D/nubo.NuboClientActivity: cmdcode: 16, bytesCount: 36, channelType: 0, processId: 10014
2021-02-02 10:12:21.232 18644-22339/com.nubo.test7 D/nubo.NuboClientActivity: cmdcode: 2, bytesCount: 37, channelType: 0, processId: 10014
2021-02-02 10:12:21.233 18644-22339/com.nubo.test7 D/nubo.NuboClientActivity: cmdcode: 7, bytesCount: 62, channelType: 0, processId: 10014
2021-02-02 10:12:21.235 18644-22339/com.nubo.test7 D/nubo.NuboClientActivity: cmdcode: 2, bytesCount: 37, channelType: 0, processId: 10014
2021-02-02 10:12:21.236 18644-22339/com.nubo.test7 D/nubo.NuboClientActivity: cmdcode: 7, bytesCount: 62, channelType: 0, processId: 10014
2021-02-02 10:12:21.238 18644-22339/com.nubo.test7 D/nubo.NuboClientActivity: cmdcode: 8, bytesCount: 81, channelType: 0, processId: 10014
2021-02-02 10:12:21.239 18644-22343/com.nubo.test7 D/nubo.NuboClientActivity: cmdcode: -120, bytesCount: 47, channelType: 2, processId: -1
2021-02-02 10:12:21.239 18644-22339/com.nubo.test7 D/nubo.NuboClientActivity: cmdcode: 14, bytesCount: 74, channelType: 0, processId: 10014
2021-02-02 10:12:21.241 18644-22339/com.nubo.test7 D/nubo.NuboClientActivity: cmdcode: 8, bytesCount: 81, channelType: 0, processId: 10014
2021-02-02 10:12:21.242 18644-22339/com.nubo.test7 D/nubo.NuboClientActivity: cmdcode: 5, bytesCount: 97, channelType: 0, processId: 10014
2021-02-02 10:12:21.243 18644-22339/com.nubo.test7 D/nubo.NuboClientActivity: cmdcode: 8, bytesCount: 81, channelType: 0, processId: 10014
2021-02-02 10:12:21.244 18644-22339/com.nubo.test7 D/nubo.NuboClientActivity: cmdcode: 8, bytesCount: 73, channelType: 0, processId: 10014
2021-02-02 10:12:21.245 18644-22339/com.nubo.test7 D/nubo.NuboClientActivity: cmdcode: 7, bytesCount: 66, channelType: 0, processId: 10014
2021-02-02 10:12:21.246 18644-22339/com.nubo.test7 D/nubo.NuboClientActivity: cmdcode: 7, bytesCount: 66, channelType: 0, processId: 10014
2021-02-02 10:12:21.247 18644-22339/com.nubo.test7 D/nubo.NuboClientActivity: cmdcode: 101, bytesCount: 13, channelType: 0, processId: 10014
2021-02-02 10:12:21.275 18644-22339/com.nubo.test7 D/nubo.NuboClientActivity: cmdcode: 1, bytesCount: 30, channelType: 0, processId: 10014
2021-02-02 10:12:21.276 18644-22339/com.nubo.test7 D/nubo.NuboClientActivity: cmdcode: 16, bytesCount: 36, channelType: 0, processId: 10014
2021-02-02 10:12:21.277 18644-22339/com.nubo.test7 D/nubo.NuboClientActivity: cmdcode: 2, bytesCount: 37, channelType: 0, processId: 10014
2021-02-02 10:12:21.278 18644-22339/com.nubo.test7 D/nubo.NuboClientActivity: cmdcode: 7, bytesCount: 62, channelType: 0, processId: 10014
2021-02-02 10:12:21.278 18644-22339/com.nubo.test7 D/nubo.NuboClientActivity: cmdcode: 2, bytesCount: 37, channelType: 0, processId: 10014
2021-02-02 10:12:21.279 18644-22339/com.nubo.test7 D/nubo.NuboClientActivity: cmdcode: 7, bytesCount: 62, channelType: 0, processId: 10014
2021-02-02 10:12:21.280 18644-22339/com.nubo.test7 D/nubo.NuboClientActivity: cmdcode: 8, bytesCount: 81, channelType: 0, processId: 10014
2021-02-02 10:12:21.281 18644-22339/com.nubo.test7 D/nubo.NuboClientActivity: cmdcode: 14, bytesCount: 74, channelType: 0, processId: 10014
2021-02-02 10:12:21.282 18644-22339/com.nubo.test7 D/nubo.NuboClientActivity: cmdcode: 8, bytesCount: 81, channelType: 0, processId: 10014
2021-02-02 10:12:21.282 18644-22339/com.nubo.test7 D/nubo.NuboClientActivity: cmdcode: 5, bytesCount: 97, channelType: 0, processId: 10014
2021-02-02 10:12:21.283 18644-22339/com.nubo.test7 D/nubo.NuboClientActivity: cmdcode: 8, bytesCount: 81, channelType: 0, processId: 10014
2021-02-02 10:12:21.284 18644-22339/com.nubo.test7 D/nubo.NuboClientActivity: cmdcode: 8, bytesCount: 73, channelType: 0, processId: 10014
2021-02-02 10:12:21.285 18644-22339/com.nubo.test7 D/nubo.NuboClientActivity: cmdcode: 7, bytesCount: 66, channelType: 0, processId: 10014
2021-02-02 10:12:21.286 18644-22339/com.nubo.test7 D/nubo.NuboClientActivity: cmdcode: 7, bytesCount: 66, channelType: 0, processId: 10014
2021-02-02 10:12:21.286 18644-22339/com.nubo.test7 D/nubo.NuboClientActivity: cmdcode: 101, bytesCount: 13, channelType: 0, processId: 10014
2021-02-02 10:12:21.287 18644-22343/com.nubo.test7 D/nubo.NuboClientActivity: cmdcode: -120, bytesCount: 37, channelType: 2, processId: -1
2021-02-02 10:12:21.306 18644-22343/com.nubo.test7 D/nubo.NuboClientActivity: cmdcode: -120, bytesCount: 37, channelType: 2, processId: -1
2021-02-02 10:12:21.326 18644-22339/com.nubo.test7 D/nubo.NuboClientActivity: cmdcode: 1, bytesCount: 30, channelType: 0, processId: 10014
2021-02-02 10:12:21.328 18644-22339/com.nubo.test7 D/nubo.NuboClientActivity: cmdcode: 16, bytesCount: 36, channelType: 0, processId: 10014
2021-02-02 10:12:21.329 18644-22339/com.nubo.test7 D/nubo.NuboClientActivity: cmdcode: 2, bytesCount: 37, channelType: 0, processId: 10014
2021-02-02 10:12:21.330 18644-22339/com.nubo.test7 D/nubo.NuboClientActivity: cmdcode: 7, bytesCount: 62, channelType: 0, processId: 10014
2021-02-02 10:12:21.331 18644-22339/com.nubo.test7 D/nubo.NuboClientActivity: cmdcode: 2, bytesCount: 37, channelType: 0, processId: 10014
2021-02-02 10:12:21.332 18644-22339/com.nubo.test7 D/nubo.NuboClientActivity: cmdcode: 7, bytesCount: 62, channelType: 0, processId: 10014
2021-02-02 10:12:21.333 18644-22339/com.nubo.test7 D/nubo.NuboClientActivity: cmdcode: 8, bytesCount: 81, channelType: 0, processId: 10014
2021-02-02 10:12:21.334 18644-22339/com.nubo.test7 D/nubo.NuboClientActivity: cmdcode: 14, bytesCount: 74, channelType: 0, processId: 10014
2021-02-02 10:12:21.334 18644-22339/com.nubo.test7 D/nubo.NuboClientActivity: cmdcode: 8, bytesCount: 81, channelType: 0, processId: 10014
2021-02-02 10:12:21.335 18644-22339/com.nubo.test7 D/nubo.NuboClientActivity: cmdcode: 5, bytesCount: 97, channelType: 0, processId: 10014
2021-02-02 10:12:21.336 18644-22339/com.nubo.test7 D/nubo.NuboClientActivity: cmdcode: 8, bytesCount: 81, channelType: 0, processId: 10014
2021-02-02 10:12:21.337 18644-22339/com.nubo.test7 D/nubo.NuboClientActivity: cmdcode: 8, bytesCount: 73, channelType: 0, processId: 10014
2021-02-02 10:12:21.338 18644-22339/com.nubo.test7 D/nubo.NuboClientActivity: cmdcode: 7, bytesCount: 66, channelType: 0, processId: 10014
2021-02-02 10:12:21.339 18644-22339/com.nubo.test7 D/nubo.NuboClientActivity: cmdcode: 7, bytesCount: 66, channelType: 0, processId: 10014
2021-02-02 10:12:21.340 18644-22339/com.nubo.test7 D/nubo.NuboClientActivity: cmdcode: 101, bytesCount: 13, channelType: 0, processId: 10014
2021-02-02 10:12:21.347 18644-22343/com.nubo.test7 D/nubo.NuboClientActivity: cmdcode: -120, bytesCount: 37, channelType: 2, processId: -1
2021-02-02 10:12:21.377 18644-22339/com.nubo.test7 D/nubo.NuboClientActivity: cmdcode: 1, bytesCount: 30, channelType: 0, processId: 10014
2021-02-02 10:12:21.378 18644-22339/com.nubo.test7 D/nubo.NuboClientActivity: cmdcode: 16, bytesCount: 36, channelType: 0, processId: 10014
2021-02-02 10:12:21.379 18644-22339/com.nubo.test7 D/nubo.NuboClientActivity: cmdcode: 2, bytesCount: 37, channelType: 0, processId: 10014
2021-02-02 10:12:21.380 18644-22339/com.nubo.test7 D/nubo.NuboClientActivity: cmdcode: 7, bytesCount: 62, channelType: 0, processId: 10014
2021-02-02 10:12:21.381 18644-22339/com.nubo.test7 D/nubo.NuboClientActivity: cmdcode: 2, bytesCount: 37, channelType: 0, processId: 10014
2021-02-02 10:12:21.382 18644-22339/com.nubo.test7 D/nubo.NuboClientActivity: cmdcode: 7, bytesCount: 62, channelType: 0, processId: 10014
2021-02-02 10:12:21.383 18644-22339/com.nubo.test7 D/nubo.NuboClientActivity: cmdcode: 8, bytesCount: 81, channelType: 0, processId: 10014
2021-02-02 10:12:21.384 18644-22339/com.nubo.test7 D/nubo.NuboClientActivity: cmdcode: 14, bytesCount: 74, channelType: 0, processId: 10014
2021-02-02 10:12:21.385 18644-22339/com.nubo.test7 D/nubo.NuboClientActivity: cmdcode: 8, bytesCount: 81, channelType: 0, processId: 10014
2021-02-02 10:12:21.386 18644-22339/com.nubo.test7 D/nubo.NuboClientActivity: cmdcode: 5, bytesCount: 97, channelType: 0, processId: 10014
2021-02-02 10:12:21.387 18644-22339/com.nubo.test7 D/nubo.NuboClientActivity: cmdcode: 8, bytesCount: 81, channelType: 0, processId: 10014
2021-02-02 10:12:21.389 18644-22339/com.nubo.test7 D/nubo.NuboClientActivity: cmdcode: 8, bytesCount: 73, channelType: 0, processId: 10014
2021-02-02 10:12:21.389 18644-22339/com.nubo.test7 D/nubo.NuboClientActivity: cmdcode: 7, bytesCount: 66, channelType: 0, processId: 10014
2021-02-02 10:12:21.390 18644-22339/com.nubo.test7 D/nubo.NuboClientActivity: cmdcode: 7, bytesCount: 66, channelType: 0, processId: 10014
2021-02-02 10:12:21.391 18644-22339/com.nubo.test7 D/nubo.NuboClientActivity: cmdcode: 101, bytesCount: 13, channelType: 0, processId: 10014
2021-02-02 10:12:21.396 18644-22343/com.nubo.test7 D/nubo.NuboClientActivity: cmdcode: -120, bytesCount: 37, channelType: 2, processId: -1
2021-02-02 10:12:21.475 18644-22339/com.nubo.test7 D/nubo.NuboClientActivity: cmdcode: 1, bytesCount: 30, channelType: 0, processId: 10014
2021-02-02 10:12:21.476 18644-22339/com.nubo.test7 D/nubo.NuboClientActivity: cmdcode: 16, bytesCount: 36, channelType: 0, processId: 10014
2021-02-02 10:12:21.477 18644-22339/com.nubo.test7 D/nubo.NuboClientActivity: cmdcode: 2, bytesCount: 37, channelType: 0, processId: 10014
2021-02-02 10:12:21.479 18644-22339/com.nubo.test7 D/nubo.NuboClientActivity: cmdcode: 7, bytesCount: 62, channelType: 0, processId: 10014
2021-02-02 10:12:21.480 18644-22339/com.nubo.test7 D/nubo.NuboClientActivity: cmdcode: 2, bytesCount: 37, channelType: 0, processId: 10014
2021-02-02 10:12:21.481 18644-22339/com.nubo.test7 D/nubo.NuboClientActivity: cmdcode: 7, bytesCount: 62, channelType: 0, processId: 10014
2021-02-02 10:12:21.482 18644-22339/com.nubo.test7 D/nubo.NuboClientActivity: cmdcode: 8, bytesCount: 81, channelType: 0, processId: 10014
2021-02-02 10:12:21.483 18644-22339/com.nubo.test7 D/nubo.NuboClientActivity: cmdcode: 14, bytesCount: 74, channelType: 0, processId: 10014
2021-02-02 10:12:21.484 18644-22339/com.nubo.test7 D/nubo.NuboClientActivity: cmdcode: 8, bytesCount: 81, channelType: 0, processId: 10014
2021-02-02 10:12:21.486 18644-22339/com.nubo.test7 D/nubo.NuboClientActivity: cmdcode: 5, bytesCount: 97, channelType: 0, processId: 10014
2021-02-02 10:12:21.487 18644-22339/com.nubo.test7 D/nubo.NuboClientActivity: cmdcode: 8, bytesCount: 81, channelType: 0, processId: 10014
2021-02-02 10:12:21.489 18644-22339/com.nubo.test7 D/nubo.NuboClientActivity: cmdcode: 8, bytesCount: 73, channelType: 0, processId: 10014
2021-02-02 10:12:21.490 18644-22339/com.nubo.test7 D/nubo.NuboClientActivity: cmdcode: 7, bytesCount: 66, channelType: 0, processId: 10014
2021-02-02 10:12:21.491 18644-22339/com.nubo.test7 D/nubo.NuboClientActivity: cmdcode: 7, bytesCount: 66, channelType: 0, processId: 10014
2021-02-02 10:12:21.492 18644-22339/com.nubo.test7 D/nubo.NuboClientActivity: cmdcode: 101, bytesCount: 13, channelType: 0, processId: 10014
2021-02-02 10:12:21.498 18644-22339/com.nubo.test7 D/nubo.NuboClientActivity: cmdcode: 123, bytesCount: 21, channelType: 0, processId: -1
2021-02-02 10:12:21.499 18644-22339/com.nubo.test7 D/nubo.NuboClientActivity: cmdcode: 1, bytesCount: 30, channelType: 0, processId: 10014
2021-02-02 10:12:21.500 18644-22339/com.nubo.test7 D/nubo.NuboClientActivity: cmdcode: 16, bytesCount: 36, channelType: 0, processId: 10014
2021-02-02 10:12:21.501 18644-22339/com.nubo.test7 D/nubo.NuboClientActivity: cmdcode: 2, bytesCount: 37, channelType: 0, processId: 10014
2021-02-02 10:12:21.502 18644-22339/com.nubo.test7 D/nubo.NuboClientActivity: cmdcode: 7, bytesCount: 62, channelType: 0, processId: 10014
2021-02-02 10:12:21.503 18644-22339/com.nubo.test7 D/nubo.NuboClientActivity: cmdcode: 2, bytesCount: 37, channelType: 0, processId: 10014
2021-02-02 10:12:21.504 18644-22339/com.nubo.test7 D/nubo.NuboClientActivity: cmdcode: 7, bytesCount: 62, channelType: 0, processId: 10014
2021-02-02 10:12:21.505 18644-22339/com.nubo.test7 D/nubo.NuboClientActivity: cmdcode: 8, bytesCount: 81, channelType: 0, processId: 10014
2021-02-02 10:12:21.506 18644-22339/com.nubo.test7 D/nubo.NuboClientActivity: cmdcode: 14, bytesCount: 74, channelType: 0, processId: 10014
2021-02-02 10:12:21.507 18644-22339/com.nubo.test7 D/nubo.NuboClientActivity: cmdcode: 8, bytesCount: 81, channelType: 0, processId: 10014
2021-02-02 10:12:21.508 18644-22339/com.nubo.test7 D/nubo.NuboClientActivity: cmdcode: 5, bytesCount: 97, channelType: 0, processId: 10014
2021-02-02 10:12:21.509 18644-22339/com.nubo.test7 D/nubo.NuboClientActivity: cmdcode: 8, bytesCount: 81, channelType: 0, processId: 10014
2021-02-02 10:12:21.510 18644-22343/com.nubo.test7 D/nubo.NuboClientActivity: cmdcode: -120, bytesCount: 37, channelType: 2, processId: -1
2021-02-02 10:12:21.510 18644-22339/com.nubo.test7 D/nubo.NuboClientActivity: cmdcode: 8, bytesCount: 73, channelType: 0, processId: 10014
2021-02-02 10:12:21.515 18644-22343/com.nubo.test7 D/nubo.NuboClientActivity: cmdcode: -120, bytesCount: 37, channelType: 2, processId: -1
2021-02-02 10:12:21.516 18644-22339/com.nubo.test7 D/nubo.NuboClientActivity: cmdcode: 7, bytesCount: 66, channelType: 0, processId: 10014
2021-02-02 10:12:21.517 18644-22339/com.nubo.test7 D/nubo.NuboClientActivity: cmdcode: 7, bytesCount: 66, channelType: 0, processId: 10014
2021-02-02 10:12:21.519 18644-22339/com.nubo.test7 D/nubo.NuboClientActivity: cmdcode: 101, bytesCount: 13, channelType: 0, processId: 10014
2021-02-02 10:12:21.534 18644-22343/com.nubo.test7 D/nubo.NuboClientActivity: cmdcode: -120, bytesCount: 37, channelType: 2, processId: -1
2021-02-02 10:12:21.544 18644-22339/com.nubo.test7 D/nubo.NuboClientActivity: cmdcode: 1, bytesCount: 30, channelType: 0, processId: 10014
2021-02-02 10:12:21.545 18644-22339/com.nubo.test7 D/nubo.NuboClientActivity: cmdcode: 16, bytesCount: 36, channelType: 0, processId: 10014
2021-02-02 10:12:21.547 18644-22339/com.nubo.test7 D/nubo.NuboClientActivity: cmdcode: 2, bytesCount: 37, channelType: 0, processId: 10014
2021-02-02 10:12:21.549 18644-22339/com.nubo.test7 D/nubo.NuboClientActivity: cmdcode: 7, bytesCount: 62, channelType: 0, processId: 10014
2021-02-02 10:12:21.550 18644-22339/com.nubo.test7 D/nubo.NuboClientActivity: cmdcode: 2, bytesCount: 37, channelType: 0, processId: 10014
2021-02-02 10:12:21.552 18644-22339/com.nubo.test7 D/nubo.NuboClientActivity: cmdcode: 7, bytesCount: 66, channelType: 0, processId: 10014
2021-02-02 10:12:21.553 18644-22339/com.nubo.test7 D/nubo.NuboClientActivity: cmdcode: 8, bytesCount: 81, channelType: 0, processId: 10014
2021-02-02 10:12:21.554 18644-22343/com.nubo.test7 D/nubo.NuboClientActivity: cmdcode: -120, bytesCount: 37, channelType: 2, processId: -1
2021-02-02 10:12:21.554 18644-22339/com.nubo.test7 D/nubo.NuboClientActivity: cmdcode: 14, bytesCount: 78, channelType: 0, processId: 10014
2021-02-02 10:12:21.555 18644-22339/com.nubo.test7 D/nubo.NuboClientActivity: cmdcode: 8, bytesCount: 81, channelType: 0, processId: 10014
2021-02-02 10:12:21.557 18644-22339/com.nubo.test7 D/nubo.NuboClientActivity: cmdcode: 17, bytesCount: 92, channelType: 0, processId: 10014
2021-02-02 10:12:21.558 18644-22339/com.nubo.test7 D/nubo.NuboClientActivity: cmdcode: 17, bytesCount: 92, channelType: 0, processId: 10014
2021-02-02 10:12:21.559 18644-22339/com.nubo.test7 D/nubo.NuboClientActivity: cmdcode: 8, bytesCount: 81, channelType: 0, processId: 10014
2021-02-02 10:12:21.559 18644-22339/com.nubo.test7 D/nubo.NuboClientActivity: cmdcode: 5, bytesCount: 97, channelType: 0, processId: 10014
2021-02-02 10:12:21.560 18644-22339/com.nubo.test7 D/nubo.NuboClientActivity: cmdcode: 8, bytesCount: 81, channelType: 0, processId: 10014
2021-02-02 10:12:21.561 18644-22339/com.nubo.test7 D/nubo.NuboClientActivity: cmdcode: 8, bytesCount: 73, channelType: 0, processId: 10014
2021-02-02 10:12:21.562 18644-22339/com.nubo.test7 D/nubo.NuboClientActivity: cmdcode: 7, bytesCount: 66, channelType: 0, processId: 10014
2021-02-02 10:12:21.563 18644-22339/com.nubo.test7 D/nubo.NuboClientActivity: cmdcode: 7, bytesCount: 66, channelType: 0, processId: 10014
2021-02-02 10:12:21.564 18644-22339/com.nubo.test7 D/nubo.NuboClientActivity: cmdcode: 7, bytesCount: 58, channelType: 0, processId: 10014
2021-02-02 10:12:21.565 18644-22339/com.nubo.test7 D/nubo.NuboClientActivity: cmdcode: 15, bytesCount: 418, channelType: 0, processId: 10014
2021-02-02 10:12:21.566 18644-22339/com.nubo.test7 D/nubo.NuboClientActivity: cmdcode: 6, bytesCount: 107, channelType: 0, processId: 10014
2021-02-02 10:12:21.568 18644-22339/com.nubo.test7 D/nubo.NuboClientActivity: cmdcode: 101, bytesCount: 13, channelType: 0, processId: 10014
2021-02-02 10:12:21.581 18644-22343/com.nubo.test7 D/nubo.NuboClientActivity: cmdcode: -120, bytesCount: 57, channelType: 2, processId: -1
2021-02-02 10:12:21.583 18644-22343/com.nubo.test7 D/nubo.NuboClientActivity: cmdcode: -120, bytesCount: 33, channelType: 2, processId: -1
2021-02-02 10:12:21.586 18644-22343/com.nubo.test7 D/nubo.NuboClientActivity: cmdcode: -120, bytesCount: 1417, channelType: 2, processId: -1
2021-02-02 10:12:21.593 18644-22343/com.nubo.test7 I/chatty: uid=10300(com.nubo.test7) Thread-27 identical 3 lines
2021-02-02 10:12:21.595 18644-22343/com.nubo.test7 D/nubo.NuboClientActivity: cmdcode: -120, bytesCount: 1417, channelType: 2, processId: -1
2021-02-02 10:12:21.599 18644-22339/com.nubo.test7 D/nubo.NuboClientActivity: cmdcode: 1, bytesCount: 30, channelType: 0, processId: 10014
2021-02-02 10:12:21.599 18644-22343/com.nubo.test7 D/nubo.NuboClientActivity: cmdcode: -120, bytesCount: 1106, channelType: 2, processId: -1
2021-02-02 10:12:21.600 18644-22339/com.nubo.test7 D/nubo.NuboClientActivity: cmdcode: 16, bytesCount: 36, channelType: 0, processId: 10014
2021-02-02 10:12:21.602 18644-22339/com.nubo.test7 D/nubo.NuboClientActivity: cmdcode: 2, bytesCount: 37, channelType: 0, processId: 10014
2021-02-02 10:12:21.603 18644-22339/com.nubo.test7 D/nubo.NuboClientActivity: cmdcode: 7, bytesCount: 62, channelType: 0, processId: 10014
2021-02-02 10:12:21.603 18644-22339/com.nubo.test7 D/nubo.NuboClientActivity: cmdcode: 2, bytesCount: 37, channelType: 0, processId: 10014
2021-02-02 10:12:21.604 18644-22339/com.nubo.test7 D/nubo.NuboClientActivity: cmdcode: 7, bytesCount: 66, channelType: 0, processId: 10014
2021-02-02 10:12:21.604 18644-22339/com.nubo.test7 D/nubo.NuboClientActivity: cmdcode: 8, bytesCount: 81, channelType: 0, processId: 10014
2021-02-02 10:12:21.605 18644-22339/com.nubo.test7 D/nubo.NuboClientActivity: cmdcode: 14, bytesCount: 78, channelType: 0, processId: 10014
2021-02-02 10:12:21.605 18644-22339/com.nubo.test7 D/nubo.NuboClientActivity: cmdcode: 8, bytesCount: 81, channelType: 0, processId: 10014
2021-02-02 10:12:21.606 18644-22339/com.nubo.test7 D/nubo.NuboClientActivity: cmdcode: 5, bytesCount: 97, channelType: 0, processId: 10014
2021-02-02 10:12:21.607 18644-22339/com.nubo.test7 D/nubo.NuboClientActivity: cmdcode: 8, bytesCount: 81, channelType: 0, processId: 10014
2021-02-02 10:12:21.608 18644-22339/com.nubo.test7 D/nubo.NuboClientActivity: cmdcode: 8, bytesCount: 73, channelType: 0, processId: 10014
2021-02-02 10:12:21.609 18644-22339/com.nubo.test7 D/nubo.NuboClientActivity: cmdcode: 7, bytesCount: 66, channelType: 0, processId: 10014
2021-02-02 10:12:21.609 18644-22339/com.nubo.test7 D/nubo.NuboClientActivity: cmdcode: 7, bytesCount: 66, channelType: 0, processId: 10014
2021-02-02 10:12:21.610 18644-22339/com.nubo.test7 D/nubo.NuboClientActivity: cmdcode: 101, bytesCount: 13, channelType: 0, processId: 10014
2021-02-02 10:12:21.634 18644-22339/com.nubo.test7 D/nubo.NuboClientActivity: cmdcode: 1, bytesCount: 30, channelType: 0, processId: 10014
2021-02-02 10:12:21.635 18644-22339/com.nubo.test7 D/nubo.NuboClientActivity: cmdcode: 16, bytesCount: 36, channelType: 0, processId: 10014
2021-02-02 10:12:21.636 18644-22339/com.nubo.test7 D/nubo.NuboClientActivity: cmdcode: 2, bytesCount: 37, channelType: 0, processId: 10014
2021-02-02 10:12:21.636 18644-22339/com.nubo.test7 D/nubo.NuboClientActivity: cmdcode: 7, bytesCount: 62, channelType: 0, processId: 10014
2021-02-02 10:12:21.637 18644-22339/com.nubo.test7 D/nubo.NuboClientActivity: cmdcode: 2, bytesCount: 37, channelType: 0, processId: 10014
2021-02-02 10:12:21.637 18644-22339/com.nubo.test7 D/nubo.NuboClientActivity: cmdcode: 7, bytesCount: 66, channelType: 0, processId: 10014
2021-02-02 10:12:21.638 18644-22339/com.nubo.test7 D/nubo.NuboClientActivity: cmdcode: 8, bytesCount: 81, channelType: 0, processId: 10014
2021-02-02 10:12:21.638 18644-22339/com.nubo.test7 D/nubo.NuboClientActivity: cmdcode: 14, bytesCount: 78, channelType: 0, processId: 10014
2021-02-02 10:12:21.639 18644-22339/com.nubo.test7 D/nubo.NuboClientActivity: cmdcode: 8, bytesCount: 81, channelType: 0, processId: 10014
2021-02-02 10:12:21.639 18644-22339/com.nubo.test7 D/nubo.NuboClientActivity: cmdcode: 5, bytesCount: 97, channelType: 0, processId: 10014
2021-02-02 10:12:21.640 18644-22339/com.nubo.test7 D/nubo.NuboClientActivity: cmdcode: 8, bytesCount: 81, channelType: 0, processId: 10014
2021-02-02 10:12:21.641 18644-22339/com.nubo.test7 D/nubo.NuboClientActivity: cmdcode: 8, bytesCount: 73, channelType: 0, processId: 10014
2021-02-02 10:12:21.641 18644-22339/com.nubo.test7 D/nubo.NuboClientActivity: cmdcode: 7, bytesCount: 66, channelType: 0, processId: 10014
2021-02-02 10:12:21.642 18644-22339/com.nubo.test7 D/nubo.NuboClientActivity: cmdcode: 7, bytesCount: 66, channelType: 0, processId: 10014
2021-02-02 10:12:21.642 18644-22339/com.nubo.test7 D/nubo.NuboClientActivity: cmdcode: 101, bytesCount: 13, channelType: 0, processId: 10014
2021-02-02 10:12:21.647 18644-22343/com.nubo.test7 D/nubo.NuboClientActivity: cmdcode: -120, bytesCount: 177, channelType: 2, processId: -1
2021-02-02 10:12:21.680 18644-22343/com.nubo.test7 D/nubo.NuboClientActivity: cmdcode: -120, bytesCount: 48, channelType: 2, processId: -1
2021-02-02 10:12:21.691 18644-22339/com.nubo.test7 D/nubo.NuboClientActivity: cmdcode: 1, bytesCount: 30, channelType: 0, processId: 10014
2021-02-02 10:12:21.692 18644-22339/com.nubo.test7 D/nubo.NuboClientActivity: cmdcode: 16, bytesCount: 36, channelType: 0, processId: 10014
2021-02-02 10:12:21.693 18644-22339/com.nubo.test7 D/nubo.NuboClientActivity: cmdcode: 2, bytesCount: 37, channelType: 0, processId: 10014
2021-02-02 10:12:21.695 18644-22339/com.nubo.test7 D/nubo.NuboClientActivity: cmdcode: 7, bytesCount: 62, channelType: 0, processId: 10014
2021-02-02 10:12:21.696 18644-22339/com.nubo.test7 D/nubo.NuboClientActivity: cmdcode: 2, bytesCount: 37, channelType: 0, processId: 10014
2021-02-02 10:12:21.698 18644-22339/com.nubo.test7 D/nubo.NuboClientActivity: cmdcode: 7, bytesCount: 66, channelType: 0, processId: 10014
2021-02-02 10:12:21.699 18644-22339/com.nubo.test7 D/nubo.NuboClientActivity: cmdcode: 8, bytesCount: 81, channelType: 0, processId: 10014
2021-02-02 10:12:21.702 18644-22339/com.nubo.test7 D/nubo.NuboClientActivity: cmdcode: 14, bytesCount: 78, channelType: 0, processId: 10014
2021-02-02 10:12:21.702 18644-22339/com.nubo.test7 D/nubo.NuboClientActivity: cmdcode: 8, bytesCount: 81, channelType: 0, processId: 10014
2021-02-02 10:12:21.703 18644-22339/com.nubo.test7 D/nubo.NuboClientActivity: cmdcode: 5, bytesCount: 97, channelType: 0, processId: 10014
2021-02-02 10:12:21.703 18644-22339/com.nubo.test7 D/nubo.NuboClientActivity: cmdcode: 8, bytesCount: 81, channelType: 0, processId: 10014
2021-02-02 10:12:21.704 18644-22339/com.nubo.test7 D/nubo.NuboClientActivity: cmdcode: 8, bytesCount: 73, channelType: 0, processId: 10014
2021-02-02 10:12:21.704 18644-22339/com.nubo.test7 D/nubo.NuboClientActivity: cmdcode: 7, bytesCount: 66, channelType: 0, processId: 10014
2021-02-02 10:12:21.705 18644-22339/com.nubo.test7 D/nubo.NuboClientActivity: cmdcode: 7, bytesCount: 66, channelType: 0, processId: 10014
2021-02-02 10:12:21.705 18644-22339/com.nubo.test7 D/nubo.NuboClientActivity: cmdcode: 101, bytesCount: 13, channelType: 0, processId: 10014
2021-02-02 10:12:21.726 18644-22343/com.nubo.test7 D/nubo.NuboClientActivity: cmdcode: -120, bytesCount: 37, channelType: 2, processId: -1
2021-02-02 10:12:21.738 18644-22339/com.nubo.test7 D/nubo.NuboClientActivity: cmdcode: 1, bytesCount: 30, channelType: 0, processId: 10014
2021-02-02 10:12:21.739 18644-22339/com.nubo.test7 D/nubo.NuboClientActivity: cmdcode: 16, bytesCount: 36, channelType: 0, processId: 10014
2021-02-02 10:12:21.740 18644-22343/com.nubo.test7 D/nubo.NuboClientActivity: cmdcode: -120, bytesCount: 1417, channelType: 2, processId: -1
2021-02-02 10:12:21.741 18644-22339/com.nubo.test7 D/nubo.NuboClientActivity: cmdcode: 2, bytesCount: 37, channelType: 0, processId: 10014
2021-02-02 10:12:21.743 18644-22339/com.nubo.test7 D/nubo.NuboClientActivity: cmdcode: 7, bytesCount: 62, channelType: 0, processId: 10014
2021-02-02 10:12:21.744 18644-22339/com.nubo.test7 D/nubo.NuboClientActivity: cmdcode: 2, bytesCount: 37, channelType: 0, processId: 10014
2021-02-02 10:12:21.746 18644-22339/com.nubo.test7 D/nubo.NuboClientActivity: cmdcode: 7, bytesCount: 66, channelType: 0, processId: 10014
2021-02-02 10:12:21.747 18644-22339/com.nubo.test7 D/nubo.NuboClientActivity: cmdcode: 8, bytesCount: 81, channelType: 0, processId: 10014
2021-02-02 10:12:21.749 18644-22343/com.nubo.test7 D/nubo.NuboClientActivity: cmdcode: -120, bytesCount: 1241, channelType: 2, processId: -1
2021-02-02 10:12:21.749 18644-22339/com.nubo.test7 D/nubo.NuboClientActivity: cmdcode: 14, bytesCount: 78, channelType: 0, processId: 10014
2021-02-02 10:12:21.753 18644-22339/com.nubo.test7 D/nubo.NuboClientActivity: cmdcode: 8, bytesCount: 81, channelType: 0, processId: 10014
2021-02-02 10:12:21.754 18644-22339/com.nubo.test7 D/nubo.NuboClientActivity: cmdcode: 5, bytesCount: 97, channelType: 0, processId: 10014
2021-02-02 10:12:21.757 18644-22339/com.nubo.test7 D/nubo.NuboClientActivity: cmdcode: 8, bytesCount: 81, channelType: 0, processId: 10014
2021-02-02 10:12:21.758 18644-22339/com.nubo.test7 D/nubo.NuboClientActivity: cmdcode: 8, bytesCount: 73, channelType: 0, processId: 10014
2021-02-02 10:12:21.759 18644-22339/com.nubo.test7 D/nubo.NuboClientActivity: cmdcode: 7, bytesCount: 66, channelType: 0, processId: 10014
2021-02-02 10:12:21.760 18644-22339/com.nubo.test7 D/nubo.NuboClientActivity: cmdcode: 7, bytesCount: 66, channelType: 0, processId: 10014
2021-02-02 10:12:21.761 18644-22339/com.nubo.test7 D/nubo.NuboClientActivity: cmdcode: 101, bytesCount: 13, channelType: 0, processId: 10014
2021-02-02 10:12:21.777 18644-22339/com.nubo.test7 D/nubo.NuboClientActivity: cmdcode: 1, bytesCount: 30, channelType: 0, processId: 10014
2021-02-02 10:12:21.778 18644-22339/com.nubo.test7 D/nubo.NuboClientActivity: cmdcode: 16, bytesCount: 36, channelType: 0, processId: 10014
2021-02-02 10:12:21.779 18644-22339/com.nubo.test7 D/nubo.NuboClientActivity: cmdcode: 2, bytesCount: 37, channelType: 0, processId: 10014
2021-02-02 10:12:21.780 18644-22339/com.nubo.test7 D/nubo.NuboClientActivity: cmdcode: 7, bytesCount: 62, channelType: 0, processId: 10014
2021-02-02 10:12:21.781 18644-22339/com.nubo.test7 D/nubo.NuboClientActivity: cmdcode: 2, bytesCount: 37, channelType: 0, processId: 10014
2021-02-02 10:12:21.782 18644-22339/com.nubo.test7 D/nubo.NuboClientActivity: cmdcode: 7, bytesCount: 66, channelType: 0, processId: 10014
2021-02-02 10:12:21.782 18644-22339/com.nubo.test7 D/nubo.NuboClientActivity: cmdcode: 8, bytesCount: 81, channelType: 0, processId: 10014
2021-02-02 10:12:21.783 18644-22339/com.nubo.test7 D/nubo.NuboClientActivity: cmdcode: 14, bytesCount: 78, channelType: 0, processId: 10014
2021-02-02 10:12:21.784 18644-22339/com.nubo.test7 D/nubo.NuboClientActivity: cmdcode: 8, bytesCount: 81, channelType: 0, processId: 10014
2021-02-02 10:12:21.785 18644-22339/com.nubo.test7 D/nubo.NuboClientActivity: cmdcode: 5, bytesCount: 97, channelType: 0, processId: 10014
2021-02-02 10:12:21.786 18644-22339/com.nubo.test7 D/nubo.NuboClientActivity: cmdcode: 8, bytesCount: 81, channelType: 0, processId: 10014
2021-02-02 10:12:21.788 18644-22339/com.nubo.test7 D/nubo.NuboClientActivity: cmdcode: 8, bytesCount: 73, channelType: 0, processId: 10014
2021-02-02 10:12:21.789 18644-22339/com.nubo.test7 D/nubo.NuboClientActivity: cmdcode: 7, bytesCount: 66, channelType: 0, processId: 10014
2021-02-02 10:12:21.790 18644-22339/com.nubo.test7 D/nubo.NuboClientActivity: cmdcode: 7, bytesCount: 66, channelType: 0, processId: 10014
2021-02-02 10:12:21.791 18644-22339/com.nubo.test7 D/nubo.NuboClientActivity: cmdcode: 101, bytesCount: 13, channelType: 0, processId: 10014
2021-02-02 10:12:21.798 18644-22343/com.nubo.test7 D/nubo.NuboClientActivity: cmdcode: -120, bytesCount: 144, channelType: 2, processId: -1
2021-02-02 10:12:21.834 18644-22339/com.nubo.test7 D/nubo.NuboClientActivity: cmdcode: 1, bytesCount: 30, channelType: 0, processId: 10014
2021-02-02 10:12:21.834 18644-22339/com.nubo.test7 D/nubo.NuboClientActivity: cmdcode: 16, bytesCount: 36, channelType: 0, processId: 10014
2021-02-02 10:12:21.835 18644-22339/com.nubo.test7 D/nubo.NuboClientActivity: cmdcode: 2, bytesCount: 37, channelType: 0, processId: 10014
2021-02-02 10:12:21.836 18644-22339/com.nubo.test7 D/nubo.NuboClientActivity: cmdcode: 7, bytesCount: 62, channelType: 0, processId: 10014
2021-02-02 10:12:21.837 18644-22339/com.nubo.test7 D/nubo.NuboClientActivity: cmdcode: 2, bytesCount: 37, channelType: 0, processId: 10014
2021-02-02 10:12:21.837 18644-22339/com.nubo.test7 D/nubo.NuboClientActivity: cmdcode: 7, bytesCount: 66, channelType: 0, processId: 10014
2021-02-02 10:12:21.838 18644-22339/com.nubo.test7 D/nubo.NuboClientActivity: cmdcode: 8, bytesCount: 81, channelType: 0, processId: 10014
2021-02-02 10:12:21.839 18644-22339/com.nubo.test7 D/nubo.NuboClientActivity: cmdcode: 14, bytesCount: 78, channelType: 0, processId: 10014
2021-02-02 10:12:21.840 18644-22339/com.nubo.test7 D/nubo.NuboClientActivity: cmdcode: 8, bytesCount: 81, channelType: 0, processId: 10014
2021-02-02 10:12:21.840 18644-22339/com.nubo.test7 D/nubo.NuboClientActivity: cmdcode: 5, bytesCount: 97, channelType: 0, processId: 10014
2021-02-02 10:12:21.841 18644-22339/com.nubo.test7 D/nubo.NuboClientActivity: cmdcode: 8, bytesCount: 81, channelType: 0, processId: 10014
2021-02-02 10:12:21.842 18644-22339/com.nubo.test7 D/nubo.NuboClientActivity: cmdcode: 8, bytesCount: 73, channelType: 0, processId: 10014
2021-02-02 10:12:21.843 18644-22339/com.nubo.test7 D/nubo.NuboClientActivity: cmdcode: 7, bytesCount: 66, channelType: 0, processId: 10014
2021-02-02 10:12:21.843 18644-22343/com.nubo.test7 D/nubo.NuboClientActivity: cmdcode: -120, bytesCount: 341, channelType: 2, processId: -1
2021-02-02 10:12:21.844 18644-22339/com.nubo.test7 D/nubo.NuboClientActivity: cmdcode: 7, bytesCount: 66, channelType: 0, processId: 10014
2021-02-02 10:12:21.846 18644-22339/com.nubo.test7 D/nubo.NuboClientActivity: cmdcode: 101, bytesCount: 13, channelType: 0, processId: 10014
2021-02-02 10:12:21.880 18644-22343/com.nubo.test7 D/nubo.NuboClientActivity: cmdcode: -120, bytesCount: 49, channelType: 2, processId: -1
2021-02-02 10:12:21.890 18644-22339/com.nubo.test7 D/nubo.NuboClientActivity: cmdcode: 1, bytesCount: 30, channelType: 0, processId: 10014
2021-02-02 10:12:21.891 18644-22339/com.nubo.test7 D/nubo.NuboClientActivity: cmdcode: 16, bytesCount: 36, channelType: 0, processId: 10014
2021-02-02 10:12:21.892 18644-22339/com.nubo.test7 D/nubo.NuboClientActivity: cmdcode: 2, bytesCount: 37, channelType: 0, processId: 10014
2021-02-02 10:12:21.893 18644-22339/com.nubo.test7 D/nubo.NuboClientActivity: cmdcode: 7, bytesCount: 62, channelType: 0, processId: 10014
2021-02-02 10:12:21.894 18644-22339/com.nubo.test7 D/nubo.NuboClientActivity: cmdcode: 2, bytesCount: 37, channelType: 0, processId: 10014
2021-02-02 10:12:21.895 18644-22339/com.nubo.test7 D/nubo.NuboClientActivity: cmdcode: 7, bytesCount: 66, channelType: 0, processId: 10014
2021-02-02 10:12:21.897 18644-22339/com.nubo.test7 D/nubo.NuboClientActivity: cmdcode: 8, bytesCount: 81, channelType: 0, processId: 10014
2021-02-02 10:12:21.899 18644-22339/com.nubo.test7 D/nubo.NuboClientActivity: cmdcode: 14, bytesCount: 78, channelType: 0, processId: 10014
2021-02-02 10:12:21.901 18644-22339/com.nubo.test7 D/nubo.NuboClientActivity: cmdcode: 8, bytesCount: 81, channelType: 0, processId: 10014
2021-02-02 10:12:21.902 18644-22339/com.nubo.test7 D/nubo.NuboClientActivity: cmdcode: 5, bytesCount: 97, channelType: 0, processId: 10014
2021-02-02 10:12:21.904 18644-22339/com.nubo.test7 D/nubo.NuboClientActivity: cmdcode: 8, bytesCount: 81, channelType: 0, processId: 10014
2021-02-02 10:12:21.905 18644-22339/com.nubo.test7 D/nubo.NuboClientActivity: cmdcode: 8, bytesCount: 73, channelType: 0, processId: 10014
2021-02-02 10:12:21.906 18644-22339/com.nubo.test7 D/nubo.NuboClientActivity: cmdcode: 7, bytesCount: 66, channelType: 0, processId: 10014
2021-02-02 10:12:21.906 18644-22339/com.nubo.test7 D/nubo.NuboClientActivity: cmdcode: 7, bytesCount: 66, channelType: 0, processId: 10014
2021-02-02 10:12:21.907 18644-22339/com.nubo.test7 D/nubo.NuboClientActivity: cmdcode: 101, bytesCount: 13, channelType: 0, processId: 10014
2021-02-02 10:12:21.909 18644-22343/com.nubo.test7 D/nubo.NuboClientActivity: cmdcode: -120, bytesCount: 45, channelType: 2, processId: -1
2021-02-02 10:12:21.929 18644-22339/com.nubo.test7 D/nubo.NuboClientActivity: cmdcode: 1, bytesCount: 30, channelType: 0, processId: 10014
2021-02-02 10:12:21.930 18644-22339/com.nubo.test7 D/nubo.NuboClientActivity: cmdcode: 16, bytesCount: 36, channelType: 0, processId: 10014
2021-02-02 10:12:21.931 18644-22339/com.nubo.test7 D/nubo.NuboClientActivity: cmdcode: 2, bytesCount: 37, channelType: 0, processId: 10014
2021-02-02 10:12:21.933 18644-22339/com.nubo.test7 D/nubo.NuboClientActivity: cmdcode: 7, bytesCount: 62, channelType: 0, processId: 10014
2021-02-02 10:12:21.934 18644-22339/com.nubo.test7 D/nubo.NuboClientActivity: cmdcode: 2, bytesCount: 37, channelType: 0, processId: 10014
2021-02-02 10:12:21.935 18644-22339/com.nubo.test7 D/nubo.NuboClientActivity: cmdcode: 7, bytesCount: 66, channelType: 0, processId: 10014
2021-02-02 10:12:21.936 18644-22339/com.nubo.test7 D/nubo.NuboClientActivity: cmdcode: 8, bytesCount: 81, channelType: 0, processId: 10014
2021-02-02 10:12:21.937 18644-22339/com.nubo.test7 D/nubo.NuboClientActivity: cmdcode: 14, bytesCount: 78, channelType: 0, processId: 10014
2021-02-02 10:12:21.938 18644-22339/com.nubo.test7 D/nubo.NuboClientActivity: cmdcode: 8, bytesCount: 81, channelType: 0, processId: 10014
2021-02-02 10:12:21.939 18644-22339/com.nubo.test7 D/nubo.NuboClientActivity: cmdcode: 5, bytesCount: 97, channelType: 0, processId: 10014
2021-02-02 10:12:21.941 18644-22339/com.nubo.test7 D/nubo.NuboClientActivity: cmdcode: 8, bytesCount: 81, channelType: 0, processId: 10014
2021-02-02 10:12:21.943 18644-22339/com.nubo.test7 D/nubo.NuboClientActivity: cmdcode: 8, bytesCount: 73, channelType: 0, processId: 10014
2021-02-02 10:12:21.944 18644-22339/com.nubo.test7 D/nubo.NuboClientActivity: cmdcode: 7, bytesCount: 66, channelType: 0, processId: 10014
2021-02-02 10:12:21.945 18644-22339/com.nubo.test7 D/nubo.NuboClientActivity: cmdcode: 7, bytesCount: 66, channelType: 0, processId: 10014
2021-02-02 10:12:21.946 18644-22339/com.nubo.test7 D/nubo.NuboClientActivity: cmdcode: 101, bytesCount: 13, channelType: 0, processId: 10014
2021-02-02 10:12:21.950 18644-22343/com.nubo.test7 D/nubo.NuboClientActivity: cmdcode: -120, bytesCount: 45, channelType: 2, processId: -1
2021-02-02 10:12:21.988 18644-22343/com.nubo.test7 I/chatty: uid=10300(com.nubo.test7) Thread-27 identical 1 line
2021-02-02 10:12:22.030 18644-22343/com.nubo.test7 D/nubo.NuboClientActivity: cmdcode: -120, bytesCount: 45, channelType: 2, processId: -1
2021-02-02 10:12:22.079 18644-22343/com.nubo.test7 D/nubo.NuboClientActivity: cmdcode: -120, bytesCount: 45, channelType: 2, processId: -1
2021-02-02 10:12:22.189 18644-22343/com.nubo.test7 I/chatty: uid=10300(com.nubo.test7) Thread-27 identical 3 lines
2021-02-02 10:12:22.230 18644-22343/com.nubo.test7 D/nubo.NuboClientActivity: cmdcode: -120, bytesCount: 45, channelType: 2, processId: -1
2021-02-02 10:12:22.278 18644-22343/com.nubo.test7 D/nubo.NuboClientActivity: cmdcode: -120, bytesCount: 45, channelType: 2, processId: -1
2021-02-02 10:12:22.350 18644-22343/com.nubo.test7 I/chatty: uid=10300(com.nubo.test7) Thread-27 identical 2 lines
2021-02-02 10:12:22.390 18644-22343/com.nubo.test7 D/nubo.NuboClientActivity: cmdcode: -120, bytesCount: 45, channelType: 2, processId: -1
2021-02-02 10:12:22.477 18644-22339/com.nubo.test7 D/nubo.NuboClientActivity: cmdcode: 123, bytesCount: 21, channelType: 0, processId: -1
2021-02-02 10:12:22.490 18644-22343/com.nubo.test7 D/nubo.NuboClientActivity: cmdcode: -120, bytesCount: 45, channelType: 2, processId: -1
2021-02-02 10:12:22.556 18644-22343/com.nubo.test7 I/chatty: uid=10300(com.nubo.test7) Thread-27 identical 3 lines
2021-02-02 10:12:22.589 18644-22343/com.nubo.test7 D/nubo.NuboClientActivity: cmdcode: -120, bytesCount: 45, channelType: 2, processId: -1
2021-02-02 10:12:22.629 18644-22343/com.nubo.test7 D/nubo.NuboClientActivity: cmdcode: -120, bytesCount: 45, channelType: 2, processId: -1
2021-02-02 10:12:22.668 18644-22343/com.nubo.test7 D/nubo.NuboClientActivity: cmdcode: -120, bytesCount: 45, channelType: 2, processId: -1
2021-02-02 10:12:22.711 18644-22343/com.nubo.test7 D/nubo.NuboClientActivity: cmdcode: -120, bytesCount: 45, channelType: 2, processId: -1
2021-02-02 10:12:22.748 18644-22343/com.nubo.test7 D/nubo.NuboClientActivity: cmdcode: -120, bytesCount: 45, channelType: 2, processId: -1
2021-02-02 10:12:22.781 18644-22343/com.nubo.test7 D/nubo.NuboClientActivity: cmdcode: -120, bytesCount: 57, channelType: 2, processId: -1
2021-02-02 10:12:22.784 18644-22343/com.nubo.test7 D/nubo.NuboClientActivity: cmdcode: -120, bytesCount: 33, channelType: 2, processId: -1
2021-02-02 10:12:22.786 18644-22343/com.nubo.test7 D/nubo.NuboClientActivity: cmdcode: -120, bytesCount: 57, channelType: 2, processId: -1
2021-02-02 10:12:22.789 18644-22343/com.nubo.test7 D/nubo.NuboClientActivity: cmdcode: -120, bytesCount: 33, channelType: 2, processId: -1
2021-02-02 10:12:22.791 18644-22343/com.nubo.test7 D/nubo.NuboClientActivity: cmdcode: -120, bytesCount: 1417, channelType: 2, processId: -1
2021-02-02 10:12:22.801 18644-22343/com.nubo.test7 I/chatty: uid=10300(com.nubo.test7) Thread-27 identical 5 lines
2021-02-02 10:12:22.803 18644-22343/com.nubo.test7 D/nubo.NuboClientActivity: cmdcode: -120, bytesCount: 1417, channelType: 2, processId: -1
2021-02-02 10:12:22.805 18644-22343/com.nubo.test7 D/nubo.NuboClientActivity: cmdcode: -120, bytesCount: 450, channelType: 2, processId: -1
2021-02-02 10:12:22.830 18644-22343/com.nubo.test7 D/nubo.NuboClientActivity: cmdcode: -120, bytesCount: 317, channelType: 2, processId: -1
2021-02-02 10:12:22.869 18644-22343/com.nubo.test7 D/nubo.NuboClientActivity: cmdcode: -120, bytesCount: 161, channelType: 2, processId: -1
2021-02-02 10:12:22.909 18644-22343/com.nubo.test7 D/nubo.NuboClientActivity: cmdcode: -120, bytesCount: 148, channelType: 2, processId: -1
2021-02-02 10:12:22.951 18644-22343/com.nubo.test7 D/nubo.NuboClientActivity: cmdcode: -120, bytesCount: 131, channelType: 2, processId: -1
2021-02-02 10:12:22.990 18644-22343/com.nubo.test7 D/nubo.NuboClientActivity: cmdcode: -120, bytesCount: 109, channelType: 2, processId: -1
2021-02-02 10:12:23.032 18644-22343/com.nubo.test7 D/nubo.NuboClientActivity: cmdcode: -120, bytesCount: 99, channelType: 2, processId: -1
2021-02-02 10:12:23.080 18644-22343/com.nubo.test7 D/nubo.NuboClientActivity: cmdcode: -120, bytesCount: 99, channelType: 2, processId: -1
2021-02-02 10:12:23.092 18644-22339/com.nubo.test7 D/nubo.NuboClientActivity: cmdcode: 109, bytesCount: 13, channelType: 0, processId: 9209
2021-02-02 10:12:23.094 18644-22339/com.nubo.test7 V/NuboOpenGLUtils: endGLThreadsForProcess: 9209
2021-02-02 10:12:23.095 18644-22339/com.nubo.test7 E/NuboOpenGLUtils: No GL threads found for process: 9209
2021-02-02 10:12:23.098 18644-22339/com.nubo.test7 E/NuboSensorManager: disableProcessSensors. processId: 9209
2021-02-02 10:12:23.117 18644-22343/com.nubo.test7 D/nubo.NuboClientActivity: cmdcode: -120, bytesCount: 99, channelType: 2, processId: -1
2021-02-02 10:12:23.153 18644-22343/com.nubo.test7 D/nubo.NuboClientActivity: cmdcode: -120, bytesCount: 99, channelType: 2, processId: -1
2021-02-02 10:12:23.189 18644-22343/com.nubo.test7 D/nubo.NuboClientActivity: cmdcode: -120, bytesCount: 99, channelType: 2, processId: -1
2021-02-02 10:12:23.234 18644-22343/com.nubo.test7 D/nubo.NuboClientActivity: cmdcode: -120, bytesCount: 99, channelType: 2, processId: -1
2021-02-02 10:12:23.272 18644-22343/com.nubo.test7 D/nubo.NuboClientActivity: cmdcode: -120, bytesCount: 99, channelType: 2, processId: -1
2021-02-02 10:12:23.310 18644-22343/com.nubo.test7 I/chatty: uid=10300(com.nubo.test7) Thread-27 identical 1 line
2021-02-02 10:12:23.353 18644-22343/com.nubo.test7 D/nubo.NuboClientActivity: cmdcode: -120, bytesCount: 99, channelType: 2, processId: -1
2021-02-02 10:12:23.398 18644-22343/com.nubo.test7 D/nubo.NuboClientActivity: cmdcode: -120, bytesCount: 99, channelType: 2, processId: -1
2021-02-02 10:12:23.440 18644-22339/com.nubo.test7 D/nubo.NuboClientActivity: cmdcode: 123, bytesCount: 21, channelType: 0, processId: -1
2021-02-02 10:12:23.454 18644-22343/com.nubo.test7 D/nubo.NuboClientActivity: cmdcode: -120, bytesCount: 99, channelType: 2, processId: -1
2021-02-02 10:12:23.466 18644-22343/com.nubo.test7 D/nubo.NuboClientActivity: cmdcode: -120, bytesCount: 99, channelType: 2, processId: -1
2021-02-02 10:12:23.516 18644-22343/com.nubo.test7 D/nubo.NuboClientActivity: cmdcode: -120, bytesCount: 99, channelType: 2, processId: -1
2021-02-02 10:12:23.549 18644-22343/com.nubo.test7 D/nubo.NuboClientActivity: cmdcode: -120, bytesCount: 99, channelType: 2, processId: -1
2021-02-02 10:12:23.588 18644-22343/com.nubo.test7 D/nubo.NuboClientActivity: cmdcode: -120, bytesCount: 99, channelType: 2, processId: -1
2021-02-02 10:12:23.635 18644-22343/com.nubo.test7 I/chatty: uid=10300(com.nubo.test7) Thread-27 identical 1 line
2021-02-02 10:12:23.670 18644-22343/com.nubo.test7 D/nubo.NuboClientActivity: cmdcode: -120, bytesCount: 99, channelType: 2, processId: -1
2021-02-02 10:12:23.709 18644-22343/com.nubo.test7 D/nubo.NuboClientActivity: cmdcode: -120, bytesCount: 99, channelType: 2, processId: -1
2021-02-02 10:12:23.872 18644-22343/com.nubo.test7 I/chatty: uid=10300(com.nubo.test7) Thread-27 identical 4 lines
2021-02-02 10:12:23.911 18644-22343/com.nubo.test7 D/nubo.NuboClientActivity: cmdcode: -120, bytesCount: 99, channelType: 2, processId: -1
2021-02-02 10:12:23.953 18644-22343/com.nubo.test7 D/nubo.NuboClientActivity: cmdcode: -120, bytesCount: 99, channelType: 2, processId: -1
2021-02-02 10:12:23.979 18644-22343/com.nubo.test7 D/nubo.NuboClientActivity: cmdcode: -120, bytesCount: 57, channelType: 2, processId: -1
2021-02-02 10:12:23.982 18644-22343/com.nubo.test7 D/nubo.NuboClientActivity: cmdcode: -120, bytesCount: 33, channelType: 2, processId: -1
2021-02-02 10:12:23.985 18644-22343/com.nubo.test7 D/nubo.NuboClientActivity: cmdcode: -120, bytesCount: 1417, channelType: 2, processId: -1
2021-02-02 10:12:23.994 18644-22343/com.nubo.test7 I/chatty: uid=10300(com.nubo.test7) Thread-27 identical 5 lines
2021-02-02 10:12:23.996 18644-22343/com.nubo.test7 D/nubo.NuboClientActivity: cmdcode: -120, bytesCount: 1417, channelType: 2, processId: -1
2021-02-02 10:12:23.998 18644-22343/com.nubo.test7 D/nubo.NuboClientActivity: cmdcode: -120, bytesCount: 450, channelType: 2, processId: -1
2021-02-02 10:12:24.033 18644-22343/com.nubo.test7 D/nubo.NuboClientActivity: cmdcode: -120, bytesCount: 317, channelType: 2, processId: -1
2021-02-02 10:12:24.071 18644-22343/com.nubo.test7 D/nubo.NuboClientActivity: cmdcode: -120, bytesCount: 161, channelType: 2, processId: -1
2021-02-02 10:12:24.109 18644-22343/com.nubo.test7 D/nubo.NuboClientActivity: cmdcode: -120, bytesCount: 148, channelType: 2, processId: -1
2021-02-02 10:12:24.151 18644-22343/com.nubo.test7 D/nubo.NuboClientActivity: cmdcode: -120, bytesCount: 131, channelType: 2, processId: -1
2021-02-02 10:12:24.189 18644-22343/com.nubo.test7 D/nubo.NuboClientActivity: cmdcode: -120, bytesCount: 109, channelType: 2, processId: -1
2021-02-02 10:12:24.232 18644-22343/com.nubo.test7 D/nubo.NuboClientActivity: cmdcode: -120, bytesCount: 99, channelType: 2, processId: -1
2021-02-02 10:12:24.391 18644-22343/com.nubo.test7 I/chatty: uid=10300(com.nubo.test7) Thread-27 identical 4 lines
2021-02-02 10:12:24.438 18644-22343/com.nubo.test7 D/nubo.NuboClientActivity: cmdcode: -120, bytesCount: 99, channelType: 2, processId: -1
2021-02-02 10:12:24.449 18644-22339/com.nubo.test7 D/nubo.NuboClientActivity: cmdcode: 123, bytesCount: 21, channelType: 0, processId: -1
2021-02-02 10:12:24.470 18644-22343/com.nubo.test7 D/nubo.NuboClientActivity: cmdcode: -120, bytesCount: 99, channelType: 2, processId: -1
2021-02-02 10:12:24.592 18644-22343/com.nubo.test7 I/chatty: uid=10300(com.nubo.test7) Thread-27 identical 3 lines
2021-02-02 10:12:24.629 18644-22343/com.nubo.test7 D/nubo.NuboClientActivity: cmdcode: -120, bytesCount: 99, channelType: 2, processId: -1
2021-02-02 10:12:24.708 18644-22343/com.nubo.test7 D/nubo.NuboClientActivity: cmdcode: 123, bytesCount: 21, channelType: 2, processId: -1
2021-02-02 10:12:24.710 18644-22343/com.nubo.test7 D/nubo.NuboClientActivity: cmdcode: -120, bytesCount: 99, channelType: 2, processId: -1
2021-02-02 10:12:24.713 18644-22343/com.nubo.test7 I/chatty: uid=10300(com.nubo.test7) Thread-27 identical 1 line
2021-02-02 10:12:24.751 18644-22343/com.nubo.test7 D/nubo.NuboClientActivity: cmdcode: -120, bytesCount: 99, channelType: 2, processId: -1
2021-02-02 10:12:24.789 18644-22343/com.nubo.test7 D/nubo.NuboClientActivity: cmdcode: -120, bytesCount: 99, channelType: 2, processId: -1
2021-02-02 10:12:25.111 18644-22343/com.nubo.test7 I/chatty: uid=10300(com.nubo.test7) Thread-27 identical 8 lines
2021-02-02 10:12:25.150 18644-22343/com.nubo.test7 D/nubo.NuboClientActivity: cmdcode: -120, bytesCount: 99, channelType: 2, processId: -1
2021-02-02 10:12:25.183 18644-22343/com.nubo.test7 D/nubo.NuboClientActivity: cmdcode: -120, bytesCount: 57, channelType: 2, processId: -1
2021-02-02 10:12:25.187 18644-22343/com.nubo.test7 D/nubo.NuboClientActivity: cmdcode: -120, bytesCount: 33, channelType: 2, processId: -1
2021-02-02 10:12:25.190 18644-22343/com.nubo.test7 D/nubo.NuboClientActivity: cmdcode: -120, bytesCount: 57, channelType: 2, processId: -1
2021-02-02 10:12:25.193 18644-22343/com.nubo.test7 D/nubo.NuboClientActivity: cmdcode: -120, bytesCount: 33, channelType: 2, processId: -1
2021-02-02 10:12:25.196 18644-22343/com.nubo.test7 D/nubo.NuboClientActivity: cmdcode: -120, bytesCount: 1417, channelType: 2, processId: -1
2021-02-02 10:12:25.205 18644-22343/com.nubo.test7 I/chatty: uid=10300(com.nubo.test7) Thread-27 identical 5 lines
2021-02-02 10:12:25.206 18644-22343/com.nubo.test7 D/nubo.NuboClientActivity: cmdcode: -120, bytesCount: 1417, channelType: 2, processId: -1
2021-02-02 10:12:25.207 18644-22343/com.nubo.test7 D/nubo.NuboClientActivity: cmdcode: -120, bytesCount: 450, channelType: 2, processId: -1
2021-02-02 10:12:25.231 18644-22343/com.nubo.test7 D/nubo.NuboClientActivity: cmdcode: -120, bytesCount: 317, channelType: 2, processId: -1
2021-02-02 10:12:25.269 18644-22343/com.nubo.test7 D/nubo.NuboClientActivity: cmdcode: -120, bytesCount: 161, channelType: 2, processId: -1
2021-02-02 10:12:25.310 18644-22343/com.nubo.test7 D/nubo.NuboClientActivity: cmdcode: -120, bytesCount: 148, channelType: 2, processId: -1
2021-02-02 10:12:25.350 18644-22343/com.nubo.test7 D/nubo.NuboClientActivity: cmdcode: -120, bytesCount: 131, channelType: 2, processId: -1
2021-02-02 10:12:25.389 18644-22343/com.nubo.test7 D/nubo.NuboClientActivity: cmdcode: -120, bytesCount: 109, channelType: 2, processId: -1
2021-02-02 10:12:25.437 18644-22339/com.nubo.test7 D/nubo.NuboClientActivity: cmdcode: 123, bytesCount: 21, channelType: 0, processId: -1
2021-02-02 10:12:25.448 18644-22343/com.nubo.test7 D/nubo.NuboClientActivity: cmdcode: -120, bytesCount: 99, channelType: 2, processId: -1
2021-02-02 10:12:25.459 18644-22343/com.nubo.test7 D/nubo.NuboClientActivity: cmdcode: -120, bytesCount: 99, channelType: 2, processId: -1
2021-02-02 10:12:25.511 18644-22343/com.nubo.test7 D/nubo.NuboClientActivity: cmdcode: -120, bytesCount: 99, channelType: 2, processId: -1
2021-02-02 10:12:25.549 18644-22343/com.nubo.test7 I/chatty: uid=10300(com.nubo.test7) Thread-27 identical 1 line
2021-02-02 10:12:25.594 18644-22343/com.nubo.test7 D/nubo.NuboClientActivity: cmdcode: -120, bytesCount: 99, channelType: 2, processId: -1
2021-02-02 10:12:25.639 18644-22343/com.nubo.test7 D/nubo.NuboClientActivity: cmdcode: -120, bytesCount: 1417, channelType: 2, processId: -1
2021-02-02 10:12:25.643 18644-22343/com.nubo.test7 D/nubo.NuboClientActivity: cmdcode: -120, bytesCount: 912, channelType: 2, processId: -1
2021-02-02 10:12:25.670 18644-22343/com.nubo.test7 D/nubo.NuboClientActivity: cmdcode: -120, bytesCount: 145, channelType: 2, processId: -1
2021-02-02 10:12:25.710 18644-22343/com.nubo.test7 D/nubo.NuboClientActivity: cmdcode: -120, bytesCount: 108, channelType: 2, processId: -1
2021-02-02 10:12:25.750 18644-22343/com.nubo.test7 D/nubo.NuboClientActivity: cmdcode: -120, bytesCount: 107, channelType: 2, processId: -1
2021-02-02 10:12:25.790 18644-22343/com.nubo.test7 D/nubo.NuboClientActivity: cmdcode: -120, bytesCount: 100, channelType: 2, processId: -1
2021-02-02 10:12:26.190 18644-22343/com.nubo.test7 I/chatty: uid=10300(com.nubo.test7) Thread-27 identical 10 lines
2021-02-02 10:12:26.232 18644-22343/com.nubo.test7 D/nubo.NuboClientActivity: cmdcode: -120, bytesCount: 100, channelType: 2, processId: -1
2021-02-02 10:12:26.270 18644-22343/com.nubo.test7 D/nubo.NuboClientActivity: cmdcode: -120, bytesCount: 100, channelType: 2, processId: -1
2021-02-02 10:12:26.310 18644-22343/com.nubo.test7 D/nubo.NuboClientActivity: cmdcode: -120, bytesCount: 100, channelType: 2, processId: -1
2021-02-02 10:12:26.348 18644-22343/com.nubo.test7 D/nubo.NuboClientActivity: cmdcode: -120, bytesCount: 100, channelType: 2, processId: -1
2021-02-02 10:12:26.379 18644-22343/com.nubo.test7 D/nubo.NuboClientActivity: cmdcode: -120, bytesCount: 57, channelType: 2, processId: -1
2021-02-02 10:12:26.381 18644-22343/com.nubo.test7 D/nubo.NuboClientActivity: cmdcode: -120, bytesCount: 33, channelType: 2, processId: -1
2021-02-02 10:12:26.384 18644-22343/com.nubo.test7 D/nubo.NuboClientActivity: cmdcode: -120, bytesCount: 1417, channelType: 2, processId: -1
2021-02-02 10:12:26.387 18644-22343/com.nubo.test7 I/chatty: uid=10300(com.nubo.test7) Thread-27 identical 2 lines
2021-02-02 10:12:26.389 18644-22343/com.nubo.test7 D/nubo.NuboClientActivity: cmdcode: -120, bytesCount: 1417, channelType: 2, processId: -1
2021-02-02 10:12:26.390 18644-22343/com.nubo.test7 D/nubo.NuboClientActivity: cmdcode: -120, bytesCount: 1417, channelType: 2, processId: -1
2021-02-02 10:12:26.391 18644-22343/com.nubo.test7 D/nubo.NuboClientActivity: cmdcode: -120, bytesCount: 1417, channelType: 2, processId: -1
2021-02-02 10:12:26.392 18644-22343/com.nubo.test7 D/nubo.NuboClientActivity: cmdcode: -120, bytesCount: 1417, channelType: 2, processId: -1
2021-02-02 10:12:26.397 18644-22343/com.nubo.test7 D/nubo.NuboClientActivity: cmdcode: -120, bytesCount: 734, channelType: 2, processId: -1
2021-02-02 10:12:26.434 18644-22339/com.nubo.test7 D/nubo.NuboClientActivity: cmdcode: 123, bytesCount: 21, channelType: 0, processId: -1
2021-02-02 10:12:26.444 18644-22343/com.nubo.test7 D/nubo.NuboClientActivity: cmdcode: -120, bytesCount: 509, channelType: 2, processId: -1
2021-02-02 10:12:26.468 18644-22343/com.nubo.test7 D/nubo.NuboClientActivity: cmdcode: -120, bytesCount: 105, channelType: 2, processId: -1
2021-02-02 10:12:26.508 18644-22343/com.nubo.test7 D/nubo.NuboClientActivity: cmdcode: -120, bytesCount: 78, channelType: 2, processId: -1
2021-02-02 10:12:26.552 18644-22343/com.nubo.test7 D/nubo.NuboClientActivity: cmdcode: -120, bytesCount: 75, channelType: 2, processId: -1
2021-02-02 10:12:26.591 18644-22343/com.nubo.test7 D/nubo.NuboClientActivity: cmdcode: -120, bytesCount: 53, channelType: 2, processId: -1
2021-02-02 10:12:26.630 18644-22343/com.nubo.test7 D/nubo.NuboClientActivity: cmdcode: -120, bytesCount: 43, channelType: 2, processId: -1
2021-02-02 10:12:26.869 18644-22343/com.nubo.test7 I/chatty: uid=10300(com.nubo.test7) Thread-27 identical 6 lines
2021-02-02 10:12:26.908 18644-22343/com.nubo.test7 D/nubo.NuboClientActivity: cmdcode: -120, bytesCount: 43, channelType: 2, processId: -1
2021-02-02 10:12:26.949 18644-22343/com.nubo.test7 D/nubo.NuboClientActivity: cmdcode: -120, bytesCount: 173, channelType: 2, processId: -1
2021-02-02 10:12:26.989 18644-22343/com.nubo.test7 D/nubo.NuboClientActivity: cmdcode: -120, bytesCount: 61, channelType: 2, processId: -1
2021-02-02 10:12:27.029 18644-22343/com.nubo.test7 D/nubo.NuboClientActivity: cmdcode: -120, bytesCount: 48, channelType: 2, processId: -1
2021-02-02 10:12:27.068 18644-22343/com.nubo.test7 D/nubo.NuboClientActivity: cmdcode: -120, bytesCount: 48, channelType: 2, processId: -1
2021-02-02 10:12:27.109 18644-22343/com.nubo.test7 D/nubo.NuboClientActivity: cmdcode: -120, bytesCount: 152, channelType: 2, processId: -1
2021-02-02 10:12:27.149 18644-22343/com.nubo.test7 D/nubo.NuboClientActivity: cmdcode: -120, bytesCount: 55, channelType: 2, processId: -1
2021-02-02 10:12:27.188 18644-22343/com.nubo.test7 D/nubo.NuboClientActivity: cmdcode: -120, bytesCount: 43, channelType: 2, processId: -1
2021-02-02 10:12:27.228 18644-22343/com.nubo.test7 D/nubo.NuboClientActivity: cmdcode: -120, bytesCount: 217, channelType: 2, processId: -1
2021-02-02 10:12:27.269 18644-22343/com.nubo.test7 D/nubo.NuboClientActivity: cmdcode: -120, bytesCount: 53, channelType: 2, processId: -1
2021-02-02 10:12:27.310 18644-22343/com.nubo.test7 D/nubo.NuboClientActivity: cmdcode: -120, bytesCount: 187, channelType: 2, processId: -1
2021-02-02 10:12:27.349 18644-22343/com.nubo.test7 D/nubo.NuboClientActivity: cmdcode: -120, bytesCount: 52, channelType: 2, processId: -1
2021-02-02 10:12:27.390 18644-22343/com.nubo.test7 D/nubo.NuboClientActivity: cmdcode: -120, bytesCount: 177, channelType: 2, processId: -1
2021-02-02 10:12:27.441 18644-22343/com.nubo.test7 D/nubo.NuboClientActivity: cmdcode: -120, bytesCount: 43, channelType: 2, processId: -1
2021-02-02 10:12:27.451 18644-22339/com.nubo.test7 D/nubo.NuboClientActivity: cmdcode: 123, bytesCount: 21, channelType: 0, processId: -1
2021-02-02 10:12:27.471 18644-22343/com.nubo.test7 D/nubo.NuboClientActivity: cmdcode: -120, bytesCount: 177, channelType: 2, processId: -1
2021-02-02 10:12:27.509 18644-22343/com.nubo.test7 D/nubo.NuboClientActivity: cmdcode: -120, bytesCount: 55, channelType: 2, processId: -1
2021-02-02 10:12:27.550 18644-22343/com.nubo.test7 D/nubo.NuboClientActivity: cmdcode: -120, bytesCount: 43, channelType: 2, processId: -1
2021-02-02 10:12:27.579 18644-22343/com.nubo.test7 D/nubo.NuboClientActivity: cmdcode: -120, bytesCount: 57, channelType: 2, processId: -1
2021-02-02 10:12:27.582 18644-22343/com.nubo.test7 D/nubo.NuboClientActivity: cmdcode: -120, bytesCount: 33, channelType: 2, processId: -1
2021-02-02 10:12:27.584 18644-22343/com.nubo.test7 D/nubo.NuboClientActivity: cmdcode: -120, bytesCount: 57, channelType: 2, processId: -1
2021-02-02 10:12:27.586 18644-22343/com.nubo.test7 D/nubo.NuboClientActivity: cmdcode: -120, bytesCount: 33, channelType: 2, processId: -1
2021-02-02 10:12:27.587 18644-22343/com.nubo.test7 D/nubo.NuboClientActivity: cmdcode: -120, bytesCount: 1417, channelType: 2, processId: -1
2021-02-02 10:12:27.595 18644-22343/com.nubo.test7 I/chatty: uid=10300(com.nubo.test7) Thread-27 identical 5 lines
2021-02-02 10:12:27.596 18644-22343/com.nubo.test7 D/nubo.NuboClientActivity: cmdcode: -120, bytesCount: 1417, channelType: 2, processId: -1
2021-02-02 10:12:27.598 18644-22343/com.nubo.test7 D/nubo.NuboClientActivity: cmdcode: -120, bytesCount: 727, channelType: 2, processId: -1
2021-02-02 10:12:27.629 18644-22343/com.nubo.test7 D/nubo.NuboClientActivity: cmdcode: -120, bytesCount: 601, channelType: 2, processId: -1
2021-02-02 10:12:27.672 18644-22343/com.nubo.test7 D/nubo.NuboClientActivity: cmdcode: -120, bytesCount: 118, channelType: 2, processId: -1
2021-02-02 10:12:27.709 18644-22343/com.nubo.test7 D/nubo.NuboClientActivity: cmdcode: -120, bytesCount: 78, channelType: 2, processId: -1
2021-02-02 10:12:27.749 18644-22343/com.nubo.test7 D/nubo.NuboClientActivity: cmdcode: -120, bytesCount: 215, channelType: 2, processId: -1
2021-02-02 10:12:27.789 18644-22343/com.nubo.test7 D/nubo.NuboClientActivity: cmdcode: -120, bytesCount: 64, channelType: 2, processId: -1
2021-02-02 10:12:27.830 18644-22343/com.nubo.test7 D/nubo.NuboClientActivity: cmdcode: -120, bytesCount: 150, channelType: 2, processId: -1
2021-02-02 10:12:27.871 18644-22343/com.nubo.test7 D/nubo.NuboClientActivity: cmdcode: -120, bytesCount: 47, channelType: 2, processId: -1
2021-02-02 10:12:27.908 18644-22343/com.nubo.test7 D/nubo.NuboClientActivity: cmdcode: -120, bytesCount: 183, channelType: 2, processId: -1
2021-02-02 10:12:27.948 18644-22343/com.nubo.test7 D/nubo.NuboClientActivity: cmdcode: -120, bytesCount: 57, channelType: 2, processId: -1
2021-02-02 10:12:27.988 18644-22343/com.nubo.test7 D/nubo.NuboClientActivity: cmdcode: -120, bytesCount: 185, channelType: 2, processId: -1
2021-02-02 10:12:28.029 18644-22343/com.nubo.test7 D/nubo.NuboClientActivity: cmdcode: -120, bytesCount: 48, channelType: 2, processId: -1
2021-02-02 10:12:28.079 18644-22343/com.nubo.test7 D/nubo.NuboClientActivity: cmdcode: -120, bytesCount: 43, channelType: 2, processId: -1
2021-02-02 10:12:28.111 18644-22343/com.nubo.test7 D/nubo.NuboClientActivity: cmdcode: -120, bytesCount: 193, channelType: 2, processId: -1
2021-02-02 10:12:28.151 18644-22343/com.nubo.test7 D/nubo.NuboClientActivity: cmdcode: -120, bytesCount: 153, channelType: 2, processId: -1
2021-02-02 10:12:28.199 18644-22343/com.nubo.test7 D/nubo.NuboClientActivity: cmdcode: -120, bytesCount: 51, channelType: 2, processId: -1
2021-02-02 10:12:28.228 18644-22343/com.nubo.test7 D/nubo.NuboClientActivity: cmdcode: -120, bytesCount: 43, channelType: 2, processId: -1
2021-02-02 10:12:28.286 18644-22343/com.nubo.test7 D/nubo.NuboClientActivity: cmdcode: -120, bytesCount: 158, channelType: 2, processId: -1
2021-02-02 10:12:28.309 18644-22343/com.nubo.test7 D/nubo.NuboClientActivity: cmdcode: -120, bytesCount: 188, channelType: 2, processId: -1
2021-02-02 10:12:28.347 18644-22343/com.nubo.test7 D/nubo.NuboClientActivity: cmdcode: -120, bytesCount: 53, channelType: 2, processId: -1
2021-02-02 10:12:28.400 18644-22343/com.nubo.test7 D/nubo.NuboClientActivity: cmdcode: -120, bytesCount: 43, channelType: 2, processId: -1
2021-02-02 10:12:28.428 18644-22339/com.nubo.test7 D/nubo.NuboClientActivity: cmdcode: 1, bytesCount: 30, channelType: 0, processId: 10014
2021-02-02 10:12:28.429 18644-22339/com.nubo.test7 D/nubo.NuboClientActivity: cmdcode: 16, bytesCount: 36, channelType: 0, processId: 10014
2021-02-02 10:12:28.430 18644-22339/com.nubo.test7 D/nubo.NuboClientActivity: cmdcode: 2, bytesCount: 37, channelType: 0, processId: 10014
2021-02-02 10:12:28.432 18644-22339/com.nubo.test7 D/nubo.NuboClientActivity: cmdcode: 7, bytesCount: 62, channelType: 0, processId: 10014
2021-02-02 10:12:28.433 18644-22339/com.nubo.test7 D/nubo.NuboClientActivity: cmdcode: 2, bytesCount: 37, channelType: 0, processId: 10014
2021-02-02 10:12:28.434 18644-22339/com.nubo.test7 D/nubo.NuboClientActivity: cmdcode: 7, bytesCount: 66, channelType: 0, processId: 10014
2021-02-02 10:12:28.435 18644-22339/com.nubo.test7 D/nubo.NuboClientActivity: cmdcode: 8, bytesCount: 81, channelType: 0, processId: 10014
2021-02-02 10:12:28.436 18644-22339/com.nubo.test7 D/nubo.NuboClientActivity: cmdcode: 14, bytesCount: 78, channelType: 0, processId: 10014
2021-02-02 10:12:28.437 18644-22343/com.nubo.test7 D/nubo.NuboClientActivity: cmdcode: -120, bytesCount: 176, channelType: 2, processId: -1
2021-02-02 10:12:28.439 18644-22339/com.nubo.test7 D/nubo.NuboClientActivity: cmdcode: 8, bytesCount: 81, channelType: 0, processId: 10014
2021-02-02 10:12:28.442 18644-22339/com.nubo.test7 D/nubo.NuboClientActivity: cmdcode: 5, bytesCount: 97, channelType: 0, processId: 10014
2021-02-02 10:12:28.443 18644-22339/com.nubo.test7 D/nubo.NuboClientActivity: cmdcode: 8, bytesCount: 81, channelType: 0, processId: 10014
2021-02-02 10:12:28.444 18644-22339/com.nubo.test7 D/nubo.NuboClientActivity: cmdcode: 8, bytesCount: 73, channelType: 0, processId: 10014
2021-02-02 10:12:28.445 18644-22339/com.nubo.test7 D/nubo.NuboClientActivity: cmdcode: 7, bytesCount: 66, channelType: 0, processId: 10014
2021-02-02 10:12:28.445 18644-22339/com.nubo.test7 D/nubo.NuboClientActivity: cmdcode: 7, bytesCount: 66, channelType: 0, processId: 10014
2021-02-02 10:12:28.446 18644-22339/com.nubo.test7 D/nubo.NuboClientActivity: cmdcode: 101, bytesCount: 13, channelType: 0, processId: 10014
2021-02-02 10:12:28.449 18644-22339/com.nubo.test7 D/nubo.NuboClientActivity: cmdcode: 123, bytesCount: 21, channelType: 0, processId: -1
2021-02-02 10:12:28.473 18644-22339/com.nubo.test7 D/nubo.NuboClientActivity: cmdcode: 1, bytesCount: 30, channelType: 0, processId: 10014
2021-02-02 10:12:28.475 18644-22339/com.nubo.test7 D/nubo.NuboClientActivity: cmdcode: 16, bytesCount: 36, channelType: 0, processId: 10014
2021-02-02 10:12:28.476 18644-22339/com.nubo.test7 D/nubo.NuboClientActivity: cmdcode: 2, bytesCount: 37, channelType: 0, processId: 10014
2021-02-02 10:12:28.477 18644-22339/com.nubo.test7 D/nubo.NuboClientActivity: cmdcode: 7, bytesCount: 62, channelType: 0, processId: 10014
2021-02-02 10:12:28.477 18644-22339/com.nubo.test7 D/nubo.NuboClientActivity: cmdcode: 2, bytesCount: 37, channelType: 0, processId: 10014
2021-02-02 10:12:28.478 18644-22339/com.nubo.test7 D/nubo.NuboClientActivity: cmdcode: 7, bytesCount: 66, channelType: 0, processId: 10014
2021-02-02 10:12:28.478 18644-22339/com.nubo.test7 D/nubo.NuboClientActivity: cmdcode: 8, bytesCount: 81, channelType: 0, processId: 10014
2021-02-02 10:12:28.480 18644-22339/com.nubo.test7 D/nubo.NuboClientActivity: cmdcode: 14, bytesCount: 78, channelType: 0, processId: 10014
2021-02-02 10:12:28.480 18644-22339/com.nubo.test7 D/nubo.NuboClientActivity: cmdcode: 8, bytesCount: 81, channelType: 0, processId: 10014
2021-02-02 10:12:28.481 18644-22339/com.nubo.test7 D/nubo.NuboClientActivity: cmdcode: 5, bytesCount: 97, channelType: 0, processId: 10014
2021-02-02 10:12:28.482 18644-22339/com.nubo.test7 D/nubo.NuboClientActivity: cmdcode: 8, bytesCount: 81, channelType: 0, processId: 10014
2021-02-02 10:12:28.483 18644-22339/com.nubo.test7 D/nubo.NuboClientActivity: cmdcode: 8, bytesCount: 73, channelType: 0, processId: 10014
2021-02-02 10:12:28.483 18644-22343/com.nubo.test7 D/nubo.NuboClientActivity: cmdcode: -120, bytesCount: 163, channelType: 2, processId: -1
2021-02-02 10:12:28.483 18644-22339/com.nubo.test7 D/nubo.NuboClientActivity: cmdcode: 7, bytesCount: 66, channelType: 0, processId: 10014
2021-02-02 10:12:28.484 18644-22339/com.nubo.test7 D/nubo.NuboClientActivity: cmdcode: 7, bytesCount: 66, channelType: 0, processId: 10014
2021-02-02 10:12:28.485 18644-22339/com.nubo.test7 D/nubo.NuboClientActivity: cmdcode: 101, bytesCount: 13, channelType: 0, processId: 10014
2021-02-02 10:12:28.521 18644-22343/com.nubo.test7 D/nubo.NuboClientActivity: cmdcode: -120, bytesCount: 48, channelType: 2, processId: -1
2021-02-02 10:12:28.530 18644-22339/com.nubo.test7 D/nubo.NuboClientActivity: cmdcode: 1, bytesCount: 30, channelType: 0, processId: 10014
2021-02-02 10:12:28.532 18644-22339/com.nubo.test7 D/nubo.NuboClientActivity: cmdcode: 16, bytesCount: 36, channelType: 0, processId: 10014
2021-02-02 10:12:28.534 18644-22339/com.nubo.test7 D/nubo.NuboClientActivity: cmdcode: 2, bytesCount: 37, channelType: 0, processId: 10014
2021-02-02 10:12:28.535 18644-22339/com.nubo.test7 D/nubo.NuboClientActivity: cmdcode: 7, bytesCount: 62, channelType: 0, processId: 10014
2021-02-02 10:12:28.536 18644-22339/com.nubo.test7 D/nubo.NuboClientActivity: cmdcode: 2, bytesCount: 37, channelType: 0, processId: 10014
2021-02-02 10:12:28.537 18644-22339/com.nubo.test7 D/nubo.NuboClientActivity: cmdcode: 7, bytesCount: 66, channelType: 0, processId: 10014
2021-02-02 10:12:28.538 18644-22339/com.nubo.test7 D/nubo.NuboClientActivity: cmdcode: 8, bytesCount: 81, channelType: 0, processId: 10014
2021-02-02 10:12:28.540 18644-22339/com.nubo.test7 D/nubo.NuboClientActivity: cmdcode: 14, bytesCount: 78, channelType: 0, processId: 10014
2021-02-02 10:12:28.541 18644-22339/com.nubo.test7 D/nubo.NuboClientActivity: cmdcode: 8, bytesCount: 81, channelType: 0, processId: 10014
2021-02-02 10:12:28.542 18644-22339/com.nubo.test7 D/nubo.NuboClientActivity: cmdcode: 5, bytesCount: 97, channelType: 0, processId: 10014
2021-02-02 10:12:28.543 18644-22339/com.nubo.test7 D/nubo.NuboClientActivity: cmdcode: 8, bytesCount: 81, channelType: 0, processId: 10014
2021-02-02 10:12:28.543 18644-22339/com.nubo.test7 D/nubo.NuboClientActivity: cmdcode: 8, bytesCount: 73, channelType: 0, processId: 10014
2021-02-02 10:12:28.544 18644-22339/com.nubo.test7 D/nubo.NuboClientActivity: cmdcode: 7, bytesCount: 66, channelType: 0, processId: 10014
2021-02-02 10:12:28.545 18644-22339/com.nubo.test7 D/nubo.NuboClientActivity: cmdcode: 7, bytesCount: 66, channelType: 0, processId: 10014
2021-02-02 10:12:28.546 18644-22339/com.nubo.test7 D/nubo.NuboClientActivity: cmdcode: 101, bytesCount: 13, channelType: 0, processId: 10014
2021-02-02 10:12:28.549 18644-22343/com.nubo.test7 D/nubo.NuboClientActivity: cmdcode: -120, bytesCount: 167, channelType: 2, processId: -1
2021-02-02 10:12:28.619 18644-22339/com.nubo.test7 D/nubo.NuboClientActivity: cmdcode: 1, bytesCount: 30, channelType: 0, processId: 10014
2021-02-02 10:12:28.621 18644-22339/com.nubo.test7 D/nubo.NuboClientActivity: cmdcode: 16, bytesCount: 36, channelType: 0, processId: 10014
2021-02-02 10:12:28.621 18644-22339/com.nubo.test7 D/nubo.NuboClientActivity: cmdcode: 2, bytesCount: 37, channelType: 0, processId: 10014
2021-02-02 10:12:28.622 18644-22339/com.nubo.test7 D/nubo.NuboClientActivity: cmdcode: 7, bytesCount: 62, channelType: 0, processId: 10014
2021-02-02 10:12:28.623 18644-22339/com.nubo.test7 D/nubo.NuboClientActivity: cmdcode: 2, bytesCount: 37, channelType: 0, processId: 10014
2021-02-02 10:12:28.624 18644-22339/com.nubo.test7 D/nubo.NuboClientActivity: cmdcode: 7, bytesCount: 66, channelType: 0, processId: 10014
2021-02-02 10:12:28.625 18644-22339/com.nubo.test7 D/nubo.NuboClientActivity: cmdcode: 8, bytesCount: 81, channelType: 0, processId: 10014
2021-02-02 10:12:28.626 18644-22339/com.nubo.test7 D/nubo.NuboClientActivity: cmdcode: 14, bytesCount: 78, channelType: 0, processId: 10014
2021-02-02 10:12:28.628 18644-22339/com.nubo.test7 D/nubo.NuboClientActivity: cmdcode: 8, bytesCount: 81, channelType: 0, processId: 10014
2021-02-02 10:12:28.630 18644-22343/com.nubo.test7 D/nubo.NuboClientActivity: cmdcode: -120, bytesCount: 51, channelType: 2, processId: -1
2021-02-02 10:12:28.630 18644-22339/com.nubo.test7 D/nubo.NuboClientActivity: cmdcode: 5, bytesCount: 97, channelType: 0, processId: 10014
2021-02-02 10:12:28.631 18644-22343/com.nubo.test7 D/nubo.NuboClientActivity: cmdcode: -120, bytesCount: 161, channelType: 2, processId: -1
2021-02-02 10:12:28.631 18644-22339/com.nubo.test7 D/nubo.NuboClientActivity: cmdcode: 8, bytesCount: 81, channelType: 0, processId: 10014
2021-02-02 10:12:28.634 18644-22339/com.nubo.test7 D/nubo.NuboClientActivity: cmdcode: 8, bytesCount: 73, channelType: 0, processId: 10014
2021-02-02 10:12:28.636 18644-22339/com.nubo.test7 D/nubo.NuboClientActivity: cmdcode: 7, bytesCount: 66, channelType: 0, processId: 10014
2021-02-02 10:12:28.637 18644-22339/com.nubo.test7 D/nubo.NuboClientActivity: cmdcode: 7, bytesCount: 66, channelType: 0, processId: 10014
2021-02-02 10:12:28.638 18644-22339/com.nubo.test7 D/nubo.NuboClientActivity: cmdcode: 101, bytesCount: 13, channelType: 0, processId: 10014
2021-02-02 10:12:28.643 18644-22339/com.nubo.test7 D/nubo.NuboClientActivity: cmdcode: 1, bytesCount: 30, channelType: 0, processId: 10014
2021-02-02 10:12:28.644 18644-22339/com.nubo.test7 D/nubo.NuboClientActivity: cmdcode: 16, bytesCount: 36, channelType: 0, processId: 10014
2021-02-02 10:12:28.644 18644-22339/com.nubo.test7 D/nubo.NuboClientActivity: cmdcode: 2, bytesCount: 37, channelType: 0, processId: 10014
2021-02-02 10:12:28.645 18644-22339/com.nubo.test7 D/nubo.NuboClientActivity: cmdcode: 7, bytesCount: 62, channelType: 0, processId: 10014
2021-02-02 10:12:28.646 18644-22339/com.nubo.test7 D/nubo.NuboClientActivity: cmdcode: 2, bytesCount: 37, channelType: 0, processId: 10014
2021-02-02 10:12:28.647 18644-22339/com.nubo.test7 D/nubo.NuboClientActivity: cmdcode: 7, bytesCount: 66, channelType: 0, processId: 10014
2021-02-02 10:12:28.648 18644-22339/com.nubo.test7 D/nubo.NuboClientActivity: cmdcode: 8, bytesCount: 81, channelType: 0, processId: 10014
2021-02-02 10:12:28.649 18644-22339/com.nubo.test7 D/nubo.NuboClientActivity: cmdcode: 14, bytesCount: 78, channelType: 0, processId: 10014
2021-02-02 10:12:28.650 18644-22339/com.nubo.test7 D/nubo.NuboClientActivity: cmdcode: 8, bytesCount: 81, channelType: 0, processId: 10014
2021-02-02 10:12:28.651 18644-22339/com.nubo.test7 D/nubo.NuboClientActivity: cmdcode: 5, bytesCount: 97, channelType: 0, processId: 10014
2021-02-02 10:12:28.652 18644-22339/com.nubo.test7 D/nubo.NuboClientActivity: cmdcode: 8, bytesCount: 81, channelType: 0, processId: 10014
2021-02-02 10:12:28.653 18644-22339/com.nubo.test7 D/nubo.NuboClientActivity: cmdcode: 8, bytesCount: 73, channelType: 0, processId: 10014
2021-02-02 10:12:28.654 18644-22339/com.nubo.test7 D/nubo.NuboClientActivity: cmdcode: 7, bytesCount: 66, channelType: 0, processId: 10014
2021-02-02 10:12:28.655 18644-22339/com.nubo.test7 D/nubo.NuboClientActivity: cmdcode: 7, bytesCount: 66, channelType: 0, processId: 10014
2021-02-02 10:12:28.656 18644-22339/com.nubo.test7 D/nubo.NuboClientActivity: cmdcode: 101, bytesCount: 13, channelType: 0, processId: 10014
2021-02-02 10:12:28.715 18644-22339/com.nubo.test7 D/nubo.NuboClientActivity: cmdcode: 1, bytesCount: 30, channelType: 0, processId: 10014
2021-02-02 10:12:28.716 18644-22339/com.nubo.test7 D/nubo.NuboClientActivity: cmdcode: 16, bytesCount: 36, channelType: 0, processId: 10014
2021-02-02 10:12:28.717 18644-22339/com.nubo.test7 D/nubo.NuboClientActivity: cmdcode: 2, bytesCount: 37, channelType: 0, processId: 10014
2021-02-02 10:12:28.718 18644-22339/com.nubo.test7 D/nubo.NuboClientActivity: cmdcode: 7, bytesCount: 62, channelType: 0, processId: 10014
2021-02-02 10:12:28.719 18644-22339/com.nubo.test7 D/nubo.NuboClientActivity: cmdcode: 2, bytesCount: 37, channelType: 0, processId: 10014
2021-02-02 10:12:28.719 18644-22339/com.nubo.test7 D/nubo.NuboClientActivity: cmdcode: 7, bytesCount: 66, channelType: 0, processId: 10014
2021-02-02 10:12:28.720 18644-22339/com.nubo.test7 D/nubo.NuboClientActivity: cmdcode: 8, bytesCount: 81, channelType: 0, processId: 10014
2021-02-02 10:12:28.722 18644-22339/com.nubo.test7 D/nubo.NuboClientActivity: cmdcode: 14, bytesCount: 78, channelType: 0, processId: 10014
2021-02-02 10:12:28.723 18644-22339/com.nubo.test7 D/nubo.NuboClientActivity: cmdcode: 8, bytesCount: 81, channelType: 0, processId: 10014
2021-02-02 10:12:28.724 18644-22339/com.nubo.test7 D/nubo.NuboClientActivity: cmdcode: 5, bytesCount: 97, channelType: 0, processId: 10014
2021-02-02 10:12:28.725 18644-22343/com.nubo.test7 D/nubo.NuboClientActivity: cmdcode: 123, bytesCount: 21, channelType: 2, processId: -1
2021-02-02 10:12:28.725 18644-22339/com.nubo.test7 D/nubo.NuboClientActivity: cmdcode: 8, bytesCount: 81, channelType: 0, processId: 10014
2021-02-02 10:12:28.726 18644-22343/com.nubo.test7 D/nubo.NuboClientActivity: cmdcode: -120, bytesCount: 191, channelType: 2, processId: -1
2021-02-02 10:12:28.727 18644-22339/com.nubo.test7 D/nubo.NuboClientActivity: cmdcode: 8, bytesCount: 73, channelType: 0, processId: 10014
2021-02-02 10:12:28.728 18644-22343/com.nubo.test7 D/nubo.NuboClientActivity: cmdcode: -120, bytesCount: 172, channelType: 2, processId: -1
2021-02-02 10:12:28.729 18644-22339/com.nubo.test7 D/nubo.NuboClientActivity: cmdcode: 7, bytesCount: 66, channelType: 0, processId: 10014
2021-02-02 10:12:28.730 18644-22339/com.nubo.test7 D/nubo.NuboClientActivity: cmdcode: 7, bytesCount: 66, channelType: 0, processId: 10014
2021-02-02 10:12:28.731 18644-22339/com.nubo.test7 D/nubo.NuboClientActivity: cmdcode: 101, bytesCount: 13, channelType: 0, processId: 10014
2021-02-02 10:12:28.736 18644-22339/com.nubo.test7 D/nubo.NuboClientActivity: cmdcode: 1, bytesCount: 30, channelType: 0, processId: 10014
2021-02-02 10:12:28.737 18644-22339/com.nubo.test7 D/nubo.NuboClientActivity: cmdcode: 16, bytesCount: 36, channelType: 0, processId: 10014
2021-02-02 10:12:28.737 18644-22339/com.nubo.test7 D/nubo.NuboClientActivity: cmdcode: 2, bytesCount: 37, channelType: 0, processId: 10014
2021-02-02 10:12:28.738 18644-22339/com.nubo.test7 D/nubo.NuboClientActivity: cmdcode: 7, bytesCount: 62, channelType: 0, processId: 10014
2021-02-02 10:12:28.738 18644-22339/com.nubo.test7 D/nubo.NuboClientActivity: cmdcode: 2, bytesCount: 37, channelType: 0, processId: 10014
2021-02-02 10:12:28.739 18644-22339/com.nubo.test7 D/nubo.NuboClientActivity: cmdcode: 7, bytesCount: 66, channelType: 0, processId: 10014
2021-02-02 10:12:28.739 18644-22339/com.nubo.test7 D/nubo.NuboClientActivity: cmdcode: 8, bytesCount: 81, channelType: 0, processId: 10014
2021-02-02 10:12:28.740 18644-22339/com.nubo.test7 D/nubo.NuboClientActivity: cmdcode: 14, bytesCount: 78, channelType: 0, processId: 10014
2021-02-02 10:12:28.740 18644-22339/com.nubo.test7 D/nubo.NuboClientActivity: cmdcode: 8, bytesCount: 81, channelType: 0, processId: 10014
2021-02-02 10:12:28.741 18644-22339/com.nubo.test7 D/nubo.NuboClientActivity: cmdcode: 5, bytesCount: 97, channelType: 0, processId: 10014
2021-02-02 10:12:28.742 18644-22339/com.nubo.test7 D/nubo.NuboClientActivity: cmdcode: 8, bytesCount: 81, channelType: 0, processId: 10014
2021-02-02 10:12:28.742 18644-22339/com.nubo.test7 D/nubo.NuboClientActivity: cmdcode: 8, bytesCount: 73, channelType: 0, processId: 10014
2021-02-02 10:12:28.743 18644-22339/com.nubo.test7 D/nubo.NuboClientActivity: cmdcode: 7, bytesCount: 66, channelType: 0, processId: 10014
2021-02-02 10:12:28.744 18644-22339/com.nubo.test7 D/nubo.NuboClientActivity: cmdcode: 7, bytesCount: 66, channelType: 0, processId: 10014
2021-02-02 10:12:28.745 18644-22339/com.nubo.test7 D/nubo.NuboClientActivity: cmdcode: 101, bytesCount: 13, channelType: 0, processId: 10014
2021-02-02 10:12:28.766 18644-22343/com.nubo.test7 D/nubo.NuboClientActivity: cmdcode: -120, bytesCount: 60, channelType: 2, processId: -1
2021-02-02 10:12:28.775 18644-22339/com.nubo.test7 D/nubo.NuboClientActivity: cmdcode: 1, bytesCount: 30, channelType: 0, processId: 10014
2021-02-02 10:12:28.776 18644-22339/com.nubo.test7 D/nubo.NuboClientActivity: cmdcode: 16, bytesCount: 36, channelType: 0, processId: 10014
2021-02-02 10:12:28.776 18644-22339/com.nubo.test7 D/nubo.NuboClientActivity: cmdcode: 2, bytesCount: 37, channelType: 0, processId: 10014
2021-02-02 10:12:28.777 18644-22339/com.nubo.test7 D/nubo.NuboClientActivity: cmdcode: 7, bytesCount: 62, channelType: 0, processId: 10014
2021-02-02 10:12:28.777 18644-22339/com.nubo.test7 D/nubo.NuboClientActivity: cmdcode: 2, bytesCount: 37, channelType: 0, processId: 10014
2021-02-02 10:12:28.777 18644-22339/com.nubo.test7 D/nubo.NuboClientActivity: cmdcode: 7, bytesCount: 66, channelType: 0, processId: 10014
2021-02-02 10:12:28.778 18644-22339/com.nubo.test7 D/nubo.NuboClientActivity: cmdcode: 8, bytesCount: 81, channelType: 0, processId: 10014
2021-02-02 10:12:28.778 18644-22339/com.nubo.test7 D/nubo.NuboClientActivity: cmdcode: 14, bytesCount: 78, channelType: 0, processId: 10014
2021-02-02 10:12:28.779 18644-22339/com.nubo.test7 D/nubo.NuboClientActivity: cmdcode: 8, bytesCount: 81, channelType: 0, processId: 10014
2021-02-02 10:12:28.779 18644-22343/com.nubo.test7 D/nubo.NuboClientActivity: cmdcode: -120, bytesCount: 57, channelType: 2, processId: -1
2021-02-02 10:12:28.779 18644-22339/com.nubo.test7 D/nubo.NuboClientActivity: cmdcode: 5, bytesCount: 97, channelType: 0, processId: 10014
2021-02-02 10:12:28.782 18644-22343/com.nubo.test7 D/nubo.NuboClientActivity: cmdcode: -120, bytesCount: 33, channelType: 2, processId: -1
2021-02-02 10:12:28.783 18644-22339/com.nubo.test7 D/nubo.NuboClientActivity: cmdcode: 8, bytesCount: 81, channelType: 0, processId: 10014
2021-02-02 10:12:28.784 18644-22343/com.nubo.test7 D/nubo.NuboClientActivity: cmdcode: -120, bytesCount: 1417, channelType: 2, processId: -1
2021-02-02 10:12:28.785 18644-22339/com.nubo.test7 D/nubo.NuboClientActivity: cmdcode: 8, bytesCount: 73, channelType: 0, processId: 10014
2021-02-02 10:12:28.786 18644-22343/com.nubo.test7 D/nubo.NuboClientActivity: cmdcode: -120, bytesCount: 1417, channelType: 2, processId: -1
2021-02-02 10:12:28.786 18644-22339/com.nubo.test7 D/nubo.NuboClientActivity: cmdcode: 7, bytesCount: 66, channelType: 0, processId: 10014
2021-02-02 10:12:28.788 18644-22343/com.nubo.test7 D/nubo.NuboClientActivity: cmdcode: -120, bytesCount: 1417, channelType: 2, processId: -1
2021-02-02 10:12:28.788 18644-22339/com.nubo.test7 D/nubo.NuboClientActivity: cmdcode: 7, bytesCount: 66, channelType: 0, processId: 10014
2021-02-02 10:12:28.789 18644-22343/com.nubo.test7 D/nubo.NuboClientActivity: cmdcode: -120, bytesCount: 1417, channelType: 2, processId: -1
2021-02-02 10:12:28.790 18644-22339/com.nubo.test7 D/nubo.NuboClientActivity: cmdcode: 101, bytesCount: 13, channelType: 0, processId: 10014
2021-02-02 10:12:28.790 18644-22343/com.nubo.test7 D/nubo.NuboClientActivity: cmdcode: -120, bytesCount: 1417, channelType: 2, processId: -1
2021-02-02 10:12:28.792 18644-22343/com.nubo.test7 I/chatty: uid=10300(com.nubo.test7) Thread-27 identical 1 line
2021-02-02 10:12:28.794 18644-22343/com.nubo.test7 D/nubo.NuboClientActivity: cmdcode: -120, bytesCount: 1417, channelType: 2, processId: -1
2021-02-02 10:12:28.795 18644-22343/com.nubo.test7 D/nubo.NuboClientActivity: cmdcode: -120, bytesCount: 699, channelType: 2, processId: -1
2021-02-02 10:12:28.829 18644-22339/com.nubo.test7 D/nubo.NuboClientActivity: cmdcode: 1, bytesCount: 30, channelType: 0, processId: 10014
2021-02-02 10:12:28.830 18644-22339/com.nubo.test7 D/nubo.NuboClientActivity: cmdcode: 16, bytesCount: 36, channelType: 0, processId: 10014
2021-02-02 10:12:28.831 18644-22339/com.nubo.test7 D/nubo.NuboClientActivity: cmdcode: 2, bytesCount: 37, channelType: 0, processId: 10014
2021-02-02 10:12:28.832 18644-22339/com.nubo.test7 D/nubo.NuboClientActivity: cmdcode: 7, bytesCount: 62, channelType: 0, processId: 10014
2021-02-02 10:12:28.833 18644-22339/com.nubo.test7 D/nubo.NuboClientActivity: cmdcode: 2, bytesCount: 37, channelType: 0, processId: 10014
2021-02-02 10:12:28.834 18644-22339/com.nubo.test7 D/nubo.NuboClientActivity: cmdcode: 7, bytesCount: 66, channelType: 0, processId: 10014
2021-02-02 10:12:28.834 18644-22339/com.nubo.test7 D/nubo.NuboClientActivity: cmdcode: 8, bytesCount: 81, channelType: 0, processId: 10014
2021-02-02 10:12:28.835 18644-22339/com.nubo.test7 D/nubo.NuboClientActivity: cmdcode: 14, bytesCount: 78, channelType: 0, processId: 10014
2021-02-02 10:12:28.836 18644-22339/com.nubo.test7 D/nubo.NuboClientActivity: cmdcode: 8, bytesCount: 81, channelType: 0, processId: 10014
2021-02-02 10:12:28.837 18644-22343/com.nubo.test7 D/nubo.NuboClientActivity: cmdcode: -120, bytesCount: 360, channelType: 2, processId: -1
2021-02-02 10:12:28.837 18644-22339/com.nubo.test7 D/nubo.NuboClientActivity: cmdcode: 5, bytesCount: 97, channelType: 0, processId: 10014
2021-02-02 10:12:28.839 18644-22339/com.nubo.test7 D/nubo.NuboClientActivity: cmdcode: 8, bytesCount: 81, channelType: 0, processId: 10014
2021-02-02 10:12:28.840 18644-22339/com.nubo.test7 D/nubo.NuboClientActivity: cmdcode: 8, bytesCount: 73, channelType: 0, processId: 10014
2021-02-02 10:12:28.841 18644-22339/com.nubo.test7 D/nubo.NuboClientActivity: cmdcode: 7, bytesCount: 66, channelType: 0, processId: 10014
2021-02-02 10:12:28.842 18644-22339/com.nubo.test7 D/nubo.NuboClientActivity: cmdcode: 7, bytesCount: 66, channelType: 0, processId: 10014
2021-02-02 10:12:28.843 18644-22339/com.nubo.test7 D/nubo.NuboClientActivity: cmdcode: 101, bytesCount: 13, channelType: 0, processId: 10014
2021-02-02 10:12:28.872 18644-22339/com.nubo.test7 D/nubo.NuboClientActivity: cmdcode: 1, bytesCount: 30, channelType: 0, processId: 10014
2021-02-02 10:12:28.873 18644-22339/com.nubo.test7 D/nubo.NuboClientActivity: cmdcode: 16, bytesCount: 36, channelType: 0, processId: 10014
2021-02-02 10:12:28.873 18644-22339/com.nubo.test7 D/nubo.NuboClientActivity: cmdcode: 2, bytesCount: 37, channelType: 0, processId: 10014
2021-02-02 10:12:28.874 18644-22339/com.nubo.test7 D/nubo.NuboClientActivity: cmdcode: 7, bytesCount: 62, channelType: 0, processId: 10014
2021-02-02 10:12:28.875 18644-22339/com.nubo.test7 D/nubo.NuboClientActivity: cmdcode: 2, bytesCount: 37, channelType: 0, processId: 10014
2021-02-02 10:12:28.875 18644-22339/com.nubo.test7 D/nubo.NuboClientActivity: cmdcode: 7, bytesCount: 66, channelType: 0, processId: 10014
2021-02-02 10:12:28.876 18644-22339/com.nubo.test7 D/nubo.NuboClientActivity: cmdcode: 8, bytesCount: 81, channelType: 0, processId: 10014
2021-02-02 10:12:28.876 18644-22339/com.nubo.test7 D/nubo.NuboClientActivity: cmdcode: 14, bytesCount: 78, channelType: 0, processId: 10014
2021-02-02 10:12:28.877 18644-22339/com.nubo.test7 D/nubo.NuboClientActivity: cmdcode: 8, bytesCount: 81, channelType: 0, processId: 10014
2021-02-02 10:12:28.878 18644-22339/com.nubo.test7 D/nubo.NuboClientActivity: cmdcode: 5, bytesCount: 97, channelType: 0, processId: 10014
2021-02-02 10:12:28.879 18644-22339/com.nubo.test7 D/nubo.NuboClientActivity: cmdcode: 8, bytesCount: 81, channelType: 0, processId: 10014
2021-02-02 10:12:28.880 18644-22339/com.nubo.test7 D/nubo.NuboClientActivity: cmdcode: 8, bytesCount: 73, channelType: 0, processId: 10014
2021-02-02 10:12:28.881 18644-22339/com.nubo.test7 D/nubo.NuboClientActivity: cmdcode: 7, bytesCount: 66, channelType: 0, processId: 10014
2021-02-02 10:12:28.881 18644-22343/com.nubo.test7 D/nubo.NuboClientActivity: cmdcode: -120, bytesCount: 251, channelType: 2, processId: -1
2021-02-02 10:12:28.882 18644-22339/com.nubo.test7 D/nubo.NuboClientActivity: cmdcode: 7, bytesCount: 66, channelType: 0, processId: 10014
2021-02-02 10:12:28.883 18644-22339/com.nubo.test7 D/nubo.NuboClientActivity: cmdcode: 101, bytesCount: 13, channelType: 0, processId: 10014
2021-02-02 10:12:28.922 18644-22343/com.nubo.test7 D/nubo.NuboClientActivity: cmdcode: -120, bytesCount: 92, channelType: 2, processId: -1
2021-02-02 10:12:28.933 18644-22339/com.nubo.test7 D/nubo.NuboClientActivity: cmdcode: 1, bytesCount: 30, channelType: 0, processId: 10014
2021-02-02 10:12:28.934 18644-22339/com.nubo.test7 D/nubo.NuboClientActivity: cmdcode: 16, bytesCount: 36, channelType: 0, processId: 10014
2021-02-02 10:12:28.935 18644-22339/com.nubo.test7 D/nubo.NuboClientActivity: cmdcode: 2, bytesCount: 37, channelType: 0, processId: 10014
2021-02-02 10:12:28.937 18644-22339/com.nubo.test7 D/nubo.NuboClientActivity: cmdcode: 7, bytesCount: 62, channelType: 0, processId: 10014
2021-02-02 10:12:28.938 18644-22339/com.nubo.test7 D/nubo.NuboClientActivity: cmdcode: 2, bytesCount: 37, channelType: 0, processId: 10014
2021-02-02 10:12:28.939 18644-22339/com.nubo.test7 D/nubo.NuboClientActivity: cmdcode: 7, bytesCount: 66, channelType: 0, processId: 10014
2021-02-02 10:12:28.939 18644-22339/com.nubo.test7 D/nubo.NuboClientActivity: cmdcode: 8, bytesCount: 81, channelType: 0, processId: 10014
2021-02-02 10:12:28.940 18644-22339/com.nubo.test7 D/nubo.NuboClientActivity: cmdcode: 14, bytesCount: 78, channelType: 0, processId: 10014
2021-02-02 10:12:28.941 18644-22339/com.nubo.test7 D/nubo.NuboClientActivity: cmdcode: 8, bytesCount: 81, channelType: 0, processId: 10014
2021-02-02 10:12:28.942 18644-22339/com.nubo.test7 D/nubo.NuboClientActivity: cmdcode: 5, bytesCount: 97, channelType: 0, processId: 10014
2021-02-02 10:12:28.943 18644-22339/com.nubo.test7 D/nubo.NuboClientActivity: cmdcode: 8, bytesCount: 81, channelType: 0, processId: 10014
2021-02-02 10:12:28.945 18644-22339/com.nubo.test7 D/nubo.NuboClientActivity: cmdcode: 8, bytesCount: 73, channelType: 0, processId: 10014
2021-02-02 10:12:28.946 18644-22339/com.nubo.test7 D/nubo.NuboClientActivity: cmdcode: 7, bytesCount: 66, channelType: 0, processId: 10014
2021-02-02 10:12:28.947 18644-22339/com.nubo.test7 D/nubo.NuboClientActivity: cmdcode: 7, bytesCount: 66, channelType: 0, processId: 10014
2021-02-02 10:12:28.948 18644-22339/com.nubo.test7 D/nubo.NuboClientActivity: cmdcode: 101, bytesCount: 13, channelType: 0, processId: 10014
2021-02-02 10:12:28.967 18644-22343/com.nubo.test7 D/nubo.NuboClientActivity: cmdcode: -120, bytesCount: 191, channelType: 2, processId: -1
2021-02-02 10:12:28.979 18644-22339/com.nubo.test7 D/nubo.NuboClientActivity: cmdcode: 1, bytesCount: 30, channelType: 0, processId: 10014
2021-02-02 10:12:28.980 18644-22339/com.nubo.test7 D/nubo.NuboClientActivity: cmdcode: 16, bytesCount: 36, channelType: 0, processId: 10014
2021-02-02 10:12:28.981 18644-22339/com.nubo.test7 D/nubo.NuboClientActivity: cmdcode: 2, bytesCount: 37, channelType: 0, processId: 10014
2021-02-02 10:12:28.982 18644-22339/com.nubo.test7 D/nubo.NuboClientActivity: cmdcode: 7, bytesCount: 62, channelType: 0, processId: 10014
2021-02-02 10:12:28.982 18644-22339/com.nubo.test7 D/nubo.NuboClientActivity: cmdcode: 2, bytesCount: 37, channelType: 0, processId: 10014
2021-02-02 10:12:28.983 18644-22339/com.nubo.test7 D/nubo.NuboClientActivity: cmdcode: 7, bytesCount: 66, channelType: 0, processId: 10014
2021-02-02 10:12:28.984 18644-22339/com.nubo.test7 D/nubo.NuboClientActivity: cmdcode: 8, bytesCount: 81, channelType: 0, processId: 10014
2021-02-02 10:12:28.985 18644-22339/com.nubo.test7 D/nubo.NuboClientActivity: cmdcode: 14, bytesCount: 78, channelType: 0, processId: 10014
2021-02-02 10:12:28.986 18644-22339/com.nubo.test7 D/nubo.NuboClientActivity: cmdcode: 8, bytesCount: 81, channelType: 0, processId: 10014
2021-02-02 10:12:28.987 18644-22339/com.nubo.test7 D/nubo.NuboClientActivity: cmdcode: 5, bytesCount: 97, channelType: 0, processId: 10014
2021-02-02 10:12:28.988 18644-22339/com.nubo.test7 D/nubo.NuboClientActivity: cmdcode: 8, bytesCount: 81, channelType: 0, processId: 10014
2021-02-02 10:12:28.989 18644-22339/com.nubo.test7 D/nubo.NuboClientActivity: cmdcode: 8, bytesCount: 73, channelType: 0, processId: 10014
2021-02-02 10:12:28.990 18644-22339/com.nubo.test7 D/nubo.NuboClientActivity: cmdcode: 7, bytesCount: 66, channelType: 0, processId: 10014
2021-02-02 10:12:28.992 18644-22339/com.nubo.test7 D/nubo.NuboClientActivity: cmdcode: 7, bytesCount: 66, channelType: 0, processId: 10014
2021-02-02 10:12:28.993 18644-22339/com.nubo.test7 D/nubo.NuboClientActivity: cmdcode: 101, bytesCount: 13, channelType: 0, processId: 10014
2021-02-02 10:12:29.000 18644-22343/com.nubo.test7 D/nubo.NuboClientActivity: cmdcode: -120, bytesCount: 170, channelType: 2, processId: -1
2021-02-02 10:12:29.031 18644-22339/com.nubo.test7 D/nubo.NuboClientActivity: cmdcode: 1, bytesCount: 30, channelType: 0, processId: 10014
2021-02-02 10:12:29.031 18644-22339/com.nubo.test7 D/nubo.NuboClientActivity: cmdcode: 16, bytesCount: 36, channelType: 0, processId: 10014
2021-02-02 10:12:29.032 18644-22339/com.nubo.test7 D/nubo.NuboClientActivity: cmdcode: 2, bytesCount: 37, channelType: 0, processId: 10014
2021-02-02 10:12:29.033 18644-22339/com.nubo.test7 D/nubo.NuboClientActivity: cmdcode: 7, bytesCount: 62, channelType: 0, processId: 10014
2021-02-02 10:12:29.033 18644-22339/com.nubo.test7 D/nubo.NuboClientActivity: cmdcode: 2, bytesCount: 37, channelType: 0, processId: 10014
2021-02-02 10:12:29.034 18644-22339/com.nubo.test7 D/nubo.NuboClientActivity: cmdcode: 7, bytesCount: 66, channelType: 0, processId: 10014
2021-02-02 10:12:29.034 18644-22339/com.nubo.test7 D/nubo.NuboClientActivity: cmdcode: 8, bytesCount: 81, channelType: 0, processId: 10014
2021-02-02 10:12:29.035 18644-22339/com.nubo.test7 D/nubo.NuboClientActivity: cmdcode: 14, bytesCount: 78, channelType: 0, processId: 10014
2021-02-02 10:12:29.036 18644-22339/com.nubo.test7 D/nubo.NuboClientActivity: cmdcode: 8, bytesCount: 81, channelType: 0, processId: 10014
2021-02-02 10:12:29.037 18644-22339/com.nubo.test7 D/nubo.NuboClientActivity: cmdcode: 5, bytesCount: 97, channelType: 0, processId: 10014
2021-02-02 10:12:29.038 18644-22339/com.nubo.test7 D/nubo.NuboClientActivity: cmdcode: 8, bytesCount: 81, channelType: 0, processId: 10014
2021-02-02 10:12:29.039 18644-22339/com.nubo.test7 D/nubo.NuboClientActivity: cmdcode: 8, bytesCount: 73, channelType: 0, processId: 10014
2021-02-02 10:12:29.039 18644-22339/com.nubo.test7 D/nubo.NuboClientActivity: cmdcode: 7, bytesCount: 66, channelType: 0, processId: 10014
2021-02-02 10:12:29.040 18644-22339/com.nubo.test7 D/nubo.NuboClientActivity: cmdcode: 7, bytesCount: 66, channelType: 0, processId: 10014
2021-02-02 10:12:29.041 18644-22339/com.nubo.test7 D/nubo.NuboClientActivity: cmdcode: 101, bytesCount: 13, channelType: 0, processId: 10014
2021-02-02 10:12:29.041 18644-22343/com.nubo.test7 D/nubo.NuboClientActivity: cmdcode: -120, bytesCount: 157, channelType: 2, processId: -1
2021-02-02 10:12:29.075 18644-22339/com.nubo.test7 D/nubo.NuboClientActivity: cmdcode: 1, bytesCount: 30, channelType: 0, processId: 10014
2021-02-02 10:12:29.076 18644-22339/com.nubo.test7 D/nubo.NuboClientActivity: cmdcode: 16, bytesCount: 36, channelType: 0, processId: 10014
2021-02-02 10:12:29.077 18644-22339/com.nubo.test7 D/nubo.NuboClientActivity: cmdcode: 2, bytesCount: 37, channelType: 0, processId: 10014
2021-02-02 10:12:29.077 18644-22339/com.nubo.test7 D/nubo.NuboClientActivity: cmdcode: 7, bytesCount: 62, channelType: 0, processId: 10014
2021-02-02 10:12:29.078 18644-22339/com.nubo.test7 D/nubo.NuboClientActivity: cmdcode: 2, bytesCount: 37, channelType: 0, processId: 10014
2021-02-02 10:12:29.079 18644-22339/com.nubo.test7 D/nubo.NuboClientActivity: cmdcode: 7, bytesCount: 66, channelType: 0, processId: 10014
2021-02-02 10:12:29.080 18644-22339/com.nubo.test7 D/nubo.NuboClientActivity: cmdcode: 8, bytesCount: 81, channelType: 0, processId: 10014
2021-02-02 10:12:29.081 18644-22339/com.nubo.test7 D/nubo.NuboClientActivity: cmdcode: 14, bytesCount: 78, channelType: 0, processId: 10014
2021-02-02 10:12:29.081 18644-22339/com.nubo.test7 D/nubo.NuboClientActivity: cmdcode: 8, bytesCount: 81, channelType: 0, processId: 10014
2021-02-02 10:12:29.082 18644-22339/com.nubo.test7 D/nubo.NuboClientActivity: cmdcode: 5, bytesCount: 97, channelType: 0, processId: 10014
2021-02-02 10:12:29.083 18644-22339/com.nubo.test7 D/nubo.NuboClientActivity: cmdcode: 8, bytesCount: 81, channelType: 0, processId: 10014
2021-02-02 10:12:29.084 18644-22339/com.nubo.test7 D/nubo.NuboClientActivity: cmdcode: 8, bytesCount: 73, channelType: 0, processId: 10014
2021-02-02 10:12:29.085 18644-22343/com.nubo.test7 D/nubo.NuboClientActivity: cmdcode: -120, bytesCount: 57, channelType: 2, processId: -1
2021-02-02 10:12:29.085 18644-22339/com.nubo.test7 D/nubo.NuboClientActivity: cmdcode: 7, bytesCount: 66, channelType: 0, processId: 10014
2021-02-02 10:12:29.086 18644-22339/com.nubo.test7 D/nubo.NuboClientActivity: cmdcode: 7, bytesCount: 66, channelType: 0, processId: 10014
2021-02-02 10:12:29.087 18644-22339/com.nubo.test7 D/nubo.NuboClientActivity: cmdcode: 101, bytesCount: 13, channelType: 0, processId: 10014
2021-02-02 10:12:29.122 18644-22343/com.nubo.test7 D/nubo.NuboClientActivity: cmdcode: -120, bytesCount: 146, channelType: 2, processId: -1
2021-02-02 10:12:29.133 18644-22339/com.nubo.test7 D/nubo.NuboClientActivity: cmdcode: 1, bytesCount: 30, channelType: 0, processId: 10014
2021-02-02 10:12:29.134 18644-22339/com.nubo.test7 D/nubo.NuboClientActivity: cmdcode: 16, bytesCount: 36, channelType: 0, processId: 10014
2021-02-02 10:12:29.136 18644-22339/com.nubo.test7 D/nubo.NuboClientActivity: cmdcode: 2, bytesCount: 37, channelType: 0, processId: 10014
2021-02-02 10:12:29.137 18644-22339/com.nubo.test7 D/nubo.NuboClientActivity: cmdcode: 7, bytesCount: 62, channelType: 0, processId: 10014
2021-02-02 10:12:29.138 18644-22339/com.nubo.test7 D/nubo.NuboClientActivity: cmdcode: 2, bytesCount: 37, channelType: 0, processId: 10014
2021-02-02 10:12:29.139 18644-22339/com.nubo.test7 D/nubo.NuboClientActivity: cmdcode: 7, bytesCount: 66, channelType: 0, processId: 10014
2021-02-02 10:12:29.140 18644-22339/com.nubo.test7 D/nubo.NuboClientActivity: cmdcode: 8, bytesCount: 81, channelType: 0, processId: 10014
2021-02-02 10:12:29.141 18644-22339/com.nubo.test7 D/nubo.NuboClientActivity: cmdcode: 14, bytesCount: 78, channelType: 0, processId: 10014
2021-02-02 10:12:29.142 18644-22339/com.nubo.test7 D/nubo.NuboClientActivity: cmdcode: 8, bytesCount: 81, channelType: 0, processId: 10014
2021-02-02 10:12:29.143 18644-22339/com.nubo.test7 D/nubo.NuboClientActivity: cmdcode: 5, bytesCount: 97, channelType: 0, processId: 10014
2021-02-02 10:12:29.145 18644-22339/com.nubo.test7 D/nubo.NuboClientActivity: cmdcode: 8, bytesCount: 81, channelType: 0, processId: 10014
2021-02-02 10:12:29.147 18644-22339/com.nubo.test7 D/nubo.NuboClientActivity: cmdcode: 8, bytesCount: 73, channelType: 0, processId: 10014
2021-02-02 10:12:29.148 18644-22339/com.nubo.test7 D/nubo.NuboClientActivity: cmdcode: 7, bytesCount: 66, channelType: 0, processId: 10014
2021-02-02 10:12:29.149 18644-22339/com.nubo.test7 D/nubo.NuboClientActivity: cmdcode: 7, bytesCount: 66, channelType: 0, processId: 10014
2021-02-02 10:12:29.150 18644-22339/com.nubo.test7 D/nubo.NuboClientActivity: cmdcode: 101, bytesCount: 13, channelType: 0, processId: 10014
2021-02-02 10:12:29.154 18644-22343/com.nubo.test7 D/nubo.NuboClientActivity: cmdcode: -120, bytesCount: 169, channelType: 2, processId: -1
2021-02-02 10:12:29.175 18644-22339/com.nubo.test7 D/nubo.NuboClientActivity: cmdcode: 1, bytesCount: 30, channelType: 0, processId: 10014
2021-02-02 10:12:29.176 18644-22339/com.nubo.test7 D/nubo.NuboClientActivity: cmdcode: 16, bytesCount: 36, channelType: 0, processId: 10014
2021-02-02 10:12:29.177 18644-22339/com.nubo.test7 D/nubo.NuboClientActivity: cmdcode: 2, bytesCount: 37, channelType: 0, processId: 10014
2021-02-02 10:12:29.177 18644-22339/com.nubo.test7 D/nubo.NuboClientActivity: cmdcode: 7, bytesCount: 62, channelType: 0, processId: 10014
2021-02-02 10:12:29.178 18644-22339/com.nubo.test7 D/nubo.NuboClientActivity: cmdcode: 2, bytesCount: 37, channelType: 0, processId: 10014
2021-02-02 10:12:29.179 18644-22339/com.nubo.test7 D/nubo.NuboClientActivity: cmdcode: 7, bytesCount: 66, channelType: 0, processId: 10014
2021-02-02 10:12:29.179 18644-22339/com.nubo.test7 D/nubo.NuboClientActivity: cmdcode: 8, bytesCount: 81, channelType: 0, processId: 10014
2021-02-02 10:12:29.180 18644-22339/com.nubo.test7 D/nubo.NuboClientActivity: cmdcode: 14, bytesCount: 78, channelType: 0, processId: 10014
2021-02-02 10:12:29.181 18644-22339/com.nubo.test7 D/nubo.NuboClientActivity: cmdcode: 8, bytesCount: 81, channelType: 0, processId: 10014
2021-02-02 10:12:29.182 18644-22339/com.nubo.test7 D/nubo.NuboClientActivity: cmdcode: 5, bytesCount: 97, channelType: 0, processId: 10014
2021-02-02 10:12:29.183 18644-22339/com.nubo.test7 D/nubo.NuboClientActivity: cmdcode: 8, bytesCount: 81, channelType: 0, processId: 10014
2021-02-02 10:12:29.183 18644-22339/com.nubo.test7 D/nubo.NuboClientActivity: cmdcode: 8, bytesCount: 73, channelType: 0, processId: 10014
2021-02-02 10:12:29.184 18644-22339/com.nubo.test7 D/nubo.NuboClientActivity: cmdcode: 7, bytesCount: 66, channelType: 0, processId: 10014
2021-02-02 10:12:29.185 18644-22339/com.nubo.test7 D/nubo.NuboClientActivity: cmdcode: 7, bytesCount: 66, channelType: 0, processId: 10014
2021-02-02 10:12:29.185 18644-22339/com.nubo.test7 D/nubo.NuboClientActivity: cmdcode: 101, bytesCount: 13, channelType: 0, processId: 10014
2021-02-02 10:12:29.193 18644-22343/com.nubo.test7 D/nubo.NuboClientActivity: cmdcode: -120, bytesCount: 61, channelType: 2, processId: -1
2021-02-02 10:12:29.217 18644-22339/com.nubo.test7 D/nubo.NuboClientActivity: cmdcode: 1, bytesCount: 30, channelType: 0, processId: 10014
2021-02-02 10:12:29.218 18644-22339/com.nubo.test7 D/nubo.NuboClientActivity: cmdcode: 16, bytesCount: 36, channelType: 0, processId: 10014
2021-02-02 10:12:29.218 18644-22339/com.nubo.test7 D/nubo.NuboClientActivity: cmdcode: 2, bytesCount: 37, channelType: 0, processId: 10014
2021-02-02 10:12:29.219 18644-22339/com.nubo.test7 D/nubo.NuboClientActivity: cmdcode: 7, bytesCount: 62, channelType: 0, processId: 10014
2021-02-02 10:12:29.220 18644-22339/com.nubo.test7 D/nubo.NuboClientActivity: cmdcode: 2, bytesCount: 37, channelType: 0, processId: 10014
2021-02-02 10:12:29.220 18644-22339/com.nubo.test7 D/nubo.NuboClientActivity: cmdcode: 7, bytesCount: 66, channelType: 0, processId: 10014
2021-02-02 10:12:29.221 18644-22339/com.nubo.test7 D/nubo.NuboClientActivity: cmdcode: 8, bytesCount: 81, channelType: 0, processId: 10014
2021-02-02 10:12:29.221 18644-22339/com.nubo.test7 D/nubo.NuboClientActivity: cmdcode: 14, bytesCount: 78, channelType: 0, processId: 10014
2021-02-02 10:12:29.222 18644-22339/com.nubo.test7 D/nubo.NuboClientActivity: cmdcode: 8, bytesCount: 81, channelType: 0, processId: 10014
2021-02-02 10:12:29.222 18644-22339/com.nubo.test7 D/nubo.NuboClientActivity: cmdcode: 5, bytesCount: 97, channelType: 0, processId: 10014
2021-02-02 10:12:29.223 18644-22339/com.nubo.test7 D/nubo.NuboClientActivity: cmdcode: 8, bytesCount: 81, channelType: 0, processId: 10014
2021-02-02 10:12:29.223 18644-22339/com.nubo.test7 D/nubo.NuboClientActivity: cmdcode: 8, bytesCount: 73, channelType: 0, processId: 10014
2021-02-02 10:12:29.224 18644-22339/com.nubo.test7 D/nubo.NuboClientActivity: cmdcode: 7, bytesCount: 66, channelType: 0, processId: 10014
2021-02-02 10:12:29.225 18644-22339/com.nubo.test7 D/nubo.NuboClientActivity: cmdcode: 7, bytesCount: 66, channelType: 0, processId: 10014
2021-02-02 10:12:29.225 18644-22339/com.nubo.test7 D/nubo.NuboClientActivity: cmdcode: 101, bytesCount: 13, channelType: 0, processId: 10014
2021-02-02 10:12:29.238 18644-22343/com.nubo.test7 D/nubo.NuboClientActivity: cmdcode: -120, bytesCount: 160, channelType: 2, processId: -1
2021-02-02 10:12:29.275 18644-22339/com.nubo.test7 D/nubo.NuboClientActivity: cmdcode: 1, bytesCount: 30, channelType: 0, processId: 10014
2021-02-02 10:12:29.276 18644-22339/com.nubo.test7 D/nubo.NuboClientActivity: cmdcode: 16, bytesCount: 36, channelType: 0, processId: 10014
2021-02-02 10:12:29.276 18644-22339/com.nubo.test7 D/nubo.NuboClientActivity: cmdcode: 2, bytesCount: 37, channelType: 0, processId: 10014
2021-02-02 10:12:29.277 18644-22339/com.nubo.test7 D/nubo.NuboClientActivity: cmdcode: 7, bytesCount: 62, channelType: 0, processId: 10014
2021-02-02 10:12:29.278 18644-22339/com.nubo.test7 D/nubo.NuboClientActivity: cmdcode: 2, bytesCount: 37, channelType: 0, processId: 10014
2021-02-02 10:12:29.279 18644-22339/com.nubo.test7 D/nubo.NuboClientActivity: cmdcode: 7, bytesCount: 66, channelType: 0, processId: 10014
2021-02-02 10:12:29.280 18644-22339/com.nubo.test7 D/nubo.NuboClientActivity: cmdcode: 8, bytesCount: 81, channelType: 0, processId: 10014
2021-02-02 10:12:29.282 18644-22339/com.nubo.test7 D/nubo.NuboClientActivity: cmdcode: 14, bytesCount: 78, channelType: 0, processId: 10014
2021-02-02 10:12:29.283 18644-22339/com.nubo.test7 D/nubo.NuboClientActivity: cmdcode: 8, bytesCount: 81, channelType: 0, processId: 10014
2021-02-02 10:12:29.284 18644-22343/com.nubo.test7 D/nubo.NuboClientActivity: cmdcode: -120, bytesCount: 60, channelType: 2, processId: -1
2021-02-02 10:12:29.284 18644-22339/com.nubo.test7 D/nubo.NuboClientActivity: cmdcode: 5, bytesCount: 97, channelType: 0, processId: 10014
2021-02-02 10:12:29.286 18644-22339/com.nubo.test7 D/nubo.NuboClientActivity: cmdcode: 8, bytesCount: 81, channelType: 0, processId: 10014
2021-02-02 10:12:29.287 18644-22339/com.nubo.test7 D/nubo.NuboClientActivity: cmdcode: 8, bytesCount: 73, channelType: 0, processId: 10014
2021-02-02 10:12:29.289 18644-22339/com.nubo.test7 D/nubo.NuboClientActivity: cmdcode: 7, bytesCount: 66, channelType: 0, processId: 10014
2021-02-02 10:12:29.290 18644-22339/com.nubo.test7 D/nubo.NuboClientActivity: cmdcode: 7, bytesCount: 66, channelType: 0, processId: 10014
2021-02-02 10:12:29.291 18644-22339/com.nubo.test7 D/nubo.NuboClientActivity: cmdcode: 101, bytesCount: 13, channelType: 0, processId: 10014
2021-02-02 10:12:29.318 18644-22343/com.nubo.test7 D/nubo.NuboClientActivity: cmdcode: -120, bytesCount: 148, channelType: 2, processId: -1
2021-02-02 10:12:29.330 18644-22339/com.nubo.test7 D/nubo.NuboClientActivity: cmdcode: 1, bytesCount: 30, channelType: 0, processId: 10014
2021-02-02 10:12:29.331 18644-22339/com.nubo.test7 D/nubo.NuboClientActivity: cmdcode: 16, bytesCount: 36, channelType: 0, processId: 10014
2021-02-02 10:12:29.332 18644-22339/com.nubo.test7 D/nubo.NuboClientActivity: cmdcode: 2, bytesCount: 37, channelType: 0, processId: 10014
2021-02-02 10:12:29.332 18644-22339/com.nubo.test7 D/nubo.NuboClientActivity: cmdcode: 7, bytesCount: 62, channelType: 0, processId: 10014
2021-02-02 10:12:29.333 18644-22339/com.nubo.test7 D/nubo.NuboClientActivity: cmdcode: 2, bytesCount: 37, channelType: 0, processId: 10014
2021-02-02 10:12:29.334 18644-22339/com.nubo.test7 D/nubo.NuboClientActivity: cmdcode: 7, bytesCount: 66, channelType: 0, processId: 10014
2021-02-02 10:12:29.334 18644-22339/com.nubo.test7 D/nubo.NuboClientActivity: cmdcode: 8, bytesCount: 81, channelType: 0, processId: 10014
2021-02-02 10:12:29.335 18644-22339/com.nubo.test7 D/nubo.NuboClientActivity: cmdcode: 14, bytesCount: 78, channelType: 0, processId: 10014
2021-02-02 10:12:29.336 18644-22339/com.nubo.test7 D/nubo.NuboClientActivity: cmdcode: 8, bytesCount: 81, channelType: 0, processId: 10014
2021-02-02 10:12:29.337 18644-22339/com.nubo.test7 D/nubo.NuboClientActivity: cmdcode: 5, bytesCount: 97, channelType: 0, processId: 10014
2021-02-02 10:12:29.338 18644-22339/com.nubo.test7 D/nubo.NuboClientActivity: cmdcode: 8, bytesCount: 81, channelType: 0, processId: 10014
2021-02-02 10:12:29.339 18644-22339/com.nubo.test7 D/nubo.NuboClientActivity: cmdcode: 8, bytesCount: 73, channelType: 0, processId: 10014
2021-02-02 10:12:29.340 18644-22339/com.nubo.test7 D/nubo.NuboClientActivity: cmdcode: 7, bytesCount: 66, channelType: 0, processId: 10014
2021-02-02 10:12:29.341 18644-22339/com.nubo.test7 D/nubo.NuboClientActivity: cmdcode: 7, bytesCount: 66, channelType: 0, processId: 10014
2021-02-02 10:12:29.341 18644-22339/com.nubo.test7 D/nubo.NuboClientActivity: cmdcode: 101, bytesCount: 13, channelType: 0, processId: 10014
2021-02-02 10:12:29.350 18644-22343/com.nubo.test7 D/nubo.NuboClientActivity: cmdcode: -120, bytesCount: 63, channelType: 2, processId: -1
2021-02-02 10:12:29.371 18644-22339/com.nubo.test7 D/nubo.NuboClientActivity: cmdcode: 1, bytesCount: 30, channelType: 0, processId: 10014
2021-02-02 10:12:29.372 18644-22339/com.nubo.test7 D/nubo.NuboClientActivity: cmdcode: 16, bytesCount: 36, channelType: 0, processId: 10014
2021-02-02 10:12:29.372 18644-22339/com.nubo.test7 D/nubo.NuboClientActivity: cmdcode: 2, bytesCount: 37, channelType: 0, processId: 10014
2021-02-02 10:12:29.373 18644-22339/com.nubo.test7 D/nubo.NuboClientActivity: cmdcode: 7, bytesCount: 62, channelType: 0, processId: 10014
2021-02-02 10:12:29.374 18644-22339/com.nubo.test7 D/nubo.NuboClientActivity: cmdcode: 2, bytesCount: 37, channelType: 0, processId: 10014
2021-02-02 10:12:29.375 18644-22339/com.nubo.test7 D/nubo.NuboClientActivity: cmdcode: 7, bytesCount: 66, channelType: 0, processId: 10014
2021-02-02 10:12:29.375 18644-22339/com.nubo.test7 D/nubo.NuboClientActivity: cmdcode: 8, bytesCount: 81, channelType: 0, processId: 10014
2021-02-02 10:12:29.376 18644-22339/com.nubo.test7 D/nubo.NuboClientActivity: cmdcode: 14, bytesCount: 78, channelType: 0, processId: 10014
2021-02-02 10:12:29.377 18644-22339/com.nubo.test7 D/nubo.NuboClientActivity: cmdcode: 8, bytesCount: 81, channelType: 0, processId: 10014
2021-02-02 10:12:29.378 18644-22339/com.nubo.test7 D/nubo.NuboClientActivity: cmdcode: 5, bytesCount: 97, channelType: 0, processId: 10014
2021-02-02 10:12:29.379 18644-22339/com.nubo.test7 D/nubo.NuboClientActivity: cmdcode: 8, bytesCount: 81, channelType: 0, processId: 10014
2021-02-02 10:12:29.380 18644-22339/com.nubo.test7 D/nubo.NuboClientActivity: cmdcode: 8, bytesCount: 73, channelType: 0, processId: 10014
2021-02-02 10:12:29.381 18644-22339/com.nubo.test7 D/nubo.NuboClientActivity: cmdcode: 7, bytesCount: 66, channelType: 0, processId: 10014
2021-02-02 10:12:29.382 18644-22339/com.nubo.test7 D/nubo.NuboClientActivity: cmdcode: 7, bytesCount: 66, channelType: 0, processId: 10014
2021-02-02 10:12:29.382 18644-22339/com.nubo.test7 D/nubo.NuboClientActivity: cmdcode: 101, bytesCount: 13, channelType: 0, processId: 10014
2021-02-02 10:12:29.393 18644-22343/com.nubo.test7 D/nubo.NuboClientActivity: cmdcode: -120, bytesCount: 143, channelType: 2, processId: -1
2021-02-02 10:12:29.468 18644-22339/com.nubo.test7 D/nubo.NuboClientActivity: cmdcode: 1, bytesCount: 30, channelType: 0, processId: 10014
2021-02-02 10:12:29.469 18644-22339/com.nubo.test7 D/nubo.NuboClientActivity: cmdcode: 16, bytesCount: 36, channelType: 0, processId: 10014
2021-02-02 10:12:29.470 18644-22339/com.nubo.test7 D/nubo.NuboClientActivity: cmdcode: 2, bytesCount: 37, channelType: 0, processId: 10014
2021-02-02 10:12:29.471 18644-22339/com.nubo.test7 D/nubo.NuboClientActivity: cmdcode: 7, bytesCount: 62, channelType: 0, processId: 10014
2021-02-02 10:12:29.472 18644-22339/com.nubo.test7 D/nubo.NuboClientActivity: cmdcode: 2, bytesCount: 37, channelType: 0, processId: 10014
2021-02-02 10:12:29.472 18644-22339/com.nubo.test7 D/nubo.NuboClientActivity: cmdcode: 7, bytesCount: 66, channelType: 0, processId: 10014
2021-02-02 10:12:29.473 18644-22339/com.nubo.test7 D/nubo.NuboClientActivity: cmdcode: 8, bytesCount: 81, channelType: 0, processId: 10014
2021-02-02 10:12:29.474 18644-22339/com.nubo.test7 D/nubo.NuboClientActivity: cmdcode: 14, bytesCount: 78, channelType: 0, processId: 10014
2021-02-02 10:12:29.475 18644-22339/com.nubo.test7 D/nubo.NuboClientActivity: cmdcode: 8, bytesCount: 81, channelType: 0, processId: 10014
2021-02-02 10:12:29.475 18644-22339/com.nubo.test7 D/nubo.NuboClientActivity: cmdcode: 5, bytesCount: 97, channelType: 0, processId: 10014
2021-02-02 10:12:29.476 18644-22339/com.nubo.test7 D/nubo.NuboClientActivity: cmdcode: 8, bytesCount: 81, channelType: 0, processId: 10014
2021-02-02 10:12:29.478 18644-22339/com.nubo.test7 D/nubo.NuboClientActivity: cmdcode: 8, bytesCount: 73, channelType: 0, processId: 10014
2021-02-02 10:12:29.479 18644-22339/com.nubo.test7 D/nubo.NuboClientActivity: cmdcode: 7, bytesCount: 66, channelType: 0, processId: 10014
2021-02-02 10:12:29.480 18644-22339/com.nubo.test7 D/nubo.NuboClientActivity: cmdcode: 7, bytesCount: 66, channelType: 0, processId: 10014
2021-02-02 10:12:29.481 18644-22339/com.nubo.test7 D/nubo.NuboClientActivity: cmdcode: 101, bytesCount: 13, channelType: 0, processId: 10014
2021-02-02 10:12:29.489 18644-22339/com.nubo.test7 D/nubo.NuboClientActivity: cmdcode: 123, bytesCount: 21, channelType: 0, processId: -1
2021-02-02 10:12:29.491 18644-22339/com.nubo.test7 D/nubo.NuboClientActivity: cmdcode: 1, bytesCount: 30, channelType: 0, processId: 10014
2021-02-02 10:12:29.493 18644-22339/com.nubo.test7 D/nubo.NuboClientActivity: cmdcode: 16, bytesCount: 36, channelType: 0, processId: 10014
2021-02-02 10:12:29.494 18644-22339/com.nubo.test7 D/nubo.NuboClientActivity: cmdcode: 2, bytesCount: 37, channelType: 0, processId: 10014
2021-02-02 10:12:29.495 18644-22339/com.nubo.test7 D/nubo.NuboClientActivity: cmdcode: 7, bytesCount: 62, channelType: 0, processId: 10014
2021-02-02 10:12:29.495 18644-22339/com.nubo.test7 D/nubo.NuboClientActivity: cmdcode: 2, bytesCount: 37, channelType: 0, processId: 10014
2021-02-02 10:12:29.496 18644-22339/com.nubo.test7 D/nubo.NuboClientActivity: cmdcode: 7, bytesCount: 66, channelType: 0, processId: 10014
2021-02-02 10:12:29.497 18644-22339/com.nubo.test7 D/nubo.NuboClientActivity: cmdcode: 8, bytesCount: 81, channelType: 0, processId: 10014
2021-02-02 10:12:29.498 18644-22339/com.nubo.test7 D/nubo.NuboClientActivity: cmdcode: 14, bytesCount: 78, channelType: 0, processId: 10014
2021-02-02 10:12:29.499 18644-22339/com.nubo.test7 D/nubo.NuboClientActivity: cmdcode: 8, bytesCount: 81, channelType: 0, processId: 10014
2021-02-02 10:12:29.501 18644-22339/com.nubo.test7 D/nubo.NuboClientActivity: cmdcode: 5, bytesCount: 97, channelType: 0, processId: 10014
2021-02-02 10:12:29.501 18644-22343/com.nubo.test7 D/nubo.NuboClientActivity: cmdcode: -120, bytesCount: 180, channelType: 2, processId: -1
2021-02-02 10:12:29.502 18644-22339/com.nubo.test7 D/nubo.NuboClientActivity: cmdcode: 8, bytesCount: 81, channelType: 0, processId: 10014
2021-02-02 10:12:29.503 18644-22343/com.nubo.test7 D/nubo.NuboClientActivity: cmdcode: -120, bytesCount: 58, channelType: 2, processId: -1
2021-02-02 10:12:29.504 18644-22339/com.nubo.test7 D/nubo.NuboClientActivity: cmdcode: 8, bytesCount: 73, channelType: 0, processId: 10014
2021-02-02 10:12:29.506 18644-22339/com.nubo.test7 D/nubo.NuboClientActivity: cmdcode: 7, bytesCount: 66, channelType: 0, processId: 10014
2021-02-02 10:12:29.507 18644-22339/com.nubo.test7 D/nubo.NuboClientActivity: cmdcode: 7, bytesCount: 66, channelType: 0, processId: 10014
2021-02-02 10:12:29.507 18644-22339/com.nubo.test7 D/nubo.NuboClientActivity: cmdcode: 101, bytesCount: 13, channelType: 0, processId: 10014
2021-02-02 10:12:29.523 18644-22343/com.nubo.test7 D/nubo.NuboClientActivity: cmdcode: -120, bytesCount: 167, channelType: 2, processId: -1
2021-02-02 10:12:29.533 18644-22339/com.nubo.test7 D/nubo.NuboClientActivity: cmdcode: 1, bytesCount: 30, channelType: 0, processId: 10014
2021-02-02 10:12:29.534 18644-22339/com.nubo.test7 D/nubo.NuboClientActivity: cmdcode: 16, bytesCount: 36, channelType: 0, processId: 10014
2021-02-02 10:12:29.535 18644-22339/com.nubo.test7 D/nubo.NuboClientActivity: cmdcode: 2, bytesCount: 37, channelType: 0, processId: 10014
2021-02-02 10:12:29.536 18644-22339/com.nubo.test7 D/nubo.NuboClientActivity: cmdcode: 7, bytesCount: 62, channelType: 0, processId: 10014
2021-02-02 10:12:29.537 18644-22339/com.nubo.test7 D/nubo.NuboClientActivity: cmdcode: 2, bytesCount: 37, channelType: 0, processId: 10014
2021-02-02 10:12:29.537 18644-22339/com.nubo.test7 D/nubo.NuboClientActivity: cmdcode: 7, bytesCount: 66, channelType: 0, processId: 10014
2021-02-02 10:12:29.538 18644-22339/com.nubo.test7 D/nubo.NuboClientActivity: cmdcode: 8, bytesCount: 81, channelType: 0, processId: 10014
2021-02-02 10:12:29.539 18644-22339/com.nubo.test7 D/nubo.NuboClientActivity: cmdcode: 14, bytesCount: 78, channelType: 0, processId: 10014
2021-02-02 10:12:29.539 18644-22339/com.nubo.test7 D/nubo.NuboClientActivity: cmdcode: 8, bytesCount: 81, channelType: 0, processId: 10014
2021-02-02 10:12:29.540 18644-22339/com.nubo.test7 D/nubo.NuboClientActivity: cmdcode: 5, bytesCount: 97, channelType: 0, processId: 10014
2021-02-02 10:12:29.541 18644-22339/com.nubo.test7 D/nubo.NuboClientActivity: cmdcode: 8, bytesCount: 81, channelType: 0, processId: 10014
2021-02-02 10:12:29.542 18644-22339/com.nubo.test7 D/nubo.NuboClientActivity: cmdcode: 8, bytesCount: 73, channelType: 0, processId: 10014
2021-02-02 10:12:29.543 18644-22339/com.nubo.test7 D/nubo.NuboClientActivity: cmdcode: 7, bytesCount: 66, channelType: 0, processId: 10014
2021-02-02 10:12:29.545 18644-22339/com.nubo.test7 D/nubo.NuboClientActivity: cmdcode: 7, bytesCount: 66, channelType: 0, processId: 10014
2021-02-02 10:12:29.546 18644-22339/com.nubo.test7 D/nubo.NuboClientActivity: cmdcode: 101, bytesCount: 13, channelType: 0, processId: 10014
2021-02-02 10:12:29.553 18644-22343/com.nubo.test7 D/nubo.NuboClientActivity: cmdcode: -120, bytesCount: 151, channelType: 2, processId: -1
2021-02-02 10:12:29.576 18644-22339/com.nubo.test7 D/nubo.NuboClientActivity: cmdcode: 1, bytesCount: 30, channelType: 0, processId: 10014
2021-02-02 10:12:29.577 18644-22339/com.nubo.test7 D/nubo.NuboClientActivity: cmdcode: 16, bytesCount: 36, channelType: 0, processId: 10014
2021-02-02 10:12:29.578 18644-22339/com.nubo.test7 D/nubo.NuboClientActivity: cmdcode: 2, bytesCount: 37, channelType: 0, processId: 10014
2021-02-02 10:12:29.579 18644-22339/com.nubo.test7 D/nubo.NuboClientActivity: cmdcode: 7, bytesCount: 62, channelType: 0, processId: 10014
2021-02-02 10:12:29.579 18644-22339/com.nubo.test7 D/nubo.NuboClientActivity: cmdcode: 2, bytesCount: 37, channelType: 0, processId: 10014
2021-02-02 10:12:29.580 18644-22339/com.nubo.test7 D/nubo.NuboClientActivity: cmdcode: 7, bytesCount: 66, channelType: 0, processId: 10014
2021-02-02 10:12:29.580 18644-22339/com.nubo.test7 D/nubo.NuboClientActivity: cmdcode: 8, bytesCount: 81, channelType: 0, processId: 10014
2021-02-02 10:12:29.581 18644-22339/com.nubo.test7 D/nubo.NuboClientActivity: cmdcode: 14, bytesCount: 78, channelType: 0, processId: 10014
2021-02-02 10:12:29.582 18644-22339/com.nubo.test7 D/nubo.NuboClientActivity: cmdcode: 8, bytesCount: 81, channelType: 0, processId: 10014
2021-02-02 10:12:29.582 18644-22339/com.nubo.test7 D/nubo.NuboClientActivity: cmdcode: 5, bytesCount: 97, channelType: 0, processId: 10014
2021-02-02 10:12:29.583 18644-22339/com.nubo.test7 D/nubo.NuboClientActivity: cmdcode: 8, bytesCount: 81, channelType: 0, processId: 10014
2021-02-02 10:12:29.584 18644-22339/com.nubo.test7 D/nubo.NuboClientActivity: cmdcode: 8, bytesCount: 73, channelType: 0, processId: 10014
2021-02-02 10:12:29.585 18644-22339/com.nubo.test7 D/nubo.NuboClientActivity: cmdcode: 7, bytesCount: 66, channelType: 0, processId: 10014
2021-02-02 10:12:29.585 18644-22339/com.nubo.test7 D/nubo.NuboClientActivity: cmdcode: 7, bytesCount: 66, channelType: 0, processId: 10014
2021-02-02 10:12:29.586 18644-22339/com.nubo.test7 D/nubo.NuboClientActivity: cmdcode: 101, bytesCount: 13, channelType: 0, processId: 10014
2021-02-02 10:12:29.595 18644-22343/com.nubo.test7 D/nubo.NuboClientActivity: cmdcode: -120, bytesCount: 187, channelType: 2, processId: -1
2021-02-02 10:12:29.627 18644-22339/com.nubo.test7 D/nubo.NuboClientActivity: cmdcode: 1, bytesCount: 30, channelType: 0, processId: 10014
2021-02-02 10:12:29.629 18644-22339/com.nubo.test7 D/nubo.NuboClientActivity: cmdcode: 16, bytesCount: 36, channelType: 0, processId: 10014
2021-02-02 10:12:29.630 18644-22339/com.nubo.test7 D/nubo.NuboClientActivity: cmdcode: 2, bytesCount: 37, channelType: 0, processId: 10014
2021-02-02 10:12:29.631 18644-22339/com.nubo.test7 D/nubo.NuboClientActivity: cmdcode: 7, bytesCount: 62, channelType: 0, processId: 10014
2021-02-02 10:12:29.632 18644-22339/com.nubo.test7 D/nubo.NuboClientActivity: cmdcode: 2, bytesCount: 37, channelType: 0, processId: 10014
2021-02-02 10:12:29.633 18644-22339/com.nubo.test7 D/nubo.NuboClientActivity: cmdcode: 7, bytesCount: 66, channelType: 0, processId: 10014
2021-02-02 10:12:29.633 18644-22339/com.nubo.test7 D/nubo.NuboClientActivity: cmdcode: 8, bytesCount: 81, channelType: 0, processId: 10014
2021-02-02 10:12:29.634 18644-22339/com.nubo.test7 D/nubo.NuboClientActivity: cmdcode: 14, bytesCount: 78, channelType: 0, processId: 10014
2021-02-02 10:12:29.635 18644-22339/com.nubo.test7 D/nubo.NuboClientActivity: cmdcode: 8, bytesCount: 81, channelType: 0, processId: 10014
2021-02-02 10:12:29.636 18644-22339/com.nubo.test7 D/nubo.NuboClientActivity: cmdcode: 5, bytesCount: 97, channelType: 0, processId: 10014
2021-02-02 10:12:29.637 18644-22343/com.nubo.test7 D/nubo.NuboClientActivity: cmdcode: -120, bytesCount: 54, channelType: 2, processId: -1
2021-02-02 10:12:29.637 18644-22339/com.nubo.test7 D/nubo.NuboClientActivity: cmdcode: 8, bytesCount: 81, channelType: 0, processId: 10014
2021-02-02 10:12:29.638 18644-22339/com.nubo.test7 D/nubo.NuboClientActivity: cmdcode: 8, bytesCount: 73, channelType: 0, processId: 10014
2021-02-02 10:12:29.639 18644-22339/com.nubo.test7 D/nubo.NuboClientActivity: cmdcode: 7, bytesCount: 66, channelType: 0, processId: 10014
2021-02-02 10:12:29.640 18644-22339/com.nubo.test7 D/nubo.NuboClientActivity: cmdcode: 7, bytesCount: 66, channelType: 0, processId: 10014
2021-02-02 10:12:29.640 18644-22339/com.nubo.test7 D/nubo.NuboClientActivity: cmdcode: 101, bytesCount: 13, channelType: 0, processId: 10014
2021-02-02 10:12:29.677 18644-22339/com.nubo.test7 D/nubo.NuboClientActivity: cmdcode: 1, bytesCount: 30, channelType: 0, processId: 10014
2021-02-02 10:12:29.678 18644-22339/com.nubo.test7 D/nubo.NuboClientActivity: cmdcode: 16, bytesCount: 36, channelType: 0, processId: 10014
2021-02-02 10:12:29.678 18644-22339/com.nubo.test7 D/nubo.NuboClientActivity: cmdcode: 2, bytesCount: 37, channelType: 0, processId: 10014
2021-02-02 10:12:29.679 18644-22339/com.nubo.test7 D/nubo.NuboClientActivity: cmdcode: 7, bytesCount: 62, channelType: 0, processId: 10014
2021-02-02 10:12:29.679 18644-22339/com.nubo.test7 D/nubo.NuboClientActivity: cmdcode: 2, bytesCount: 37, channelType: 0, processId: 10014
2021-02-02 10:12:29.680 18644-22339/com.nubo.test7 D/nubo.NuboClientActivity: cmdcode: 7, bytesCount: 66, channelType: 0, processId: 10014
2021-02-02 10:12:29.680 18644-22339/com.nubo.test7 D/nubo.NuboClientActivity: cmdcode: 8, bytesCount: 81, channelType: 0, processId: 10014
2021-02-02 10:12:29.681 18644-22339/com.nubo.test7 D/nubo.NuboClientActivity: cmdcode: 14, bytesCount: 78, channelType: 0, processId: 10014
2021-02-02 10:12:29.682 18644-22339/com.nubo.test7 D/nubo.NuboClientActivity: cmdcode: 8, bytesCount: 81, channelType: 0, processId: 10014
2021-02-02 10:12:29.682 18644-22339/com.nubo.test7 D/nubo.NuboClientActivity: cmdcode: 5, bytesCount: 97, channelType: 0, processId: 10014
2021-02-02 10:12:29.683 18644-22339/com.nubo.test7 D/nubo.NuboClientActivity: cmdcode: 8, bytesCount: 81, channelType: 0, processId: 10014
2021-02-02 10:12:29.684 18644-22339/com.nubo.test7 D/nubo.NuboClientActivity: cmdcode: 8, bytesCount: 73, channelType: 0, processId: 10014
2021-02-02 10:12:29.685 18644-22339/com.nubo.test7 D/nubo.NuboClientActivity: cmdcode: 7, bytesCount: 66, channelType: 0, processId: 10014
2021-02-02 10:12:29.685 18644-22339/com.nubo.test7 D/nubo.NuboClientActivity: cmdcode: 7, bytesCount: 66, channelType: 0, processId: 10014
2021-02-02 10:12:29.686 18644-22339/com.nubo.test7 D/nubo.NuboClientActivity: cmdcode: 101, bytesCount: 13, channelType: 0, processId: 10014
2021-02-02 10:12:29.687 18644-22343/com.nubo.test7 D/nubo.NuboClientActivity: cmdcode: -120, bytesCount: 171, channelType: 2, processId: -1
2021-02-02 10:12:29.719 18644-22343/com.nubo.test7 D/nubo.NuboClientActivity: cmdcode: -120, bytesCount: 57, channelType: 2, processId: -1
2021-02-02 10:12:29.729 18644-22339/com.nubo.test7 D/nubo.NuboClientActivity: cmdcode: 1, bytesCount: 30, channelType: 0, processId: 10014
2021-02-02 10:12:29.730 18644-22339/com.nubo.test7 D/nubo.NuboClientActivity: cmdcode: 16, bytesCount: 36, channelType: 0, processId: 10014
2021-02-02 10:12:29.732 18644-22339/com.nubo.test7 D/nubo.NuboClientActivity: cmdcode: 2, bytesCount: 37, channelType: 0, processId: 10014
2021-02-02 10:12:29.733 18644-22339/com.nubo.test7 D/nubo.NuboClientActivity: cmdcode: 7, bytesCount: 62, channelType: 0, processId: 10014
2021-02-02 10:12:29.734 18644-22339/com.nubo.test7 D/nubo.NuboClientActivity: cmdcode: 2, bytesCount: 37, channelType: 0, processId: 10014
2021-02-02 10:12:29.735 18644-22339/com.nubo.test7 D/nubo.NuboClientActivity: cmdcode: 7, bytesCount: 66, channelType: 0, processId: 10014
2021-02-02 10:12:29.737 18644-22339/com.nubo.test7 D/nubo.NuboClientActivity: cmdcode: 8, bytesCount: 81, channelType: 0, processId: 10014
2021-02-02 10:12:29.738 18644-22339/com.nubo.test7 D/nubo.NuboClientActivity: cmdcode: 14, bytesCount: 78, channelType: 0, processId: 10014
2021-02-02 10:12:29.740 18644-22339/com.nubo.test7 D/nubo.NuboClientActivity: cmdcode: 8, bytesCount: 81, channelType: 0, processId: 10014
2021-02-02 10:12:29.741 18644-22339/com.nubo.test7 D/nubo.NuboClientActivity: cmdcode: 5, bytesCount: 97, channelType: 0, processId: 10014
2021-02-02 10:12:29.742 18644-22339/com.nubo.test7 D/nubo.NuboClientActivity: cmdcode: 8, bytesCount: 81, channelType: 0, processId: 10014
2021-02-02 10:12:29.743 18644-22339/com.nubo.test7 D/nubo.NuboClientActivity: cmdcode: 8, bytesCount: 73, channelType: 0, processId: 10014
2021-02-02 10:12:29.743 18644-22339/com.nubo.test7 D/nubo.NuboClientActivity: cmdcode: 7, bytesCount: 66, channelType: 0, processId: 10014
2021-02-02 10:12:29.745 18644-22339/com.nubo.test7 D/nubo.NuboClientActivity: cmdcode: 7, bytesCount: 66, channelType: 0, processId: 10014
2021-02-02 10:12:29.745 18644-22339/com.nubo.test7 D/nubo.NuboClientActivity: cmdcode: 101, bytesCount: 13, channelType: 0, processId: 10014
2021-02-02 10:12:29.751 18644-22343/com.nubo.test7 D/nubo.NuboClientActivity: cmdcode: -120, bytesCount: 160, channelType: 2, processId: -1
2021-02-02 10:12:29.771 18644-22339/com.nubo.test7 D/nubo.NuboClientActivity: cmdcode: 1, bytesCount: 30, channelType: 0, processId: 10014
2021-02-02 10:12:29.772 18644-22339/com.nubo.test7 D/nubo.NuboClientActivity: cmdcode: 16, bytesCount: 36, channelType: 0, processId: 10014
2021-02-02 10:12:29.773 18644-22339/com.nubo.test7 D/nubo.NuboClientActivity: cmdcode: 2, bytesCount: 37, channelType: 0, processId: 10014
2021-02-02 10:12:29.774 18644-22339/com.nubo.test7 D/nubo.NuboClientActivity: cmdcode: 7, bytesCount: 62, channelType: 0, processId: 10014
2021-02-02 10:12:29.774 18644-22339/com.nubo.test7 D/nubo.NuboClientActivity: cmdcode: 2, bytesCount: 37, channelType: 0, processId: 10014
2021-02-02 10:12:29.775 18644-22339/com.nubo.test7 D/nubo.NuboClientActivity: cmdcode: 7, bytesCount: 66, channelType: 0, processId: 10014
2021-02-02 10:12:29.775 18644-22339/com.nubo.test7 D/nubo.NuboClientActivity: cmdcode: 8, bytesCount: 81, channelType: 0, processId: 10014
2021-02-02 10:12:29.776 18644-22339/com.nubo.test7 D/nubo.NuboClientActivity: cmdcode: 14, bytesCount: 78, channelType: 0, processId: 10014
2021-02-02 10:12:29.776 18644-22339/com.nubo.test7 D/nubo.NuboClientActivity: cmdcode: 8, bytesCount: 81, channelType: 0, processId: 10014
2021-02-02 10:12:29.777 18644-22339/com.nubo.test7 D/nubo.NuboClientActivity: cmdcode: 5, bytesCount: 97, channelType: 0, processId: 10014
2021-02-02 10:12:29.778 18644-22339/com.nubo.test7 D/nubo.NuboClientActivity: cmdcode: 8, bytesCount: 81, channelType: 0, processId: 10014
2021-02-02 10:12:29.779 18644-22339/com.nubo.test7 D/nubo.NuboClientActivity: cmdcode: 8, bytesCount: 73, channelType: 0, processId: 10014
2021-02-02 10:12:29.779 18644-22339/com.nubo.test7 D/nubo.NuboClientActivity: cmdcode: 7, bytesCount: 66, channelType: 0, processId: 10014
2021-02-02 10:12:29.780 18644-22339/com.nubo.test7 D/nubo.NuboClientActivity: cmdcode: 7, bytesCount: 66, channelType: 0, processId: 10014
2021-02-02 10:12:29.781 18644-22339/com.nubo.test7 D/nubo.NuboClientActivity: cmdcode: 101, bytesCount: 13, channelType: 0, processId: 10014
2021-02-02 10:12:29.793 18644-22343/com.nubo.test7 D/nubo.NuboClientActivity: cmdcode: -120, bytesCount: 162, channelType: 2, processId: -1
2021-02-02 10:12:29.828 18644-22339/com.nubo.test7 D/nubo.NuboClientActivity: cmdcode: 1, bytesCount: 30, channelType: 0, processId: 10014
2021-02-02 10:12:29.829 18644-22339/com.nubo.test7 D/nubo.NuboClientActivity: cmdcode: 16, bytesCount: 36, channelType: 0, processId: 10014
2021-02-02 10:12:29.830 18644-22339/com.nubo.test7 D/nubo.NuboClientActivity: cmdcode: 2, bytesCount: 37, channelType: 0, processId: 10014
2021-02-02 10:12:29.831 18644-22339/com.nubo.test7 D/nubo.NuboClientActivity: cmdcode: 7, bytesCount: 62, channelType: 0, processId: 10014
2021-02-02 10:12:29.831 18644-22339/com.nubo.test7 D/nubo.NuboClientActivity: cmdcode: 2, bytesCount: 37, channelType: 0, processId: 10014
2021-02-02 10:12:29.832 18644-22339/com.nubo.test7 D/nubo.NuboClientActivity: cmdcode: 7, bytesCount: 66, channelType: 0, processId: 10014
2021-02-02 10:12:29.833 18644-22339/com.nubo.test7 D/nubo.NuboClientActivity: cmdcode: 8, bytesCount: 81, channelType: 0, processId: 10014
2021-02-02 10:12:29.834 18644-22339/com.nubo.test7 D/nubo.NuboClientActivity: cmdcode: 14, bytesCount: 78, channelType: 0, processId: 10014
2021-02-02 10:12:29.835 18644-22339/com.nubo.test7 D/nubo.NuboClientActivity: cmdcode: 8, bytesCount: 81, channelType: 0, processId: 10014
2021-02-02 10:12:29.836 18644-22339/com.nubo.test7 D/nubo.NuboClientActivity: cmdcode: 5, bytesCount: 97, channelType: 0, processId: 10014
2021-02-02 10:12:29.837 18644-22339/com.nubo.test7 D/nubo.NuboClientActivity: cmdcode: 8, bytesCount: 81, channelType: 0, processId: 10014
2021-02-02 10:12:29.838 18644-22339/com.nubo.test7 D/nubo.NuboClientActivity: cmdcode: 8, bytesCount: 73, channelType: 0, processId: 10014
2021-02-02 10:12:29.838 18644-22343/com.nubo.test7 D/nubo.NuboClientActivity: cmdcode: -120, bytesCount: 161, channelType: 2, processId: -1
2021-02-02 10:12:29.839 18644-22339/com.nubo.test7 D/nubo.NuboClientActivity: cmdcode: 7, bytesCount: 66, channelType: 0, processId: 10014
2021-02-02 10:12:29.841 18644-22339/com.nubo.test7 D/nubo.NuboClientActivity: cmdcode: 7, bytesCount: 66, channelType: 0, processId: 10014
2021-02-02 10:12:29.841 18644-22339/com.nubo.test7 D/nubo.NuboClientActivity: cmdcode: 101, bytesCount: 13, channelType: 0, processId: 10014
2021-02-02 10:12:29.880 18644-22343/com.nubo.test7 D/nubo.NuboClientActivity: cmdcode: -120, bytesCount: 154, channelType: 2, processId: -1
2021-02-02 10:12:29.889 18644-22339/com.nubo.test7 D/nubo.NuboClientActivity: cmdcode: 1, bytesCount: 30, channelType: 0, processId: 10014
2021-02-02 10:12:29.890 18644-22339/com.nubo.test7 D/nubo.NuboClientActivity: cmdcode: 16, bytesCount: 36, channelType: 0, processId: 10014
2021-02-02 10:12:29.891 18644-22339/com.nubo.test7 D/nubo.NuboClientActivity: cmdcode: 2, bytesCount: 37, channelType: 0, processId: 10014
2021-02-02 10:12:29.892 18644-22339/com.nubo.test7 D/nubo.NuboClientActivity: cmdcode: 7, bytesCount: 62, channelType: 0, processId: 10014
2021-02-02 10:12:29.894 18644-22339/com.nubo.test7 D/nubo.NuboClientActivity: cmdcode: 2, bytesCount: 37, channelType: 0, processId: 10014
2021-02-02 10:12:29.895 18644-22339/com.nubo.test7 D/nubo.NuboClientActivity: cmdcode: 7, bytesCount: 66, channelType: 0, processId: 10014
2021-02-02 10:12:29.897 18644-22339/com.nubo.test7 D/nubo.NuboClientActivity: cmdcode: 8, bytesCount: 81, channelType: 0, processId: 10014
2021-02-02 10:12:29.898 18644-22339/com.nubo.test7 D/nubo.NuboClientActivity: cmdcode: 14, bytesCount: 78, channelType: 0, processId: 10014
2021-02-02 10:12:29.899 18644-22339/com.nubo.test7 D/nubo.NuboClientActivity: cmdcode: 8, bytesCount: 81, channelType: 0, processId: 10014
2021-02-02 10:12:29.900 18644-22339/com.nubo.test7 D/nubo.NuboClientActivity: cmdcode: 5, bytesCount: 97, channelType: 0, processId: 10014
2021-02-02 10:12:29.901 18644-22339/com.nubo.test7 D/nubo.NuboClientActivity: cmdcode: 8, bytesCount: 81, channelType: 0, processId: 10014
2021-02-02 10:12:29.902 18644-22339/com.nubo.test7 D/nubo.NuboClientActivity: cmdcode: 8, bytesCount: 73, channelType: 0, processId: 10014
2021-02-02 10:12:29.903 18644-22339/com.nubo.test7 D/nubo.NuboClientActivity: cmdcode: 7, bytesCount: 66, channelType: 0, processId: 10014
2021-02-02 10:12:29.904 18644-22339/com.nubo.test7 D/nubo.NuboClientActivity: cmdcode: 7, bytesCount: 66, channelType: 0, processId: 10014
2021-02-02 10:12:29.905 18644-22339/com.nubo.test7 D/nubo.NuboClientActivity: cmdcode: 101, bytesCount: 13, channelType: 0, processId: 10014
2021-02-02 10:12:29.921 18644-22343/com.nubo.test7 D/nubo.NuboClientActivity: cmdcode: -120, bytesCount: 154, channelType: 2, processId: -1
2021-02-02 10:12:29.932 18644-22339/com.nubo.test7 D/nubo.NuboClientActivity: cmdcode: 1, bytesCount: 30, channelType: 0, processId: 10014
2021-02-02 10:12:29.933 18644-22339/com.nubo.test7 D/nubo.NuboClientActivity: cmdcode: 16, bytesCount: 36, channelType: 0, processId: 10014
2021-02-02 10:12:29.934 18644-22339/com.nubo.test7 D/nubo.NuboClientActivity: cmdcode: 2, bytesCount: 37, channelType: 0, processId: 10014
2021-02-02 10:12:29.935 18644-22339/com.nubo.test7 D/nubo.NuboClientActivity: cmdcode: 7, bytesCount: 62, channelType: 0, processId: 10014
2021-02-02 10:12:29.936 18644-22339/com.nubo.test7 D/nubo.NuboClientActivity: cmdcode: 2, bytesCount: 37, channelType: 0, processId: 10014
2021-02-02 10:12:29.936 18644-22339/com.nubo.test7 D/nubo.NuboClientActivity: cmdcode: 7, bytesCount: 66, channelType: 0, processId: 10014
2021-02-02 10:12:29.937 18644-22339/com.nubo.test7 D/nubo.NuboClientActivity: cmdcode: 8, bytesCount: 81, channelType: 0, processId: 10014
2021-02-02 10:12:29.938 18644-22339/com.nubo.test7 D/nubo.NuboClientActivity: cmdcode: 14, bytesCount: 78, channelType: 0, processId: 10014
2021-02-02 10:12:29.939 18644-22339/com.nubo.test7 D/nubo.NuboClientActivity: cmdcode: 8, bytesCount: 81, channelType: 0, processId: 10014
2021-02-02 10:12:29.939 18644-22339/com.nubo.test7 D/nubo.NuboClientActivity: cmdcode: 5, bytesCount: 97, channelType: 0, processId: 10014
2021-02-02 10:12:29.940 18644-22339/com.nubo.test7 D/nubo.NuboClientActivity: cmdcode: 8, bytesCount: 81, channelType: 0, processId: 10014
2021-02-02 10:12:29.941 18644-22339/com.nubo.test7 D/nubo.NuboClientActivity: cmdcode: 8, bytesCount: 73, channelType: 0, processId: 10014
2021-02-02 10:12:29.941 18644-22339/com.nubo.test7 D/nubo.NuboClientActivity: cmdcode: 7, bytesCount: 66, channelType: 0, processId: 10014
2021-02-02 10:12:29.942 18644-22339/com.nubo.test7 D/nubo.NuboClientActivity: cmdcode: 7, bytesCount: 66, channelType: 0, processId: 10014
2021-02-02 10:12:29.942 18644-22339/com.nubo.test7 D/nubo.NuboClientActivity: cmdcode: 101, bytesCount: 13, channelType: 0, processId: 10014
2021-02-02 10:12:29.953 18644-22343/com.nubo.test7 D/nubo.NuboClientActivity: cmdcode: -120, bytesCount: 55, channelType: 2, processId: -1
2021-02-02 10:12:29.978 18644-22339/com.nubo.test7 D/nubo.NuboClientActivity: cmdcode: 1, bytesCount: 30, channelType: 0, processId: 10014
2021-02-02 10:12:29.979 18644-22339/com.nubo.test7 D/nubo.NuboClientActivity: cmdcode: 16, bytesCount: 36, channelType: 0, processId: 10014
2021-02-02 10:12:29.980 18644-22339/com.nubo.test7 D/nubo.NuboClientActivity: cmdcode: 2, bytesCount: 37, channelType: 0, processId: 10014
2021-02-02 10:12:29.981 18644-22343/com.nubo.test7 D/nubo.NuboClientActivity: cmdcode: -120, bytesCount: 57, channelType: 2, processId: -1
2021-02-02 10:12:29.981 18644-22339/com.nubo.test7 D/nubo.NuboClientActivity: cmdcode: 7, bytesCount: 62, channelType: 0, processId: 10014
2021-02-02 10:12:29.983 18644-22343/com.nubo.test7 D/nubo.NuboClientActivity: cmdcode: -120, bytesCount: 33, channelType: 2, processId: -1
2021-02-02 10:12:29.983 18644-22339/com.nubo.test7 D/nubo.NuboClientActivity: cmdcode: 2, bytesCount: 37, channelType: 0, processId: 10014
2021-02-02 10:12:29.983 18644-22339/com.nubo.test7 D/nubo.NuboClientActivity: cmdcode: 7, bytesCount: 66, channelType: 0, processId: 10014
2021-02-02 10:12:29.985 18644-22339/com.nubo.test7 D/nubo.NuboClientActivity: cmdcode: 8, bytesCount: 81, channelType: 0, processId: 10014
2021-02-02 10:12:29.985 18644-22343/com.nubo.test7 D/nubo.NuboClientActivity: cmdcode: -120, bytesCount: 57, channelType: 2, processId: -1
2021-02-02 10:12:29.986 18644-22339/com.nubo.test7 D/nubo.NuboClientActivity: cmdcode: 14, bytesCount: 78, channelType: 0, processId: 10014
2021-02-02 10:12:29.987 18644-22343/com.nubo.test7 D/nubo.NuboClientActivity: cmdcode: -120, bytesCount: 33, channelType: 2, processId: -1
2021-02-02 10:12:29.987 18644-22339/com.nubo.test7 D/nubo.NuboClientActivity: cmdcode: 8, bytesCount: 81, channelType: 0, processId: 10014
2021-02-02 10:12:29.989 18644-22343/com.nubo.test7 D/nubo.NuboClientActivity: cmdcode: -120, bytesCount: 1417, channelType: 2, processId: -1
2021-02-02 10:12:29.990 18644-22339/com.nubo.test7 D/nubo.NuboClientActivity: cmdcode: 5, bytesCount: 97, channelType: 0, processId: 10014
2021-02-02 10:12:29.990 18644-22343/com.nubo.test7 D/nubo.NuboClientActivity: cmdcode: -120, bytesCount: 1417, channelType: 2, processId: -1
2021-02-02 10:12:29.991 18644-22339/com.nubo.test7 D/nubo.NuboClientActivity: cmdcode: 8, bytesCount: 81, channelType: 0, processId: 10014
2021-02-02 10:12:29.991 18644-22343/com.nubo.test7 D/nubo.NuboClientActivity: cmdcode: -120, bytesCount: 1417, channelType: 2, processId: -1
2021-02-02 10:12:29.992 18644-22339/com.nubo.test7 D/nubo.NuboClientActivity: cmdcode: 8, bytesCount: 73, channelType: 0, processId: 10014
2021-02-02 10:12:29.993 18644-22343/com.nubo.test7 D/nubo.NuboClientActivity: cmdcode: -120, bytesCount: 1417, channelType: 2, processId: -1
2021-02-02 10:12:29.993 18644-22339/com.nubo.test7 D/nubo.NuboClientActivity: cmdcode: 7, bytesCount: 66, channelType: 0, processId: 10014
2021-02-02 10:12:29.994 18644-22343/com.nubo.test7 D/nubo.NuboClientActivity: cmdcode: -120, bytesCount: 1417, channelType: 2, processId: -1
2021-02-02 10:12:29.994 18644-22339/com.nubo.test7 D/nubo.NuboClientActivity: cmdcode: 7, bytesCount: 66, channelType: 0, processId: 10014
2021-02-02 10:12:29.995 18644-22343/com.nubo.test7 D/nubo.NuboClientActivity: cmdcode: -120, bytesCount: 1417, channelType: 2, processId: -1
2021-02-02 10:12:29.995 18644-22339/com.nubo.test7 D/nubo.NuboClientActivity: cmdcode: 101, bytesCount: 13, channelType: 0, processId: 10014
2021-02-02 10:12:29.997 18644-22343/com.nubo.test7 D/nubo.NuboClientActivity: cmdcode: -120, bytesCount: 1417, channelType: 2, processId: -1
2021-02-02 10:12:29.999 18644-22343/com.nubo.test7 D/nubo.NuboClientActivity: cmdcode: -120, bytesCount: 710, channelType: 2, processId: -1
2021-02-02 10:12:30.028 18644-22339/com.nubo.test7 D/nubo.NuboClientActivity: cmdcode: 1, bytesCount: 30, channelType: 0, processId: 10014
2021-02-02 10:12:30.029 18644-22339/com.nubo.test7 D/nubo.NuboClientActivity: cmdcode: 16, bytesCount: 36, channelType: 0, processId: 10014
2021-02-02 10:12:30.030 18644-22339/com.nubo.test7 D/nubo.NuboClientActivity: cmdcode: 2, bytesCount: 37, channelType: 0, processId: 10014
2021-02-02 10:12:30.030 18644-22339/com.nubo.test7 D/nubo.NuboClientActivity: cmdcode: 7, bytesCount: 62, channelType: 0, processId: 10014
2021-02-02 10:12:30.031 18644-22339/com.nubo.test7 D/nubo.NuboClientActivity: cmdcode: 2, bytesCount: 37, channelType: 0, processId: 10014
2021-02-02 10:12:30.031 18644-22339/com.nubo.test7 D/nubo.NuboClientActivity: cmdcode: 7, bytesCount: 66, channelType: 0, processId: 10014
2021-02-02 10:12:30.032 18644-22339/com.nubo.test7 D/nubo.NuboClientActivity: cmdcode: 8, bytesCount: 81, channelType: 0, processId: 10014
2021-02-02 10:12:30.032 18644-22339/com.nubo.test7 D/nubo.NuboClientActivity: cmdcode: 14, bytesCount: 78, channelType: 0, processId: 10014
2021-02-02 10:12:30.033 18644-22339/com.nubo.test7 D/nubo.NuboClientActivity: cmdcode: 8, bytesCount: 81, channelType: 0, processId: 10014
2021-02-02 10:12:30.034 18644-22339/com.nubo.test7 D/nubo.NuboClientActivity: cmdcode: 5, bytesCount: 97, channelType: 0, processId: 10014
2021-02-02 10:12:30.035 18644-22339/com.nubo.test7 D/nubo.NuboClientActivity: cmdcode: 8, bytesCount: 81, channelType: 0, processId: 10014
2021-02-02 10:12:30.035 18644-22339/com.nubo.test7 D/nubo.NuboClientActivity: cmdcode: 8, bytesCount: 73, channelType: 0, processId: 10014
2021-02-02 10:12:30.036 18644-22339/com.nubo.test7 D/nubo.NuboClientActivity: cmdcode: 7, bytesCount: 66, channelType: 0, processId: 10014
2021-02-02 10:12:30.037 18644-22339/com.nubo.test7 D/nubo.NuboClientActivity: cmdcode: 7, bytesCount: 66, channelType: 0, processId: 10014
2021-02-02 10:12:30.037 18644-22343/com.nubo.test7 D/nubo.NuboClientActivity: cmdcode: -120, bytesCount: 386, channelType: 2, processId: -1
2021-02-02 10:12:30.037 18644-22339/com.nubo.test7 D/nubo.NuboClientActivity: cmdcode: 101, bytesCount: 13, channelType: 0, processId: 10014
2021-02-02 10:12:30.077 18644-22343/com.nubo.test7 D/nubo.NuboClientActivity: cmdcode: -120, bytesCount: 217, channelType: 2, processId: -1
2021-02-02 10:12:30.087 18644-22339/com.nubo.test7 D/nubo.NuboClientActivity: cmdcode: 1, bytesCount: 30, channelType: 0, processId: 10014
2021-02-02 10:12:30.089 18644-22339/com.nubo.test7 D/nubo.NuboClientActivity: cmdcode: 16, bytesCount: 36, channelType: 0, processId: 10014
2021-02-02 10:12:30.090 18644-22339/com.nubo.test7 D/nubo.NuboClientActivity: cmdcode: 2, bytesCount: 37, channelType: 0, processId: 10014
2021-02-02 10:12:30.091 18644-22339/com.nubo.test7 D/nubo.NuboClientActivity: cmdcode: 7, bytesCount: 62, channelType: 0, processId: 10014
2021-02-02 10:12:30.092 18644-22339/com.nubo.test7 D/nubo.NuboClientActivity: cmdcode: 2, bytesCount: 37, channelType: 0, processId: 10014
2021-02-02 10:12:30.093 18644-22339/com.nubo.test7 D/nubo.NuboClientActivity: cmdcode: 7, bytesCount: 66, channelType: 0, processId: 10014
2021-02-02 10:12:30.094 18644-22339/com.nubo.test7 D/nubo.NuboClientActivity: cmdcode: 8, bytesCount: 81, channelType: 0, processId: 10014
2021-02-02 10:12:30.095 18644-22339/com.nubo.test7 D/nubo.NuboClientActivity: cmdcode: 14, bytesCount: 78, channelType: 0, processId: 10014
2021-02-02 10:12:30.096 18644-22339/com.nubo.test7 D/nubo.NuboClientActivity: cmdcode: 8, bytesCount: 81, channelType: 0, processId: 10014
2021-02-02 10:12:30.097 18644-22339/com.nubo.test7 D/nubo.NuboClientActivity: cmdcode: 5, bytesCount: 97, channelType: 0, processId: 10014
2021-02-02 10:12:30.098 18644-22339/com.nubo.test7 D/nubo.NuboClientActivity: cmdcode: 8, bytesCount: 81, channelType: 0, processId: 10014
2021-02-02 10:12:30.099 18644-22339/com.nubo.test7 D/nubo.NuboClientActivity: cmdcode: 8, bytesCount: 73, channelType: 0, processId: 10014
2021-02-02 10:12:30.100 18644-22339/com.nubo.test7 D/nubo.NuboClientActivity: cmdcode: 7, bytesCount: 66, channelType: 0, processId: 10014
2021-02-02 10:12:30.101 18644-22339/com.nubo.test7 D/nubo.NuboClientActivity: cmdcode: 7, bytesCount: 66, channelType: 0, processId: 10014
2021-02-02 10:12:30.101 18644-22339/com.nubo.test7 D/nubo.NuboClientActivity: cmdcode: 101, bytesCount: 13, channelType: 0, processId: 10014
2021-02-02 10:12:30.107 18644-22343/com.nubo.test7 D/nubo.NuboClientActivity: cmdcode: -120, bytesCount: 93, channelType: 2, processId: -1
2021-02-02 10:12:30.135 18644-22339/com.nubo.test7 D/nubo.NuboClientActivity: cmdcode: 1, bytesCount: 30, channelType: 0, processId: 10014
2021-02-02 10:12:30.135 18644-22339/com.nubo.test7 D/nubo.NuboClientActivity: cmdcode: 16, bytesCount: 36, channelType: 0, processId: 10014
2021-02-02 10:12:30.136 18644-22339/com.nubo.test7 D/nubo.NuboClientActivity: cmdcode: 2, bytesCount: 37, channelType: 0, processId: 10014
2021-02-02 10:12:30.137 18644-22339/com.nubo.test7 D/nubo.NuboClientActivity: cmdcode: 7, bytesCount: 62, channelType: 0, processId: 10014
2021-02-02 10:12:30.137 18644-22339/com.nubo.test7 D/nubo.NuboClientActivity: cmdcode: 2, bytesCount: 37, channelType: 0, processId: 10014
2021-02-02 10:12:30.137 18644-22339/com.nubo.test7 D/nubo.NuboClientActivity: cmdcode: 7, bytesCount: 66, channelType: 0, processId: 10014
2021-02-02 10:12:30.138 18644-22339/com.nubo.test7 D/nubo.NuboClientActivity: cmdcode: 8, bytesCount: 81, channelType: 0, processId: 10014
2021-02-02 10:12:30.139 18644-22339/com.nubo.test7 D/nubo.NuboClientActivity: cmdcode: 14, bytesCount: 78, channelType: 0, processId: 10014
2021-02-02 10:12:30.139 18644-22339/com.nubo.test7 D/nubo.NuboClientActivity: cmdcode: 8, bytesCount: 81, channelType: 0, processId: 10014
2021-02-02 10:12:30.140 18644-22339/com.nubo.test7 D/nubo.NuboClientActivity: cmdcode: 5, bytesCount: 97, channelType: 0, processId: 10014
2021-02-02 10:12:30.140 18644-22339/com.nubo.test7 D/nubo.NuboClientActivity: cmdcode: 8, bytesCount: 81, channelType: 0, processId: 10014
2021-02-02 10:12:30.141 18644-22339/com.nubo.test7 D/nubo.NuboClientActivity: cmdcode: 8, bytesCount: 73, channelType: 0, processId: 10014
2021-02-02 10:12:30.141 18644-22339/com.nubo.test7 D/nubo.NuboClientActivity: cmdcode: 7, bytesCount: 66, channelType: 0, processId: 10014
2021-02-02 10:12:30.142 18644-22339/com.nubo.test7 D/nubo.NuboClientActivity: cmdcode: 7, bytesCount: 66, channelType: 0, processId: 10014
2021-02-02 10:12:30.142 18644-22339/com.nubo.test7 D/nubo.NuboClientActivity: cmdcode: 101, bytesCount: 13, channelType: 0, processId: 10014
2021-02-02 10:12:30.156 18644-22343/com.nubo.test7 D/nubo.NuboClientActivity: cmdcode: -120, bytesCount: 177, channelType: 2, processId: -1
2021-02-02 10:12:30.193 18644-22339/com.nubo.test7 D/nubo.NuboClientActivity: cmdcode: 1, bytesCount: 30, channelType: 0, processId: 10014
2021-02-02 10:12:30.194 18644-22339/com.nubo.test7 D/nubo.NuboClientActivity: cmdcode: 16, bytesCount: 36, channelType: 0, processId: 10014
2021-02-02 10:12:30.195 18644-22339/com.nubo.test7 D/nubo.NuboClientActivity: cmdcode: 2, bytesCount: 37, channelType: 0, processId: 10014
2021-02-02 10:12:30.196 18644-22339/com.nubo.test7 D/nubo.NuboClientActivity: cmdcode: 7, bytesCount: 62, channelType: 0, processId: 10014
2021-02-02 10:12:30.197 18644-22339/com.nubo.test7 D/nubo.NuboClientActivity: cmdcode: 2, bytesCount: 37, channelType: 0, processId: 10014
2021-02-02 10:12:30.198 18644-22339/com.nubo.test7 D/nubo.NuboClientActivity: cmdcode: 7, bytesCount: 66, channelType: 0, processId: 10014
2021-02-02 10:12:30.198 18644-22339/com.nubo.test7 D/nubo.NuboClientActivity: cmdcode: 8, bytesCount: 81, channelType: 0, processId: 10014
2021-02-02 10:12:30.200 18644-22339/com.nubo.test7 D/nubo.NuboClientActivity: cmdcode: 14, bytesCount: 78, channelType: 0, processId: 10014
2021-02-02 10:12:30.201 18644-22339/com.nubo.test7 D/nubo.NuboClientActivity: cmdcode: 8, bytesCount: 81, channelType: 0, processId: 10014
2021-02-02 10:12:30.202 18644-22339/com.nubo.test7 D/nubo.NuboClientActivity: cmdcode: 5, bytesCount: 97, channelType: 0, processId: 10014
2021-02-02 10:12:30.202 18644-22343/com.nubo.test7 D/nubo.NuboClientActivity: cmdcode: -120, bytesCount: 166, channelType: 2, processId: -1
2021-02-02 10:12:30.204 18644-22339/com.nubo.test7 D/nubo.NuboClientActivity: cmdcode: 8, bytesCount: 81, channelType: 0, processId: 10014
2021-02-02 10:12:30.205 18644-22339/com.nubo.test7 D/nubo.NuboClientActivity: cmdcode: 8, bytesCount: 73, channelType: 0, processId: 10014
2021-02-02 10:12:30.206 18644-22339/com.nubo.test7 D/nubo.NuboClientActivity: cmdcode: 7, bytesCount: 66, channelType: 0, processId: 10014
2021-02-02 10:12:30.207 18644-22339/com.nubo.test7 D/nubo.NuboClientActivity: cmdcode: 7, bytesCount: 66, channelType: 0, processId: 10014
2021-02-02 10:12:30.209 18644-22339/com.nubo.test7 D/nubo.NuboClientActivity: cmdcode: 101, bytesCount: 13, channelType: 0, processId: 10014
2021-02-02 10:12:30.238 18644-22343/com.nubo.test7 D/nubo.NuboClientActivity: cmdcode: -120, bytesCount: 150, channelType: 2, processId: -1
2021-02-02 10:12:30.250 18644-22339/com.nubo.test7 D/nubo.NuboClientActivity: cmdcode: 1, bytesCount: 30, channelType: 0, processId: 10014
2021-02-02 10:12:30.251 18644-22339/com.nubo.test7 D/nubo.NuboClientActivity: cmdcode: 16, bytesCount: 36, channelType: 0, processId: 10014
2021-02-02 10:12:30.252 18644-22339/com.nubo.test7 D/nubo.NuboClientActivity: cmdcode: 2, bytesCount: 37, channelType: 0, processId: 10014
2021-02-02 10:12:30.254 18644-22339/com.nubo.test7 D/nubo.NuboClientActivity: cmdcode: 7, bytesCount: 62, channelType: 0, processId: 10014
2021-02-02 10:12:30.254 18644-22339/com.nubo.test7 D/nubo.NuboClientActivity: cmdcode: 2, bytesCount: 37, channelType: 0, processId: 10014
2021-02-02 10:12:30.255 18644-22339/com.nubo.test7 D/nubo.NuboClientActivity: cmdcode: 7, bytesCount: 66, channelType: 0, processId: 10014
2021-02-02 10:12:30.255 18644-22339/com.nubo.test7 D/nubo.NuboClientActivity: cmdcode: 8, bytesCount: 81, channelType: 0, processId: 10014
2021-02-02 10:12:30.257 18644-22339/com.nubo.test7 D/nubo.NuboClientActivity: cmdcode: 14, bytesCount: 78, channelType: 0, processId: 10014
2021-02-02 10:12:30.258 18644-22339/com.nubo.test7 D/nubo.NuboClientActivity: cmdcode: 8, bytesCount: 81, channelType: 0, processId: 10014
2021-02-02 10:12:30.259 18644-22339/com.nubo.test7 D/nubo.NuboClientActivity: cmdcode: 5, bytesCount: 97, channelType: 0, processId: 10014
2021-02-02 10:12:30.261 18644-22339/com.nubo.test7 D/nubo.NuboClientActivity: cmdcode: 8, bytesCount: 81, channelType: 0, processId: 10014
2021-02-02 10:12:30.262 18644-22339/com.nubo.test7 D/nubo.NuboClientActivity: cmdcode: 8, bytesCount: 73, channelType: 0, processId: 10014
2021-02-02 10:12:30.263 18644-22339/com.nubo.test7 D/nubo.NuboClientActivity: cmdcode: 7, bytesCount: 66, channelType: 0, processId: 10014
2021-02-02 10:12:30.263 18644-22339/com.nubo.test7 D/nubo.NuboClientActivity: cmdcode: 7, bytesCount: 66, channelType: 0, processId: 10014
2021-02-02 10:12:30.264 18644-22339/com.nubo.test7 D/nubo.NuboClientActivity: cmdcode: 101, bytesCount: 13, channelType: 0, processId: 10014
2021-02-02 10:12:30.270 18644-22343/com.nubo.test7 D/nubo.NuboClientActivity: cmdcode: -120, bytesCount: 59, channelType: 2, processId: -1
2021-02-02 10:12:30.291 18644-22339/com.nubo.test7 D/nubo.NuboClientActivity: cmdcode: 1, bytesCount: 30, channelType: 0, processId: 10014
2021-02-02 10:12:30.292 18644-22339/com.nubo.test7 D/nubo.NuboClientActivity: cmdcode: 16, bytesCount: 36, channelType: 0, processId: 10014
2021-02-02 10:12:30.293 18644-22339/com.nubo.test7 D/nubo.NuboClientActivity: cmdcode: 2, bytesCount: 37, channelType: 0, processId: 10014
2021-02-02 10:12:30.293 18644-22339/com.nubo.test7 D/nubo.NuboClientActivity: cmdcode: 7, bytesCount: 62, channelType: 0, processId: 10014
2021-02-02 10:12:30.294 18644-22339/com.nubo.test7 D/nubo.NuboClientActivity: cmdcode: 2, bytesCount: 37, channelType: 0, processId: 10014
2021-02-02 10:12:30.294 18644-22339/com.nubo.test7 D/nubo.NuboClientActivity: cmdcode: 7, bytesCount: 66, channelType: 0, processId: 10014
2021-02-02 10:12:30.295 18644-22339/com.nubo.test7 D/nubo.NuboClientActivity: cmdcode: 8, bytesCount: 81, channelType: 0, processId: 10014
2021-02-02 10:12:30.295 18644-22339/com.nubo.test7 D/nubo.NuboClientActivity: cmdcode: 14, bytesCount: 78, channelType: 0, processId: 10014
2021-02-02 10:12:30.296 18644-22339/com.nubo.test7 D/nubo.NuboClientActivity: cmdcode: 8, bytesCount: 81, channelType: 0, processId: 10014
2021-02-02 10:12:30.296 18644-22339/com.nubo.test7 D/nubo.NuboClientActivity: cmdcode: 5, bytesCount: 97, channelType: 0, processId: 10014
2021-02-02 10:12:30.297 18644-22339/com.nubo.test7 D/nubo.NuboClientActivity: cmdcode: 8, bytesCount: 81, channelType: 0, processId: 10014
2021-02-02 10:12:30.297 18644-22339/com.nubo.test7 D/nubo.NuboClientActivity: cmdcode: 8, bytesCount: 73, channelType: 0, processId: 10014
2021-02-02 10:12:30.298 18644-22339/com.nubo.test7 D/nubo.NuboClientActivity: cmdcode: 7, bytesCount: 66, channelType: 0, processId: 10014
2021-02-02 10:12:30.299 18644-22339/com.nubo.test7 D/nubo.NuboClientActivity: cmdcode: 7, bytesCount: 66, channelType: 0, processId: 10014
2021-02-02 10:12:30.299 18644-22339/com.nubo.test7 D/nubo.NuboClientActivity: cmdcode: 101, bytesCount: 13, channelType: 0, processId: 10014
2021-02-02 10:12:30.314 18644-22343/com.nubo.test7 D/nubo.NuboClientActivity: cmdcode: -120, bytesCount: 158, channelType: 2, processId: -1
2021-02-02 10:12:30.334 18644-22339/com.nubo.test7 D/nubo.NuboClientActivity: cmdcode: 1, bytesCount: 30, channelType: 0, processId: 10014
2021-02-02 10:12:30.335 18644-22339/com.nubo.test7 D/nubo.NuboClientActivity: cmdcode: 16, bytesCount: 36, channelType: 0, processId: 10014
2021-02-02 10:12:30.336 18644-22339/com.nubo.test7 D/nubo.NuboClientActivity: cmdcode: 2, bytesCount: 37, channelType: 0, processId: 10014
2021-02-02 10:12:30.337 18644-22339/com.nubo.test7 D/nubo.NuboClientActivity: cmdcode: 7, bytesCount: 62, channelType: 0, processId: 10014
2021-02-02 10:12:30.337 18644-22339/com.nubo.test7 D/nubo.NuboClientActivity: cmdcode: 2, bytesCount: 37, channelType: 0, processId: 10014
2021-02-02 10:12:30.338 18644-22339/com.nubo.test7 D/nubo.NuboClientActivity: cmdcode: 7, bytesCount: 66, channelType: 0, processId: 10014
2021-02-02 10:12:30.338 18644-22339/com.nubo.test7 D/nubo.NuboClientActivity: cmdcode: 8, bytesCount: 81, channelType: 0, processId: 10014
2021-02-02 10:12:30.339 18644-22339/com.nubo.test7 D/nubo.NuboClientActivity: cmdcode: 14, bytesCount: 78, channelType: 0, processId: 10014
2021-02-02 10:12:30.339 18644-22339/com.nubo.test7 D/nubo.NuboClientActivity: cmdcode: 8, bytesCount: 81, channelType: 0, processId: 10014
2021-02-02 10:12:30.339 18644-22339/com.nubo.test7 D/nubo.NuboClientActivity: cmdcode: 5, bytesCount: 97, channelType: 0, processId: 10014
2021-02-02 10:12:30.340 18644-22339/com.nubo.test7 D/nubo.NuboClientActivity: cmdcode: 8, bytesCount: 81, channelType: 0, processId: 10014
2021-02-02 10:12:30.340 18644-22339/com.nubo.test7 D/nubo.NuboClientActivity: cmdcode: 8, bytesCount: 73, channelType: 0, processId: 10014
2021-02-02 10:12:30.341 18644-22339/com.nubo.test7 D/nubo.NuboClientActivity: cmdcode: 7, bytesCount: 66, channelType: 0, processId: 10014
2021-02-02 10:12:30.341 18644-22339/com.nubo.test7 D/nubo.NuboClientActivity: cmdcode: 7, bytesCount: 66, channelType: 0, processId: 10014
2021-02-02 10:12:30.341 18644-22339/com.nubo.test7 D/nubo.NuboClientActivity: cmdcode: 101, bytesCount: 13, channelType: 0, processId: 10014
2021-02-02 10:12:30.355 18644-22343/com.nubo.test7 D/nubo.NuboClientActivity: cmdcode: -120, bytesCount: 174, channelType: 2, processId: -1
2021-02-02 10:12:30.393 18644-22339/com.nubo.test7 D/nubo.NuboClientActivity: cmdcode: 1, bytesCount: 30, channelType: 0, processId: 10014
2021-02-02 10:12:30.395 18644-22339/com.nubo.test7 D/nubo.NuboClientActivity: cmdcode: 16, bytesCount: 36, channelType: 0, processId: 10014
2021-02-02 10:12:30.396 18644-22339/com.nubo.test7 D/nubo.NuboClientActivity: cmdcode: 2, bytesCount: 37, channelType: 0, processId: 10014
2021-02-02 10:12:30.397 18644-22339/com.nubo.test7 D/nubo.NuboClientActivity: cmdcode: 7, bytesCount: 62, channelType: 0, processId: 10014
2021-02-02 10:12:30.397 18644-22339/com.nubo.test7 D/nubo.NuboClientActivity: cmdcode: 2, bytesCount: 37, channelType: 0, processId: 10014
2021-02-02 10:12:30.398 18644-22339/com.nubo.test7 D/nubo.NuboClientActivity: cmdcode: 7, bytesCount: 66, channelType: 0, processId: 10014
2021-02-02 10:12:30.399 18644-22339/com.nubo.test7 D/nubo.NuboClientActivity: cmdcode: 8, bytesCount: 81, channelType: 0, processId: 10014
2021-02-02 10:12:30.401 18644-22339/com.nubo.test7 D/nubo.NuboClientActivity: cmdcode: 14, bytesCount: 78, channelType: 0, processId: 10014
2021-02-02 10:12:30.402 18644-22339/com.nubo.test7 D/nubo.NuboClientActivity: cmdcode: 8, bytesCount: 81, channelType: 0, processId: 10014
2021-02-02 10:12:30.403 18644-22339/com.nubo.test7 D/nubo.NuboClientActivity: cmdcode: 5, bytesCount: 97, channelType: 0, processId: 10014
2021-02-02 10:12:30.404 18644-22343/com.nubo.test7 D/nubo.NuboClientActivity: cmdcode: -120, bytesCount: 53, channelType: 2, processId: -1
2021-02-02 10:12:30.404 18644-22339/com.nubo.test7 D/nubo.NuboClientActivity: cmdcode: 8, bytesCount: 81, channelType: 0, processId: 10014
2021-02-02 10:12:30.407 18644-22339/com.nubo.test7 D/nubo.NuboClientActivity: cmdcode: 8, bytesCount: 73, channelType: 0, processId: 10014
2021-02-02 10:12:30.409 18644-22339/com.nubo.test7 D/nubo.NuboClientActivity: cmdcode: 7, bytesCount: 66, channelType: 0, processId: 10014
2021-02-02 10:12:30.410 18644-22339/com.nubo.test7 D/nubo.NuboClientActivity: cmdcode: 7, bytesCount: 66, channelType: 0, processId: 10014
2021-02-02 10:12:30.410 18644-22339/com.nubo.test7 D/nubo.NuboClientActivity: cmdcode: 101, bytesCount: 13, channelType: 0, processId: 10014
2021-02-02 10:12:30.480 18644-22343/com.nubo.test7 D/nubo.NuboClientActivity: cmdcode: -120, bytesCount: 158, channelType: 2, processId: -1
2021-02-02 10:12:30.482 18644-22343/com.nubo.test7 D/nubo.NuboClientActivity: cmdcode: -120, bytesCount: 159, channelType: 2, processId: -1
2021-02-02 10:12:30.508 18644-22343/com.nubo.test7 D/nubo.NuboClientActivity: cmdcode: -120, bytesCount: 161, channelType: 2, processId: -1
2021-02-02 10:12:30.520 18644-22339/com.nubo.test7 D/nubo.NuboClientActivity: cmdcode: 123, bytesCount: 21, channelType: 0, processId: -1
2021-02-02 10:12:30.522 18644-22339/com.nubo.test7 D/nubo.NuboClientActivity: cmdcode: 1, bytesCount: 30, channelType: 0, processId: 10014
2021-02-02 10:12:30.523 18644-22339/com.nubo.test7 D/nubo.NuboClientActivity: cmdcode: 16, bytesCount: 36, channelType: 0, processId: 10014
2021-02-02 10:12:30.523 18644-22339/com.nubo.test7 D/nubo.NuboClientActivity: cmdcode: 2, bytesCount: 37, channelType: 0, processId: 10014
2021-02-02 10:12:30.524 18644-22339/com.nubo.test7 D/nubo.NuboClientActivity: cmdcode: 7, bytesCount: 62, channelType: 0, processId: 10014
2021-02-02 10:12:30.525 18644-22339/com.nubo.test7 D/nubo.NuboClientActivity: cmdcode: 2, bytesCount: 37, channelType: 0, processId: 10014
2021-02-02 10:12:30.525 18644-22339/com.nubo.test7 D/nubo.NuboClientActivity: cmdcode: 7, bytesCount: 66, channelType: 0, processId: 10014
2021-02-02 10:12:30.526 18644-22339/com.nubo.test7 D/nubo.NuboClientActivity: cmdcode: 8, bytesCount: 81, channelType: 0, processId: 10014
2021-02-02 10:12:30.527 18644-22339/com.nubo.test7 D/nubo.NuboClientActivity: cmdcode: 14, bytesCount: 78, channelType: 0, processId: 10014
2021-02-02 10:12:30.528 18644-22339/com.nubo.test7 D/nubo.NuboClientActivity: cmdcode: 8, bytesCount: 81, channelType: 0, processId: 10014
2021-02-02 10:12:30.530 18644-22339/com.nubo.test7 D/nubo.NuboClientActivity: cmdcode: 5, bytesCount: 97, channelType: 0, processId: 10014
2021-02-02 10:12:30.531 18644-22339/com.nubo.test7 D/nubo.NuboClientActivity: cmdcode: 8, bytesCount: 81, channelType: 0, processId: 10014
2021-02-02 10:12:30.532 18644-22339/com.nubo.test7 D/nubo.NuboClientActivity: cmdcode: 8, bytesCount: 73, channelType: 0, processId: 10014
2021-02-02 10:12:30.533 18644-22339/com.nubo.test7 D/nubo.NuboClientActivity: cmdcode: 7, bytesCount: 66, channelType: 0, processId: 10014
2021-02-02 10:12:30.535 18644-22339/com.nubo.test7 D/nubo.NuboClientActivity: cmdcode: 7, bytesCount: 66, channelType: 0, processId: 10014
2021-02-02 10:12:30.536 18644-22339/com.nubo.test7 D/nubo.NuboClientActivity: cmdcode: 101, bytesCount: 13, channelType: 0, processId: 10014
2021-02-02 10:12:30.543 18644-22339/com.nubo.test7 D/nubo.NuboClientActivity: cmdcode: 1, bytesCount: 30, channelType: 0, processId: 10014
2021-02-02 10:12:30.543 18644-22339/com.nubo.test7 D/nubo.NuboClientActivity: cmdcode: 16, bytesCount: 36, channelType: 0, processId: 10014
2021-02-02 10:12:30.544 18644-22339/com.nubo.test7 D/nubo.NuboClientActivity: cmdcode: 2, bytesCount: 37, channelType: 0, processId: 10014
2021-02-02 10:12:30.544 18644-22339/com.nubo.test7 D/nubo.NuboClientActivity: cmdcode: 7, bytesCount: 62, channelType: 0, processId: 10014
2021-02-02 10:12:30.545 18644-22339/com.nubo.test7 D/nubo.NuboClientActivity: cmdcode: 2, bytesCount: 37, channelType: 0, processId: 10014
2021-02-02 10:12:30.545 18644-22339/com.nubo.test7 D/nubo.NuboClientActivity: cmdcode: 7, bytesCount: 66, channelType: 0, processId: 10014
2021-02-02 10:12:30.545 18644-22339/com.nubo.test7 D/nubo.NuboClientActivity: cmdcode: 8, bytesCount: 81, channelType: 0, processId: 10014
2021-02-02 10:12:30.546 18644-22339/com.nubo.test7 D/nubo.NuboClientActivity: cmdcode: 14, bytesCount: 78, channelType: 0, processId: 10014
2021-02-02 10:12:30.546 18644-22339/com.nubo.test7 D/nubo.NuboClientActivity: cmdcode: 8, bytesCount: 81, channelType: 0, processId: 10014
2021-02-02 10:12:30.547 18644-22339/com.nubo.test7 D/nubo.NuboClientActivity: cmdcode: 5, bytesCount: 97, channelType: 0, processId: 10014
2021-02-02 10:12:30.547 18644-22339/com.nubo.test7 D/nubo.NuboClientActivity: cmdcode: 8, bytesCount: 81, channelType: 0, processId: 10014
2021-02-02 10:12:30.548 18644-22339/com.nubo.test7 D/nubo.NuboClientActivity: cmdcode: 8, bytesCount: 73, channelType: 0, processId: 10014
2021-02-02 10:12:30.548 18644-22339/com.nubo.test7 D/nubo.NuboClientActivity: cmdcode: 7, bytesCount: 66, channelType: 0, processId: 10014
2021-02-02 10:12:30.549 18644-22339/com.nubo.test7 D/nubo.NuboClientActivity: cmdcode: 7, bytesCount: 66, channelType: 0, processId: 10014
2021-02-02 10:12:30.549 18644-22339/com.nubo.test7 D/nubo.NuboClientActivity: cmdcode: 101, bytesCount: 13, channelType: 0, processId: 10014
2021-02-02 10:12:30.563 18644-22339/com.nubo.test7 D/nubo.NuboClientActivity: cmdcode: 1, bytesCount: 30, channelType: 0, processId: 10014
2021-02-02 10:12:30.564 18644-22339/com.nubo.test7 D/nubo.NuboClientActivity: cmdcode: 16, bytesCount: 36, channelType: 0, processId: 10014
2021-02-02 10:12:30.565 18644-22339/com.nubo.test7 D/nubo.NuboClientActivity: cmdcode: 2, bytesCount: 37, channelType: 0, processId: 10014
2021-02-02 10:12:30.565 18644-22339/com.nubo.test7 D/nubo.NuboClientActivity: cmdcode: 7, bytesCount: 62, channelType: 0, processId: 10014
2021-02-02 10:12:30.566 18644-22339/com.nubo.test7 D/nubo.NuboClientActivity: cmdcode: 2, bytesCount: 37, channelType: 0, processId: 10014
2021-02-02 10:12:30.566 18644-22339/com.nubo.test7 D/nubo.NuboClientActivity: cmdcode: 7, bytesCount: 66, channelType: 0, processId: 10014
2021-02-02 10:12:30.567 18644-22339/com.nubo.test7 D/nubo.NuboClientActivity: cmdcode: 8, bytesCount: 81, channelType: 0, processId: 10014
2021-02-02 10:12:30.567 18644-22339/com.nubo.test7 D/nubo.NuboClientActivity: cmdcode: 14, bytesCount: 78, channelType: 0, processId: 10014
2021-02-02 10:12:30.568 18644-22339/com.nubo.test7 D/nubo.NuboClientActivity: cmdcode: 8, bytesCount: 81, channelType: 0, processId: 10014
2021-02-02 10:12:30.568 18644-22339/com.nubo.test7 D/nubo.NuboClientActivity: cmdcode: 5, bytesCount: 97, channelType: 0, processId: 10014
2021-02-02 10:12:30.569 18644-22339/com.nubo.test7 D/nubo.NuboClientActivity: cmdcode: 8, bytesCount: 81, channelType: 0, processId: 10014
2021-02-02 10:12:30.570 18644-22339/com.nubo.test7 D/nubo.NuboClientActivity: cmdcode: 8, bytesCount: 73, channelType: 0, processId: 10014
2021-02-02 10:12:30.571 18644-22339/com.nubo.test7 D/nubo.NuboClientActivity: cmdcode: 7, bytesCount: 66, channelType: 0, processId: 10014
2021-02-02 10:12:30.572 18644-22339/com.nubo.test7 D/nubo.NuboClientActivity: cmdcode: 7, bytesCount: 66, channelType: 0, processId: 10014
2021-02-02 10:12:30.573 18644-22339/com.nubo.test7 D/nubo.NuboClientActivity: cmdcode: 101, bytesCount: 13, channelType: 0, processId: 10014
2021-02-02 10:12:30.573 18644-22343/com.nubo.test7 D/nubo.NuboClientActivity: cmdcode: -120, bytesCount: 56, channelType: 2, processId: -1
2021-02-02 10:12:30.596 18644-22343/com.nubo.test7 D/nubo.NuboClientActivity: cmdcode: -120, bytesCount: 46, channelType: 2, processId: -1
2021-02-02 10:12:30.606 18644-22339/com.nubo.test7 D/nubo.NuboClientActivity: cmdcode: 1, bytesCount: 30, channelType: 0, processId: 10014
2021-02-02 10:12:30.607 18644-22339/com.nubo.test7 D/nubo.NuboClientActivity: cmdcode: 16, bytesCount: 36, channelType: 0, processId: 10014
2021-02-02 10:12:30.608 18644-22339/com.nubo.test7 D/nubo.NuboClientActivity: cmdcode: 2, bytesCount: 37, channelType: 0, processId: 10014
2021-02-02 10:12:30.609 18644-22339/com.nubo.test7 D/nubo.NuboClientActivity: cmdcode: 7, bytesCount: 62, channelType: 0, processId: 10014
2021-02-02 10:12:30.609 18644-22339/com.nubo.test7 D/nubo.NuboClientActivity: cmdcode: 2, bytesCount: 37, channelType: 0, processId: 10014
2021-02-02 10:12:30.610 18644-22339/com.nubo.test7 D/nubo.NuboClientActivity: cmdcode: 7, bytesCount: 66, channelType: 0, processId: 10014
2021-02-02 10:12:30.610 18644-22339/com.nubo.test7 D/nubo.NuboClientActivity: cmdcode: 8, bytesCount: 81, channelType: 0, processId: 10014
2021-02-02 10:12:30.611 18644-22339/com.nubo.test7 D/nubo.NuboClientActivity: cmdcode: 14, bytesCount: 78, channelType: 0, processId: 10014
2021-02-02 10:12:30.612 18644-22339/com.nubo.test7 D/nubo.NuboClientActivity: cmdcode: 8, bytesCount: 81, channelType: 0, processId: 10014
2021-02-02 10:12:30.613 18644-22339/com.nubo.test7 D/nubo.NuboClientActivity: cmdcode: 5, bytesCount: 97, channelType: 0, processId: 10014
2021-02-02 10:12:30.613 18644-22339/com.nubo.test7 D/nubo.NuboClientActivity: cmdcode: 8, bytesCount: 81, channelType: 0, processId: 10014
2021-02-02 10:12:30.614 18644-22339/com.nubo.test7 D/nubo.NuboClientActivity: cmdcode: 8, bytesCount: 73, channelType: 0, processId: 10014
2021-02-02 10:12:30.614 18644-22339/com.nubo.test7 D/nubo.NuboClientActivity: cmdcode: 7, bytesCount: 66, channelType: 0, processId: 10014
2021-02-02 10:12:30.615 18644-22339/com.nubo.test7 D/nubo.NuboClientActivity: cmdcode: 7, bytesCount: 66, channelType: 0, processId: 10014
2021-02-02 10:12:30.615 18644-22339/com.nubo.test7 D/nubo.NuboClientActivity: cmdcode: 101, bytesCount: 13, channelType: 0, processId: 10014
2021-02-02 10:12:30.637 18644-22343/com.nubo.test7 D/nubo.NuboClientActivity: cmdcode: -120, bytesCount: 134, channelType: 2, processId: -1
2021-02-02 10:12:30.649 18644-22339/com.nubo.test7 D/nubo.NuboClientActivity: cmdcode: 1, bytesCount: 30, channelType: 0, processId: 10014
2021-02-02 10:12:30.650 18644-22339/com.nubo.test7 D/nubo.NuboClientActivity: cmdcode: 16, bytesCount: 36, channelType: 0, processId: 10014
2021-02-02 10:12:30.651 18644-22339/com.nubo.test7 D/nubo.NuboClientActivity: cmdcode: 2, bytesCount: 37, channelType: 0, processId: 10014
2021-02-02 10:12:30.651 18644-22339/com.nubo.test7 D/nubo.NuboClientActivity: cmdcode: 7, bytesCount: 62, channelType: 0, processId: 10014
2021-02-02 10:12:30.652 18644-22339/com.nubo.test7 D/nubo.NuboClientActivity: cmdcode: 2, bytesCount: 37, channelType: 0, processId: 10014
2021-02-02 10:12:30.653 18644-22339/com.nubo.test7 D/nubo.NuboClientActivity: cmdcode: 7, bytesCount: 66, channelType: 0, processId: 10014
2021-02-02 10:12:30.654 18644-22339/com.nubo.test7 D/nubo.NuboClientActivity: cmdcode: 8, bytesCount: 81, channelType: 0, processId: 10014
2021-02-02 10:12:30.655 18644-22339/com.nubo.test7 D/nubo.NuboClientActivity: cmdcode: 14, bytesCount: 78, channelType: 0, processId: 10014
2021-02-02 10:12:30.655 18644-22339/com.nubo.test7 D/nubo.NuboClientActivity: cmdcode: 8, bytesCount: 81, channelType: 0, processId: 10014
2021-02-02 10:12:30.656 18644-22339/com.nubo.test7 D/nubo.NuboClientActivity: cmdcode: 5, bytesCount: 97, channelType: 0, processId: 10014
2021-02-02 10:12:30.657 18644-22339/com.nubo.test7 D/nubo.NuboClientActivity: cmdcode: 8, bytesCount: 81, channelType: 0, processId: 10014
2021-02-02 10:12:30.658 18644-22339/com.nubo.test7 D/nubo.NuboClientActivity: cmdcode: 8, bytesCount: 73, channelType: 0, processId: 10014
2021-02-02 10:12:30.659 18644-22339/com.nubo.test7 D/nubo.NuboClientActivity: cmdcode: 7, bytesCount: 66, channelType: 0, processId: 10014
2021-02-02 10:12:30.660 18644-22339/com.nubo.test7 D/nubo.NuboClientActivity: cmdcode: 7, bytesCount: 66, channelType: 0, processId: 10014
2021-02-02 10:12:30.660 18644-22339/com.nubo.test7 D/nubo.NuboClientActivity: cmdcode: 101, bytesCount: 13, channelType: 0, processId: 10014
2021-02-02 10:12:30.668 18644-22343/com.nubo.test7 D/nubo.NuboClientActivity: cmdcode: -120, bytesCount: 153, channelType: 2, processId: -1
2021-02-02 10:12:30.689 18644-22339/com.nubo.test7 D/nubo.NuboClientActivity: cmdcode: 1, bytesCount: 30, channelType: 0, processId: 10014
2021-02-02 10:12:30.690 18644-22339/com.nubo.test7 D/nubo.NuboClientActivity: cmdcode: 16, bytesCount: 36, channelType: 0, processId: 10014
2021-02-02 10:12:30.691 18644-22339/com.nubo.test7 D/nubo.NuboClientActivity: cmdcode: 2, bytesCount: 37, channelType: 0, processId: 10014
2021-02-02 10:12:30.692 18644-22339/com.nubo.test7 D/nubo.NuboClientActivity: cmdcode: 7, bytesCount: 62, channelType: 0, processId: 10014
2021-02-02 10:12:30.693 18644-22339/com.nubo.test7 D/nubo.NuboClientActivity: cmdcode: 2, bytesCount: 37, channelType: 0, processId: 10014
2021-02-02 10:12:30.693 18644-22339/com.nubo.test7 D/nubo.NuboClientActivity: cmdcode: 7, bytesCount: 66, channelType: 0, processId: 10014
2021-02-02 10:12:30.694 18644-22339/com.nubo.test7 D/nubo.NuboClientActivity: cmdcode: 8, bytesCount: 81, channelType: 0, processId: 10014
2021-02-02 10:12:30.694 18644-22339/com.nubo.test7 D/nubo.NuboClientActivity: cmdcode: 14, bytesCount: 78, channelType: 0, processId: 10014
2021-02-02 10:12:30.695 18644-22339/com.nubo.test7 D/nubo.NuboClientActivity: cmdcode: 8, bytesCount: 81, channelType: 0, processId: 10014
2021-02-02 10:12:30.695 18644-22339/com.nubo.test7 D/nubo.NuboClientActivity: cmdcode: 5, bytesCount: 97, channelType: 0, processId: 10014
2021-02-02 10:12:30.696 18644-22339/com.nubo.test7 D/nubo.NuboClientActivity: cmdcode: 8, bytesCount: 81, channelType: 0, processId: 10014
2021-02-02 10:12:30.696 18644-22339/com.nubo.test7 D/nubo.NuboClientActivity: cmdcode: 8, bytesCount: 73, channelType: 0, processId: 10014
2021-02-02 10:12:30.697 18644-22339/com.nubo.test7 D/nubo.NuboClientActivity: cmdcode: 7, bytesCount: 66, channelType: 0, processId: 10014
2021-02-02 10:12:30.697 18644-22339/com.nubo.test7 D/nubo.NuboClientActivity: cmdcode: 7, bytesCount: 66, channelType: 0, processId: 10014
2021-02-02 10:12:30.698 18644-22339/com.nubo.test7 D/nubo.NuboClientActivity: cmdcode: 101, bytesCount: 13, channelType: 0, processId: 10014
2021-02-02 10:12:30.709 18644-22343/com.nubo.test7 D/nubo.NuboClientActivity: cmdcode: -120, bytesCount: 59, channelType: 2, processId: -1
2021-02-02 10:12:30.740 18644-22339/com.nubo.test7 D/nubo.NuboClientActivity: cmdcode: 1, bytesCount: 30, channelType: 0, processId: 10014
2021-02-02 10:12:30.741 18644-22339/com.nubo.test7 D/nubo.NuboClientActivity: cmdcode: 16, bytesCount: 36, channelType: 0, processId: 10014
2021-02-02 10:12:30.742 18644-22339/com.nubo.test7 D/nubo.NuboClientActivity: cmdcode: 2, bytesCount: 37, channelType: 0, processId: 10014
2021-02-02 10:12:30.742 18644-22339/com.nubo.test7 D/nubo.NuboClientActivity: cmdcode: 7, bytesCount: 62, channelType: 0, processId: 10014
2021-02-02 10:12:30.743 18644-22339/com.nubo.test7 D/nubo.NuboClientActivity: cmdcode: 2, bytesCount: 37, channelType: 0, processId: 10014
2021-02-02 10:12:30.743 18644-22339/com.nubo.test7 D/nubo.NuboClientActivity: cmdcode: 7, bytesCount: 66, channelType: 0, processId: 10014
2021-02-02 10:12:30.743 18644-22339/com.nubo.test7 D/nubo.NuboClientActivity: cmdcode: 8, bytesCount: 81, channelType: 0, processId: 10014
2021-02-02 10:12:30.744 18644-22339/com.nubo.test7 D/nubo.NuboClientActivity: cmdcode: 14, bytesCount: 78, channelType: 0, processId: 10014
2021-02-02 10:12:30.745 18644-22339/com.nubo.test7 D/nubo.NuboClientActivity: cmdcode: 8, bytesCount: 81, channelType: 0, processId: 10014
2021-02-02 10:12:30.745 18644-22339/com.nubo.test7 D/nubo.NuboClientActivity: cmdcode: 5, bytesCount: 97, channelType: 0, processId: 10014
2021-02-02 10:12:30.746 18644-22339/com.nubo.test7 D/nubo.NuboClientActivity: cmdcode: 8, bytesCount: 81, channelType: 0, processId: 10014
2021-02-02 10:12:30.746 18644-22339/com.nubo.test7 D/nubo.NuboClientActivity: cmdcode: 8, bytesCount: 73, channelType: 0, processId: 10014
2021-02-02 10:12:30.747 18644-22339/com.nubo.test7 D/nubo.NuboClientActivity: cmdcode: 7, bytesCount: 66, channelType: 0, processId: 10014
2021-02-02 10:12:30.747 18644-22339/com.nubo.test7 D/nubo.NuboClientActivity: cmdcode: 7, bytesCount: 66, channelType: 0, processId: 10014
2021-02-02 10:12:30.747 18644-22339/com.nubo.test7 D/nubo.NuboClientActivity: cmdcode: 101, bytesCount: 13, channelType: 0, processId: 10014
2021-02-02 10:12:30.761 18644-22343/com.nubo.test7 D/nubo.NuboClientActivity: cmdcode: -120, bytesCount: 171, channelType: 2, processId: -1
2021-02-02 10:12:30.804 18644-22339/com.nubo.test7 D/nubo.NuboClientActivity: cmdcode: 1, bytesCount: 30, channelType: 0, processId: 10014
2021-02-02 10:12:30.805 18644-22339/com.nubo.test7 D/nubo.NuboClientActivity: cmdcode: 16, bytesCount: 36, channelType: 0, processId: 10014
2021-02-02 10:12:30.806 18644-22339/com.nubo.test7 D/nubo.NuboClientActivity: cmdcode: 2, bytesCount: 37, channelType: 0, processId: 10014
2021-02-02 10:12:30.807 18644-22339/com.nubo.test7 D/nubo.NuboClientActivity: cmdcode: 7, bytesCount: 62, channelType: 0, processId: 10014
2021-02-02 10:12:30.808 18644-22339/com.nubo.test7 D/nubo.NuboClientActivity: cmdcode: 2, bytesCount: 37, channelType: 0, processId: 10014
2021-02-02 10:12:30.809 18644-22339/com.nubo.test7 D/nubo.NuboClientActivity: cmdcode: 7, bytesCount: 66, channelType: 0, processId: 10014
2021-02-02 10:12:30.810 18644-22339/com.nubo.test7 D/nubo.NuboClientActivity: cmdcode: 8, bytesCount: 81, channelType: 0, processId: 10014
2021-02-02 10:12:30.811 18644-22339/com.nubo.test7 D/nubo.NuboClientActivity: cmdcode: 14, bytesCount: 78, channelType: 0, processId: 10014
2021-02-02 10:12:30.813 18644-22339/com.nubo.test7 D/nubo.NuboClientActivity: cmdcode: 8, bytesCount: 81, channelType: 0, processId: 10014
2021-02-02 10:12:30.814 18644-22339/com.nubo.test7 D/nubo.NuboClientActivity: cmdcode: 5, bytesCount: 97, channelType: 0, processId: 10014
2021-02-02 10:12:30.815 18644-22339/com.nubo.test7 D/nubo.NuboClientActivity: cmdcode: 8, bytesCount: 81, channelType: 0, processId: 10014
2021-02-02 10:12:30.817 18644-22339/com.nubo.test7 D/nubo.NuboClientActivity: cmdcode: 8, bytesCount: 73, channelType: 0, processId: 10014
2021-02-02 10:12:30.817 18644-22343/com.nubo.test7 D/nubo.NuboClientActivity: cmdcode: -120, bytesCount: 54, channelType: 2, processId: -1
2021-02-02 10:12:30.818 18644-22339/com.nubo.test7 D/nubo.NuboClientActivity: cmdcode: 7, bytesCount: 66, channelType: 0, processId: 10014
2021-02-02 10:12:30.819 18644-22339/com.nubo.test7 D/nubo.NuboClientActivity: cmdcode: 7, bytesCount: 66, channelType: 0, processId: 10014
2021-02-02 10:12:30.820 18644-22339/com.nubo.test7 D/nubo.NuboClientActivity: cmdcode: 101, bytesCount: 13, channelType: 0, processId: 10014
2021-02-02 10:12:30.840 18644-22343/com.nubo.test7 D/nubo.NuboClientActivity: cmdcode: -120, bytesCount: 196, channelType: 2, processId: -1
2021-02-02 10:12:30.851 18644-22339/com.nubo.test7 D/nubo.NuboClientActivity: cmdcode: 1, bytesCount: 30, channelType: 0, processId: 10014
2021-02-02 10:12:30.852 18644-22339/com.nubo.test7 D/nubo.NuboClientActivity: cmdcode: 16, bytesCount: 36, channelType: 0, processId: 10014
2021-02-02 10:12:30.853 18644-22339/com.nubo.test7 D/nubo.NuboClientActivity: cmdcode: 2, bytesCount: 37, channelType: 0, processId: 10014
2021-02-02 10:12:30.853 18644-22339/com.nubo.test7 D/nubo.NuboClientActivity: cmdcode: 7, bytesCount: 62, channelType: 0, processId: 10014
2021-02-02 10:12:30.854 18644-22339/com.nubo.test7 D/nubo.NuboClientActivity: cmdcode: 2, bytesCount: 37, channelType: 0, processId: 10014
2021-02-02 10:12:30.855 18644-22339/com.nubo.test7 D/nubo.NuboClientActivity: cmdcode: 7, bytesCount: 66, channelType: 0, processId: 10014
2021-02-02 10:12:30.855 18644-22339/com.nubo.test7 D/nubo.NuboClientActivity: cmdcode: 8, bytesCount: 81, channelType: 0, processId: 10014
2021-02-02 10:12:30.857 18644-22339/com.nubo.test7 D/nubo.NuboClientActivity: cmdcode: 14, bytesCount: 78, channelType: 0, processId: 10014
2021-02-02 10:12:30.857 18644-22339/com.nubo.test7 D/nubo.NuboClientActivity: cmdcode: 8, bytesCount: 81, channelType: 0, processId: 10014
2021-02-02 10:12:30.858 18644-22339/com.nubo.test7 D/nubo.NuboClientActivity: cmdcode: 5, bytesCount: 97, channelType: 0, processId: 10014
2021-02-02 10:12:30.859 18644-22339/com.nubo.test7 D/nubo.NuboClientActivity: cmdcode: 8, bytesCount: 81, channelType: 0, processId: 10014
2021-02-02 10:12:30.860 18644-22339/com.nubo.test7 D/nubo.NuboClientActivity: cmdcode: 8, bytesCount: 73, channelType: 0, processId: 10014
2021-02-02 10:12:30.861 18644-22339/com.nubo.test7 D/nubo.NuboClientActivity: cmdcode: 7, bytesCount: 66, channelType: 0, processId: 10014
2021-02-02 10:12:30.861 18644-22339/com.nubo.test7 D/nubo.NuboClientActivity: cmdcode: 7, bytesCount: 66, channelType: 0, processId: 10014
2021-02-02 10:12:30.862 18644-22339/com.nubo.test7 D/nubo.NuboClientActivity: cmdcode: 101, bytesCount: 13, channelType: 0, processId: 10014
2021-02-02 10:12:30.887 18644-22343/com.nubo.test7 D/nubo.NuboClientActivity: cmdcode: -120, bytesCount: 91, channelType: 2, processId: -1
2021-02-02 10:12:30.898 18644-22339/com.nubo.test7 D/nubo.NuboClientActivity: cmdcode: 1, bytesCount: 30, channelType: 0, processId: 10014
2021-02-02 10:12:30.899 18644-22339/com.nubo.test7 D/nubo.NuboClientActivity: cmdcode: 16, bytesCount: 36, channelType: 0, processId: 10014
2021-02-02 10:12:30.900 18644-22339/com.nubo.test7 D/nubo.NuboClientActivity: cmdcode: 2, bytesCount: 37, channelType: 0, processId: 10014
2021-02-02 10:12:30.900 18644-22339/com.nubo.test7 D/nubo.NuboClientActivity: cmdcode: 7, bytesCount: 62, channelType: 0, processId: 10014
2021-02-02 10:12:30.901 18644-22339/com.nubo.test7 D/nubo.NuboClientActivity: cmdcode: 2, bytesCount: 37, channelType: 0, processId: 10014
2021-02-02 10:12:30.901 18644-22339/com.nubo.test7 D/nubo.NuboClientActivity: cmdcode: 7, bytesCount: 66, channelType: 0, processId: 10014
2021-02-02 10:12:30.902 18644-22339/com.nubo.test7 D/nubo.NuboClientActivity: cmdcode: 8, bytesCount: 81, channelType: 0, processId: 10014
2021-02-02 10:12:30.902 18644-22339/com.nubo.test7 D/nubo.NuboClientActivity: cmdcode: 14, bytesCount: 78, channelType: 0, processId: 10014
2021-02-02 10:12:30.903 18644-22339/com.nubo.test7 D/nubo.NuboClientActivity: cmdcode: 8, bytesCount: 81, channelType: 0, processId: 10014
2021-02-02 10:12:30.904 18644-22339/com.nubo.test7 D/nubo.NuboClientActivity: cmdcode: 5, bytesCount: 97, channelType: 0, processId: 10014
2021-02-02 10:12:30.905 18644-22339/com.nubo.test7 D/nubo.NuboClientActivity: cmdcode: 8, bytesCount: 81, channelType: 0, processId: 10014
2021-02-02 10:12:30.905 18644-22339/com.nubo.test7 D/nubo.NuboClientActivity: cmdcode: 8, bytesCount: 73, channelType: 0, processId: 10014
2021-02-02 10:12:30.906 18644-22339/com.nubo.test7 D/nubo.NuboClientActivity: cmdcode: 7, bytesCount: 66, channelType: 0, processId: 10014
2021-02-02 10:12:30.906 18644-22339/com.nubo.test7 D/nubo.NuboClientActivity: cmdcode: 7, bytesCount: 66, channelType: 0, processId: 10014
2021-02-02 10:12:30.907 18644-22339/com.nubo.test7 D/nubo.NuboClientActivity: cmdcode: 101, bytesCount: 13, channelType: 0, processId: 10014
2021-02-02 10:12:30.908 18644-22343/com.nubo.test7 D/nubo.NuboClientActivity: cmdcode: -120, bytesCount: 81, channelType: 2, processId: -1
2021-02-02 10:12:30.952 18644-22339/com.nubo.test7 D/nubo.NuboClientActivity: cmdcode: 1, bytesCount: 30, channelType: 0, processId: 10014
2021-02-02 10:12:30.953 18644-22339/com.nubo.test7 D/nubo.NuboClientActivity: cmdcode: 16, bytesCount: 36, channelType: 0, processId: 10014
2021-02-02 10:12:30.954 18644-22339/com.nubo.test7 D/nubo.NuboClientActivity: cmdcode: 2, bytesCount: 37, channelType: 0, processId: 10014
2021-02-02 10:12:30.954 18644-22339/com.nubo.test7 D/nubo.NuboClientActivity: cmdcode: 7, bytesCount: 62, channelType: 0, processId: 10014
2021-02-02 10:12:30.955 18644-22339/com.nubo.test7 D/nubo.NuboClientActivity: cmdcode: 2, bytesCount: 37, channelType: 0, processId: 10014
2021-02-02 10:12:30.956 18644-22339/com.nubo.test7 D/nubo.NuboClientActivity: cmdcode: 7, bytesCount: 66, channelType: 0, processId: 10014
2021-02-02 10:12:30.956 18644-22339/com.nubo.test7 D/nubo.NuboClientActivity: cmdcode: 8, bytesCount: 81, channelType: 0, processId: 10014
2021-02-02 10:12:30.957 18644-22339/com.nubo.test7 D/nubo.NuboClientActivity: cmdcode: 14, bytesCount: 78, channelType: 0, processId: 10014
2021-02-02 10:12:30.958 18644-22339/com.nubo.test7 D/nubo.NuboClientActivity: cmdcode: 8, bytesCount: 81, channelType: 0, processId: 10014
2021-02-02 10:12:30.959 18644-22339/com.nubo.test7 D/nubo.NuboClientActivity: cmdcode: 5, bytesCount: 97, channelType: 0, processId: 10014
2021-02-02 10:12:30.960 18644-22339/com.nubo.test7 D/nubo.NuboClientActivity: cmdcode: 8, bytesCount: 81, channelType: 0, processId: 10014
2021-02-02 10:12:30.961 18644-22339/com.nubo.test7 D/nubo.NuboClientActivity: cmdcode: 8, bytesCount: 73, channelType: 0, processId: 10014
2021-02-02 10:12:30.962 18644-22339/com.nubo.test7 D/nubo.NuboClientActivity: cmdcode: 7, bytesCount: 66, channelType: 0, processId: 10014
2021-02-02 10:12:30.963 18644-22339/com.nubo.test7 D/nubo.NuboClientActivity: cmdcode: 7, bytesCount: 66, channelType: 0, processId: 10014
2021-02-02 10:12:30.963 18644-22343/com.nubo.test7 D/nubo.NuboClientActivity: cmdcode: -120, bytesCount: 76, channelType: 2, processId: -1
2021-02-02 10:12:30.965 18644-22339/com.nubo.test7 D/nubo.NuboClientActivity: cmdcode: 101, bytesCount: 13, channelType: 0, processId: 10014
2021-02-02 10:12:30.990 18644-22343/com.nubo.test7 D/nubo.NuboClientActivity: cmdcode: -120, bytesCount: 76, channelType: 2, processId: -1
2021-02-02 10:12:31.030 18644-22343/com.nubo.test7 D/nubo.NuboClientActivity: cmdcode: -120, bytesCount: 76, channelType: 2, processId: -1
2021-02-02 10:12:31.052 18644-22339/com.nubo.test7 D/nubo.NuboClientActivity: cmdcode: 1, bytesCount: 30, channelType: 0, processId: 10014
2021-02-02 10:12:31.053 18644-22339/com.nubo.test7 D/nubo.NuboClientActivity: cmdcode: 16, bytesCount: 36, channelType: 0, processId: 10014
2021-02-02 10:12:31.055 18644-22339/com.nubo.test7 D/nubo.NuboClientActivity: cmdcode: 2, bytesCount: 37, channelType: 0, processId: 10014
2021-02-02 10:12:31.057 18644-22339/com.nubo.test7 D/nubo.NuboClientActivity: cmdcode: 7, bytesCount: 62, channelType: 0, processId: 10014
2021-02-02 10:12:31.058 18644-22339/com.nubo.test7 D/nubo.NuboClientActivity: cmdcode: 2, bytesCount: 37, channelType: 0, processId: 10014
2021-02-02 10:12:31.059 18644-22339/com.nubo.test7 D/nubo.NuboClientActivity: cmdcode: 7, bytesCount: 66, channelType: 0, processId: 10014
2021-02-02 10:12:31.060 18644-22339/com.nubo.test7 D/nubo.NuboClientActivity: cmdcode: 8, bytesCount: 81, channelType: 0, processId: 10014
2021-02-02 10:12:31.061 18644-22339/com.nubo.test7 D/nubo.NuboClientActivity: cmdcode: 14, bytesCount: 78, channelType: 0, processId: 10014
2021-02-02 10:12:31.062 18644-22339/com.nubo.test7 D/nubo.NuboClientActivity: cmdcode: 8, bytesCount: 81, channelType: 0, processId: 10014
2021-02-02 10:12:31.063 18644-22339/com.nubo.test7 D/nubo.NuboClientActivity: cmdcode: 5, bytesCount: 97, channelType: 0, processId: 10014
2021-02-02 10:12:31.064 18644-22339/com.nubo.test7 D/nubo.NuboClientActivity: cmdcode: 8, bytesCount: 81, channelType: 0, processId: 10014
2021-02-02 10:12:31.065 18644-22339/com.nubo.test7 D/nubo.NuboClientActivity: cmdcode: 8, bytesCount: 73, channelType: 0, processId: 10014
2021-02-02 10:12:31.066 18644-22339/com.nubo.test7 D/nubo.NuboClientActivity: cmdcode: 7, bytesCount: 66, channelType: 0, processId: 10014
2021-02-02 10:12:31.066 18644-22339/com.nubo.test7 D/nubo.NuboClientActivity: cmdcode: 7, bytesCount: 66, channelType: 0, processId: 10014
2021-02-02 10:12:31.067 18644-22339/com.nubo.test7 D/nubo.NuboClientActivity: cmdcode: 101, bytesCount: 13, channelType: 0, processId: 10014
2021-02-02 10:12:31.072 18644-22339/com.nubo.test7 D/nubo.NuboClientActivity: cmdcode: 1, bytesCount: 30, channelType: 0, processId: 10014
2021-02-02 10:12:31.073 18644-22339/com.nubo.test7 D/nubo.NuboClientActivity: cmdcode: 16, bytesCount: 36, channelType: 0, processId: 10014
2021-02-02 10:12:31.074 18644-22339/com.nubo.test7 D/nubo.NuboClientActivity: cmdcode: 2, bytesCount: 37, channelType: 0, processId: 10014
2021-02-02 10:12:31.074 18644-22339/com.nubo.test7 D/nubo.NuboClientActivity: cmdcode: 7, bytesCount: 62, channelType: 0, processId: 10014
2021-02-02 10:12:31.075 18644-22339/com.nubo.test7 D/nubo.NuboClientActivity: cmdcode: 2, bytesCount: 37, channelType: 0, processId: 10014
2021-02-02 10:12:31.075 18644-22339/com.nubo.test7 D/nubo.NuboClientActivity: cmdcode: 7, bytesCount: 66, channelType: 0, processId: 10014
2021-02-02 10:12:31.075 18644-22339/com.nubo.test7 D/nubo.NuboClientActivity: cmdcode: 8, bytesCount: 81, channelType: 0, processId: 10014
2021-02-02 10:12:31.076 18644-22339/com.nubo.test7 D/nubo.NuboClientActivity: cmdcode: 14, bytesCount: 78, channelType: 0, processId: 10014
2021-02-02 10:12:31.076 18644-22339/com.nubo.test7 D/nubo.NuboClientActivity: cmdcode: 8, bytesCount: 81, channelType: 0, processId: 10014
2021-02-02 10:12:31.077 18644-22339/com.nubo.test7 D/nubo.NuboClientActivity: cmdcode: 5, bytesCount: 97, channelType: 0, processId: 10014
2021-02-02 10:12:31.078 18644-22339/com.nubo.test7 D/nubo.NuboClientActivity: cmdcode: 8, bytesCount: 81, channelType: 0, processId: 10014
2021-02-02 10:12:31.078 18644-22339/com.nubo.test7 D/nubo.NuboClientActivity: cmdcode: 8, bytesCount: 73, channelType: 0, processId: 10014
2021-02-02 10:12:31.079 18644-22339/com.nubo.test7 D/nubo.NuboClientActivity: cmdcode: 7, bytesCount: 66, channelType: 0, processId: 10014
2021-02-02 10:12:31.079 18644-22339/com.nubo.test7 D/nubo.NuboClientActivity: cmdcode: 7, bytesCount: 66, channelType: 0, processId: 10014
2021-02-02 10:12:31.080 18644-22339/com.nubo.test7 D/nubo.NuboClientActivity: cmdcode: 101, bytesCount: 13, channelType: 0, processId: 10014
2021-02-02 10:12:31.093 18644-22339/com.nubo.test7 D/nubo.NuboClientActivity: cmdcode: 1, bytesCount: 30, channelType: 0, processId: 10014
2021-02-02 10:12:31.094 18644-22339/com.nubo.test7 D/nubo.NuboClientActivity: cmdcode: 16, bytesCount: 36, channelType: 0, processId: 10014
2021-02-02 10:12:31.094 18644-22339/com.nubo.test7 D/nubo.NuboClientActivity: cmdcode: 2, bytesCount: 37, channelType: 0, processId: 10014
2021-02-02 10:12:31.095 18644-22339/com.nubo.test7 D/nubo.NuboClientActivity: cmdcode: 7, bytesCount: 62, channelType: 0, processId: 10014
2021-02-02 10:12:31.095 18644-22339/com.nubo.test7 D/nubo.NuboClientActivity: cmdcode: 2, bytesCount: 37, channelType: 0, processId: 10014
2021-02-02 10:12:31.096 18644-22339/com.nubo.test7 D/nubo.NuboClientActivity: cmdcode: 7, bytesCount: 66, channelType: 0, processId: 10014
2021-02-02 10:12:31.097 18644-22339/com.nubo.test7 D/nubo.NuboClientActivity: cmdcode: 8, bytesCount: 81, channelType: 0, processId: 10014
2021-02-02 10:12:31.098 18644-22339/com.nubo.test7 D/nubo.NuboClientActivity: cmdcode: 14, bytesCount: 78, channelType: 0, processId: 10014
2021-02-02 10:12:31.099 18644-22339/com.nubo.test7 D/nubo.NuboClientActivity: cmdcode: 8, bytesCount: 81, channelType: 0, processId: 10014
2021-02-02 10:12:31.099 18644-22339/com.nubo.test7 D/nubo.NuboClientActivity: cmdcode: 5, bytesCount: 97, channelType: 0, processId: 10014
2021-02-02 10:12:31.100 18644-22339/com.nubo.test7 D/nubo.NuboClientActivity: cmdcode: 8, bytesCount: 81, channelType: 0, processId: 10014
2021-02-02 10:12:31.101 18644-22339/com.nubo.test7 D/nubo.NuboClientActivity: cmdcode: 8, bytesCount: 73, channelType: 0, processId: 10014
2021-02-02 10:12:31.102 18644-22339/com.nubo.test7 D/nubo.NuboClientActivity: cmdcode: 7, bytesCount: 66, channelType: 0, processId: 10014
2021-02-02 10:12:31.102 18644-22339/com.nubo.test7 D/nubo.NuboClientActivity: cmdcode: 7, bytesCount: 66, channelType: 0, processId: 10014
2021-02-02 10:12:31.102 18644-22343/com.nubo.test7 D/nubo.NuboClientActivity: cmdcode: -120, bytesCount: 76, channelType: 2, processId: -1
2021-02-02 10:12:31.103 18644-22339/com.nubo.test7 D/nubo.NuboClientActivity: cmdcode: 101, bytesCount: 13, channelType: 0, processId: 10014
2021-02-02 10:12:31.115 18644-22343/com.nubo.test7 D/nubo.NuboClientActivity: cmdcode: -120, bytesCount: 76, channelType: 2, processId: -1
2021-02-02 10:12:31.149 18644-22339/com.nubo.test7 D/nubo.NuboClientActivity: cmdcode: 1, bytesCount: 30, channelType: 0, processId: 10014
2021-02-02 10:12:31.151 18644-22339/com.nubo.test7 D/nubo.NuboClientActivity: cmdcode: 16, bytesCount: 36, channelType: 0, processId: 10014
2021-02-02 10:12:31.152 18644-22339/com.nubo.test7 D/nubo.NuboClientActivity: cmdcode: 2, bytesCount: 37, channelType: 0, processId: 10014
2021-02-02 10:12:31.153 18644-22339/com.nubo.test7 D/nubo.NuboClientActivity: cmdcode: 7, bytesCount: 62, channelType: 0, processId: 10014
2021-02-02 10:12:31.153 18644-22339/com.nubo.test7 D/nubo.NuboClientActivity: cmdcode: 2, bytesCount: 37, channelType: 0, processId: 10014
2021-02-02 10:12:31.154 18644-22339/com.nubo.test7 D/nubo.NuboClientActivity: cmdcode: 7, bytesCount: 66, channelType: 0, processId: 10014
2021-02-02 10:12:31.155 18644-22339/com.nubo.test7 D/nubo.NuboClientActivity: cmdcode: 8, bytesCount: 81, channelType: 0, processId: 10014
2021-02-02 10:12:31.155 18644-22339/com.nubo.test7 D/nubo.NuboClientActivity: cmdcode: 14, bytesCount: 78, channelType: 0, processId: 10014
2021-02-02 10:12:31.156 18644-22339/com.nubo.test7 D/nubo.NuboClientActivity: cmdcode: 8, bytesCount: 81, channelType: 0, processId: 10014
2021-02-02 10:12:31.157 18644-22339/com.nubo.test7 D/nubo.NuboClientActivity: cmdcode: 5, bytesCount: 97, channelType: 0, processId: 10014
2021-02-02 10:12:31.158 18644-22339/com.nubo.test7 D/nubo.NuboClientActivity: cmdcode: 8, bytesCount: 81, channelType: 0, processId: 10014
2021-02-02 10:12:31.159 18644-22343/com.nubo.test7 D/nubo.NuboClientActivity: cmdcode: -120, bytesCount: 76, channelType: 2, processId: -1
2021-02-02 10:12:31.159 18644-22339/com.nubo.test7 D/nubo.NuboClientActivity: cmdcode: 8, bytesCount: 73, channelType: 0, processId: 10014
2021-02-02 10:12:31.161 18644-22339/com.nubo.test7 D/nubo.NuboClientActivity: cmdcode: 7, bytesCount: 66, channelType: 0, processId: 10014
2021-02-02 10:12:31.161 18644-22339/com.nubo.test7 D/nubo.NuboClientActivity: cmdcode: 7, bytesCount: 66, channelType: 0, processId: 10014
2021-02-02 10:12:31.162 18644-22339/com.nubo.test7 D/nubo.NuboClientActivity: cmdcode: 101, bytesCount: 13, channelType: 0, processId: 10014
2021-02-02 10:12:31.180 18644-22343/com.nubo.test7 D/nubo.NuboClientActivity: cmdcode: -120, bytesCount: 57, channelType: 2, processId: -1
2021-02-02 10:12:31.183 18644-22343/com.nubo.test7 D/nubo.NuboClientActivity: cmdcode: -120, bytesCount: 33, channelType: 2, processId: -1
2021-02-02 10:12:31.185 18644-22343/com.nubo.test7 D/nubo.NuboClientActivity: cmdcode: -120, bytesCount: 1417, channelType: 2, processId: -1
2021-02-02 10:12:31.191 18644-22343/com.nubo.test7 I/chatty: uid=10300(com.nubo.test7) Thread-27 identical 5 lines
2021-02-02 10:12:31.192 18644-22343/com.nubo.test7 D/nubo.NuboClientActivity: cmdcode: -120, bytesCount: 1417, channelType: 2, processId: -1
2021-02-02 10:12:31.197 18644-22339/com.nubo.test7 D/nubo.NuboClientActivity: cmdcode: 1, bytesCount: 30, channelType: 0, processId: 10014
2021-02-02 10:12:31.197 18644-22343/com.nubo.test7 D/nubo.NuboClientActivity: cmdcode: -120, bytesCount: 704, channelType: 2, processId: -1
2021-02-02 10:12:31.198 18644-22339/com.nubo.test7 D/nubo.NuboClientActivity: cmdcode: 16, bytesCount: 36, channelType: 0, processId: 10014
2021-02-02 10:12:31.198 18644-22339/com.nubo.test7 D/nubo.NuboClientActivity: cmdcode: 2, bytesCount: 37, channelType: 0, processId: 10014
2021-02-02 10:12:31.199 18644-22339/com.nubo.test7 D/nubo.NuboClientActivity: cmdcode: 7, bytesCount: 62, channelType: 0, processId: 10014
2021-02-02 10:12:31.200 18644-22339/com.nubo.test7 D/nubo.NuboClientActivity: cmdcode: 2, bytesCount: 37, channelType: 0, processId: 10014
2021-02-02 10:12:31.201 18644-22339/com.nubo.test7 D/nubo.NuboClientActivity: cmdcode: 7, bytesCount: 66, channelType: 0, processId: 10014
2021-02-02 10:12:31.202 18644-22339/com.nubo.test7 D/nubo.NuboClientActivity: cmdcode: 8, bytesCount: 81, channelType: 0, processId: 10014
2021-02-02 10:12:31.203 18644-22339/com.nubo.test7 D/nubo.NuboClientActivity: cmdcode: 14, bytesCount: 78, channelType: 0, processId: 10014
2021-02-02 10:12:31.204 18644-22339/com.nubo.test7 D/nubo.NuboClientActivity: cmdcode: 8, bytesCount: 81, channelType: 0, processId: 10014
2021-02-02 10:12:31.205 18644-22339/com.nubo.test7 D/nubo.NuboClientActivity: cmdcode: 5, bytesCount: 97, channelType: 0, processId: 10014
2021-02-02 10:12:31.206 18644-22339/com.nubo.test7 D/nubo.NuboClientActivity: cmdcode: 8, bytesCount: 81, channelType: 0, processId: 10014
2021-02-02 10:12:31.206 18644-22339/com.nubo.test7 D/nubo.NuboClientActivity: cmdcode: 8, bytesCount: 73, channelType: 0, processId: 10014
2021-02-02 10:12:31.207 18644-22339/com.nubo.test7 D/nubo.NuboClientActivity: cmdcode: 7, bytesCount: 66, channelType: 0, processId: 10014
2021-02-02 10:12:31.208 18644-22339/com.nubo.test7 D/nubo.NuboClientActivity: cmdcode: 7, bytesCount: 66, channelType: 0, processId: 10014
2021-02-02 10:12:31.208 18644-22339/com.nubo.test7 D/nubo.NuboClientActivity: cmdcode: 101, bytesCount: 13, channelType: 0, processId: 10014
2021-02-02 10:12:31.226 18644-22343/com.nubo.test7 D/nubo.NuboClientActivity: cmdcode: -120, bytesCount: 300, channelType: 2, processId: -1
2021-02-02 10:12:31.247 18644-22339/com.nubo.test7 D/nubo.NuboClientActivity: cmdcode: 1, bytesCount: 30, channelType: 0, processId: 10014
2021-02-02 10:12:31.248 18644-22339/com.nubo.test7 D/nubo.NuboClientActivity: cmdcode: 16, bytesCount: 36, channelType: 0, processId: 10014
2021-02-02 10:12:31.249 18644-22339/com.nubo.test7 D/nubo.NuboClientActivity: cmdcode: 2, bytesCount: 37, channelType: 0, processId: 10014
2021-02-02 10:12:31.250 18644-22339/com.nubo.test7 D/nubo.NuboClientActivity: cmdcode: 7, bytesCount: 62, channelType: 0, processId: 10014
2021-02-02 10:12:31.251 18644-22339/com.nubo.test7 D/nubo.NuboClientActivity: cmdcode: 2, bytesCount: 37, channelType: 0, processId: 10014
2021-02-02 10:12:31.252 18644-22339/com.nubo.test7 D/nubo.NuboClientActivity: cmdcode: 7, bytesCount: 66, channelType: 0, processId: 10014
2021-02-02 10:12:31.253 18644-22339/com.nubo.test7 D/nubo.NuboClientActivity: cmdcode: 8, bytesCount: 81, channelType: 0, processId: 10014
2021-02-02 10:12:31.254 18644-22339/com.nubo.test7 D/nubo.NuboClientActivity: cmdcode: 14, bytesCount: 78, channelType: 0, processId: 10014
2021-02-02 10:12:31.256 18644-22339/com.nubo.test7 D/nubo.NuboClientActivity: cmdcode: 8, bytesCount: 81, channelType: 0, processId: 10014
2021-02-02 10:12:31.257 18644-22339/com.nubo.test7 D/nubo.NuboClientActivity: cmdcode: 5, bytesCount: 97, channelType: 0, processId: 10014
2021-02-02 10:12:31.258 18644-22339/com.nubo.test7 D/nubo.NuboClientActivity: cmdcode: 8, bytesCount: 81, channelType: 0, processId: 10014
2021-02-02 10:12:31.259 18644-22339/com.nubo.test7 D/nubo.NuboClientActivity: cmdcode: 8, bytesCount: 73, channelType: 0, processId: 10014
2021-02-02 10:12:31.259 18644-22339/com.nubo.test7 D/nubo.NuboClientActivity: cmdcode: 7, bytesCount: 66, channelType: 0, processId: 10014
2021-02-02 10:12:31.260 18644-22339/com.nubo.test7 D/nubo.NuboClientActivity: cmdcode: 7, bytesCount: 66, channelType: 0, processId: 10014
2021-02-02 10:12:31.260 18644-22339/com.nubo.test7 D/nubo.NuboClientActivity: cmdcode: 101, bytesCount: 13, channelType: 0, processId: 10014
2021-02-02 10:12:31.269 18644-22343/com.nubo.test7 D/nubo.NuboClientActivity: cmdcode: -120, bytesCount: 148, channelType: 2, processId: -1
2021-02-02 10:12:31.288 18644-22339/com.nubo.test7 D/nubo.NuboClientActivity: cmdcode: 1, bytesCount: 30, channelType: 0, processId: 10014
2021-02-02 10:12:31.289 18644-22339/com.nubo.test7 D/nubo.NuboClientActivity: cmdcode: 16, bytesCount: 36, channelType: 0, processId: 10014
2021-02-02 10:12:31.290 18644-22339/com.nubo.test7 D/nubo.NuboClientActivity: cmdcode: 2, bytesCount: 37, channelType: 0, processId: 10014
2021-02-02 10:12:31.291 18644-22339/com.nubo.test7 D/nubo.NuboClientActivity: cmdcode: 7, bytesCount: 62, channelType: 0, processId: 10014
2021-02-02 10:12:31.291 18644-22339/com.nubo.test7 D/nubo.NuboClientActivity: cmdcode: 2, bytesCount: 37, channelType: 0, processId: 10014
2021-02-02 10:12:31.292 18644-22339/com.nubo.test7 D/nubo.NuboClientActivity: cmdcode: 7, bytesCount: 66, channelType: 0, processId: 10014
2021-02-02 10:12:31.293 18644-22339/com.nubo.test7 D/nubo.NuboClientActivity: cmdcode: 8, bytesCount: 81, channelType: 0, processId: 10014
2021-02-02 10:12:31.293 18644-22339/com.nubo.test7 D/nubo.NuboClientActivity: cmdcode: 14, bytesCount: 78, channelType: 0, processId: 10014
2021-02-02 10:12:31.294 18644-22339/com.nubo.test7 D/nubo.NuboClientActivity: cmdcode: 8, bytesCount: 81, channelType: 0, processId: 10014
2021-02-02 10:12:31.294 18644-22339/com.nubo.test7 D/nubo.NuboClientActivity: cmdcode: 5, bytesCount: 97, channelType: 0, processId: 10014
2021-02-02 10:12:31.295 18644-22339/com.nubo.test7 D/nubo.NuboClientActivity: cmdcode: 8, bytesCount: 81, channelType: 0, processId: 10014
2021-02-02 10:12:31.295 18644-22339/com.nubo.test7 D/nubo.NuboClientActivity: cmdcode: 8, bytesCount: 73, channelType: 0, processId: 10014
2021-02-02 10:12:31.295 18644-22339/com.nubo.test7 D/nubo.NuboClientActivity: cmdcode: 7, bytesCount: 66, channelType: 0, processId: 10014
2021-02-02 10:12:31.296 18644-22339/com.nubo.test7 D/nubo.NuboClientActivity: cmdcode: 7, bytesCount: 66, channelType: 0, processId: 10014
2021-02-02 10:12:31.296 18644-22339/com.nubo.test7 D/nubo.NuboClientActivity: cmdcode: 101, bytesCount: 13, channelType: 0, processId: 10014
2021-02-02 10:12:31.309 18644-22343/com.nubo.test7 D/nubo.NuboClientActivity: cmdcode: -120, bytesCount: 111, channelType: 2, processId: -1
2021-02-02 10:12:31.347 18644-22339/com.nubo.test7 D/nubo.NuboClientActivity: cmdcode: 1, bytesCount: 30, channelType: 0, processId: 10014
2021-02-02 10:12:31.348 18644-22339/com.nubo.test7 D/nubo.NuboClientActivity: cmdcode: 16, bytesCount: 36, channelType: 0, processId: 10014
2021-02-02 10:12:31.349 18644-22339/com.nubo.test7 D/nubo.NuboClientActivity: cmdcode: 2, bytesCount: 37, channelType: 0, processId: 10014
2021-02-02 10:12:31.350 18644-22339/com.nubo.test7 D/nubo.NuboClientActivity: cmdcode: 7, bytesCount: 62, channelType: 0, processId: 10014
2021-02-02 10:12:31.351 18644-22339/com.nubo.test7 D/nubo.NuboClientActivity: cmdcode: 2, bytesCount: 37, channelType: 0, processId: 10014
2021-02-02 10:12:31.351 18644-22339/com.nubo.test7 D/nubo.NuboClientActivity: cmdcode: 7, bytesCount: 66, channelType: 0, processId: 10014
2021-02-02 10:12:31.352 18644-22339/com.nubo.test7 D/nubo.NuboClientActivity: cmdcode: 8, bytesCount: 81, channelType: 0, processId: 10014
2021-02-02 10:12:31.353 18644-22339/com.nubo.test7 D/nubo.NuboClientActivity: cmdcode: 14, bytesCount: 78, channelType: 0, processId: 10014
2021-02-02 10:12:31.354 18644-22339/com.nubo.test7 D/nubo.NuboClientActivity: cmdcode: 8, bytesCount: 81, channelType: 0, processId: 10014
2021-02-02 10:12:31.354 18644-22339/com.nubo.test7 D/nubo.NuboClientActivity: cmdcode: 5, bytesCount: 97, channelType: 0, processId: 10014
2021-02-02 10:12:31.356 18644-22339/com.nubo.test7 D/nubo.NuboClientActivity: cmdcode: 8, bytesCount: 81, channelType: 0, processId: 10014
2021-02-02 10:12:31.357 18644-22339/com.nubo.test7 D/nubo.NuboClientActivity: cmdcode: 8, bytesCount: 73, channelType: 0, processId: 10014
2021-02-02 10:12:31.357 18644-22343/com.nubo.test7 D/nubo.NuboClientActivity: cmdcode: -120, bytesCount: 108, channelType: 2, processId: -1
2021-02-02 10:12:31.358 18644-22339/com.nubo.test7 D/nubo.NuboClientActivity: cmdcode: 7, bytesCount: 66, channelType: 0, processId: 10014
2021-02-02 10:12:31.359 18644-22339/com.nubo.test7 D/nubo.NuboClientActivity: cmdcode: 7, bytesCount: 66, channelType: 0, processId: 10014
2021-02-02 10:12:31.359 18644-22339/com.nubo.test7 D/nubo.NuboClientActivity: cmdcode: 101, bytesCount: 13, channelType: 0, processId: 10014
2021-02-02 10:12:31.397 18644-22339/com.nubo.test7 D/nubo.NuboClientActivity: cmdcode: 1, bytesCount: 30, channelType: 0, processId: 10014
2021-02-02 10:12:31.398 18644-22339/com.nubo.test7 D/nubo.NuboClientActivity: cmdcode: 16, bytesCount: 36, channelType: 0, processId: 10014
2021-02-02 10:12:31.399 18644-22339/com.nubo.test7 D/nubo.NuboClientActivity: cmdcode: 2, bytesCount: 37, channelType: 0, processId: 10014
2021-02-02 10:12:31.399 18644-22339/com.nubo.test7 D/nubo.NuboClientActivity: cmdcode: 7, bytesCount: 62, channelType: 0, processId: 10014
2021-02-02 10:12:31.400 18644-22339/com.nubo.test7 D/nubo.NuboClientActivity: cmdcode: 2, bytesCount: 37, channelType: 0, processId: 10014
2021-02-02 10:12:31.401 18644-22339/com.nubo.test7 D/nubo.NuboClientActivity: cmdcode: 7, bytesCount: 66, channelType: 0, processId: 10014
2021-02-02 10:12:31.402 18644-22339/com.nubo.test7 D/nubo.NuboClientActivity: cmdcode: 8, bytesCount: 81, channelType: 0, processId: 10014
2021-02-02 10:12:31.403 18644-22339/com.nubo.test7 D/nubo.NuboClientActivity: cmdcode: 14, bytesCount: 78, channelType: 0, processId: 10014
2021-02-02 10:12:31.405 18644-22339/com.nubo.test7 D/nubo.NuboClientActivity: cmdcode: 8, bytesCount: 81, channelType: 0, processId: 10014
2021-02-02 10:12:31.407 18644-22339/com.nubo.test7 D/nubo.NuboClientActivity: cmdcode: 5, bytesCount: 97, channelType: 0, processId: 10014
2021-02-02 10:12:31.407 18644-22343/com.nubo.test7 D/nubo.NuboClientActivity: cmdcode: -120, bytesCount: 86, channelType: 2, processId: -1
2021-02-02 10:12:31.408 18644-22339/com.nubo.test7 D/nubo.NuboClientActivity: cmdcode: 8, bytesCount: 81, channelType: 0, processId: 10014
2021-02-02 10:12:31.410 18644-22339/com.nubo.test7 D/nubo.NuboClientActivity: cmdcode: 8, bytesCount: 73, channelType: 0, processId: 10014
2021-02-02 10:12:31.411 18644-22339/com.nubo.test7 D/nubo.NuboClientActivity: cmdcode: 7, bytesCount: 66, channelType: 0, processId: 10014
2021-02-02 10:12:31.413 18644-22339/com.nubo.test7 D/nubo.NuboClientActivity: cmdcode: 7, bytesCount: 66, channelType: 0, processId: 10014
2021-02-02 10:12:31.414 18644-22339/com.nubo.test7 D/nubo.NuboClientActivity: cmdcode: 101, bytesCount: 13, channelType: 0, processId: 10014
2021-02-02 10:12:31.473 18644-22343/com.nubo.test7 D/nubo.NuboClientActivity: cmdcode: -120, bytesCount: 200, channelType: 2, processId: -1
2021-02-02 10:12:31.482 18644-22339/com.nubo.test7 D/nubo.NuboClientActivity: cmdcode: 123, bytesCount: 21, channelType: 0, processId: -1
2021-02-02 10:12:31.484 18644-22339/com.nubo.test7 D/nubo.NuboClientActivity: cmdcode: 1, bytesCount: 30, channelType: 0, processId: 10014
2021-02-02 10:12:31.485 18644-22339/com.nubo.test7 D/nubo.NuboClientActivity: cmdcode: 16, bytesCount: 36, channelType: 0, processId: 10014
2021-02-02 10:12:31.485 18644-22339/com.nubo.test7 D/nubo.NuboClientActivity: cmdcode: 2, bytesCount: 37, channelType: 0, processId: 10014
2021-02-02 10:12:31.486 18644-22339/com.nubo.test7 D/nubo.NuboClientActivity: cmdcode: 7, bytesCount: 62, channelType: 0, processId: 10014
2021-02-02 10:12:31.487 18644-22339/com.nubo.test7 D/nubo.NuboClientActivity: cmdcode: 2, bytesCount: 37, channelType: 0, processId: 10014
2021-02-02 10:12:31.488 18644-22339/com.nubo.test7 D/nubo.NuboClientActivity: cmdcode: 7, bytesCount: 66, channelType: 0, processId: 10014
2021-02-02 10:12:31.490 18644-22339/com.nubo.test7 D/nubo.NuboClientActivity: cmdcode: 8, bytesCount: 81, channelType: 0, processId: 10014
2021-02-02 10:12:31.491 18644-22339/com.nubo.test7 D/nubo.NuboClientActivity: cmdcode: 14, bytesCount: 78, channelType: 0, processId: 10014
2021-02-02 10:12:31.492 18644-22339/com.nubo.test7 D/nubo.NuboClientActivity: cmdcode: 8, bytesCount: 81, channelType: 0, processId: 10014
2021-02-02 10:12:31.494 18644-22339/com.nubo.test7 D/nubo.NuboClientActivity: cmdcode: 5, bytesCount: 97, channelType: 0, processId: 10014
2021-02-02 10:12:31.494 18644-22343/com.nubo.test7 D/nubo.NuboClientActivity: cmdcode: -120, bytesCount: 81, channelType: 2, processId: -1
2021-02-02 10:12:31.495 18644-22339/com.nubo.test7 D/nubo.NuboClientActivity: cmdcode: 8, bytesCount: 81, channelType: 0, processId: 10014
2021-02-02 10:12:31.497 18644-22339/com.nubo.test7 D/nubo.NuboClientActivity: cmdcode: 8, bytesCount: 73, channelType: 0, processId: 10014
2021-02-02 10:12:31.498 18644-22339/com.nubo.test7 D/nubo.NuboClientActivity: cmdcode: 7, bytesCount: 66, channelType: 0, processId: 10014
2021-02-02 10:12:31.499 18644-22339/com.nubo.test7 D/nubo.NuboClientActivity: cmdcode: 7, bytesCount: 66, channelType: 0, processId: 10014
2021-02-02 10:12:31.499 18644-22339/com.nubo.test7 D/nubo.NuboClientActivity: cmdcode: 101, bytesCount: 13, channelType: 0, processId: 10014
2021-02-02 10:12:31.506 18644-22339/com.nubo.test7 D/nubo.NuboClientActivity: cmdcode: 1, bytesCount: 30, channelType: 0, processId: 10014
2021-02-02 10:12:31.507 18644-22339/com.nubo.test7 D/nubo.NuboClientActivity: cmdcode: 16, bytesCount: 36, channelType: 0, processId: 10014
2021-02-02 10:12:31.508 18644-22339/com.nubo.test7 D/nubo.NuboClientActivity: cmdcode: 2, bytesCount: 37, channelType: 0, processId: 10014
2021-02-02 10:12:31.509 18644-22339/com.nubo.test7 D/nubo.NuboClientActivity: cmdcode: 7, bytesCount: 62, channelType: 0, processId: 10014
2021-02-02 10:12:31.509 18644-22339/com.nubo.test7 D/nubo.NuboClientActivity: cmdcode: 2, bytesCount: 37, channelType: 0, processId: 10014
2021-02-02 10:12:31.510 18644-22339/com.nubo.test7 D/nubo.NuboClientActivity: cmdcode: 7, bytesCount: 66, channelType: 0, processId: 10014
2021-02-02 10:12:31.510 18644-22339/com.nubo.test7 D/nubo.NuboClientActivity: cmdcode: 8, bytesCount: 81, channelType: 0, processId: 10014
2021-02-02 10:12:31.510 18644-22339/com.nubo.test7 D/nubo.NuboClientActivity: cmdcode: 14, bytesCount: 78, channelType: 0, processId: 10014
2021-02-02 10:12:31.511 18644-22339/com.nubo.test7 D/nubo.NuboClientActivity: cmdcode: 8, bytesCount: 81, channelType: 0, processId: 10014
2021-02-02 10:12:31.512 18644-22339/com.nubo.test7 D/nubo.NuboClientActivity: cmdcode: 5, bytesCount: 97, channelType: 0, processId: 10014
2021-02-02 10:12:31.512 18644-22339/com.nubo.test7 D/nubo.NuboClientActivity: cmdcode: 8, bytesCount: 81, channelType: 0, processId: 10014
2021-02-02 10:12:31.513 18644-22339/com.nubo.test7 D/nubo.NuboClientActivity: cmdcode: 8, bytesCount: 73, channelType: 0, processId: 10014
2021-02-02 10:12:31.513 18644-22339/com.nubo.test7 D/nubo.NuboClientActivity: cmdcode: 7, bytesCount: 66, channelType: 0, processId: 10014
2021-02-02 10:12:31.514 18644-22339/com.nubo.test7 D/nubo.NuboClientActivity: cmdcode: 7, bytesCount: 66, channelType: 0, processId: 10014
2021-02-02 10:12:31.514 18644-22339/com.nubo.test7 D/nubo.NuboClientActivity: cmdcode: 101, bytesCount: 13, channelType: 0, processId: 10014
2021-02-02 10:12:31.518 18644-22343/com.nubo.test7 D/nubo.NuboClientActivity: cmdcode: -120, bytesCount: 76, channelType: 2, processId: -1
2021-02-02 10:12:31.548 18644-22343/com.nubo.test7 D/nubo.NuboClientActivity: cmdcode: -120, bytesCount: 76, channelType: 2, processId: -1
2021-02-02 10:12:31.572 18644-22339/com.nubo.test7 D/nubo.NuboClientActivity: cmdcode: 1, bytesCount: 30, channelType: 0, processId: 10014
2021-02-02 10:12:31.574 18644-22339/com.nubo.test7 D/nubo.NuboClientActivity: cmdcode: 16, bytesCount: 36, channelType: 0, processId: 10014
2021-02-02 10:12:31.575 18644-22339/com.nubo.test7 D/nubo.NuboClientActivity: cmdcode: 2, bytesCount: 37, channelType: 0, processId: 10014
2021-02-02 10:12:31.576 18644-22339/com.nubo.test7 D/nubo.NuboClientActivity: cmdcode: 7, bytesCount: 62, channelType: 0, processId: 10014
2021-02-02 10:12:31.577 18644-22339/com.nubo.test7 D/nubo.NuboClientActivity: cmdcode: 2, bytesCount: 37, channelType: 0, processId: 10014
2021-02-02 10:12:31.577 18644-22339/com.nubo.test7 D/nubo.NuboClientActivity: cmdcode: 7, bytesCount: 66, channelType: 0, processId: 10014
2021-02-02 10:12:31.578 18644-22339/com.nubo.test7 D/nubo.NuboClientActivity: cmdcode: 8, bytesCount: 81, channelType: 0, processId: 10014
2021-02-02 10:12:31.579 18644-22339/com.nubo.test7 D/nubo.NuboClientActivity: cmdcode: 14, bytesCount: 78, channelType: 0, processId: 10014
2021-02-02 10:12:31.579 18644-22339/com.nubo.test7 D/nubo.NuboClientActivity: cmdcode: 8, bytesCount: 81, channelType: 0, processId: 10014
2021-02-02 10:12:31.580 18644-22339/com.nubo.test7 D/nubo.NuboClientActivity: cmdcode: 5, bytesCount: 97, channelType: 0, processId: 10014
2021-02-02 10:12:31.581 18644-22339/com.nubo.test7 D/nubo.NuboClientActivity: cmdcode: 8, bytesCount: 81, channelType: 0, processId: 10014
2021-02-02 10:12:31.582 18644-22339/com.nubo.test7 D/nubo.NuboClientActivity: cmdcode: 8, bytesCount: 73, channelType: 0, processId: 10014
2021-02-02 10:12:31.582 18644-22339/com.nubo.test7 D/nubo.NuboClientActivity: cmdcode: 7, bytesCount: 66, channelType: 0, processId: 10014
2021-02-02 10:12:31.583 18644-22339/com.nubo.test7 D/nubo.NuboClientActivity: cmdcode: 7, bytesCount: 66, channelType: 0, processId: 10014
2021-02-02 10:12:31.583 18644-22339/com.nubo.test7 D/nubo.NuboClientActivity: cmdcode: 101, bytesCount: 13, channelType: 0, processId: 10014
2021-02-02 10:12:31.591 18644-22339/com.nubo.test7 D/nubo.NuboClientActivity: cmdcode: 1, bytesCount: 30, channelType: 0, processId: 10014
2021-02-02 10:12:31.592 18644-22339/com.nubo.test7 D/nubo.NuboClientActivity: cmdcode: 16, bytesCount: 36, channelType: 0, processId: 10014
2021-02-02 10:12:31.593 18644-22339/com.nubo.test7 D/nubo.NuboClientActivity: cmdcode: 2, bytesCount: 37, channelType: 0, processId: 10014
2021-02-02 10:12:31.593 18644-22339/com.nubo.test7 D/nubo.NuboClientActivity: cmdcode: 7, bytesCount: 62, channelType: 0, processId: 10014
2021-02-02 10:12:31.595 18644-22339/com.nubo.test7 D/nubo.NuboClientActivity: cmdcode: 2, bytesCount: 37, channelType: 0, processId: 10014
2021-02-02 10:12:31.595 18644-22339/com.nubo.test7 D/nubo.NuboClientActivity: cmdcode: 7, bytesCount: 66, channelType: 0, processId: 10014
2021-02-02 10:12:31.596 18644-22339/com.nubo.test7 D/nubo.NuboClientActivity: cmdcode: 8, bytesCount: 81, channelType: 0, processId: 10014
2021-02-02 10:12:31.597 18644-22339/com.nubo.test7 D/nubo.NuboClientActivity: cmdcode: 14, bytesCount: 78, channelType: 0, processId: 10014
2021-02-02 10:12:31.597 18644-22339/com.nubo.test7 D/nubo.NuboClientActivity: cmdcode: 8, bytesCount: 81, channelType: 0, processId: 10014
2021-02-02 10:12:31.598 18644-22339/com.nubo.test7 D/nubo.NuboClientActivity: cmdcode: 5, bytesCount: 97, channelType: 0, processId: 10014
2021-02-02 10:12:31.598 18644-22339/com.nubo.test7 D/nubo.NuboClientActivity: cmdcode: 8, bytesCount: 81, channelType: 0, processId: 10014
2021-02-02 10:12:31.599 18644-22339/com.nubo.test7 D/nubo.NuboClientActivity: cmdcode: 8, bytesCount: 73, channelType: 0, processId: 10014
2021-02-02 10:12:31.599 18644-22339/com.nubo.test7 D/nubo.NuboClientActivity: cmdcode: 7, bytesCount: 66, channelType: 0, processId: 10014
2021-02-02 10:12:31.600 18644-22339/com.nubo.test7 D/nubo.NuboClientActivity: cmdcode: 7, bytesCount: 66, channelType: 0, processId: 10014
2021-02-02 10:12:31.600 18644-22339/com.nubo.test7 D/nubo.NuboClientActivity: cmdcode: 101, bytesCount: 13, channelType: 0, processId: 10014
2021-02-02 10:12:31.602 18644-22343/com.nubo.test7 D/nubo.NuboClientActivity: cmdcode: -120, bytesCount: 76, channelType: 2, processId: -1
2021-02-02 10:12:31.629 18644-22343/com.nubo.test7 D/nubo.NuboClientActivity: cmdcode: -120, bytesCount: 76, channelType: 2, processId: -1
2021-02-02 10:12:31.652 18644-22339/com.nubo.test7 D/nubo.NuboClientActivity: cmdcode: 1, bytesCount: 30, channelType: 0, processId: 10014
2021-02-02 10:12:31.653 18644-22339/com.nubo.test7 D/nubo.NuboClientActivity: cmdcode: 16, bytesCount: 36, channelType: 0, processId: 10014
2021-02-02 10:12:31.654 18644-22339/com.nubo.test7 D/nubo.NuboClientActivity: cmdcode: 2, bytesCount: 37, channelType: 0, processId: 10014
2021-02-02 10:12:31.655 18644-22339/com.nubo.test7 D/nubo.NuboClientActivity: cmdcode: 7, bytesCount: 62, channelType: 0, processId: 10014
2021-02-02 10:12:31.656 18644-22339/com.nubo.test7 D/nubo.NuboClientActivity: cmdcode: 2, bytesCount: 37, channelType: 0, processId: 10014
2021-02-02 10:12:31.657 18644-22339/com.nubo.test7 D/nubo.NuboClientActivity: cmdcode: 7, bytesCount: 66, channelType: 0, processId: 10014
2021-02-02 10:12:31.658 18644-22339/com.nubo.test7 D/nubo.NuboClientActivity: cmdcode: 8, bytesCount: 81, channelType: 0, processId: 10014
2021-02-02 10:12:31.659 18644-22339/com.nubo.test7 D/nubo.NuboClientActivity: cmdcode: 14, bytesCount: 78, channelType: 0, processId: 10014
2021-02-02 10:12:31.660 18644-22339/com.nubo.test7 D/nubo.NuboClientActivity: cmdcode: 8, bytesCount: 81, channelType: 0, processId: 10014
2021-02-02 10:12:31.660 18644-22339/com.nubo.test7 D/nubo.NuboClientActivity: cmdcode: 5, bytesCount: 97, channelType: 0, processId: 10014
2021-02-02 10:12:31.661 18644-22339/com.nubo.test7 D/nubo.NuboClientActivity: cmdcode: 8, bytesCount: 81, channelType: 0, processId: 10014
2021-02-02 10:12:31.663 18644-22339/com.nubo.test7 D/nubo.NuboClientActivity: cmdcode: 8, bytesCount: 73, channelType: 0, processId: 10014
2021-02-02 10:12:31.664 18644-22339/com.nubo.test7 D/nubo.NuboClientActivity: cmdcode: 7, bytesCount: 66, channelType: 0, processId: 10014
2021-02-02 10:12:31.665 18644-22339/com.nubo.test7 D/nubo.NuboClientActivity: cmdcode: 7, bytesCount: 66, channelType: 0, processId: 10014
2021-02-02 10:12:31.666 18644-22339/com.nubo.test7 D/nubo.NuboClientActivity: cmdcode: 101, bytesCount: 13, channelType: 0, processId: 10014
2021-02-02 10:12:31.672 18644-22343/com.nubo.test7 D/nubo.NuboClientActivity: cmdcode: -120, bytesCount: 76, channelType: 2, processId: -1
2021-02-02 10:12:31.695 18644-22339/com.nubo.test7 D/nubo.NuboClientActivity: cmdcode: 1, bytesCount: 30, channelType: 0, processId: 10014
2021-02-02 10:12:31.696 18644-22339/com.nubo.test7 D/nubo.NuboClientActivity: cmdcode: 16, bytesCount: 36, channelType: 0, processId: 10014
2021-02-02 10:12:31.697 18644-22339/com.nubo.test7 D/nubo.NuboClientActivity: cmdcode: 2, bytesCount: 37, channelType: 0, processId: 10014
2021-02-02 10:12:31.697 18644-22339/com.nubo.test7 D/nubo.NuboClientActivity: cmdcode: 7, bytesCount: 62, channelType: 0, processId: 10014
2021-02-02 10:12:31.699 18644-22339/com.nubo.test7 D/nubo.NuboClientActivity: cmdcode: 2, bytesCount: 37, channelType: 0, processId: 10014
2021-02-02 10:12:31.699 18644-22339/com.nubo.test7 D/nubo.NuboClientActivity: cmdcode: 7, bytesCount: 66, channelType: 0, processId: 10014
2021-02-02 10:12:31.700 18644-22339/com.nubo.test7 D/nubo.NuboClientActivity: cmdcode: 8, bytesCount: 81, channelType: 0, processId: 10014
2021-02-02 10:12:31.701 18644-22339/com.nubo.test7 D/nubo.NuboClientActivity: cmdcode: 14, bytesCount: 78, channelType: 0, processId: 10014
2021-02-02 10:12:31.701 18644-22339/com.nubo.test7 D/nubo.NuboClientActivity: cmdcode: 8, bytesCount: 81, channelType: 0, processId: 10014
2021-02-02 10:12:31.701 18644-22339/com.nubo.test7 D/nubo.NuboClientActivity: cmdcode: 5, bytesCount: 97, channelType: 0, processId: 10014
2021-02-02 10:12:31.702 18644-22339/com.nubo.test7 D/nubo.NuboClientActivity: cmdcode: 8, bytesCount: 81, channelType: 0, processId: 10014
2021-02-02 10:12:31.702 18644-22339/com.nubo.test7 D/nubo.NuboClientActivity: cmdcode: 8, bytesCount: 73, channelType: 0, processId: 10014
2021-02-02 10:12:31.703 18644-22339/com.nubo.test7 D/nubo.NuboClientActivity: cmdcode: 7, bytesCount: 66, channelType: 0, processId: 10014
2021-02-02 10:12:31.703 18644-22339/com.nubo.test7 D/nubo.NuboClientActivity: cmdcode: 7, bytesCount: 66, channelType: 0, processId: 10014
2021-02-02 10:12:31.704 18644-22339/com.nubo.test7 D/nubo.NuboClientActivity: cmdcode: 101, bytesCount: 13, channelType: 0, processId: 10014
2021-02-02 10:12:31.713 18644-22343/com.nubo.test7 D/nubo.NuboClientActivity: cmdcode: -120, bytesCount: 76, channelType: 2, processId: -1
2021-02-02 10:12:31.739 18644-22343/com.nubo.test7 D/nubo.NuboClientActivity: cmdcode: -120, bytesCount: 1417, channelType: 2, processId: -1
2021-02-02 10:12:31.747 18644-22343/com.nubo.test7 I/chatty: uid=10300(com.nubo.test7) Thread-27 identical 7 lines
2021-02-02 10:12:31.748 18644-22343/com.nubo.test7 D/nubo.NuboClientActivity: cmdcode: -120, bytesCount: 1417, channelType: 2, processId: -1
2021-02-02 10:12:31.749 18644-22339/com.nubo.test7 D/nubo.NuboClientActivity: cmdcode: 1, bytesCount: 30, channelType: 0, processId: 10014
2021-02-02 10:12:31.750 18644-22339/com.nubo.test7 D/nubo.NuboClientActivity: cmdcode: 16, bytesCount: 36, channelType: 0, processId: 10014
2021-02-02 10:12:31.750 18644-22343/com.nubo.test7 D/nubo.NuboClientActivity: cmdcode: -120, bytesCount: 1417, channelType: 2, processId: -1
2021-02-02 10:12:31.750 18644-22339/com.nubo.test7 D/nubo.NuboClientActivity: cmdcode: 2, bytesCount: 37, channelType: 0, processId: 10014
2021-02-02 10:12:31.751 18644-22339/com.nubo.test7 D/nubo.NuboClientActivity: cmdcode: 7, bytesCount: 62, channelType: 0, processId: 10014
2021-02-02 10:12:31.751 18644-22343/com.nubo.test7 D/nubo.NuboClientActivity: cmdcode: -120, bytesCount: 1417, channelType: 2, processId: -1
2021-02-02 10:12:31.752 18644-22339/com.nubo.test7 D/nubo.NuboClientActivity: cmdcode: 2, bytesCount: 37, channelType: 0, processId: 10014
2021-02-02 10:12:31.752 18644-22343/com.nubo.test7 D/nubo.NuboClientActivity: cmdcode: -120, bytesCount: 1417, channelType: 2, processId: -1
2021-02-02 10:12:31.753 18644-22339/com.nubo.test7 D/nubo.NuboClientActivity: cmdcode: 7, bytesCount: 66, channelType: 0, processId: 10014
2021-02-02 10:12:31.754 18644-22339/com.nubo.test7 D/nubo.NuboClientActivity: cmdcode: 8, bytesCount: 81, channelType: 0, processId: 10014
2021-02-02 10:12:31.754 18644-22339/com.nubo.test7 D/nubo.NuboClientActivity: cmdcode: 14, bytesCount: 78, channelType: 0, processId: 10014
2021-02-02 10:12:31.755 18644-22343/com.nubo.test7 D/nubo.NuboClientActivity: cmdcode: -120, bytesCount: 1417, channelType: 2, processId: -1
2021-02-02 10:12:31.755 18644-22339/com.nubo.test7 D/nubo.NuboClientActivity: cmdcode: 8, bytesCount: 81, channelType: 0, processId: 10014
2021-02-02 10:12:31.756 18644-22343/com.nubo.test7 D/nubo.NuboClientActivity: cmdcode: -120, bytesCount: 1417, channelType: 2, processId: -1
2021-02-02 10:12:31.756 18644-22339/com.nubo.test7 D/nubo.NuboClientActivity: cmdcode: 5, bytesCount: 97, channelType: 0, processId: 10014
2021-02-02 10:12:31.756 18644-22343/com.nubo.test7 D/nubo.NuboClientActivity: cmdcode: -120, bytesCount: 1417, channelType: 2, processId: -1
2021-02-02 10:12:31.757 18644-22339/com.nubo.test7 D/nubo.NuboClientActivity: cmdcode: 8, bytesCount: 81, channelType: 0, processId: 10014
2021-02-02 10:12:31.757 18644-22343/com.nubo.test7 D/nubo.NuboClientActivity: cmdcode: -120, bytesCount: 1417, channelType: 2, processId: -1
2021-02-02 10:12:31.758 18644-22339/com.nubo.test7 D/nubo.NuboClientActivity: cmdcode: 8, bytesCount: 73, channelType: 0, processId: 10014
2021-02-02 10:12:31.758 18644-22343/com.nubo.test7 D/nubo.NuboClientActivity: cmdcode: -120, bytesCount: 1417, channelType: 2, processId: -1
2021-02-02 10:12:31.758 18644-22339/com.nubo.test7 D/nubo.NuboClientActivity: cmdcode: 7, bytesCount: 66, channelType: 0, processId: 10014
2021-02-02 10:12:31.759 18644-22339/com.nubo.test7 D/nubo.NuboClientActivity: cmdcode: 7, bytesCount: 66, channelType: 0, processId: 10014
2021-02-02 10:12:31.760 18644-22339/com.nubo.test7 D/nubo.NuboClientActivity: cmdcode: 101, bytesCount: 13, channelType: 0, processId: 10014
2021-02-02 10:12:31.760 18644-22343/com.nubo.test7 D/nubo.NuboClientActivity: cmdcode: -120, bytesCount: 1417, channelType: 2, processId: -1
2021-02-02 10:12:31.764 18644-22343/com.nubo.test7 I/chatty: uid=10300(com.nubo.test7) Thread-27 identical 2 lines
2021-02-02 10:12:31.765 18644-22343/com.nubo.test7 D/nubo.NuboClientActivity: cmdcode: -120, bytesCount: 1417, channelType: 2, processId: -1
2021-02-02 10:12:31.766 18644-22343/com.nubo.test7 D/nubo.NuboClientActivity: cmdcode: -120, bytesCount: 376, channelType: 2, processId: -1
2021-02-02 10:12:31.800 18644-22343/com.nubo.test7 D/nubo.NuboClientActivity: cmdcode: -120, bytesCount: 1063, channelType: 2, processId: -1
2021-02-02 10:12:31.809 18644-22339/com.nubo.test7 D/nubo.NuboClientActivity: cmdcode: 1, bytesCount: 30, channelType: 0, processId: 10014
2021-02-02 10:12:31.811 18644-22339/com.nubo.test7 D/nubo.NuboClientActivity: cmdcode: 16, bytesCount: 36, channelType: 0, processId: 10014
2021-02-02 10:12:31.811 18644-22339/com.nubo.test7 D/nubo.NuboClientActivity: cmdcode: 2, bytesCount: 37, channelType: 0, processId: 10014
2021-02-02 10:12:31.812 18644-22339/com.nubo.test7 D/nubo.NuboClientActivity: cmdcode: 7, bytesCount: 62, channelType: 0, processId: 10014
2021-02-02 10:12:31.813 18644-22339/com.nubo.test7 D/nubo.NuboClientActivity: cmdcode: 2, bytesCount: 37, channelType: 0, processId: 10014
2021-02-02 10:12:31.814 18644-22339/com.nubo.test7 D/nubo.NuboClientActivity: cmdcode: 7, bytesCount: 66, channelType: 0, processId: 10014
2021-02-02 10:12:31.815 18644-22339/com.nubo.test7 D/nubo.NuboClientActivity: cmdcode: 8, bytesCount: 81, channelType: 0, processId: 10014
2021-02-02 10:12:31.816 18644-22339/com.nubo.test7 D/nubo.NuboClientActivity: cmdcode: 14, bytesCount: 78, channelType: 0, processId: 10014
2021-02-02 10:12:31.817 18644-22339/com.nubo.test7 D/nubo.NuboClientActivity: cmdcode: 8, bytesCount: 81, channelType: 0, processId: 10014
2021-02-02 10:12:31.818 18644-22339/com.nubo.test7 D/nubo.NuboClientActivity: cmdcode: 5, bytesCount: 97, channelType: 0, processId: 10014
2021-02-02 10:12:31.820 18644-22339/com.nubo.test7 D/nubo.NuboClientActivity: cmdcode: 8, bytesCount: 81, channelType: 0, processId: 10014
2021-02-02 10:12:31.821 18644-22339/com.nubo.test7 D/nubo.NuboClientActivity: cmdcode: 8, bytesCount: 73, channelType: 0, processId: 10014
2021-02-02 10:12:31.822 18644-22339/com.nubo.test7 D/nubo.NuboClientActivity: cmdcode: 7, bytesCount: 66, channelType: 0, processId: 10014
2021-02-02 10:12:31.823 18644-22339/com.nubo.test7 D/nubo.NuboClientActivity: cmdcode: 7, bytesCount: 66, channelType: 0, processId: 10014
2021-02-02 10:12:31.823 18644-22339/com.nubo.test7 D/nubo.NuboClientActivity: cmdcode: 101, bytesCount: 13, channelType: 0, processId: 10014
2021-02-02 10:12:31.842 18644-22343/com.nubo.test7 D/nubo.NuboClientActivity: cmdcode: -120, bytesCount: 166, channelType: 2, processId: -1
2021-02-02 10:12:31.853 18644-22339/com.nubo.test7 D/nubo.NuboClientActivity: cmdcode: 1, bytesCount: 30, channelType: 0, processId: 10014
2021-02-02 10:12:31.854 18644-22339/com.nubo.test7 D/nubo.NuboClientActivity: cmdcode: 16, bytesCount: 36, channelType: 0, processId: 10014
2021-02-02 10:12:31.855 18644-22339/com.nubo.test7 D/nubo.NuboClientActivity: cmdcode: 2, bytesCount: 37, channelType: 0, processId: 10014
2021-02-02 10:12:31.855 18644-22339/com.nubo.test7 D/nubo.NuboClientActivity: cmdcode: 7, bytesCount: 62, channelType: 0, processId: 10014
2021-02-02 10:12:31.856 18644-22339/com.nubo.test7 D/nubo.NuboClientActivity: cmdcode: 2, bytesCount: 37, channelType: 0, processId: 10014
2021-02-02 10:12:31.856 18644-22339/com.nubo.test7 D/nubo.NuboClientActivity: cmdcode: 7, bytesCount: 66, channelType: 0, processId: 10014
2021-02-02 10:12:31.857 18644-22339/com.nubo.test7 D/nubo.NuboClientActivity: cmdcode: 8, bytesCount: 81, channelType: 0, processId: 10014
2021-02-02 10:12:31.858 18644-22339/com.nubo.test7 D/nubo.NuboClientActivity: cmdcode: 14, bytesCount: 78, channelType: 0, processId: 10014
2021-02-02 10:12:31.859 18644-22339/com.nubo.test7 D/nubo.NuboClientActivity: cmdcode: 8, bytesCount: 81, channelType: 0, processId: 10014
2021-02-02 10:12:31.860 18644-22339/com.nubo.test7 D/nubo.NuboClientActivity: cmdcode: 5, bytesCount: 97, channelType: 0, processId: 10014
2021-02-02 10:12:31.861 18644-22339/com.nubo.test7 D/nubo.NuboClientActivity: cmdcode: 8, bytesCount: 81, channelType: 0, processId: 10014
2021-02-02 10:12:31.862 18644-22339/com.nubo.test7 D/nubo.NuboClientActivity: cmdcode: 8, bytesCount: 73, channelType: 0, processId: 10014
2021-02-02 10:12:31.863 18644-22339/com.nubo.test7 D/nubo.NuboClientActivity: cmdcode: 7, bytesCount: 66, channelType: 0, processId: 10014
2021-02-02 10:12:31.864 18644-22339/com.nubo.test7 D/nubo.NuboClientActivity: cmdcode: 7, bytesCount: 66, channelType: 0, processId: 10014
2021-02-02 10:12:31.864 18644-22339/com.nubo.test7 D/nubo.NuboClientActivity: cmdcode: 101, bytesCount: 13, channelType: 0, processId: 10014
2021-02-02 10:12:31.873 18644-22343/com.nubo.test7 D/nubo.NuboClientActivity: cmdcode: -120, bytesCount: 101, channelType: 2, processId: -1
2021-02-02 10:12:31.896 18644-22339/com.nubo.test7 D/nubo.NuboClientActivity: cmdcode: 1, bytesCount: 30, channelType: 0, processId: 10014
2021-02-02 10:12:31.897 18644-22339/com.nubo.test7 D/nubo.NuboClientActivity: cmdcode: 16, bytesCount: 36, channelType: 0, processId: 10014
2021-02-02 10:12:31.898 18644-22339/com.nubo.test7 D/nubo.NuboClientActivity: cmdcode: 2, bytesCount: 37, channelType: 0, processId: 10014
2021-02-02 10:12:31.899 18644-22339/com.nubo.test7 D/nubo.NuboClientActivity: cmdcode: 7, bytesCount: 62, channelType: 0, processId: 10014
2021-02-02 10:12:31.900 18644-22339/com.nubo.test7 D/nubo.NuboClientActivity: cmdcode: 2, bytesCount: 37, channelType: 0, processId: 10014
2021-02-02 10:12:31.901 18644-22339/com.nubo.test7 D/nubo.NuboClientActivity: cmdcode: 7, bytesCount: 66, channelType: 0, processId: 10014
2021-02-02 10:12:31.902 18644-22339/com.nubo.test7 D/nubo.NuboClientActivity: cmdcode: 8, bytesCount: 81, channelType: 0, processId: 10014
2021-02-02 10:12:31.903 18644-22339/com.nubo.test7 D/nubo.NuboClientActivity: cmdcode: 14, bytesCount: 78, channelType: 0, processId: 10014
2021-02-02 10:12:31.903 18644-22339/com.nubo.test7 D/nubo.NuboClientActivity: cmdcode: 8, bytesCount: 81, channelType: 0, processId: 10014
2021-02-02 10:12:31.904 18644-22339/com.nubo.test7 D/nubo.NuboClientActivity: cmdcode: 5, bytesCount: 97, channelType: 0, processId: 10014
2021-02-02 10:12:31.905 18644-22339/com.nubo.test7 D/nubo.NuboClientActivity: cmdcode: 8, bytesCount: 81, channelType: 0, processId: 10014
2021-02-02 10:12:31.906 18644-22339/com.nubo.test7 D/nubo.NuboClientActivity: cmdcode: 8, bytesCount: 73, channelType: 0, processId: 10014
2021-02-02 10:12:31.907 18644-22339/com.nubo.test7 D/nubo.NuboClientActivity: cmdcode: 7, bytesCount: 66, channelType: 0, processId: 10014
2021-02-02 10:12:31.908 18644-22339/com.nubo.test7 D/nubo.NuboClientActivity: cmdcode: 7, bytesCount: 66, channelType: 0, processId: 10014
2021-02-02 10:12:31.908 18644-22339/com.nubo.test7 D/nubo.NuboClientActivity: cmdcode: 101, bytesCount: 13, channelType: 0, processId: 10014
2021-02-02 10:12:31.916 18644-22343/com.nubo.test7 D/nubo.NuboClientActivity: cmdcode: -120, bytesCount: 101, channelType: 2, processId: -1
2021-02-02 10:12:31.948 18644-22339/com.nubo.test7 D/nubo.NuboClientActivity: cmdcode: 1, bytesCount: 30, channelType: 0, processId: 10014
2021-02-02 10:12:31.949 18644-22339/com.nubo.test7 D/nubo.NuboClientActivity: cmdcode: 16, bytesCount: 36, channelType: 0, processId: 10014
2021-02-02 10:12:31.950 18644-22339/com.nubo.test7 D/nubo.NuboClientActivity: cmdcode: 2, bytesCount: 37, channelType: 0, processId: 10014
2021-02-02 10:12:31.951 18644-22339/com.nubo.test7 D/nubo.NuboClientActivity: cmdcode: 7, bytesCount: 62, channelType: 0, processId: 10014
2021-02-02 10:12:31.951 18644-22339/com.nubo.test7 D/nubo.NuboClientActivity: cmdcode: 2, bytesCount: 37, channelType: 0, processId: 10014
2021-02-02 10:12:31.952 18644-22339/com.nubo.test7 D/nubo.NuboClientActivity: cmdcode: 7, bytesCount: 66, channelType: 0, processId: 10014
2021-02-02 10:12:31.953 18644-22339/com.nubo.test7 D/nubo.NuboClientActivity: cmdcode: 8, bytesCount: 81, channelType: 0, processId: 10014
2021-02-02 10:12:31.953 18644-22339/com.nubo.test7 D/nubo.NuboClientActivity: cmdcode: 14, bytesCount: 78, channelType: 0, processId: 10014
2021-02-02 10:12:31.954 18644-22339/com.nubo.test7 D/nubo.NuboClientActivity: cmdcode: 8, bytesCount: 81, channelType: 0, processId: 10014
2021-02-02 10:12:31.954 18644-22339/com.nubo.test7 D/nubo.NuboClientActivity: cmdcode: 5, bytesCount: 97, channelType: 0, processId: 10014
2021-02-02 10:12:31.955 18644-22339/com.nubo.test7 D/nubo.NuboClientActivity: cmdcode: 8, bytesCount: 81, channelType: 0, processId: 10014
2021-02-02 10:12:31.955 18644-22339/com.nubo.test7 D/nubo.NuboClientActivity: cmdcode: 8, bytesCount: 73, channelType: 0, processId: 10014
2021-02-02 10:12:31.956 18644-22339/com.nubo.test7 D/nubo.NuboClientActivity: cmdcode: 7, bytesCount: 66, channelType: 0, processId: 10014
2021-02-02 10:12:31.957 18644-22339/com.nubo.test7 D/nubo.NuboClientActivity: cmdcode: 7, bytesCount: 66, channelType: 0, processId: 10014
2021-02-02 10:12:31.958 18644-22339/com.nubo.test7 D/nubo.NuboClientActivity: cmdcode: 101, bytesCount: 13, channelType: 0, processId: 10014
2021-02-02 10:12:31.958 18644-22343/com.nubo.test7 D/nubo.NuboClientActivity: cmdcode: -120, bytesCount: 101, channelType: 2, processId: -1
2021-02-02 10:12:31.998 18644-22339/com.nubo.test7 D/nubo.NuboClientActivity: cmdcode: 1, bytesCount: 30, channelType: 0, processId: 10014
2021-02-02 10:12:31.999 18644-22339/com.nubo.test7 D/nubo.NuboClientActivity: cmdcode: 16, bytesCount: 36, channelType: 0, processId: 10014
2021-02-02 10:12:32.000 18644-22339/com.nubo.test7 D/nubo.NuboClientActivity: cmdcode: 2, bytesCount: 37, channelType: 0, processId: 10014
2021-02-02 10:12:32.001 18644-22339/com.nubo.test7 D/nubo.NuboClientActivity: cmdcode: 7, bytesCount: 62, channelType: 0, processId: 10014
2021-02-02 10:12:32.002 18644-22339/com.nubo.test7 D/nubo.NuboClientActivity: cmdcode: 2, bytesCount: 37, channelType: 0, processId: 10014
2021-02-02 10:12:32.002 18644-22339/com.nubo.test7 D/nubo.NuboClientActivity: cmdcode: 7, bytesCount: 66, channelType: 0, processId: 10014
2021-02-02 10:12:32.003 18644-22339/com.nubo.test7 D/nubo.NuboClientActivity: cmdcode: 8, bytesCount: 81, channelType: 0, processId: 10014
2021-02-02 10:12:32.004 18644-22339/com.nubo.test7 D/nubo.NuboClientActivity: cmdcode: 14, bytesCount: 78, channelType: 0, processId: 10014
2021-02-02 10:12:32.005 18644-22339/com.nubo.test7 D/nubo.NuboClientActivity: cmdcode: 8, bytesCount: 81, channelType: 0, processId: 10014
2021-02-02 10:12:32.006 18644-22339/com.nubo.test7 D/nubo.NuboClientActivity: cmdcode: 5, bytesCount: 97, channelType: 0, processId: 10014
2021-02-02 10:12:32.006 18644-22339/com.nubo.test7 D/nubo.NuboClientActivity: cmdcode: 8, bytesCount: 81, channelType: 0, processId: 10014
2021-02-02 10:12:32.008 18644-22339/com.nubo.test7 D/nubo.NuboClientActivity: cmdcode: 8, bytesCount: 73, channelType: 0, processId: 10014
2021-02-02 10:12:32.008 18644-22339/com.nubo.test7 D/nubo.NuboClientActivity: cmdcode: 7, bytesCount: 66, channelType: 0, processId: 10014
2021-02-02 10:12:32.009 18644-22339/com.nubo.test7 D/nubo.NuboClientActivity: cmdcode: 7, bytesCount: 66, channelType: 0, processId: 10014
2021-02-02 10:12:32.010 18644-22339/com.nubo.test7 D/nubo.NuboClientActivity: cmdcode: 101, bytesCount: 13, channelType: 0, processId: 10014
2021-02-02 10:12:32.010 18644-22343/com.nubo.test7 D/nubo.NuboClientActivity: cmdcode: -120, bytesCount: 101, channelType: 2, processId: -1
2021-02-02 10:12:32.021 18644-22343/com.nubo.test7 D/nubo.NuboClientActivity: cmdcode: -120, bytesCount: 101, channelType: 2, processId: -1
2021-02-02 10:12:32.043 18644-22339/com.nubo.test7 D/nubo.NuboClientActivity: cmdcode: 1, bytesCount: 30, channelType: 0, processId: 10014
2021-02-02 10:12:32.044 18644-22339/com.nubo.test7 D/nubo.NuboClientActivity: cmdcode: 16, bytesCount: 36, channelType: 0, processId: 10014
2021-02-02 10:12:32.044 18644-22339/com.nubo.test7 D/nubo.NuboClientActivity: cmdcode: 2, bytesCount: 37, channelType: 0, processId: 10014
2021-02-02 10:12:32.045 18644-22339/com.nubo.test7 D/nubo.NuboClientActivity: cmdcode: 7, bytesCount: 62, channelType: 0, processId: 10014
2021-02-02 10:12:32.045 18644-22339/com.nubo.test7 D/nubo.NuboClientActivity: cmdcode: 2, bytesCount: 37, channelType: 0, processId: 10014
2021-02-02 10:12:32.046 18644-22339/com.nubo.test7 D/nubo.NuboClientActivity: cmdcode: 7, bytesCount: 66, channelType: 0, processId: 10014
2021-02-02 10:12:32.046 18644-22339/com.nubo.test7 D/nubo.NuboClientActivity: cmdcode: 8, bytesCount: 81, channelType: 0, processId: 10014
2021-02-02 10:12:32.047 18644-22339/com.nubo.test7 D/nubo.NuboClientActivity: cmdcode: 14, bytesCount: 78, channelType: 0, processId: 10014
2021-02-02 10:12:32.048 18644-22339/com.nubo.test7 D/nubo.NuboClientActivity: cmdcode: 8, bytesCount: 81, channelType: 0, processId: 10014
2021-02-02 10:12:32.048 18644-22339/com.nubo.test7 D/nubo.NuboClientActivity: cmdcode: 5, bytesCount: 97, channelType: 0, processId: 10014
2021-02-02 10:12:32.049 18644-22339/com.nubo.test7 D/nubo.NuboClientActivity: cmdcode: 8, bytesCount: 81, channelType: 0, processId: 10014
2021-02-02 10:12:32.050 18644-22339/com.nubo.test7 D/nubo.NuboClientActivity: cmdcode: 8, bytesCount: 73, channelType: 0, processId: 10014
2021-02-02 10:12:32.051 18644-22339/com.nubo.test7 D/nubo.NuboClientActivity: cmdcode: 7, bytesCount: 66, channelType: 0, processId: 10014
2021-02-02 10:12:32.052 18644-22339/com.nubo.test7 D/nubo.NuboClientActivity: cmdcode: 7, bytesCount: 66, channelType: 0, processId: 10014
2021-02-02 10:12:32.052 18644-22339/com.nubo.test7 D/nubo.NuboClientActivity: cmdcode: 101, bytesCount: 13, channelType: 0, processId: 10014
2021-02-02 10:12:32.069 18644-22343/com.nubo.test7 D/nubo.NuboClientActivity: cmdcode: -120, bytesCount: 101, channelType: 2, processId: -1
2021-02-02 10:12:32.380 18644-22343/com.nubo.test7 I/chatty: uid=10300(com.nubo.test7) Thread-27 identical 6 lines
2021-02-02 10:12:32.383 18644-22343/com.nubo.test7 D/nubo.NuboClientActivity: cmdcode: -120, bytesCount: 101, channelType: 2, processId: -1
2021-02-02 10:12:32.386 18644-22343/com.nubo.test7 D/nubo.NuboClientActivity: cmdcode: -120, bytesCount: 57, channelType: 2, processId: -1
2021-02-02 10:12:32.389 18644-22343/com.nubo.test7 D/nubo.NuboClientActivity: cmdcode: -120, bytesCount: 33, channelType: 2, processId: -1
2021-02-02 10:12:32.391 18644-22343/com.nubo.test7 D/nubo.NuboClientActivity: cmdcode: -120, bytesCount: 57, channelType: 2, processId: -1
2021-02-02 10:12:32.393 18644-22343/com.nubo.test7 D/nubo.NuboClientActivity: cmdcode: -120, bytesCount: 33, channelType: 2, processId: -1
2021-02-02 10:12:32.395 18644-22343/com.nubo.test7 D/nubo.NuboClientActivity: cmdcode: -120, bytesCount: 1417, channelType: 2, processId: -1
2021-02-02 10:12:32.422 18644-22343/com.nubo.test7 I/chatty: uid=10300(com.nubo.test7) Thread-27 identical 25 lines
2021-02-02 10:12:32.422 18644-22343/com.nubo.test7 D/nubo.NuboClientActivity: cmdcode: -120, bytesCount: 1417, channelType: 2, processId: -1
2021-02-02 10:12:32.423 18644-22343/com.nubo.test7 D/nubo.NuboClientActivity: cmdcode: -120, bytesCount: 897, channelType: 2, processId: -1
2021-02-02 10:12:32.427 18644-22339/com.nubo.test7 D/nubo.NuboClientActivity: cmdcode: 123, bytesCount: 21, channelType: 0, processId: -1
2021-02-02 10:12:32.438 18644-22343/com.nubo.test7 D/nubo.NuboClientActivity: cmdcode: -120, bytesCount: 1266, channelType: 2, processId: -1
2021-02-02 10:12:32.477 18644-22343/com.nubo.test7 D/nubo.NuboClientActivity: cmdcode: -120, bytesCount: 206, channelType: 2, processId: -1
2021-02-02 10:12:32.510 18644-22343/com.nubo.test7 D/nubo.NuboClientActivity: cmdcode: -120, bytesCount: 111, channelType: 2, processId: -1
2021-02-02 10:12:32.549 18644-22343/com.nubo.test7 D/nubo.NuboClientActivity: cmdcode: -120, bytesCount: 108, channelType: 2, processId: -1
2021-02-02 10:12:32.591 18644-22343/com.nubo.test7 D/nubo.NuboClientActivity: cmdcode: -120, bytesCount: 86, channelType: 2, processId: -1
2021-02-02 10:12:32.629 18644-22343/com.nubo.test7 D/nubo.NuboClientActivity: cmdcode: -120, bytesCount: 76, channelType: 2, processId: -1
2021-02-02 10:12:32.712 18644-22343/com.nubo.test7 D/nubo.NuboClientActivity: cmdcode: 123, bytesCount: 21, channelType: 2, processId: -1
2021-02-02 10:12:32.714 18644-22343/com.nubo.test7 D/nubo.NuboClientActivity: cmdcode: -120, bytesCount: 76, channelType: 2, processId: -1
2021-02-02 10:12:33.310 18644-22343/com.nubo.test7 I/chatty: uid=10300(com.nubo.test7) Thread-27 identical 16 lines
2021-02-02 10:12:33.351 18644-22343/com.nubo.test7 D/nubo.NuboClientActivity: cmdcode: -120, bytesCount: 76, channelType: 2, processId: -1
2021-02-02 10:12:33.390 18644-22343/com.nubo.test7 D/nubo.NuboClientActivity: cmdcode: -120, bytesCount: 76, channelType: 2, processId: -1
2021-02-02 10:12:33.436 18644-22339/com.nubo.test7 D/nubo.NuboClientActivity: cmdcode: 123, bytesCount: 21, channelType: 0, processId: -1
2021-02-02 10:12:33.446 18644-22343/com.nubo.test7 D/nubo.NuboClientActivity: cmdcode: -120, bytesCount: 76, channelType: 2, processId: -1
2021-02-02 10:12:33.468 18644-22343/com.nubo.test7 D/nubo.NuboClientActivity: cmdcode: -120, bytesCount: 76, channelType: 2, processId: -1
2021-02-02 10:12:33.509 18644-22343/com.nubo.test7 D/nubo.NuboClientActivity: cmdcode: -120, bytesCount: 76, channelType: 2, processId: -1
2021-02-02 10:12:33.549 18644-22343/com.nubo.test7 D/nubo.NuboClientActivity: cmdcode: -120, bytesCount: 76, channelType: 2, processId: -1
2021-02-02 10:12:33.580 18644-22343/com.nubo.test7 D/nubo.NuboClientActivity: cmdcode: -120, bytesCount: 57, channelType: 2, processId: -1
2021-02-02 10:12:33.581 18644-22343/com.nubo.test7 D/nubo.NuboClientActivity: cmdcode: -120, bytesCount: 33, channelType: 2, processId: -1
2021-02-02 10:12:33.583 18644-22343/com.nubo.test7 D/nubo.NuboClientActivity: cmdcode: -120, bytesCount: 1417, channelType: 2, processId: -1
2021-02-02 10:12:33.584 18644-22343/com.nubo.test7 D/nubo.NuboClientActivity: cmdcode: -120, bytesCount: 1417, channelType: 2, processId: -1
2021-02-02 10:12:33.585 18644-22343/com.nubo.test7 D/nubo.NuboClientActivity: cmdcode: -120, bytesCount: 1417, channelType: 2, processId: -1
2021-02-02 10:12:33.586 18644-22343/com.nubo.test7 D/nubo.NuboClientActivity: cmdcode: -120, bytesCount: 1417, channelType: 2, processId: -1
2021-02-02 10:12:33.588 18644-22343/com.nubo.test7 D/nubo.NuboClientActivity: cmdcode: -120, bytesCount: 1417, channelType: 2, processId: -1
2021-02-02 10:12:33.589 18644-22343/com.nubo.test7 I/chatty: uid=10300(com.nubo.test7) Thread-27 identical 1 line
2021-02-02 10:12:33.590 18644-22343/com.nubo.test7 D/nubo.NuboClientActivity: cmdcode: -120, bytesCount: 1417, channelType: 2, processId: -1
2021-02-02 10:12:33.592 18644-22343/com.nubo.test7 D/nubo.NuboClientActivity: cmdcode: -120, bytesCount: 1417, channelType: 2, processId: -1
2021-02-02 10:12:33.593 18644-22343/com.nubo.test7 D/nubo.NuboClientActivity: cmdcode: -120, bytesCount: 1417, channelType: 2, processId: -1
2021-02-02 10:12:33.594 18644-22343/com.nubo.test7 D/nubo.NuboClientActivity: cmdcode: -120, bytesCount: 1417, channelType: 2, processId: -1
2021-02-02 10:12:33.594 18644-22343/com.nubo.test7 D/nubo.NuboClientActivity: cmdcode: -120, bytesCount: 1417, channelType: 2, processId: -1
2021-02-02 10:12:33.595 18644-22343/com.nubo.test7 D/nubo.NuboClientActivity: cmdcode: -120, bytesCount: 1417, channelType: 2, processId: -1
2021-02-02 10:12:33.601 18644-22343/com.nubo.test7 I/chatty: uid=10300(com.nubo.test7) Thread-27 identical 9 lines
2021-02-02 10:12:33.601 18644-22343/com.nubo.test7 D/nubo.NuboClientActivity: cmdcode: -120, bytesCount: 1417, channelType: 2, processId: -1
2021-02-02 10:12:33.602 18644-22343/com.nubo.test7 D/nubo.NuboClientActivity: cmdcode: -120, bytesCount: 1417, channelType: 2, processId: -1
2021-02-02 10:12:33.604 18644-22343/com.nubo.test7 I/chatty: uid=10300(com.nubo.test7) Thread-27 identical 3 lines
2021-02-02 10:12:33.605 18644-22343/com.nubo.test7 D/nubo.NuboClientActivity: cmdcode: -120, bytesCount: 1417, channelType: 2, processId: -1
2021-02-02 10:12:33.605 18644-22343/com.nubo.test7 D/nubo.NuboClientActivity: cmdcode: -120, bytesCount: 897, channelType: 2, processId: -1
2021-02-02 10:12:33.626 18644-22343/com.nubo.test7 D/nubo.NuboClientActivity: cmdcode: -120, bytesCount: 1266, channelType: 2, processId: -1
2021-02-02 10:12:33.670 18644-22343/com.nubo.test7 D/nubo.NuboClientActivity: cmdcode: -120, bytesCount: 206, channelType: 2, processId: -1
2021-02-02 10:12:33.711 18644-22343/com.nubo.test7 D/nubo.NuboClientActivity: cmdcode: -120, bytesCount: 111, channelType: 2, processId: -1
2021-02-02 10:12:33.749 18644-22343/com.nubo.test7 D/nubo.NuboClientActivity: cmdcode: -120, bytesCount: 108, channelType: 2, processId: -1
2021-02-02 10:12:33.788 18644-22343/com.nubo.test7 D/nubo.NuboClientActivity: cmdcode: -120, bytesCount: 86, channelType: 2, processId: -1
2021-02-02 10:12:33.831 18644-22343/com.nubo.test7 D/nubo.NuboClientActivity: cmdcode: -120, bytesCount: 76, channelType: 2, processId: -1
2021-02-02 10:12:33.868 18644-22343/com.nubo.test7 D/nubo.NuboClientActivity: cmdcode: -120, bytesCount: 76, channelType: 2, processId: -1
2021-02-02 10:12:33.910 18644-22343/com.nubo.test7 D/nubo.NuboClientActivity: cmdcode: -120, bytesCount: 76, channelType: 2, processId: -1
2021-02-02 10:12:33.949 18644-22343/com.nubo.test7 D/nubo.NuboClientActivity: cmdcode: -120, bytesCount: 76, channelType: 2, processId: -1
2021-02-02 10:12:33.989 18644-22343/com.nubo.test7 D/nubo.NuboClientActivity: cmdcode: -120, bytesCount: 76, channelType: 2, processId: -1
2021-02-02 10:12:34.036 18644-22343/com.nubo.test7 I/chatty: uid=10300(com.nubo.test7) Thread-27 identical 1 line
2021-02-02 10:12:34.068 18644-22343/com.nubo.test7 D/nubo.NuboClientActivity: cmdcode: -120, bytesCount: 76, channelType: 2, processId: -1
2021-02-02 10:12:34.109 18644-22343/com.nubo.test7 D/nubo.NuboClientActivity: cmdcode: -120, bytesCount: 76, channelType: 2, processId: -1
2021-02-02 10:12:34.388 18644-22343/com.nubo.test7 I/chatty: uid=10300(com.nubo.test7) Thread-27 identical 7 lines
2021-02-02 10:12:34.441 18644-22343/com.nubo.test7 D/nubo.NuboClientActivity: cmdcode: -120, bytesCount: 76, channelType: 2, processId: -1
2021-02-02 10:12:34.456 18644-22339/com.nubo.test7 D/nubo.NuboClientActivity: cmdcode: 123, bytesCount: 21, channelType: 0, processId: -1
2021-02-02 10:12:34.481 18644-22343/com.nubo.test7 D/nubo.NuboClientActivity: cmdcode: -120, bytesCount: 76, channelType: 2, processId: -1
2021-02-02 10:12:34.671 18644-22343/com.nubo.test7 I/chatty: uid=10300(com.nubo.test7) Thread-27 identical 5 lines
2021-02-02 10:12:34.711 18644-22343/com.nubo.test7 D/nubo.NuboClientActivity: cmdcode: -120, bytesCount: 76, channelType: 2, processId: -1
2021-02-02 10:12:34.752 18644-22343/com.nubo.test7 D/nubo.NuboClientActivity: cmdcode: -120, bytesCount: 76, channelType: 2, processId: -1
2021-02-02 10:12:34.782 18644-22343/com.nubo.test7 D/nubo.NuboClientActivity: cmdcode: -120, bytesCount: 57, channelType: 2, processId: -1
2021-02-02 10:12:34.785 18644-22343/com.nubo.test7 D/nubo.NuboClientActivity: cmdcode: -120, bytesCount: 33, channelType: 2, processId: -1
2021-02-02 10:12:34.789 18644-22343/com.nubo.test7 D/nubo.NuboClientActivity: cmdcode: -120, bytesCount: 57, channelType: 2, processId: -1
2021-02-02 10:12:34.791 18644-22343/com.nubo.test7 D/nubo.NuboClientActivity: cmdcode: -120, bytesCount: 33, channelType: 2, processId: -1
2021-02-02 10:12:34.793 18644-22343/com.nubo.test7 D/nubo.NuboClientActivity: cmdcode: -120, bytesCount: 1417, channelType: 2, processId: -1
2021-02-02 10:12:34.822 18644-22343/com.nubo.test7 I/chatty: uid=10300(com.nubo.test7) Thread-27 identical 25 lines
2021-02-02 10:12:34.823 18644-22343/com.nubo.test7 D/nubo.NuboClientActivity: cmdcode: -120, bytesCount: 1417, channelType: 2, processId: -1
2021-02-02 10:12:34.824 18644-22343/com.nubo.test7 D/nubo.NuboClientActivity: cmdcode: -120, bytesCount: 897, channelType: 2, processId: -1
2021-02-02 10:12:34.837 18644-22343/com.nubo.test7 D/nubo.NuboClientActivity: cmdcode: -120, bytesCount: 1266, channelType: 2, processId: -1
2021-02-02 10:12:34.869 18644-22343/com.nubo.test7 D/nubo.NuboClientActivity: cmdcode: -120, bytesCount: 206, channelType: 2, processId: -1
2021-02-02 10:12:34.910 18644-22343/com.nubo.test7 D/nubo.NuboClientActivity: cmdcode: -120, bytesCount: 111, channelType: 2, processId: -1
2021-02-02 10:12:34.951 18644-22343/com.nubo.test7 D/nubo.NuboClientActivity: cmdcode: -120, bytesCount: 108, channelType: 2, processId: -1
2021-02-02 10:12:34.993 18644-22343/com.nubo.test7 D/nubo.NuboClientActivity: cmdcode: -120, bytesCount: 86, channelType: 2, processId: -1
2021-02-02 10:12:35.028 18644-22343/com.nubo.test7 D/nubo.NuboClientActivity: cmdcode: -120, bytesCount: 76, channelType: 2, processId: -1
2021-02-02 10:12:35.152 18644-22343/com.nubo.test7 I/chatty: uid=10300(com.nubo.test7) Thread-27 identical 3 lines
2021-02-02 10:12:35.190 18644-22343/com.nubo.test7 D/nubo.NuboClientActivity: cmdcode: -120, bytesCount: 76, channelType: 2, processId: -1
2021-02-02 10:12:35.212 18644-22339/com.nubo.test7 D/nubo.NuboClientActivity: cmdcode: -122, bytesCount: 33, channelType: 0, processId: 10014
2021-02-02 10:12:35.213 18644-22339/com.nubo.test7 E/NuboSensorManager: enableSensor. processId: 10014, sensorType: 1, listenerHash: 5668172, rateUs: 200000, maxBatchReportLatencyUs: 0
2021-02-02 10:12:35.224 18644-22339/com.nubo.test7 D/SensorManager: registerListener :: 1, LSM6DSO Acceleration Sensor, 200000, 0,  
2021-02-02 10:12:35.225 18644-22339/com.nubo.test7 D/nubo.NuboClientActivity: cmdcode: -122, bytesCount: 33, channelType: 0, processId: 10014
2021-02-02 10:12:35.226 18644-22339/com.nubo.test7 E/NuboSensorManager: enableSensor. processId: 10014, sensorType: 2, listenerHash: 63484309, rateUs: 200000, maxBatchReportLatencyUs: 0
2021-02-02 10:12:35.234 18644-22339/com.nubo.test7 D/SensorManager: registerListener :: 6, AK09918C Magnetic field Sensor, 200000, 0,  
2021-02-02 10:12:35.239 18644-22343/com.nubo.test7 D/nubo.NuboClientActivity: cmdcode: -120, bytesCount: 76, channelType: 2, processId: -1
2021-02-02 10:12:35.271 18644-22343/com.nubo.test7 D/nubo.NuboClientActivity: cmdcode: -120, bytesCount: 76, channelType: 2, processId: -1
2021-02-02 10:12:35.434 18644-22343/com.nubo.test7 I/chatty: uid=10300(com.nubo.test7) Thread-27 identical 3 lines
2021-02-02 10:12:35.436 18644-22343/com.nubo.test7 D/nubo.NuboClientActivity: cmdcode: -120, bytesCount: 76, channelType: 2, processId: -1
2021-02-02 10:12:35.447 18644-22339/com.nubo.test7 D/nubo.NuboClientActivity: cmdcode: 123, bytesCount: 21, channelType: 0, processId: -1
2021-02-02 10:12:35.469 18644-22343/com.nubo.test7 D/nubo.NuboClientActivity: cmdcode: -120, bytesCount: 76, channelType: 2, processId: -1
2021-02-02 10:12:35.559 18644-22343/com.nubo.test7 D/nubo.NuboClientActivity: cmdcode: -120, bytesCount: 76, channelType: 2, processId: -1
2021-02-02 10:12:35.571 18644-22343/com.nubo.test7 D/nubo.NuboClientActivity: cmdcode: -120, bytesCount: 76, channelType: 2, processId: -1
2021-02-02 10:12:35.572 18644-18644/com.nubo.test7 D/ViewRootImpl@6a68d4f[NuboClientActivity]: ViewPostIme pointer 0
2021-02-02 10:12:35.586 18644-22343/com.nubo.test7 D/nubo.NuboClientActivity: cmdcode: -120, bytesCount: 76, channelType: 2, processId: -1
2021-02-02 10:12:35.653 18644-22343/com.nubo.test7 D/nubo.NuboClientActivity: cmdcode: -120, bytesCount: 76, channelType: 2, processId: -1
2021-02-02 10:12:35.685 18644-22343/com.nubo.test7 D/nubo.NuboClientActivity: cmdcode: -120, bytesCount: 76, channelType: 2, processId: -1
2021-02-02 10:12:35.752 18644-22343/com.nubo.test7 D/nubo.NuboClientActivity: cmdcode: -120, bytesCount: 76, channelType: 2, processId: -1
2021-02-02 10:12:35.779 18644-18644/com.nubo.test7 D/ViewRootImpl@6a68d4f[NuboClientActivity]: ViewPostIme pointer 1
2021-02-02 10:12:35.786 18644-22343/com.nubo.test7 D/nubo.NuboClientActivity: cmdcode: -120, bytesCount: 76, channelType: 2, processId: -1
2021-02-02 10:12:35.846 18644-22343/com.nubo.test7 I/chatty: uid=10300(com.nubo.test7) Thread-27 identical 1 line
2021-02-02 10:12:35.855 18644-22343/com.nubo.test7 D/nubo.NuboClientActivity: cmdcode: -120, bytesCount: 76, channelType: 2, processId: -1
2021-02-02 10:12:35.915 18644-22343/com.nubo.test7 D/nubo.NuboClientActivity: cmdcode: -120, bytesCount: 76, channelType: 2, processId: -1
2021-02-02 10:12:35.925 18644-22343/com.nubo.test7 I/chatty: uid=10300(com.nubo.test7) Thread-27 identical 1 line
2021-02-02 10:12:35.948 18644-22343/com.nubo.test7 D/nubo.NuboClientActivity: cmdcode: -120, bytesCount: 76, channelType: 2, processId: -1
2021-02-02 10:12:35.966 18644-22339/com.nubo.test7 D/nubo.NuboClientActivity: cmdcode: -122, bytesCount: 25, channelType: 0, processId: 10014
2021-02-02 10:12:35.967 18644-22339/com.nubo.test7 E/NuboSensorManager: disableSensor. processId: 10014, sensorType: 1, listenerHash: 5668172
2021-02-02 10:12:35.972 18644-22339/com.nubo.test7 D/SensorManager: unregisterListener :: 1, LSM6DSO Acceleration Sensor,  
2021-02-02 10:12:35.972 18644-22339/com.nubo.test7 D/nubo.NuboClientActivity: cmdcode: -122, bytesCount: 25, channelType: 0, processId: 10014
2021-02-02 10:12:35.973 18644-22339/com.nubo.test7 E/NuboSensorManager: disableSensor. processId: 10014, sensorType: 2, listenerHash: 63484309
2021-02-02 10:12:35.979 18644-22343/com.nubo.test7 D/nubo.NuboClientActivity: cmdcode: -120, bytesCount: 57, channelType: 2, processId: -1
2021-02-02 10:12:35.980 18644-22343/com.nubo.test7 D/nubo.NuboClientActivity: cmdcode: -120, bytesCount: 33, channelType: 2, processId: -1
2021-02-02 10:12:35.981 18644-22339/com.nubo.test7 D/SensorManager: unregisterListener :: 6, AK09918C Magnetic field Sensor,  
2021-02-02 10:12:35.981 18644-22343/com.nubo.test7 D/nubo.NuboClientActivity: cmdcode: -120, bytesCount: 1417, channelType: 2, processId: -1
2021-02-02 10:12:35.990 18644-22343/com.nubo.test7 I/chatty: uid=10300(com.nubo.test7) Thread-27 identical 25 lines
2021-02-02 10:12:35.990 18644-22343/com.nubo.test7 D/nubo.NuboClientActivity: cmdcode: -120, bytesCount: 1417, channelType: 2, processId: -1
2021-02-02 10:12:35.998 18644-22343/com.nubo.test7 D/nubo.NuboClientActivity: cmdcode: -120, bytesCount: 897, channelType: 2, processId: -1
2021-02-02 10:12:36.031 18644-22343/com.nubo.test7 D/nubo.NuboClientActivity: cmdcode: -120, bytesCount: 1266, channelType: 2, processId: -1
2021-02-02 10:12:36.068 18644-22343/com.nubo.test7 D/nubo.NuboClientActivity: cmdcode: -120, bytesCount: 206, channelType: 2, processId: -1
2021-02-02 10:12:36.081 18644-18644/com.nubo.test7 D/ViewRootImpl@6a68d4f[NuboClientActivity]: ViewPostIme pointer 0
2021-02-02 10:12:36.107 18644-22343/com.nubo.test7 D/nubo.NuboClientActivity: cmdcode: -120, bytesCount: 111, channelType: 2, processId: -1
2021-02-02 10:12:36.148 18644-22343/com.nubo.test7 D/nubo.NuboClientActivity: cmdcode: -120, bytesCount: 108, channelType: 2, processId: -1
2021-02-02 10:12:36.187 18644-22343/com.nubo.test7 D/nubo.NuboClientActivity: cmdcode: -120, bytesCount: 86, channelType: 2, processId: -1
2021-02-02 10:12:36.214 18644-18644/com.nubo.test7 D/ViewRootImpl@6a68d4f[NuboClientActivity]: ViewPostIme pointer 1
2021-02-02 10:12:36.287 18644-22343/com.nubo.test7 D/nubo.NuboClientActivity: cmdcode: -120, bytesCount: 76, channelType: 2, processId: -1
2021-02-02 10:12:36.307 18644-22343/com.nubo.test7 I/chatty: uid=10300(com.nubo.test7) Thread-27 identical 2 lines
2021-02-02 10:12:36.348 18644-22343/com.nubo.test7 D/nubo.NuboClientActivity: cmdcode: -120, bytesCount: 76, channelType: 2, processId: -1
2021-02-02 10:12:36.389 18644-22343/com.nubo.test7 D/nubo.NuboClientActivity: cmdcode: -120, bytesCount: 76, channelType: 2, processId: -1
2021-02-02 10:12:36.436 18644-22339/com.nubo.test7 D/nubo.NuboClientActivity: cmdcode: 123, bytesCount: 21, channelType: 0, processId: -1
2021-02-02 10:12:36.446 18644-22343/com.nubo.test7 D/nubo.NuboClientActivity: cmdcode: -120, bytesCount: 76, channelType: 2, processId: -1
2021-02-02 10:12:36.467 18644-22343/com.nubo.test7 I/chatty: uid=10300(com.nubo.test7) Thread-27 identical 1 line
2021-02-02 10:12:36.508 18644-22343/com.nubo.test7 D/nubo.NuboClientActivity: cmdcode: -120, bytesCount: 76, channelType: 2, processId: -1
2021-02-02 10:12:36.529 18644-22339/com.nubo.test7 D/nubo.NuboClientActivity: cmdcode: 1, bytesCount: 30, channelType: 0, processId: 10014
2021-02-02 10:12:36.530 18644-22339/com.nubo.test7 D/nubo.NuboClientActivity: cmdcode: 16, bytesCount: 36, channelType: 0, processId: 10014
2021-02-02 10:12:36.530 18644-22339/com.nubo.test7 D/nubo.NuboClientActivity: cmdcode: 2, bytesCount: 37, channelType: 0, processId: 10014
2021-02-02 10:12:36.531 18644-22339/com.nubo.test7 D/nubo.NuboClientActivity: cmdcode: 7, bytesCount: 62, channelType: 0, processId: 10014
2021-02-02 10:12:36.531 18644-22339/com.nubo.test7 D/nubo.NuboClientActivity: cmdcode: 2, bytesCount: 37, channelType: 0, processId: 10014
2021-02-02 10:12:36.532 18644-22339/com.nubo.test7 D/nubo.NuboClientActivity: cmdcode: 7, bytesCount: 58, channelType: 0, processId: 10014
2021-02-02 10:12:36.532 18644-22339/com.nubo.test7 D/nubo.NuboClientActivity: cmdcode: 15, bytesCount: 67, channelType: 0, processId: 10014
2021-02-02 10:12:36.532 18644-22339/com.nubo.test7 D/nubo.NuboClientActivity: cmdcode: 6, bytesCount: 79, channelType: 0, processId: 10014
2021-02-02 10:12:36.533 18644-22339/com.nubo.test7 D/nubo.NuboClientActivity: cmdcode: 101, bytesCount: 13, channelType: 0, processId: 10014
2021-02-02 10:12:36.549 18644-22343/com.nubo.test7 D/nubo.NuboClientActivity: cmdcode: -120, bytesCount: 76, channelType: 2, processId: -1
2021-02-02 10:12:36.589 18644-22343/com.nubo.test7 I/chatty: uid=10300(com.nubo.test7) Thread-27 identical 1 line
2021-02-02 10:12:36.629 18644-22343/com.nubo.test7 D/nubo.NuboClientActivity: cmdcode: -120, bytesCount: 76, channelType: 2, processId: -1
2021-02-02 10:12:36.650 18644-18644/com.nubo.test7 D/ViewRootImpl@6a68d4f[NuboClientActivity]: ViewPostIme pointer 0
2021-02-02 10:12:36.707 18644-22343/com.nubo.test7 D/nubo.NuboClientActivity: cmdcode: 123, bytesCount: 21, channelType: 2, processId: -1
2021-02-02 10:12:36.707 18644-22343/com.nubo.test7 D/nubo.NuboClientActivity: cmdcode: -120, bytesCount: 76, channelType: 2, processId: -1
2021-02-02 10:12:36.708 18644-22343/com.nubo.test7 D/nubo.NuboClientActivity: cmdcode: -120, bytesCount: 76, channelType: 2, processId: -1
2021-02-02 10:12:36.748 18644-22343/com.nubo.test7 D/nubo.NuboClientActivity: cmdcode: -120, bytesCount: 76, channelType: 2, processId: -1
2021-02-02 10:12:36.783 18644-18644/com.nubo.test7 D/ViewRootImpl@6a68d4f[NuboClientActivity]: ViewPostIme pointer 1
2021-02-02 10:12:36.788 18644-22343/com.nubo.test7 D/nubo.NuboClientActivity: cmdcode: -120, bytesCount: 76, channelType: 2, processId: -1
2021-02-02 10:12:36.990 18644-22343/com.nubo.test7 I/chatty: uid=10300(com.nubo.test7) Thread-27 identical 5 lines
2021-02-02 10:12:37.031 18644-22343/com.nubo.test7 D/nubo.NuboClientActivity: cmdcode: -120, bytesCount: 76, channelType: 2, processId: -1
2021-02-02 10:12:37.069 18644-22343/com.nubo.test7 D/nubo.NuboClientActivity: cmdcode: -120, bytesCount: 76, channelType: 2, processId: -1
2021-02-02 10:12:37.108 18644-22343/com.nubo.test7 I/chatty: uid=10300(com.nubo.test7) Thread-27 identical 1 line
2021-02-02 10:12:37.148 18644-22343/com.nubo.test7 D/nubo.NuboClientActivity: cmdcode: -120, bytesCount: 76, channelType: 2, processId: -1
2021-02-02 10:12:37.179 18644-22343/com.nubo.test7 D/nubo.NuboClientActivity: cmdcode: -120, bytesCount: 57, channelType: 2, processId: -1
2021-02-02 10:12:37.180 18644-22343/com.nubo.test7 D/nubo.NuboClientActivity: cmdcode: -120, bytesCount: 33, channelType: 2, processId: -1
2021-02-02 10:12:37.180 18644-22343/com.nubo.test7 D/nubo.NuboClientActivity: cmdcode: -120, bytesCount: 57, channelType: 2, processId: -1
2021-02-02 10:12:37.181 18644-22343/com.nubo.test7 D/nubo.NuboClientActivity: cmdcode: -120, bytesCount: 33, channelType: 2, processId: -1
2021-02-02 10:12:37.181 18644-22343/com.nubo.test7 D/nubo.NuboClientActivity: cmdcode: -120, bytesCount: 1417, channelType: 2, processId: -1
2021-02-02 10:12:37.190 18644-22343/com.nubo.test7 I/chatty: uid=10300(com.nubo.test7) Thread-27 identical 25 lines
2021-02-02 10:12:37.190 18644-22343/com.nubo.test7 D/nubo.NuboClientActivity: cmdcode: -120, bytesCount: 1417, channelType: 2, processId: -1
2021-02-02 10:12:37.231 18644-22343/com.nubo.test7 D/nubo.NuboClientActivity: cmdcode: -120, bytesCount: 897, channelType: 2, processId: -1
2021-02-02 10:12:37.238 18644-22343/com.nubo.test7 D/nubo.NuboClientActivity: cmdcode: -120, bytesCount: 1266, channelType: 2, processId: -1
2021-02-02 10:12:37.267 18644-22343/com.nubo.test7 D/nubo.NuboClientActivity: cmdcode: -120, bytesCount: 206, channelType: 2, processId: -1
2021-02-02 10:12:37.309 18644-22343/com.nubo.test7 D/nubo.NuboClientActivity: cmdcode: -120, bytesCount: 111, channelType: 2, processId: -1
2021-02-02 10:12:37.349 18644-22343/com.nubo.test7 D/nubo.NuboClientActivity: cmdcode: -120, bytesCount: 108, channelType: 2, processId: -1
2021-02-02 10:12:37.387 18644-22343/com.nubo.test7 D/nubo.NuboClientActivity: cmdcode: -120, bytesCount: 86, channelType: 2, processId: -1
2021-02-02 10:12:37.440 18644-22343/com.nubo.test7 D/nubo.NuboClientActivity: cmdcode: -120, bytesCount: 76, channelType: 2, processId: -1
2021-02-02 10:12:37.450 18644-22339/com.nubo.test7 D/nubo.NuboClientActivity: cmdcode: 123, bytesCount: 21, channelType: 0, processId: -1
2021-02-02 10:12:37.472 18644-22343/com.nubo.test7 D/nubo.NuboClientActivity: cmdcode: -120, bytesCount: 76, channelType: 2, processId: -1
2021-02-02 10:12:37.632 18644-22343/com.nubo.test7 I/chatty: uid=10300(com.nubo.test7) Thread-27 identical 4 lines
2021-02-02 10:12:37.673 18644-22343/com.nubo.test7 D/nubo.NuboClientActivity: cmdcode: -120, bytesCount: 76, channelType: 2, processId: -1
2021-02-02 10:12:37.710 18644-22343/com.nubo.test7 D/nubo.NuboClientActivity: cmdcode: -120, bytesCount: 76, channelType: 2, processId: -1
2021-02-02 10:12:37.749 18644-22343/com.nubo.test7 D/nubo.NuboClientActivity: cmdcode: -120, bytesCount: 76, channelType: 2, processId: -1
2021-02-02 10:12:37.789 18644-22343/com.nubo.test7 D/nubo.NuboClientActivity: cmdcode: -120, bytesCount: 76, channelType: 2, processId: -1
2021-02-02 10:12:37.830 18644-22343/com.nubo.test7 I/chatty: uid=10300(com.nubo.test7) Thread-27 identical 1 line
2021-02-02 10:12:37.869 18644-22343/com.nubo.test7 D/nubo.NuboClientActivity: cmdcode: -120, bytesCount: 76, channelType: 2, processId: -1
2021-02-02 10:12:37.892 18644-22339/com.nubo.test7 D/nubo.NuboClientActivity: cmdcode: -126, bytesCount: 24, channelType: 0, processId: -1
2021-02-02 10:12:37.893 18644-22339/com.nubo.test7 D/nubo.NuboClientActivity: audioCommand playbackStarted=true, playbackStreamType=-1, recordStarted=false, recordInputSource=0, speakerPhoneOn=false, pid=-1, currentProcessId=10014, topProcess: false
2021-02-02 10:12:37.901 18644-22339/com.nubo.test7 E/AudioManager: Use channel audio!
2021-02-02 10:12:37.902 18644-22339/com.nubo.test7 E/nubo.NuboClientActivity: Starting audio
2021-02-02 10:12:37.905 18644-22339/com.nubo.test7 W/com.nubo.test7: Accessing hidden field Ljava/io/FileDescriptor;->descriptor:I (greylist, JNI, allowed)
2021-02-02 10:12:37.905 18644-22339/com.nubo.test7 I/GStreamer: GStreamer already initialized
2021-02-02 10:12:37.905 18644-22339/com.nubo.test7 I/GStreamer: GStreamer already initialized
2021-02-02 10:12:37.914 18644-22343/com.nubo.test7 D/nubo.NuboClientActivity: cmdcode: -120, bytesCount: 76, channelType: 2, processId: -1
2021-02-02 10:12:37.919 18644-22339/com.nubo.test7 I/TrackWriter: bufferSizeInMs: 50, outBufferSizeInBytes: 9600, minBufferSize: 15392
2021-02-02 10:12:37.924 18644-22339/com.nubo.test7 I/RecordReader: bufferSizeInMs: 40, inBufferSizeBytes: 640, minBufferSize: 640
2021-02-02 10:12:37.924 18644-22339/com.nubo.test7 I/nubo.NuboClientActivity: openChannel. Starting channel for process :0, channelType: 4, channelIdx: 0
2021-02-02 10:12:37.925 18644-22780/com.nubo.test7 E/nubo.NuboClientActivity: Adding channel: 29915, size: 2
2021-02-02 10:12:37.925 18644-22339/com.nubo.test7 I/TrackWriter: setAudioTrack. bufferSizeInBytes:9600, OUT_SAMPLE_RATE: 48000
2021-02-02 10:12:37.925 18644-22780/com.nubo.test7 V/nubo.Debugger: Starting socket thread. channelType: 4, Connecting to labil.nubosoftware.com:7443
2021-02-02 10:12:37.955 18644-22785/com.nubo.test7 D/GSTOut: GST: appsrc name="app_source" caps="application/x-rtp, media=(string)audio, clock-rate=(int)48000, encoding-name=(string)OPUS, encoding-params=(string)2, channels=(int)2, payload=(int)96" format=3 ! rtpopusdepay  !  opusdec ! audio/x-raw,rate=48000,format=S16LE,channels=2  ! fdsink fd=171
2021-02-02 10:12:37.956 18644-22785/com.nubo.test7 D/GSTOut: GST: State changed to READY
2021-02-02 10:12:37.956 18644-22788/com.nubo.test7 D/GSTIn: GST: appsrc name="app_source" format=2 ! rawaudioparse use-sink-caps=false format=pcm pcm-format=s16le sample-rate=8000 num-channels=1 !audioconvert ! audio/x-raw,channels=1,clock-rate=8000 ! opusenc audio-type=voice frame-size=20 ! fdsink fd=173
2021-02-02 10:12:37.957 18644-22788/com.nubo.test7 D/GSTIn: GST: State changed to READY
2021-02-02 10:12:37.957 18644-22789/com.nubo.test7 D/GSTOut: GST: Start feeding sourceid: 2
2021-02-02 10:12:37.958 18644-22343/com.nubo.test7 D/nubo.NuboClientActivity: cmdcode: -120, bytesCount: 76, channelType: 2, processId: -1
2021-02-02 10:12:37.960 18644-22790/com.nubo.test7 D/GSTIn: GST: Start feeding sourceid: 2
2021-02-02 10:12:37.989 18644-22343/com.nubo.test7 D/nubo.NuboClientActivity: cmdcode: -120, bytesCount: 76, channelType: 2, processId: -1
2021-02-02 10:12:37.999 18644-22780/com.nubo.test7 E/nubo.Debugger: SocketThread::run. Creaating streamMgr, channelIdx: 0
2021-02-02 10:12:38.000 18644-22780/com.nubo.test7 E/nubo.Debugger: SocketThread::run. sendChannelLogin, channelIdx: 0
2021-02-02 10:12:38.001 18644-22780/com.nubo.test7 E/nubo.Debugger: SocketThread::run. Waiting for drawPlayerLoginAck. channelIdx: 0
2021-02-02 10:12:38.002 18644-22794/com.nubo.test7 E/nubo.NuboOutStreamMgr: Sending cmd: 5
2021-02-02 10:12:38.075 18644-22780/com.nubo.test7 E/nubo.Debugger: SocketThread::run. loginMgmtErrorCode: 0, channelIdx: 0
2021-02-02 10:12:38.076 18644-22780/com.nubo.test7 I/nubo.Debugger: Logged in
2021-02-02 10:12:38.085 18644-22343/com.nubo.test7 D/nubo.NuboClientActivity: cmdcode: -120, bytesCount: 76, channelType: 2, processId: -1
2021-02-02 10:12:38.087 18644-22343/com.nubo.test7 D/nubo.NuboClientActivity: cmdcode: -120, bytesCount: 76, channelType: 2, processId: -1
2021-02-02 10:12:38.100 18644-22339/com.nubo.test7 D/nubo.NuboClientActivity: cmdcode: 90, bytesCount: 17, channelType: 0, processId: 10014
2021-02-02 10:12:38.101 18644-22339/com.nubo.test7 D/nubo.NuboClientActivity: cameraCreateNew. cameraId: 7
2021-02-02 10:12:38.101 18644-22339/com.nubo.test7 E/nubo.CameraManager: createNewCamera. cameraHash: 133143130
2021-02-02 10:12:38.108 18644-22339/com.nubo.test7 D/nubo.NuboClientActivity: cmdcode: -124, bytesCount: 25, channelType: 0, processId: 10014
2021-02-02 10:12:38.109 18644-18644/com.nubo.test7 W/CameraBase: An error occurred while connecting to camera 7: Status(-8, EX_SERVICE_SPECIFIC): '4: connectHelper:1758: No camera device with ID "" currently available'
2021-02-02 10:12:38.109 18644-22339/com.nubo.test7 I/nubo.NuboClientActivity: channelCommand. CREATE, channelType: 3, channelIdx: 7
2021-02-02 10:12:38.109 18644-22343/com.nubo.test7 D/nubo.NuboClientActivity: cmdcode: -120, bytesCount: 76, channelType: 2, processId: -1
2021-02-02 10:12:38.110 18644-22339/com.nubo.test7 I/nubo.NuboClientActivity: openChannel. Starting channel for process :10014, channelType: 3, channelIdx: 7
2021-02-02 10:12:38.110 18644-18644/com.nubo.test7 E/nubo.CameraManager: createNewCamera Errorjava.lang.RuntimeException: Fail to connect to camera service
        at android.hardware.Camera.<init>(Camera.java:551)
        at android.hardware.Camera.open(Camera.java:396)
        at com.nubo.camera.CameraManager$1.onPermissionGranted(CameraManager.java:332)
        at com.karumi.dexter.MultiplePermissionsListenerToPermissionListenerAdapter.onPermissionsChecked(Unknown Source:35)
        at com.karumi.dexter.DexterInstance$1.run(Unknown Source:43)
        at android.os.Handler.handleCallback(Handler.java:883)
        at android.os.Handler.dispatchMessage(Handler.java:100)
        at android.os.Looper.loop(Looper.java:237)
        at android.app.ActivityThread.main(ActivityThread.java:8016)
        at java.lang.reflect.Method.invoke(Native Method)
        at com.android.internal.os.RuntimeInit$MethodAndArgsCaller.run(RuntimeInit.java:493)
        at com.android.internal.os.ZygoteInit.main(ZygoteInit.java:1076)
2021-02-02 10:12:38.112 18644-22795/com.nubo.test7 E/nubo.NuboClientActivity: Adding channel: 9653345, size: 3
2021-02-02 10:12:38.112 18644-22339/com.nubo.test7 D/nubo.NuboClientActivity: cmdcode: 96, bytesCount: 13, channelType: 0, processId: 10014
2021-02-02 10:12:38.112 18644-22795/com.nubo.test7 V/nubo.Debugger: Starting socket thread. channelType: 3, Connecting to labil.nubosoftware.com:7443
2021-02-02 10:12:38.113 18644-22339/com.nubo.test7 V/nubo.CameraManager: Camera 133143130 not ready
2021-02-02 10:12:38.156 18644-22343/com.nubo.test7 D/nubo.NuboClientActivity: cmdcode: -120, bytesCount: 76, channelType: 2, processId: -1
2021-02-02 10:12:38.162 18644-18644/com.nubo.test7 D/AudioManager: Move to music audio
2021-02-02 10:12:38.168 18644-18644/com.nubo.test7 D/AudioManager: speakerPhoneOn: false, audioParams.speakerPhoneOn: false
2021-02-02 10:12:38.169 18644-18644/com.nubo.test7 D/AudioTrack: stop(13538): called with 0 frames delivered
2021-02-02 10:12:38.175 18644-22795/com.nubo.test7 E/nubo.Debugger: SocketThread::run. Creaating streamMgr, channelIdx: 7
2021-02-02 10:12:38.176 18644-22795/com.nubo.test7 E/nubo.Debugger: SocketThread::run. sendChannelLogin, channelIdx: 7
2021-02-02 10:12:38.177 18644-22795/com.nubo.test7 E/nubo.Debugger: SocketThread::run. Waiting for drawPlayerLoginAck. channelIdx: 7
2021-02-02 10:12:38.177 18644-22798/com.nubo.test7 E/nubo.NuboOutStreamMgr: Sending cmd: 5
2021-02-02 10:12:38.178 18644-18644/com.nubo.test7 I/TrackWriter: setAudioTrack. bufferSizeInBytes:9600, OUT_SAMPLE_RATE: 48000
2021-02-02 10:12:38.213 18644-22339/com.nubo.test7 V/nubo.CameraManager: Camera 133143130 not ready
2021-02-02 10:12:38.246 18644-22343/com.nubo.test7 D/nubo.NuboClientActivity: cmdcode: -120, bytesCount: 76, channelType: 2, processId: -1
2021-02-02 10:12:38.255 18644-22795/com.nubo.test7 E/nubo.Debugger: SocketThread::run. loginMgmtErrorCode: 0, channelIdx: 7
2021-02-02 10:12:38.255 18644-22795/com.nubo.test7 I/nubo.Debugger: Logged in
2021-02-02 10:12:38.264 18644-22343/com.nubo.test7 D/nubo.NuboClientActivity: cmdcode: -120, bytesCount: 76, channelType: 2, processId: -1
2021-02-02 10:12:38.275 18644-22343/com.nubo.test7 I/chatty: uid=10300(com.nubo.test7) Thread-27 identical 1 line
2021-02-02 10:12:38.308 18644-22343/com.nubo.test7 D/nubo.NuboClientActivity: cmdcode: -120, bytesCount: 76, channelType: 2, processId: -1
2021-02-02 10:12:38.314 18644-22339/com.nubo.test7 V/nubo.CameraManager: Camera 133143130 not ready
2021-02-02 10:12:38.349 18644-22343/com.nubo.test7 D/nubo.NuboClientActivity: cmdcode: -120, bytesCount: 76, channelType: 2, processId: -1
2021-02-02 10:12:38.379 18644-22343/com.nubo.test7 D/nubo.NuboClientActivity: cmdcode: -120, bytesCount: 57, channelType: 2, processId: -1
2021-02-02 10:12:38.382 18644-22343/com.nubo.test7 D/nubo.NuboClientActivity: cmdcode: -120, bytesCount: 33, channelType: 2, processId: -1
2021-02-02 10:12:38.384 18644-22343/com.nubo.test7 D/nubo.NuboClientActivity: cmdcode: -120, bytesCount: 1417, channelType: 2, processId: -1
2021-02-02 10:12:38.414 18644-22343/com.nubo.test7 I/chatty: uid=10300(com.nubo.test7) Thread-27 identical 23 lines
2021-02-02 10:12:38.415 18644-22343/com.nubo.test7 D/nubo.NuboClientActivity: cmdcode: -120, bytesCount: 1417, channelType: 2, processId: -1
2021-02-02 10:12:38.415 18644-22339/com.nubo.test7 V/nubo.CameraManager: Camera 133143130 not ready
2021-02-02 10:12:38.415 18644-22343/com.nubo.test7 D/nubo.NuboClientActivity: cmdcode: -120, bytesCount: 1417, channelType: 2, processId: -1
2021-02-02 10:12:38.417 18644-22343/com.nubo.test7 D/nubo.NuboClientActivity: cmdcode: -120, bytesCount: 1417, channelType: 2, processId: -1
2021-02-02 10:12:38.417 18644-22343/com.nubo.test7 D/nubo.NuboClientActivity: cmdcode: -120, bytesCount: 897, channelType: 2, processId: -1
2021-02-02 10:12:38.437 18644-22343/com.nubo.test7 D/nubo.NuboClientActivity: cmdcode: -120, bytesCount: 1266, channelType: 2, processId: -1
2021-02-02 10:12:38.468 18644-22343/com.nubo.test7 D/nubo.NuboClientActivity: cmdcode: -120, bytesCount: 206, channelType: 2, processId: -1
2021-02-02 10:12:38.507 18644-22343/com.nubo.test7 D/nubo.NuboClientActivity: cmdcode: -120, bytesCount: 111, channelType: 2, processId: -1
2021-02-02 10:12:38.516 18644-22339/com.nubo.test7 V/nubo.CameraManager: Camera 133143130 not ready
2021-02-02 10:12:38.549 18644-22343/com.nubo.test7 D/nubo.NuboClientActivity: cmdcode: -120, bytesCount: 108, channelType: 2, processId: -1
2021-02-02 10:12:38.588 18644-22343/com.nubo.test7 D/nubo.NuboClientActivity: cmdcode: -120, bytesCount: 86, channelType: 2, processId: -1
2021-02-02 10:12:38.617 18644-22339/com.nubo.test7 V/nubo.CameraManager: Camera 133143130 not ready
2021-02-02 10:12:38.628 18644-22343/com.nubo.test7 D/nubo.NuboClientActivity: cmdcode: -120, bytesCount: 76, channelType: 2, processId: -1
2021-02-02 10:12:38.668 18644-22343/com.nubo.test7 D/nubo.NuboClientActivity: cmdcode: -120, bytesCount: 76, channelType: 2, processId: -1
2021-02-02 10:12:38.707 18644-22343/com.nubo.test7 D/nubo.NuboClientActivity: cmdcode: -120, bytesCount: 76, channelType: 2, processId: -1
2021-02-02 10:12:38.718 18644-22339/com.nubo.test7 V/nubo.CameraManager: Camera 133143130 not ready
2021-02-02 10:12:38.747 18644-22343/com.nubo.test7 D/nubo.NuboClientActivity: cmdcode: -120, bytesCount: 76, channelType: 2, processId: -1
2021-02-02 10:12:38.789 18644-22343/com.nubo.test7 D/nubo.NuboClientActivity: cmdcode: -120, bytesCount: 76, channelType: 2, processId: -1
2021-02-02 10:12:38.819 18644-22339/com.nubo.test7 V/nubo.CameraManager: Camera 133143130 not ready
2021-02-02 10:12:38.828 18644-22343/com.nubo.test7 D/nubo.NuboClientActivity: cmdcode: -120, bytesCount: 76, channelType: 2, processId: -1
2021-02-02 10:12:38.869 18644-22343/com.nubo.test7 I/chatty: uid=10300(com.nubo.test7) Thread-27 identical 1 line
2021-02-02 10:12:38.910 18644-22343/com.nubo.test7 D/nubo.NuboClientActivity: cmdcode: -120, bytesCount: 76, channelType: 2, processId: -1
2021-02-02 10:12:38.920 18644-22339/com.nubo.test7 V/nubo.CameraManager: Camera 133143130 not ready
2021-02-02 10:12:38.951 18644-22343/com.nubo.test7 D/nubo.NuboClientActivity: cmdcode: -120, bytesCount: 76, channelType: 2, processId: -1
2021-02-02 10:12:38.988 18644-22343/com.nubo.test7 D/nubo.NuboClientActivity: cmdcode: -120, bytesCount: 76, channelType: 2, processId: -1
2021-02-02 10:12:39.021 18644-22339/com.nubo.test7 V/nubo.CameraManager: Camera 133143130 not ready
2021-02-02 10:12:39.029 18644-22343/com.nubo.test7 D/nubo.NuboClientActivity: cmdcode: -120, bytesCount: 76, channelType: 2, processId: -1
2021-02-02 10:12:39.069 18644-22343/com.nubo.test7 I/chatty: uid=10300(com.nubo.test7) Thread-27 identical 1 line
2021-02-02 10:12:39.109 18644-22343/com.nubo.test7 D/nubo.NuboClientActivity: cmdcode: -120, bytesCount: 76, channelType: 2, processId: -1
2021-02-02 10:12:39.123 18644-22339/com.nubo.test7 V/nubo.CameraManager: Camera 133143130 not ready
2021-02-02 10:12:39.150 18644-22343/com.nubo.test7 D/nubo.NuboClientActivity: cmdcode: -120, bytesCount: 76, channelType: 2, processId: -1
2021-02-02 10:12:39.189 18644-22343/com.nubo.test7 D/nubo.NuboClientActivity: cmdcode: -120, bytesCount: 76, channelType: 2, processId: -1
2021-02-02 10:12:39.224 18644-22339/com.nubo.test7 V/nubo.CameraManager: Camera 133143130 not ready
2021-02-02 10:12:39.227 18644-22343/com.nubo.test7 D/nubo.NuboClientActivity: cmdcode: -120, bytesCount: 76, channelType: 2, processId: -1
2021-02-02 10:12:39.269 18644-22343/com.nubo.test7 I/chatty: uid=10300(com.nubo.test7) Thread-27 identical 1 line
2021-02-02 10:12:39.309 18644-22343/com.nubo.test7 D/nubo.NuboClientActivity: cmdcode: -120, bytesCount: 76, channelType: 2, processId: -1
2021-02-02 10:12:39.325 18644-22339/com.nubo.test7 V/nubo.CameraManager: Camera 133143130 not ready
2021-02-02 10:12:39.348 18644-22343/com.nubo.test7 D/nubo.NuboClientActivity: cmdcode: -120, bytesCount: 76, channelType: 2, processId: -1
2021-02-02 10:12:39.389 18644-22343/com.nubo.test7 D/nubo.NuboClientActivity: cmdcode: -120, bytesCount: 76, channelType: 2, processId: -1
2021-02-02 10:12:39.426 18644-22339/com.nubo.test7 V/nubo.CameraManager: Camera 133143130 not ready
2021-02-02 10:12:39.446 18644-22343/com.nubo.test7 D/nubo.NuboClientActivity: cmdcode: -120, bytesCount: 76, channelType: 2, processId: -1
2021-02-02 10:12:39.469 18644-22343/com.nubo.test7 I/chatty: uid=10300(com.nubo.test7) Thread-27 identical 1 line
2021-02-02 10:12:39.508 18644-22343/com.nubo.test7 D/nubo.NuboClientActivity: cmdcode: -120, bytesCount: 76, channelType: 2, processId: -1
2021-02-02 10:12:39.527 18644-22339/com.nubo.test7 V/nubo.CameraManager: Camera 133143130 not ready
2021-02-02 10:12:39.548 18644-22343/com.nubo.test7 D/nubo.NuboClientActivity: cmdcode: -120, bytesCount: 76, channelType: 2, processId: -1
2021-02-02 10:12:39.580 18644-22343/com.nubo.test7 D/nubo.NuboClientActivity: cmdcode: -120, bytesCount: 57, channelType: 2, processId: -1
2021-02-02 10:12:39.582 18644-22343/com.nubo.test7 D/nubo.NuboClientActivity: cmdcode: -120, bytesCount: 33, channelType: 2, processId: -1
2021-02-02 10:12:39.584 18644-22343/com.nubo.test7 D/nubo.NuboClientActivity: cmdcode: -120, bytesCount: 57, channelType: 2, processId: -1
2021-02-02 10:12:39.585 18644-22343/com.nubo.test7 D/nubo.NuboClientActivity: cmdcode: -120, bytesCount: 33, channelType: 2, processId: -1
2021-02-02 10:12:39.587 18644-22343/com.nubo.test7 D/nubo.NuboClientActivity: cmdcode: -120, bytesCount: 1417, channelType: 2, processId: -1
2021-02-02 10:12:39.616 18644-22343/com.nubo.test7 I/chatty: uid=10300(com.nubo.test7) Thread-27 identical 25 lines
2021-02-02 10:12:39.616 18644-22343/com.nubo.test7 D/nubo.NuboClientActivity: cmdcode: -120, bytesCount: 1417, channelType: 2, processId: -1
2021-02-02 10:12:39.628 18644-22339/com.nubo.test7 E/nubo.CameraManager: Error: cannot find camera
2021-02-02 10:12:39.630 18644-22339/com.nubo.test7 D/nubo.NuboClientActivity: cmdcode: -124, bytesCount: 25, channelType: 0, processId: 10014
2021-02-02 10:12:39.631 18644-22339/com.nubo.test7 I/nubo.NuboClientActivity: channelCommand. REMOVE, channelType: 3, channelIdx: 7
2021-02-02 10:12:39.631 18644-22339/com.nubo.test7 I/nubo.NuboClientActivity: closeChannel. Closing channel for process :10014, channelType: 3, channelIdx: 7
2021-02-02 10:12:39.632 18644-22795/com.nubo.test7 E/nubo.Debugger: socket closed. channelType: 3, channelIdx: 7, channelProcess: 10014
2021-02-02 10:12:39.633 18644-22795/com.nubo.test7 E/nubo.Debugger: Stopping connection
2021-02-02 10:12:39.633 18644-22795/com.nubo.test7 I/nubo.Debugger: Closing connection. Finally step
2021-02-02 10:12:39.634 18644-22795/com.nubo.test7 E/nubo.Debugger: SocketThread::run. removing channel. channelIdx: 7
2021-02-02 10:12:39.635 18644-22795/com.nubo.test7 E/nubo.NuboClientActivity: Remove channel after connection close: 9653345
2021-02-02 10:12:39.635 18644-22343/com.nubo.test7 D/nubo.NuboClientActivity: cmdcode: -120, bytesCount: 897, channelType: 2, processId: -1
2021-02-02 10:12:39.635 18644-22795/com.nubo.test7 I/nubo.Debugger: Closing connection. Finished all tasks
2021-02-02 10:12:39.636 18644-22339/com.nubo.test7 D/nubo.NuboClientActivity: cmdcode: 90, bytesCount: 17, channelType: 0, processId: 10014
2021-02-02 10:12:39.637 18644-22339/com.nubo.test7 D/nubo.NuboClientActivity: cameraCreateNew. cameraId: 7
2021-02-02 10:12:39.637 18644-22343/com.nubo.test7 D/nubo.NuboClientActivity: cmdcode: -120, bytesCount: 1266, channelType: 2, processId: -1
2021-02-02 10:12:39.639 18644-22339/com.nubo.test7 E/nubo.CameraManager: createNewCamera. cameraHash: 149981544
2021-02-02 10:12:39.642 18644-22339/com.nubo.test7 D/nubo.NuboClientActivity: cmdcode: -124, bytesCount: 25, channelType: 0, processId: 10014
2021-02-02 10:12:39.642 18644-22339/com.nubo.test7 I/nubo.NuboClientActivity: channelCommand. CREATE, channelType: 3, channelIdx: 7
2021-02-02 10:12:39.642 18644-18644/com.nubo.test7 W/CameraBase: An error occurred while connecting to camera 7: Status(-8, EX_SERVICE_SPECIFIC): '4: connectHelper:1758: No camera device with ID "" currently available'
2021-02-02 10:12:39.643 18644-22339/com.nubo.test7 I/nubo.NuboClientActivity: openChannel. Starting channel for process :10014, channelType: 3, channelIdx: 7
2021-02-02 10:12:39.643 18644-18644/com.nubo.test7 E/nubo.CameraManager: createNewCamera Errorjava.lang.RuntimeException: Fail to connect to camera service
        at android.hardware.Camera.<init>(Camera.java:551)
        at android.hardware.Camera.open(Camera.java:396)
        at com.nubo.camera.CameraManager$1.onPermissionGranted(CameraManager.java:332)
        at com.karumi.dexter.MultiplePermissionsListenerToPermissionListenerAdapter.onPermissionsChecked(Unknown Source:35)
        at com.karumi.dexter.DexterInstance$1.run(Unknown Source:43)
        at android.os.Handler.handleCallback(Handler.java:883)
        at android.os.Handler.dispatchMessage(Handler.java:100)
        at android.os.Looper.loop(Looper.java:237)
        at android.app.ActivityThread.main(ActivityThread.java:8016)
        at java.lang.reflect.Method.invoke(Native Method)
        at com.android.internal.os.RuntimeInit$MethodAndArgsCaller.run(RuntimeInit.java:493)
        at com.android.internal.os.ZygoteInit.main(ZygoteInit.java:1076)
2021-02-02 10:12:39.644 18644-22339/com.nubo.test7 D/nubo.NuboClientActivity: cmdcode: 96, bytesCount: 13, channelType: 0, processId: 10014
2021-02-02 10:12:39.645 18644-22339/com.nubo.test7 V/nubo.CameraManager: Camera 149981544 not ready
2021-02-02 10:12:39.645 18644-22802/com.nubo.test7 E/nubo.NuboClientActivity: Adding channel: 9653345, size: 3
2021-02-02 10:12:39.646 18644-22802/com.nubo.test7 V/nubo.Debugger: Starting socket thread. channelType: 3, Connecting to labil.nubosoftware.com:7443
2021-02-02 10:12:39.677 18644-22343/com.nubo.test7 D/nubo.NuboClientActivity: cmdcode: -120, bytesCount: 206, channelType: 2, processId: -1
2021-02-02 10:12:39.708 18644-22343/com.nubo.test7 D/nubo.NuboClientActivity: cmdcode: -120, bytesCount: 111, channelType: 2, processId: -1
2021-02-02 10:12:39.730 18644-22802/com.nubo.test7 E/nubo.Debugger: SocketThread::run. Creaating streamMgr, channelIdx: 7
2021-02-02 10:12:39.731 18644-22802/com.nubo.test7 E/nubo.Debugger: SocketThread::run. sendChannelLogin, channelIdx: 7
2021-02-02 10:12:39.732 18644-22802/com.nubo.test7 E/nubo.Debugger: SocketThread::run. Waiting for drawPlayerLoginAck. channelIdx: 7
2021-02-02 10:12:39.734 18644-22804/com.nubo.test7 E/nubo.NuboOutStreamMgr: Sending cmd: 5
2021-02-02 10:12:39.746 18644-22339/com.nubo.test7 V/nubo.CameraManager: Camera 149981544 not ready
2021-02-02 10:12:39.807 18644-22343/com.nubo.test7 D/nubo.NuboClientActivity: cmdcode: -120, bytesCount: 108, channelType: 2, processId: -1
2021-02-02 10:12:39.815 18644-22802/com.nubo.test7 E/nubo.Debugger: SocketThread::run. loginMgmtErrorCode: 0, channelIdx: 7
2021-02-02 10:12:39.816 18644-22802/com.nubo.test7 I/nubo.Debugger: Logged in
2021-02-02 10:12:39.825 18644-22343/com.nubo.test7 D/nubo.NuboClientActivity: cmdcode: -120, bytesCount: 86, channelType: 2, processId: -1
2021-02-02 10:12:39.838 18644-22343/com.nubo.test7 D/nubo.NuboClientActivity: cmdcode: -120, bytesCount: 76, channelType: 2, processId: -1
2021-02-02 10:12:39.847 18644-22339/com.nubo.test7 V/nubo.CameraManager: Camera 149981544 not ready
2021-02-02 10:12:39.869 18644-22343/com.nubo.test7 D/nubo.NuboClientActivity: cmdcode: -120, bytesCount: 76, channelType: 2, processId: -1
2021-02-02 10:12:39.908 18644-22343/com.nubo.test7 D/nubo.NuboClientActivity: cmdcode: -120, bytesCount: 76, channelType: 2, processId: -1
2021-02-02 10:12:39.948 18644-22339/com.nubo.test7 V/nubo.CameraManager: Camera 149981544 not ready
2021-02-02 10:12:39.951 18644-22343/com.nubo.test7 D/nubo.NuboClientActivity: cmdcode: -120, bytesCount: 76, channelType: 2, processId: -1
2021-02-02 10:12:39.979 18644-22343/com.nubo.test7 D/nubo.NuboClientActivity: cmdcode: -120, bytesCount: 1417, channelType: 2, processId: -1
2021-02-02 10:12:39.989 18644-22343/com.nubo.test7 I/chatty: uid=10300(com.nubo.test7) Thread-27 identical 7 lines
2021-02-02 10:12:39.990 18644-22343/com.nubo.test7 D/nubo.NuboClientActivity: cmdcode: -120, bytesCount: 1417, channelType: 2, processId: -1
2021-02-02 10:12:40.019 18644-22343/com.nubo.test7 D/nubo.NuboClientActivity: cmdcode: -120, bytesCount: 684, channelType: 2, processId: -1
2021-02-02 10:12:40.020 18644-22343/com.nubo.test7 D/nubo.NuboClientActivity: cmdcode: -120, bytesCount: 1417, channelType: 2, processId: -1
2021-02-02 10:12:40.026 18644-22343/com.nubo.test7 I/chatty: uid=10300(com.nubo.test7) Thread-27 identical 4 lines
2021-02-02 10:12:40.028 18644-22343/com.nubo.test7 D/nubo.NuboClientActivity: cmdcode: -120, bytesCount: 1417, channelType: 2, processId: -1
2021-02-02 10:12:40.038 18644-22343/com.nubo.test7 D/nubo.NuboClientActivity: cmdcode: -120, bytesCount: 768, channelType: 2, processId: -1
2021-02-02 10:12:40.049 18644-22339/com.nubo.test7 V/nubo.CameraManager: Camera 149981544 not ready
2021-02-02 10:12:40.068 18644-22343/com.nubo.test7 D/nubo.NuboClientActivity: cmdcode: -120, bytesCount: 622, channelType: 2, processId: -1
2021-02-02 10:12:40.118 18644-22343/com.nubo.test7 D/nubo.NuboClientActivity: cmdcode: -120, bytesCount: 1417, channelType: 2, processId: -1
2021-02-02 10:12:40.121 18644-22343/com.nubo.test7 D/nubo.NuboClientActivity: cmdcode: -120, bytesCount: 1154, channelType: 2, processId: -1
2021-02-02 10:12:40.138 18644-22343/com.nubo.test7 D/nubo.NuboClientActivity: cmdcode: -120, bytesCount: 1417, channelType: 2, processId: -1
2021-02-02 10:12:40.150 18644-22339/com.nubo.test7 V/nubo.CameraManager: Camera 149981544 not ready
2021-02-02 10:12:40.160 18644-22343/com.nubo.test7 D/nubo.NuboClientActivity: cmdcode: -120, bytesCount: 1417, channelType: 2, processId: -1
2021-02-02 10:12:40.163 18644-22343/com.nubo.test7 D/nubo.NuboClientActivity: cmdcode: -120, bytesCount: 111, channelType: 2, processId: -1
2021-02-02 10:12:40.191 18644-22343/com.nubo.test7 D/nubo.NuboClientActivity: cmdcode: -120, bytesCount: 343, channelType: 2, processId: -1
2021-02-02 10:12:40.227 18644-22343/com.nubo.test7 D/nubo.NuboClientActivity: cmdcode: -120, bytesCount: 1417, channelType: 2, processId: -1
2021-02-02 10:12:40.251 18644-22339/com.nubo.test7 V/nubo.CameraManager: Camera 149981544 not ready
2021-02-02 10:12:40.278 18644-22343/com.nubo.test7 D/nubo.NuboClientActivity: cmdcode: -120, bytesCount: 1216, channelType: 2, processId: -1
2021-02-02 10:12:40.280 18644-22343/com.nubo.test7 D/nubo.NuboClientActivity: cmdcode: -120, bytesCount: 328, channelType: 2, processId: -1
2021-02-02 10:12:40.339 18644-22343/com.nubo.test7 D/nubo.NuboClientActivity: cmdcode: -120, bytesCount: 1417, channelType: 2, processId: -1
2021-02-02 10:12:40.341 18644-22343/com.nubo.test7 D/nubo.NuboClientActivity: cmdcode: -120, bytesCount: 918, channelType: 2, processId: -1
2021-02-02 10:12:40.348 18644-22343/com.nubo.test7 D/nubo.NuboClientActivity: cmdcode: -120, bytesCount: 1417, channelType: 2, processId: -1
2021-02-02 10:12:40.353 18644-22339/com.nubo.test7 V/nubo.CameraManager: Camera 149981544 not ready
2021-02-02 10:12:40.357 18644-22343/com.nubo.test7 D/nubo.NuboClientActivity: cmdcode: -120, bytesCount: 1417, channelType: 2, processId: -1
2021-02-02 10:12:40.359 18644-22343/com.nubo.test7 D/nubo.NuboClientActivity: cmdcode: -120, bytesCount: 233, channelType: 2, processId: -1
2021-02-02 10:12:40.388 18644-22343/com.nubo.test7 D/nubo.NuboClientActivity: cmdcode: -120, bytesCount: 248, channelType: 2, processId: -1
2021-02-02 10:12:40.419 18644-22343/com.nubo.test7 D/nubo.NuboClientActivity: cmdcode: -120, bytesCount: 1417, channelType: 2, processId: -1
2021-02-02 10:12:40.427 18644-22343/com.nubo.test7 I/chatty: uid=10300(com.nubo.test7) Thread-27 identical 6 lines
2021-02-02 10:12:40.431 18644-22343/com.nubo.test7 D/nubo.NuboClientActivity: cmdcode: -120, bytesCount: 1417, channelType: 2, processId: -1
2021-02-02 10:12:40.432 18644-22343/com.nubo.test7 D/nubo.NuboClientActivity: cmdcode: -120, bytesCount: 157, channelType: 2, processId: -1
2021-02-02 10:12:40.454 18644-22339/com.nubo.test7 V/nubo.CameraManager: Camera 149981544 not ready
2021-02-02 10:12:40.466 18644-22343/com.nubo.test7 D/nubo.NuboClientActivity: cmdcode: -120, bytesCount: 1417, channelType: 2, processId: -1
2021-02-02 10:12:40.518 18644-22343/com.nubo.test7 D/nubo.NuboClientActivity: cmdcode: -120, bytesCount: 1417, channelType: 2, processId: -1
2021-02-02 10:12:40.520 18644-22343/com.nubo.test7 D/nubo.NuboClientActivity: cmdcode: -120, bytesCount: 703, channelType: 2, processId: -1
2021-02-02 10:12:40.528 18644-22343/com.nubo.test7 D/nubo.NuboClientActivity: cmdcode: -120, bytesCount: 343, channelType: 2, processId: -1
2021-02-02 10:12:40.538 18644-22343/com.nubo.test7 D/nubo.NuboClientActivity: cmdcode: -120, bytesCount: 1417, channelType: 2, processId: -1
2021-02-02 10:12:40.548 18644-22343/com.nubo.test7 D/nubo.NuboClientActivity: cmdcode: -120, bytesCount: 1417, channelType: 2, processId: -1
2021-02-02 10:12:40.549 18644-22343/com.nubo.test7 D/nubo.NuboClientActivity: cmdcode: -120, bytesCount: 873, channelType: 2, processId: -1
2021-02-02 10:12:40.555 18644-22339/com.nubo.test7 V/nubo.CameraManager: Camera 149981544 not ready
2021-02-02 10:12:40.588 18644-22343/com.nubo.test7 D/nubo.NuboClientActivity: cmdcode: -120, bytesCount: 356, channelType: 2, processId: -1
2021-02-02 10:12:40.631 18644-22343/com.nubo.test7 D/nubo.NuboClientActivity: cmdcode: -120, bytesCount: 105, channelType: 2, processId: -1
2021-02-02 10:12:40.656 18644-22339/com.nubo.test7 V/nubo.CameraManager: Camera 149981544 not ready
2021-02-02 10:12:40.657 18644-22343/com.nubo.test7 D/nubo.NuboClientActivity: cmdcode: 123, bytesCount: 21, channelType: 2, processId: -1
2021-02-02 10:12:40.658 18644-22343/com.nubo.test7 D/nubo.NuboClientActivity: cmdcode: -120, bytesCount: 1417, channelType: 2, processId: -1
2021-02-02 10:12:40.666 18644-22343/com.nubo.test7 D/nubo.NuboClientActivity: cmdcode: -120, bytesCount: 1417, channelType: 2, processId: -1
2021-02-02 10:12:40.675 18644-22343/com.nubo.test7 D/nubo.NuboClientActivity: cmdcode: -120, bytesCount: 1308, channelType: 2, processId: -1
2021-02-02 10:12:40.728 18644-22343/com.nubo.test7 D/nubo.NuboClientActivity: cmdcode: -120, bytesCount: 405, channelType: 2, processId: -1
2021-02-02 10:12:40.738 18644-22343/com.nubo.test7 D/nubo.NuboClientActivity: cmdcode: -120, bytesCount: 96, channelType: 2, processId: -1
2021-02-02 10:12:40.757 18644-22339/com.nubo.test7 V/nubo.CameraManager: Camera 149981544 not ready
2021-02-02 10:12:40.779 18644-22343/com.nubo.test7 D/nubo.NuboClientActivity: cmdcode: -120, bytesCount: 57, channelType: 2, processId: -1
2021-02-02 10:12:40.782 18644-22343/com.nubo.test7 D/nubo.NuboClientActivity: cmdcode: -120, bytesCount: 33, channelType: 2, processId: -1
2021-02-02 10:12:40.784 18644-22343/com.nubo.test7 D/nubo.NuboClientActivity: cmdcode: -120, bytesCount: 1417, channelType: 2, processId: -1
2021-02-02 10:12:40.815 18644-22343/com.nubo.test7 I/chatty: uid=10300(com.nubo.test7) Thread-27 identical 25 lines
2021-02-02 10:12:40.815 18644-22343/com.nubo.test7 D/nubo.NuboClientActivity: cmdcode: -120, bytesCount: 1417, channelType: 2, processId: -1
2021-02-02 10:12:40.816 18644-22343/com.nubo.test7 D/nubo.NuboClientActivity: cmdcode: -120, bytesCount: 1417, channelType: 2, processId: -1
2021-02-02 10:12:40.818 18644-22343/com.nubo.test7 I/chatty: uid=10300(com.nubo.test7) Thread-27 identical 3 lines
2021-02-02 10:12:40.821 18644-22343/com.nubo.test7 D/nubo.NuboClientActivity: cmdcode: -120, bytesCount: 1417, channelType: 2, processId: -1
2021-02-02 10:12:40.823 18644-22343/com.nubo.test7 D/nubo.NuboClientActivity: cmdcode: -120, bytesCount: 880, channelType: 2, processId: -1
2021-02-02 10:12:40.824 18644-22343/com.nubo.test7 D/nubo.NuboClientActivity: cmdcode: -120, bytesCount: 1417, channelType: 2, processId: -1
2021-02-02 10:12:40.825 18644-22343/com.nubo.test7 I/chatty: uid=10300(com.nubo.test7) Thread-27 identical 1 line
2021-02-02 10:12:40.827 18644-22343/com.nubo.test7 D/nubo.NuboClientActivity: cmdcode: -120, bytesCount: 1417, channelType: 2, processId: -1
2021-02-02 10:12:40.858 18644-22339/com.nubo.test7 V/nubo.CameraManager: Camera 149981544 not ready
2021-02-02 10:12:40.879 18644-22343/com.nubo.test7 D/nubo.NuboClientActivity: cmdcode: -120, bytesCount: 1417, channelType: 2, processId: -1
2021-02-02 10:12:40.880 18644-22343/com.nubo.test7 D/nubo.NuboClientActivity: cmdcode: -120, bytesCount: 200, channelType: 2, processId: -1
2021-02-02 10:12:40.890 18644-22343/com.nubo.test7 D/nubo.NuboClientActivity: cmdcode: -120, bytesCount: 621, channelType: 2, processId: -1
2021-02-02 10:12:40.899 18644-22343/com.nubo.test7 D/nubo.NuboClientActivity: cmdcode: -120, bytesCount: 1417, channelType: 2, processId: -1
2021-02-02 10:12:40.901 18644-22343/com.nubo.test7 I/chatty: uid=10300(com.nubo.test7) Thread-27 identical 2 lines
2021-02-02 10:12:40.910 18644-22343/com.nubo.test7 D/nubo.NuboClientActivity: cmdcode: -120, bytesCount: 1417, channelType: 2, processId: -1
2021-02-02 10:12:40.912 18644-22343/com.nubo.test7 D/nubo.NuboClientActivity: cmdcode: -120, bytesCount: 563, channelType: 2, processId: -1
2021-02-02 10:12:40.959 18644-22339/com.nubo.test7 V/nubo.CameraManager: Camera 149981544 not ready
2021-02-02 10:12:41.062 18644-22339/com.nubo.test7 V/nubo.CameraManager: Camera 149981544 not ready
2021-02-02 10:12:41.164 18644-22339/com.nubo.test7 E/nubo.CameraManager: Error: cannot find camera
2021-02-02 10:12:41.167 18644-22339/com.nubo.test7 D/nubo.NuboClientActivity: cmdcode: -124, bytesCount: 25, channelType: 0, processId: 10014
2021-02-02 10:12:41.168 18644-22339/com.nubo.test7 I/nubo.NuboClientActivity: channelCommand. REMOVE, channelType: 3, channelIdx: 7
2021-02-02 10:12:41.169 18644-22339/com.nubo.test7 I/nubo.NuboClientActivity: closeChannel. Closing channel for process :10014, channelType: 3, channelIdx: 7
2021-02-02 10:12:41.171 18644-22802/com.nubo.test7 E/nubo.Debugger: socket closed. channelType: 3, channelIdx: 7, channelProcess: 10014
2021-02-02 10:12:41.171 18644-22802/com.nubo.test7 E/nubo.Debugger: Stopping connection
2021-02-02 10:12:41.172 18644-22802/com.nubo.test7 I/nubo.Debugger: Closing connection. Finally step
2021-02-02 10:12:41.172 18644-22802/com.nubo.test7 E/nubo.Debugger: SocketThread::run. removing channel. channelIdx: 7
2021-02-02 10:12:41.173 18644-22802/com.nubo.test7 E/nubo.NuboClientActivity: Remove channel after connection close: 9653345
2021-02-02 10:12:41.174 18644-22802/com.nubo.test7 I/nubo.Debugger: Closing connection. Finished all tasks
2021-02-02 10:12:41.174 18644-22339/com.nubo.test7 D/nubo.NuboClientActivity: cmdcode: 90, bytesCount: 17, channelType: 0, processId: 10014
2021-02-02 10:12:41.175 18644-22339/com.nubo.test7 D/nubo.NuboClientActivity: cameraCreateNew. cameraId: 6
2021-02-02 10:12:41.175 18644-22339/com.nubo.test7 E/nubo.CameraManager: createNewCamera. cameraHash: 83690022
2021-02-02 10:12:41.177 18644-22339/com.nubo.test7 D/nubo.NuboClientActivity: cmdcode: -124, bytesCount: 25, channelType: 0, processId: 10014
2021-02-02 10:12:41.177 18644-18644/com.nubo.test7 W/CameraBase: An error occurred while connecting to camera 6: Status(-8, EX_SERVICE_SPECIFIC): '4: connectHelper:1758: No camera device with ID "" currently available'
2021-02-02 10:12:41.177 18644-22339/com.nubo.test7 I/nubo.NuboClientActivity: channelCommand. CREATE, channelType: 3, channelIdx: 6
2021-02-02 10:12:41.178 18644-22339/com.nubo.test7 I/nubo.NuboClientActivity: openChannel. Starting channel for process :10014, channelType: 3, channelIdx: 6
2021-02-02 10:12:41.178 18644-18644/com.nubo.test7 E/nubo.CameraManager: createNewCamera Errorjava.lang.RuntimeException: Fail to connect to camera service
        at android.hardware.Camera.<init>(Camera.java:551)
        at android.hardware.Camera.open(Camera.java:396)
        at com.nubo.camera.CameraManager$1.onPermissionGranted(CameraManager.java:332)
        at com.karumi.dexter.MultiplePermissionsListenerToPermissionListenerAdapter.onPermissionsChecked(Unknown Source:35)
        at com.karumi.dexter.DexterInstance$1.run(Unknown Source:43)
        at android.os.Handler.handleCallback(Handler.java:883)
        at android.os.Handler.dispatchMessage(Handler.java:100)
        at android.os.Looper.loop(Looper.java:237)
        at android.app.ActivityThread.main(ActivityThread.java:8016)
        at java.lang.reflect.Method.invoke(Native Method)
        at com.android.internal.os.RuntimeInit$MethodAndArgsCaller.run(RuntimeInit.java:493)
        at com.android.internal.os.ZygoteInit.main(ZygoteInit.java:1076)
2021-02-02 10:12:41.179 18644-22807/com.nubo.test7 E/nubo.NuboClientActivity: Adding channel: 9653344, size: 3
2021-02-02 10:12:41.179 18644-22339/com.nubo.test7 D/nubo.NuboClientActivity: cmdcode: 96, bytesCount: 13, channelType: 0, processId: 10014
2021-02-02 10:12:41.180 18644-22807/com.nubo.test7 V/nubo.Debugger: Starting socket thread. channelType: 3, Connecting to labil.nubosoftware.com:7443
2021-02-02 10:12:41.180 18644-22339/com.nubo.test7 V/nubo.CameraManager: Camera 83690022 not ready
2021-02-02 10:12:41.281 18644-22339/com.nubo.test7 V/nubo.CameraManager: Camera 83690022 not ready
2021-02-02 10:12:41.309 18644-22807/com.nubo.test7 E/nubo.Debugger: SocketThread::run. Creaating streamMgr, channelIdx: 6
2021-02-02 10:12:41.312 18644-22807/com.nubo.test7 E/nubo.Debugger: SocketThread::run. sendChannelLogin, channelIdx: 6
2021-02-02 10:12:41.314 18644-22807/com.nubo.test7 E/nubo.Debugger: SocketThread::run. Waiting for drawPlayerLoginAck. channelIdx: 6
2021-02-02 10:12:41.315 18644-22812/com.nubo.test7 E/nubo.NuboOutStreamMgr: Sending cmd: 5
2021-02-02 10:12:41.324 18644-18688/com.nubo.test7 W/System: A resource failed to call end. 
2021-02-02 10:12:41.325 18644-18688/com.nubo.test7 I/chatty: uid=10300(com.nubo.test7) FinalizerDaemon identical 2 lines
2021-02-02 10:12:41.325 18644-18688/com.nubo.test7 W/System: A resource failed to call end. 
2021-02-02 10:12:41.379 18644-22807/com.nubo.test7 E/nubo.Debugger: SocketThread::run. loginMgmtErrorCode: 0, channelIdx: 6
2021-02-02 10:12:41.380 18644-22807/com.nubo.test7 I/nubo.Debugger: Logged in
2021-02-02 10:12:41.382 18644-22339/com.nubo.test7 V/nubo.CameraManager: Camera 83690022 not ready
2021-02-02 10:12:41.889 18644-22339/com.nubo.test7 I/chatty: uid=10300(com.nubo.test7) Thread-26 identical 5 lines
2021-02-02 10:12:41.990 18644-22339/com.nubo.test7 V/nubo.CameraManager: Camera 83690022 not ready
2021-02-02 10:12:42.031 18644-22780/com.nubo.test7 D/nubo.NuboClientActivity: cmdcode: 123, bytesCount: 21, channelType: 4, processId: -1
2021-02-02 10:12:42.091 18644-22339/com.nubo.test7 V/nubo.CameraManager: Camera 83690022 not ready
2021-02-02 10:12:42.497 18644-22339/com.nubo.test7 I/chatty: uid=10300(com.nubo.test7) Thread-26 identical 4 lines
2021-02-02 10:12:42.599 18644-22339/com.nubo.test7 V/nubo.CameraManager: Camera 83690022 not ready
2021-02-02 10:12:42.701 18644-22339/com.nubo.test7 E/nubo.CameraManager: Error: cannot find camera
2021-02-02 10:12:42.702 18644-22339/com.nubo.test7 D/nubo.NuboClientActivity: cmdcode: -124, bytesCount: 25, channelType: 0, processId: 10014
2021-02-02 10:12:42.703 18644-22339/com.nubo.test7 I/nubo.NuboClientActivity: channelCommand. REMOVE, channelType: 3, channelIdx: 6
2021-02-02 10:12:42.703 18644-22339/com.nubo.test7 I/nubo.NuboClientActivity: closeChannel. Closing channel for process :10014, channelType: 3, channelIdx: 6
2021-02-02 10:12:42.705 18644-22807/com.nubo.test7 E/nubo.Debugger: socket closed. channelType: 3, channelIdx: 6, channelProcess: 10014
2021-02-02 10:12:42.706 18644-22807/com.nubo.test7 E/nubo.Debugger: Stopping connection
2021-02-02 10:12:42.706 18644-22807/com.nubo.test7 I/nubo.Debugger: Closing connection. Finally step
2021-02-02 10:12:42.707 18644-22807/com.nubo.test7 E/nubo.Debugger: SocketThread::run. removing channel. channelIdx: 6
2021-02-02 10:12:42.709 18644-22807/com.nubo.test7 E/nubo.NuboClientActivity: Remove channel after connection close: 9653344
2021-02-02 10:12:42.712 18644-22339/com.nubo.test7 D/nubo.NuboClientActivity: cmdcode: 90, bytesCount: 17, channelType: 0, processId: 10014
2021-02-02 10:12:42.712 18644-22807/com.nubo.test7 I/nubo.Debugger: Closing connection. Finished all tasks
2021-02-02 10:12:42.712 18644-22339/com.nubo.test7 D/nubo.NuboClientActivity: cameraCreateNew. cameraId: 6
2021-02-02 10:12:42.713 18644-22339/com.nubo.test7 E/nubo.CameraManager: createNewCamera. cameraHash: 184079380
2021-02-02 10:12:42.716 18644-22339/com.nubo.test7 D/nubo.NuboClientActivity: cmdcode: -124, bytesCount: 25, channelType: 0, processId: 10014
2021-02-02 10:12:42.717 18644-18644/com.nubo.test7 W/CameraBase: An error occurred while connecting to camera 6: Status(-8, EX_SERVICE_SPECIFIC): '4: connectHelper:1758: No camera device with ID "" currently available'
2021-02-02 10:12:42.717 18644-22339/com.nubo.test7 I/nubo.NuboClientActivity: channelCommand. CREATE, channelType: 3, channelIdx: 6
2021-02-02 10:12:42.717 18644-22339/com.nubo.test7 I/nubo.NuboClientActivity: openChannel. Starting channel for process :10014, channelType: 3, channelIdx: 6
2021-02-02 10:12:42.718 18644-18644/com.nubo.test7 E/nubo.CameraManager: createNewCamera Errorjava.lang.RuntimeException: Fail to connect to camera service
        at android.hardware.Camera.<init>(Camera.java:551)
        at android.hardware.Camera.open(Camera.java:396)
        at com.nubo.camera.CameraManager$1.onPermissionGranted(CameraManager.java:332)
        at com.karumi.dexter.MultiplePermissionsListenerToPermissionListenerAdapter.onPermissionsChecked(Unknown Source:35)
        at com.karumi.dexter.DexterInstance$1.run(Unknown Source:43)
        at android.os.Handler.handleCallback(Handler.java:883)
        at android.os.Handler.dispatchMessage(Handler.java:100)
        at android.os.Looper.loop(Looper.java:237)
        at android.app.ActivityThread.main(ActivityThread.java:8016)
        at java.lang.reflect.Method.invoke(Native Method)
        at com.android.internal.os.RuntimeInit$MethodAndArgsCaller.run(RuntimeInit.java:493)
        at com.android.internal.os.ZygoteInit.main(ZygoteInit.java:1076)
2021-02-02 10:12:42.718 18644-22814/com.nubo.test7 E/nubo.NuboClientActivity: Adding channel: 9653344, size: 3
2021-02-02 10:12:42.719 18644-22339/com.nubo.test7 D/nubo.NuboClientActivity: cmdcode: 96, bytesCount: 13, channelType: 0, processId: 10014
2021-02-02 10:12:42.719 18644-22814/com.nubo.test7 V/nubo.Debugger: Starting socket thread. channelType: 3, Connecting to labil.nubosoftware.com:7443
2021-02-02 10:12:42.719 18644-22339/com.nubo.test7 V/nubo.CameraManager: Camera 184079380 not ready
2021-02-02 10:12:42.799 18644-22814/com.nubo.test7 E/nubo.Debugger: SocketThread::run. Creaating streamMgr, channelIdx: 6
2021-02-02 10:12:42.800 18644-22814/com.nubo.test7 E/nubo.Debugger: SocketThread::run. sendChannelLogin, channelIdx: 6
2021-02-02 10:12:42.801 18644-22814/com.nubo.test7 E/nubo.Debugger: SocketThread::run. Waiting for drawPlayerLoginAck. channelIdx: 6
2021-02-02 10:12:42.801 18644-22816/com.nubo.test7 E/nubo.NuboOutStreamMgr: Sending cmd: 5
2021-02-02 10:12:42.820 18644-22339/com.nubo.test7 V/nubo.CameraManager: Camera 184079380 not ready
2021-02-02 10:12:42.868 18644-22814/com.nubo.test7 E/nubo.Debugger: SocketThread::run. loginMgmtErrorCode: 0, channelIdx: 6
2021-02-02 10:12:42.869 18644-22814/com.nubo.test7 I/nubo.Debugger: Logged in
2021-02-02 10:12:42.922 18644-22339/com.nubo.test7 V/nubo.CameraManager: Camera 184079380 not ready
2021-02-02 10:12:43.023 18644-22339/com.nubo.test7 I/chatty: uid=10300(com.nubo.test7) Thread-26 identical 1 line
2021-02-02 10:12:43.124 18644-22339/com.nubo.test7 V/nubo.CameraManager: Camera 184079380 not ready
2021-02-02 10:12:43.227 18644-22339/com.nubo.test7 V/nubo.CameraManager: Camera 184079380 not ready
2021-02-02 10:12:43.328 18644-22339/com.nubo.test7 V/nubo.CameraManager: Camera 184079380 not ready
2021-02-02 10:12:43.429 18644-22339/com.nubo.test7 V/nubo.CameraManager: Camera 184079380 not ready
2021-02-02 10:12:43.530 18644-22339/com.nubo.test7 V/nubo.CameraManager: Camera 184079380 not ready
2021-02-02 10:12:43.631 18644-22339/com.nubo.test7 V/nubo.CameraManager: Camera 184079380 not ready
2021-02-02 10:12:43.833 18644-22339/com.nubo.test7 I/chatty: uid=10300(com.nubo.test7) Thread-26 identical 2 lines
2021-02-02 10:12:43.935 18644-22339/com.nubo.test7 V/nubo.CameraManager: Camera 184079380 not ready
2021-02-02 10:12:44.036 18644-22339/com.nubo.test7 V/nubo.CameraManager: Camera 184079380 not ready
2021-02-02 10:12:44.137 18644-22339/com.nubo.test7 V/nubo.CameraManager: Camera 184079380 not ready
2021-02-02 10:12:44.238 18644-22339/com.nubo.test7 E/nubo.CameraManager: Error: cannot find camera
2021-02-02 10:12:44.241 18644-22339/com.nubo.test7 D/nubo.NuboClientActivity: cmdcode: -124, bytesCount: 25, channelType: 0, processId: 10014
2021-02-02 10:12:44.242 18644-22339/com.nubo.test7 I/nubo.NuboClientActivity: channelCommand. REMOVE, channelType: 3, channelIdx: 6
2021-02-02 10:12:44.243 18644-22339/com.nubo.test7 I/nubo.NuboClientActivity: closeChannel. Closing channel for process :10014, channelType: 3, channelIdx: 6
2021-02-02 10:12:44.244 18644-22814/com.nubo.test7 E/nubo.Debugger: socket closed. channelType: 3, channelIdx: 6, channelProcess: 10014
2021-02-02 10:12:44.245 18644-22814/com.nubo.test7 E/nubo.Debugger: Stopping connection
2021-02-02 10:12:44.246 18644-22814/com.nubo.test7 I/nubo.Debugger: Closing connection. Finally step
2021-02-02 10:12:44.246 18644-22814/com.nubo.test7 E/nubo.Debugger: SocketThread::run. removing channel. channelIdx: 6
2021-02-02 10:12:44.247 18644-22814/com.nubo.test7 E/nubo.NuboClientActivity: Remove channel after connection close: 9653344
2021-02-02 10:12:44.248 18644-22814/com.nubo.test7 I/nubo.Debugger: Closing connection. Finished all tasks
2021-02-02 10:12:44.249 18644-22339/com.nubo.test7 D/nubo.NuboClientActivity: cmdcode: 90, bytesCount: 17, channelType: 0, processId: 10014
2021-02-02 10:12:44.249 18644-22339/com.nubo.test7 D/nubo.NuboClientActivity: cameraCreateNew. cameraId: 5
2021-02-02 10:12:44.250 18644-22339/com.nubo.test7 E/nubo.CameraManager: createNewCamera. cameraHash: 2562738
2021-02-02 10:12:44.252 18644-22339/com.nubo.test7 D/nubo.NuboClientActivity: cmdcode: -124, bytesCount: 25, channelType: 0, processId: 10014
2021-02-02 10:12:44.253 18644-18644/com.nubo.test7 W/CameraBase: An error occurred while connecting to camera 5: Status(-8, EX_SERVICE_SPECIFIC): '4: connectHelper:1758: No camera device with ID "" currently available'
2021-02-02 10:12:44.253 18644-22339/com.nubo.test7 I/nubo.NuboClientActivity: channelCommand. CREATE, channelType: 3, channelIdx: 5
2021-02-02 10:12:44.254 18644-22339/com.nubo.test7 I/nubo.NuboClientActivity: openChannel. Starting channel for process :10014, channelType: 3, channelIdx: 5
2021-02-02 10:12:44.254 18644-18644/com.nubo.test7 E/nubo.CameraManager: createNewCamera Errorjava.lang.RuntimeException: Fail to connect to camera service
        at android.hardware.Camera.<init>(Camera.java:551)
        at android.hardware.Camera.open(Camera.java:396)
        at com.nubo.camera.CameraManager$1.onPermissionGranted(CameraManager.java:332)
        at com.karumi.dexter.MultiplePermissionsListenerToPermissionListenerAdapter.onPermissionsChecked(Unknown Source:35)
        at com.karumi.dexter.DexterInstance$1.run(Unknown Source:43)
        at android.os.Handler.handleCallback(Handler.java:883)
        at android.os.Handler.dispatchMessage(Handler.java:100)
        at android.os.Looper.loop(Looper.java:237)
        at android.app.ActivityThread.main(ActivityThread.java:8016)
        at java.lang.reflect.Method.invoke(Native Method)
        at com.android.internal.os.RuntimeInit$MethodAndArgsCaller.run(RuntimeInit.java:493)
        at com.android.internal.os.ZygoteInit.main(ZygoteInit.java:1076)
2021-02-02 10:12:44.259 18644-22819/com.nubo.test7 E/nubo.NuboClientActivity: Adding channel: 9653343, size: 3
2021-02-02 10:12:44.259 18644-22339/com.nubo.test7 D/nubo.NuboClientActivity: cmdcode: 96, bytesCount: 13, channelType: 0, processId: 10014
2021-02-02 10:12:44.259 18644-22819/com.nubo.test7 V/nubo.Debugger: Starting socket thread. channelType: 3, Connecting to labil.nubosoftware.com:7443
2021-02-02 10:12:44.260 18644-22339/com.nubo.test7 V/nubo.CameraManager: Camera 2562738 not ready
2021-02-02 10:12:44.345 18644-22819/com.nubo.test7 E/nubo.Debugger: SocketThread::run. Creaating streamMgr, channelIdx: 5
2021-02-02 10:12:44.347 18644-22819/com.nubo.test7 E/nubo.Debugger: SocketThread::run. sendChannelLogin, channelIdx: 5
2021-02-02 10:12:44.348 18644-22819/com.nubo.test7 E/nubo.Debugger: SocketThread::run. Waiting for drawPlayerLoginAck. channelIdx: 5
2021-02-02 10:12:44.348 18644-22824/com.nubo.test7 E/nubo.NuboOutStreamMgr: Sending cmd: 5
2021-02-02 10:12:44.361 18644-22339/com.nubo.test7 V/nubo.CameraManager: Camera 2562738 not ready
2021-02-02 10:12:44.416 18644-22819/com.nubo.test7 E/nubo.Debugger: SocketThread::run. loginMgmtErrorCode: 0, channelIdx: 5
2021-02-02 10:12:44.417 18644-22819/com.nubo.test7 I/nubo.Debugger: Logged in
2021-02-02 10:12:44.462 18644-22339/com.nubo.test7 V/nubo.CameraManager: Camera 2562738 not ready
2021-02-02 10:12:44.564 18644-22339/com.nubo.test7 V/nubo.CameraManager: Camera 2562738 not ready
2021-02-02 10:12:44.666 18644-22339/com.nubo.test7 V/nubo.CameraManager: Camera 2562738 not ready
2021-02-02 10:12:44.667 18644-22343/com.nubo.test7 D/nubo.NuboClientActivity: cmdcode: 123, bytesCount: 21, channelType: 2, processId: -1
2021-02-02 10:12:44.768 18644-22339/com.nubo.test7 V/nubo.CameraManager: Camera 2562738 not ready
2021-02-02 10:12:45.072 18644-22339/com.nubo.test7 I/chatty: uid=10300(com.nubo.test7) Thread-26 identical 3 lines
2021-02-02 10:12:45.173 18644-22339/com.nubo.test7 V/nubo.CameraManager: Camera 2562738 not ready
2021-02-02 10:12:45.275 18644-22339/com.nubo.test7 V/nubo.CameraManager: Camera 2562738 not ready
2021-02-02 10:12:45.477 18644-22339/com.nubo.test7 I/chatty: uid=10300(com.nubo.test7) Thread-26 identical 2 lines
2021-02-02 10:12:45.579 18644-22339/com.nubo.test7 V/nubo.CameraManager: Camera 2562738 not ready
2021-02-02 10:12:45.680 18644-22339/com.nubo.test7 V/nubo.CameraManager: Camera 2562738 not ready
2021-02-02 10:12:45.782 18644-22339/com.nubo.test7 E/nubo.CameraManager: Error: cannot find camera
2021-02-02 10:12:45.785 18644-22339/com.nubo.test7 D/nubo.NuboClientActivity: cmdcode: -124, bytesCount: 25, channelType: 0, processId: 10014
2021-02-02 10:12:45.786 18644-22339/com.nubo.test7 I/nubo.NuboClientActivity: channelCommand. REMOVE, channelType: 3, channelIdx: 5
2021-02-02 10:12:45.787 18644-22339/com.nubo.test7 I/nubo.NuboClientActivity: closeChannel. Closing channel for process :10014, channelType: 3, channelIdx: 5
2021-02-02 10:12:45.788 18644-22819/com.nubo.test7 E/nubo.Debugger: socket closed. channelType: 3, channelIdx: 5, channelProcess: 10014
2021-02-02 10:12:45.789 18644-22819/com.nubo.test7 E/nubo.Debugger: Stopping connection
2021-02-02 10:12:45.789 18644-22819/com.nubo.test7 I/nubo.Debugger: Closing connection. Finally step
2021-02-02 10:12:45.790 18644-22819/com.nubo.test7 E/nubo.Debugger: SocketThread::run. removing channel. channelIdx: 5
2021-02-02 10:12:45.792 18644-22339/com.nubo.test7 D/nubo.NuboClientActivity: cmdcode: 90, bytesCount: 17, channelType: 0, processId: 10014
2021-02-02 10:12:45.793 18644-22339/com.nubo.test7 D/nubo.NuboClientActivity: cameraCreateNew. cameraId: 5
2021-02-02 10:12:45.793 18644-22819/com.nubo.test7 E/nubo.NuboClientActivity: Remove channel after connection close: 9653343
2021-02-02 10:12:45.794 18644-22339/com.nubo.test7 E/nubo.CameraManager: createNewCamera. cameraHash: 43588992
2021-02-02 10:12:45.794 18644-22819/com.nubo.test7 I/nubo.Debugger: Closing connection. Finished all tasks
2021-02-02 10:12:45.796 18644-22339/com.nubo.test7 D/nubo.NuboClientActivity: cmdcode: -124, bytesCount: 25, channelType: 0, processId: 10014
2021-02-02 10:12:45.796 18644-18644/com.nubo.test7 W/CameraBase: An error occurred while connecting to camera 5: Status(-8, EX_SERVICE_SPECIFIC): '4: connectHelper:1758: No camera device with ID "" currently available'
2021-02-02 10:12:45.796 18644-22339/com.nubo.test7 I/nubo.NuboClientActivity: channelCommand. CREATE, channelType: 3, channelIdx: 5
2021-02-02 10:12:45.797 18644-18644/com.nubo.test7 E/nubo.CameraManager: createNewCamera Errorjava.lang.RuntimeException: Fail to connect to camera service
        at android.hardware.Camera.<init>(Camera.java:551)
        at android.hardware.Camera.open(Camera.java:396)
        at com.nubo.camera.CameraManager$1.onPermissionGranted(CameraManager.java:332)
        at com.karumi.dexter.MultiplePermissionsListenerToPermissionListenerAdapter.onPermissionsChecked(Unknown Source:35)
        at com.karumi.dexter.DexterInstance$1.run(Unknown Source:43)
        at android.os.Handler.handleCallback(Handler.java:883)
        at android.os.Handler.dispatchMessage(Handler.java:100)
        at android.os.Looper.loop(Looper.java:237)
        at android.app.ActivityThread.main(ActivityThread.java:8016)
        at java.lang.reflect.Method.invoke(Native Method)
        at com.android.internal.os.RuntimeInit$MethodAndArgsCaller.run(RuntimeInit.java:493)
        at com.android.internal.os.ZygoteInit.main(ZygoteInit.java:1076)
2021-02-02 10:12:45.797 18644-22339/com.nubo.test7 I/nubo.NuboClientActivity: openChannel. Starting channel for process :10014, channelType: 3, channelIdx: 5
2021-02-02 10:12:45.800 18644-22826/com.nubo.test7 E/nubo.NuboClientActivity: Adding channel: 9653343, size: 3
2021-02-02 10:12:45.800 18644-22339/com.nubo.test7 D/nubo.NuboClientActivity: cmdcode: 96, bytesCount: 13, channelType: 0, processId: 10014
2021-02-02 10:12:45.801 18644-22339/com.nubo.test7 V/nubo.CameraManager: Camera 43588992 not ready
2021-02-02 10:12:45.801 18644-22826/com.nubo.test7 V/nubo.Debugger: Starting socket thread. channelType: 3, Connecting to labil.nubosoftware.com:7443
2021-02-02 10:12:45.881 18644-22826/com.nubo.test7 E/nubo.Debugger: SocketThread::run. Creaating streamMgr, channelIdx: 5
2021-02-02 10:12:45.882 18644-22826/com.nubo.test7 E/nubo.Debugger: SocketThread::run. sendChannelLogin, channelIdx: 5
2021-02-02 10:12:45.883 18644-22826/com.nubo.test7 E/nubo.Debugger: SocketThread::run. Waiting for drawPlayerLoginAck. channelIdx: 5
2021-02-02 10:12:45.884 18644-22829/com.nubo.test7 E/nubo.NuboOutStreamMgr: Sending cmd: 5
2021-02-02 10:12:45.902 18644-22339/com.nubo.test7 V/nubo.CameraManager: Camera 43588992 not ready
2021-02-02 10:12:45.952 18644-22826/com.nubo.test7 E/nubo.Debugger: SocketThread::run. loginMgmtErrorCode: 0, channelIdx: 5
2021-02-02 10:12:45.952 18644-22826/com.nubo.test7 I/nubo.Debugger: Logged in
2021-02-02 10:12:46.003 18644-22339/com.nubo.test7 V/nubo.CameraManager: Camera 43588992 not ready
2021-02-02 10:12:46.024 18644-22780/com.nubo.test7 D/nubo.NuboClientActivity: cmdcode: 123, bytesCount: 21, channelType: 4, processId: -1
2021-02-02 10:12:46.104 18644-22339/com.nubo.test7 V/nubo.CameraManager: Camera 43588992 not ready
2021-02-02 10:12:46.205 18644-22339/com.nubo.test7 V/nubo.CameraManager: Camera 43588992 not ready
2021-02-02 10:12:46.307 18644-22339/com.nubo.test7 V/nubo.CameraManager: Camera 43588992 not ready
2021-02-02 10:12:46.712 18644-22339/com.nubo.test7 I/chatty: uid=10300(com.nubo.test7) Thread-26 identical 4 lines
2021-02-02 10:12:46.813 18644-22339/com.nubo.test7 V/nubo.CameraManager: Camera 43588992 not ready
2021-02-02 10:12:46.914 18644-22339/com.nubo.test7 V/nubo.CameraManager: Camera 43588992 not ready
2021-02-02 10:12:47.015 18644-22339/com.nubo.test7 V/nubo.CameraManager: Camera 43588992 not ready
2021-02-02 10:12:47.117 18644-22339/com.nubo.test7 V/nubo.CameraManager: Camera 43588992 not ready
2021-02-02 10:12:47.218 18644-22339/com.nubo.test7 V/nubo.CameraManager: Camera 43588992 not ready
2021-02-02 10:12:47.319 18644-22339/com.nubo.test7 E/nubo.CameraManager: Error: cannot find camera
2021-02-02 10:12:47.322 18644-22339/com.nubo.test7 D/nubo.NuboClientActivity: cmdcode: -124, bytesCount: 25, channelType: 0, processId: 10014
2021-02-02 10:12:47.323 18644-22339/com.nubo.test7 I/nubo.NuboClientActivity: channelCommand. REMOVE, channelType: 3, channelIdx: 5
2021-02-02 10:12:47.324 18644-22339/com.nubo.test7 I/nubo.NuboClientActivity: closeChannel. Closing channel for process :10014, channelType: 3, channelIdx: 5
2021-02-02 10:12:47.325 18644-22826/com.nubo.test7 E/nubo.Debugger: socket closed. channelType: 3, channelIdx: 5, channelProcess: 10014
2021-02-02 10:12:47.326 18644-22826/com.nubo.test7 E/nubo.Debugger: Stopping connection
2021-02-02 10:12:47.330 18644-22826/com.nubo.test7 I/nubo.Debugger: Closing connection. Finally step
2021-02-02 10:12:47.330 18644-22826/com.nubo.test7 E/nubo.Debugger: SocketThread::run. removing channel. channelIdx: 5
2021-02-02 10:12:47.331 18644-22826/com.nubo.test7 E/nubo.NuboClientActivity: Remove channel after connection close: 9653343
2021-02-02 10:12:47.332 18644-22826/com.nubo.test7 I/nubo.Debugger: Closing connection. Finished all tasks
2021-02-02 10:12:47.334 18644-22339/com.nubo.test7 D/nubo.NuboClientActivity: cmdcode: 90, bytesCount: 17, channelType: 0, processId: 10014
2021-02-02 10:12:47.334 18644-22339/com.nubo.test7 D/nubo.NuboClientActivity: cameraCreateNew. cameraId: 4
2021-02-02 10:12:47.335 18644-22339/com.nubo.test7 E/nubo.CameraManager: createNewCamera. cameraHash: 243334999
2021-02-02 10:12:47.338 18644-22339/com.nubo.test7 D/nubo.NuboClientActivity: cmdcode: -124, bytesCount: 25, channelType: 0, processId: 10014
2021-02-02 10:12:47.338 18644-18644/com.nubo.test7 W/CameraBase: An error occurred while connecting to camera 4: Status(-8, EX_SERVICE_SPECIFIC): '4: connectHelper:1758: No camera device with ID "" currently available'
2021-02-02 10:12:47.338 18644-22339/com.nubo.test7 I/nubo.NuboClientActivity: channelCommand. CREATE, channelType: 3, channelIdx: 4
2021-02-02 10:12:47.339 18644-22339/com.nubo.test7 I/nubo.NuboClientActivity: openChannel. Starting channel for process :10014, channelType: 3, channelIdx: 4
2021-02-02 10:12:47.339 18644-18644/com.nubo.test7 E/nubo.CameraManager: createNewCamera Errorjava.lang.RuntimeException: Fail to connect to camera service
        at android.hardware.Camera.<init>(Camera.java:551)
        at android.hardware.Camera.open(Camera.java:396)
        at com.nubo.camera.CameraManager$1.onPermissionGranted(CameraManager.java:332)
        at com.karumi.dexter.MultiplePermissionsListenerToPermissionListenerAdapter.onPermissionsChecked(Unknown Source:35)
        at com.karumi.dexter.DexterInstance$1.run(Unknown Source:43)
        at android.os.Handler.handleCallback(Handler.java:883)
        at android.os.Handler.dispatchMessage(Handler.java:100)
        at android.os.Looper.loop(Looper.java:237)
        at android.app.ActivityThread.main(ActivityThread.java:8016)
        at java.lang.reflect.Method.invoke(Native Method)
        at com.android.internal.os.RuntimeInit$MethodAndArgsCaller.run(RuntimeInit.java:493)
        at com.android.internal.os.ZygoteInit.main(ZygoteInit.java:1076)
2021-02-02 10:12:47.340 18644-22833/com.nubo.test7 E/nubo.NuboClientActivity: Adding channel: 9653342, size: 3
2021-02-02 10:12:47.340 18644-22339/com.nubo.test7 D/nubo.NuboClientActivity: cmdcode: 96, bytesCount: 13, channelType: 0, processId: 10014
2021-02-02 10:12:47.341 18644-22833/com.nubo.test7 V/nubo.Debugger: Starting socket thread. channelType: 3, Connecting to labil.nubosoftware.com:7443
2021-02-02 10:12:47.341 18644-22339/com.nubo.test7 V/nubo.CameraManager: Camera 243334999 not ready
2021-02-02 10:12:47.422 18644-22833/com.nubo.test7 E/nubo.Debugger: SocketThread::run. Creaating streamMgr, channelIdx: 4
2021-02-02 10:12:47.423 18644-22833/com.nubo.test7 E/nubo.Debugger: SocketThread::run. sendChannelLogin, channelIdx: 4
2021-02-02 10:12:47.424 18644-22833/com.nubo.test7 E/nubo.Debugger: SocketThread::run. Waiting for drawPlayerLoginAck. channelIdx: 4
2021-02-02 10:12:47.425 18644-22837/com.nubo.test7 E/nubo.NuboOutStreamMgr: Sending cmd: 5
2021-02-02 10:12:47.442 18644-22339/com.nubo.test7 V/nubo.CameraManager: Camera 243334999 not ready
2021-02-02 10:12:47.512 18644-22833/com.nubo.test7 E/nubo.Debugger: SocketThread::run. loginMgmtErrorCode: 0, channelIdx: 4
2021-02-02 10:12:47.513 18644-22833/com.nubo.test7 I/nubo.Debugger: Logged in
2021-02-02 10:12:47.543 18644-22339/com.nubo.test7 V/nubo.CameraManager: Camera 243334999 not ready
2021-02-02 10:12:47.645 18644-22339/com.nubo.test7 V/nubo.CameraManager: Camera 243334999 not ready
2021-02-02 10:12:47.747 18644-22339/com.nubo.test7 V/nubo.CameraManager: Camera 243334999 not ready
2021-02-02 10:12:48.355 18644-22339/com.nubo.test7 I/chatty: uid=10300(com.nubo.test7) identical 6 lines
2021-02-02 10:12:48.457 18644-22339/com.nubo.test7 V/nubo.CameraManager: Camera 243334999 not ready
